#
# There is insufficient memory for the Java Runtime Environment to continue.
# Native memory allocation (malloc) failed to allocate 138576 bytes. Error detail: Chunk::new
# Possible reasons:
#   The system is out of physical RAM or swap space
#   This process is running with CompressedOops enabled, and the Java Heap may be blocking the growth of the native heap
# Possible solutions:
#   Reduce memory load on the system
#   Increase physical memory or swap space
#   Check if swap backing store is full
#   Decrease Java heap size (-Xmx/-Xms)
#   Decrease number of Java threads
#   Decrease Java thread stack sizes (-Xss)
#   Set larger code cache with -XX:ReservedCodeCacheSize=
#   JVM is running with Unscaled Compressed Oops mode in which the Java heap is
#     placed in the first 4GB address space. The Java Heap base address is the
#     maximum limit for the native heap growth. Please use -XX:HeapBaseMinAddress
#     to set the Java Heap base and to place the Java Heap above 4GB virtual address.
# This output file may be truncated or incomplete.
#
#  Out of Memory Error (arena.cpp:168), pid=11512, tid=47216
#
# JRE version: OpenJDK Runtime Environment Temurin-21.0.12.1+1 (21.0.12.1+1) (build 21.0.12.1+1-LTS)
# Java VM: OpenJDK 64-Bit Server VM Temurin-21.0.12.1+1 (21.0.12.1+1-LTS, mixed mode, sharing, tiered, compressed oops, compressed class ptrs, g1 gc, windows-amd64)
# No core dump will be written. Minidumps are not enabled by default on client versions of Windows
#

---------------  S U M M A R Y ------------

Command Line: --add-opens=java.base/java.lang=ALL-UNNAMED --add-opens=java.base/java.lang.invoke=ALL-UNNAMED --add-opens=java.base/java.util=ALL-UNNAMED --add-opens=java.prefs/java.util.prefs=ALL-UNNAMED --add-exports=jdk.compiler/com.sun.tools.javac.api=ALL-UNNAMED --add-exports=jdk.compiler/com.sun.tools.javac.util=ALL-UNNAMED --add-opens=java.base/java.util=ALL-UNNAMED --add-opens=java.prefs/java.util.prefs=ALL-UNNAMED --add-opens=java.base/java.nio.charset=ALL-UNNAMED --add-opens=java.base/java.net=ALL-UNNAMED --add-opens=java.base/java.util.concurrent=ALL-UNNAMED --add-opens=java.base/java.util.concurrent.atomic=ALL-UNNAMED --add-opens=java.xml/javax.xml.namespace=ALL-UNNAMED --add-opens=java.base/java.time=ALL-UNNAMED -Xmx2048m -Dfile.encoding=UTF-8 -Duser.country=BR -Duser.language=pt -Duser.variant -javaagent:C:\Users\enzonascimento-ieg\.gradle\wrapper\dists\gradle-9.1.0-bin\9agqghryom9wkf8r80qlhnts3\gradle-9.1.0\lib\agents\gradle-instrumentation-agent-9.1.0.jar org.gradle.launcher.daemon.bootstrap.GradleDaemon 9.1.0

Host: 12th Gen Intel(R) Core(TM) i7-1255U, 12 cores, 15G,  Windows 11 , 64 bit Build 26100 (10.0.26100.9444)
Time: Tue Sep 22 21:52:31 2026 Hora oficial do Brasil elapsed time: 335.764277 seconds (0d 0h 5m 35s)

---------------  T H R E A D  ---------------

Current thread (0x000001e224ddaee0):  JavaThread "C2 CompilerThread0" daemon [_thread_in_native, id=47216, stack(0x00000027a0900000,0x00000027a0a00000) (1024K)]


Current CompileTask:
C2:335764 4971       4       java.util.stream.ReduceOps$3ReducingSink::accept (15 bytes)

Stack: [0x00000027a0900000,0x00000027a0a00000]
Native frames: (J=compiled Java code, j=interpreted, Vv=VM code, C=native code)
V  [jvm.dll+0x6d83e9]
V  [jvm.dll+0x8b5736]
V  [jvm.dll+0x8b7cee]
V  [jvm.dll+0x8b83d3]
V  [jvm.dll+0x284596]
V  [jvm.dll+0xc685d]
V  [jvm.dll+0xc6da1]
V  [jvm.dll+0x3bf151]
V  [jvm.dll+0x38b6d2]
V  [jvm.dll+0x38ab1a]
V  [jvm.dll+0x24c700]
V  [jvm.dll+0x24bce0]
V  [jvm.dll+0x1cb4ae]
V  [jvm.dll+0x25baad]
V  [jvm.dll+0x25a03a]
V  [jvm.dll+0x3f8aae]
V  [jvm.dll+0x8600cd]
V  [jvm.dll+0x6d6c1d]
C  [ucrtbase.dll+0x2cd30]
C  [KERNEL32.DLL+0x2cd87]
C  [ntdll.dll+0xacaec]


---------------  P R O C E S S  ---------------

Threads class SMR info:
_java_thread_list=0x000001e26bd89f40, length=35, elements={
0x000001e20d21d090, 0x000001e224dd0590, 0x000001e224dd3000, 0x000001e224dd7220,
0x000001e224dd7c80, 0x000001e224dd86e0, 0x000001e224dd9140, 0x000001e224ddaee0,
0x000001e224ddb980, 0x000001e2662ace60, 0x000001e266344630, 0x000001e26c51b090,
0x000001e26b49dd90, 0x000001e266163670, 0x000001e26b729840, 0x000001e26bedb4b0,
0x000001e26b5b98c0, 0x000001e26bef3400, 0x000001e26bef1330, 0x000001e26bef2d70,
0x000001e26bef0ca0, 0x000001e26bef3a90, 0x000001e26bef0610, 0x000001e26bef26e0,
0x000001e26bef19c0, 0x000001e26e237240, 0x000001e26e235e90, 0x000001e26e237f60,
0x000001e26e236bb0, 0x000001e26e235800, 0x000001e26e2385f0, 0x000001e26e238c80,
0x000001e26e239310, 0x000001e26e2399a0, 0x000001e26e236520
}

Java Threads: ( => current thread )
  0x000001e20d21d090 JavaThread "main"                              [_thread_blocked, id=12536, stack(0x000000279fa00000,0x000000279fb00000) (1024K)]
  0x000001e224dd0590 JavaThread "Reference Handler"          daemon [_thread_blocked, id=24432, stack(0x00000027a0300000,0x00000027a0400000) (1024K)]
  0x000001e224dd3000 JavaThread "Finalizer"                  daemon [_thread_blocked, id=26116, stack(0x00000027a0400000,0x00000027a0500000) (1024K)]
  0x000001e224dd7220 JavaThread "Signal Dispatcher"          daemon [_thread_blocked, id=29080, stack(0x00000027a0500000,0x00000027a0600000) (1024K)]
  0x000001e224dd7c80 JavaThread "Attach Listener"            daemon [_thread_blocked, id=44004, stack(0x00000027a0600000,0x00000027a0700000) (1024K)]
  0x000001e224dd86e0 JavaThread "Service Thread"             daemon [_thread_blocked, id=19452, stack(0x00000027a0700000,0x00000027a0800000) (1024K)]
  0x000001e224dd9140 JavaThread "Monitor Deflation Thread"   daemon [_thread_blocked, id=35096, stack(0x00000027a0800000,0x00000027a0900000) (1024K)]
=>0x000001e224ddaee0 JavaThread "C2 CompilerThread0"         daemon [_thread_in_native, id=47216, stack(0x00000027a0900000,0x00000027a0a00000) (1024K)]
  0x000001e224ddb980 JavaThread "C1 CompilerThread0"         daemon [_thread_blocked, id=45976, stack(0x00000027a0a00000,0x00000027a0b00000) (1024K)]
  0x000001e2662ace60 JavaThread "Common-Cleaner"             daemon [_thread_blocked, id=2756, stack(0x00000027a0b00000,0x00000027a0c00000) (1024K)]
  0x000001e266344630 JavaThread "Notification Thread"        daemon [_thread_blocked, id=46168, stack(0x00000027a0c00000,0x00000027a0d00000) (1024K)]
  0x000001e26c51b090 JavaThread "Daemon health stats"               [_thread_blocked, id=49848, stack(0x00000027a1300000,0x00000027a1400000) (1024K)]
  0x000001e26b49dd90 JavaThread "Incoming local TCP Connector on port 54503"        [_thread_in_native, id=6068, stack(0x00000027a1200000,0x00000027a1300000) (1024K)]
  0x000001e266163670 JavaThread "Daemon periodic checks"            [_thread_blocked, id=29108, stack(0x00000027a1700000,0x00000027a1800000) (1024K)]
  0x000001e26b729840 JavaThread "Daemon"                            [_thread_blocked, id=17300, stack(0x00000027a1b00000,0x00000027a1c00000) (1024K)]
  0x000001e26bedb4b0 JavaThread "Handler for socket connection from /127.0.0.1:54503 to /127.0.0.1:64867"        [_thread_in_native, id=50044, stack(0x00000027a1c00000,0x00000027a1d00000) (1024K)]
  0x000001e26b5b98c0 JavaThread "Cancel handler"                    [_thread_blocked, id=52216, stack(0x00000027a1d00000,0x00000027a1e00000) (1024K)]
  0x000001e26bef3400 JavaThread "Daemon worker"                     [_thread_in_native, id=30392, stack(0x00000027a1e00000,0x00000027a1f00000) (1024K)]
  0x000001e26bef1330 JavaThread "Asynchronous log dispatcher for DefaultDaemonConnection: socket connection from /127.0.0.1:54503 to /127.0.0.1:64867"        [_thread_blocked, id=54892, stack(0x00000027a1f00000,0x00000027a2000000) (1024K)]
  0x000001e26bef2d70 JavaThread "Stdin handler"                     [_thread_blocked, id=8320, stack(0x00000027a2000000,0x00000027a2100000) (1024K)]
  0x000001e26bef0ca0 JavaThread "Daemon client event forwarder"        [_thread_blocked, id=4304, stack(0x00000027a2100000,0x00000027a2200000) (1024K)]
  0x000001e26bef3a90 JavaThread "Cache worker for journal cache (C:\Users\enzonascimento-ieg\.gradle\caches\journal-1)"        [_thread_blocked, id=36136, stack(0x00000027a2200000,0x00000027a2300000) (1024K)]
  0x000001e26bef0610 JavaThread "File lock request listener"        [_thread_in_native, id=45536, stack(0x00000027a2300000,0x00000027a2400000) (1024K)]
  0x000001e26bef26e0 JavaThread "File lock release action executor"        [_thread_blocked, id=19528, stack(0x00000027a2400000,0x00000027a2500000) (1024K)]
  0x000001e26bef19c0 JavaThread "Cache worker for file hash cache (C:\Users\enzonascimento-ieg\.gradle\caches\9.1.0\fileHashes)"        [_thread_blocked, id=49728, stack(0x00000027a2500000,0x00000027a2600000) (1024K)]
  0x000001e26e237240 JavaThread "Cache worker for file hash cache (C:\Users\enzonascimento-ieg\AndroidStudioProjects\mobile_skadi\.gradle\9.1.0\fileHashes)"        [_thread_blocked, id=56796, stack(0x00000027a2900000,0x00000027a2a00000) (1024K)]
  0x000001e26e235e90 JavaThread "Cache worker for Build Output Cleanup Cache (C:\Users\enzonascimento-ieg\AndroidStudioProjects\mobile_skadi\.gradle\buildOutputCleanup)"        [_thread_blocked, id=56876, stack(0x00000027a2a00000,0x00000027a2b00000) (1024K)]
  0x000001e26e237f60 JavaThread "File watcher server"        daemon [_thread_in_native, id=57024, stack(0x00000027a2b00000,0x00000027a2c00000) (1024K)]
  0x000001e26e236bb0 JavaThread "File watcher consumer"      daemon [_thread_blocked, id=57060, stack(0x00000027a2c00000,0x00000027a2d00000) (1024K)]
  0x000001e26e235800 JavaThread "Cache worker for checksums cache (C:\Users\enzonascimento-ieg\AndroidStudioProjects\mobile_skadi\.gradle\9.1.0\checksums)"        [_thread_blocked, id=57156, stack(0x00000027a2d00000,0x00000027a2e00000) (1024K)]
  0x000001e26e2385f0 JavaThread "Cache worker for file content cache (C:\Users\enzonascimento-ieg\.gradle\caches\9.1.0\fileContent)"        [_thread_blocked, id=57184, stack(0x00000027a2e00000,0x00000027a2f00000) (1024K)]
  0x000001e26e238c80 JavaThread "Cache worker for cache directory md-supplier (C:\Users\enzonascimento-ieg\.gradle\caches\9.1.0\md-supplier)"        [_thread_blocked, id=57572, stack(0x00000027a2f00000,0x00000027a3000000) (1024K)]
  0x000001e26e239310 JavaThread "Cache worker for cache directory md-rule (C:\Users\enzonascimento-ieg\.gradle\caches\9.1.0\md-rule)"        [_thread_blocked, id=57672, stack(0x00000027a3000000,0x00000027a3100000) (1024K)]
  0x000001e26e2399a0 JavaThread "jar transforms"                    [_thread_blocked, id=60104, stack(0x00000027a3100000,0x00000027a3200000) (1024K)]
  0x000001e26e236520 JavaThread "jar transforms Thread 2"           [_thread_blocked, id=28496, stack(0x00000027a3200000,0x00000027a3300000) (1024K)]
Total: 35

Other Threads:
  0x000001e224db29a0 VMThread "VM Thread"                           [id=27484, stack(0x00000027a0200000,0x00000027a0300000) (1024K)]
  0x000001e224da6d20 WatcherThread "VM Periodic Task Thread"        [id=18992, stack(0x00000027a0100000,0x00000027a0200000) (1024K)]
  0x000001e20d2795e0 WorkerThread "GC Thread#0"                     [id=48908, stack(0x000000279fc00000,0x000000279fd00000) (1024K)]
  0x000001e2663fbf10 WorkerThread "GC Thread#1"                     [id=4832, stack(0x00000027a0d00000,0x00000027a0e00000) (1024K)]
  0x000001e266373ae0 WorkerThread "GC Thread#2"                     [id=34128, stack(0x00000027a0e00000,0x00000027a0f00000) (1024K)]
  0x000001e266373e90 WorkerThread "GC Thread#3"                     [id=44096, stack(0x00000027a0f00000,0x00000027a1000000) (1024K)]
  0x000001e266374240 WorkerThread "GC Thread#4"                     [id=52660, stack(0x00000027a1000000,0x00000027a1100000) (1024K)]
  0x000001e2663745f0 WorkerThread "GC Thread#5"                     [id=14428, stack(0x00000027a1100000,0x00000027a1200000) (1024K)]
  0x000001e2663f7180 WorkerThread "GC Thread#6"                     [id=8624, stack(0x00000027a1400000,0x00000027a1500000) (1024K)]
  0x000001e2663f7530 WorkerThread "GC Thread#7"                     [id=37504, stack(0x00000027a1500000,0x00000027a1600000) (1024K)]
  0x000001e2663f78e0 WorkerThread "GC Thread#8"                     [id=14640, stack(0x00000027a1600000,0x00000027a1700000) (1024K)]
  0x000001e26c678c00 WorkerThread "GC Thread#9"                     [id=56592, stack(0x00000027a2600000,0x00000027a2700000) (1024K)]
  0x000001e20d28b3f0 ConcurrentGCThread "G1 Main Marker"            [id=50324, stack(0x000000279fd00000,0x000000279fe00000) (1024K)]
  0x000001e20d28bd10 WorkerThread "G1 Conc#0"                       [id=45588, stack(0x000000279fe00000,0x000000279ff00000) (1024K)]
  0x000001e26e2349c0 WorkerThread "G1 Conc#1"                       [id=56680, stack(0x00000027a2700000,0x00000027a2800000) (1024K)]
  0x000001e26e234d70 WorkerThread "G1 Conc#2"                       [id=56684, stack(0x00000027a2800000,0x00000027a2900000) (1024K)]
  0x000001e224ce82e0 ConcurrentGCThread "G1 Refine#0"               [id=412, stack(0x000000279ff00000,0x00000027a0000000) (1024K)]
  0x000001e224ce9b20 ConcurrentGCThread "G1 Service"                [id=24988, stack(0x00000027a0000000,0x00000027a0100000) (1024K)]
Total: 18

Threads with active compile tasks:
C2 CompilerThread0  336063 4971       4       java.util.stream.ReduceOps$3ReducingSink::accept (15 bytes)
Total: 1

VM state: not at safepoint (normal execution)

VM Mutex/Monitor currently owned by a thread: None

Heap address: 0x0000000080000000, size: 2048 MB, Compressed Oops mode: 32-bit

CDS archive(s) mapped at: [0x000001e225000000-0x000001e225ba0000-0x000001e225ba0000), size 12189696, SharedBaseAddress: 0x000001e225000000, ArchiveRelocationMode: 1.
Compressed class space mapped at: 0x000001e226000000-0x000001e266000000, reserved size: 1073741824
Narrow klass base: 0x000001e225000000, Narrow klass shift: 0, Narrow klass range: 0x100000000

GC Precious Log:
 CardTable entry size: 512
 Card Set container configuration: InlinePtr #cards 5 size 8 Array Of Cards #cards 12 size 40 Howl #buckets 4 coarsen threshold 1843 Howl Bitmap #cards 512 size 80 coarsen threshold 460 Card regions per heap region 1 cards per card region 2048
 CPUs: 12 total, 12 available
 Memory: 16068M
 Large Page Support: Disabled
 NUMA Support: Disabled
 Compressed Oops: Enabled (32-bit)
 Heap Region Size: 1M
 Heap Min Capacity: 8M
 Heap Initial Capacity: 252M
 Heap Max Capacity: 2G
 Pre-touch: Disabled
 Parallel Workers: 10
 Concurrent Workers: 3
 Concurrent Refinement Workers: 10
 Periodic GC: Disabled

Heap:
 garbage-first heap   total 81920K, used 52701K [0x0000000080000000, 0x0000000100000000)
  region size 1024K, 26 young (26624K), 6 survivors (6144K)
 Metaspace       used 38882K, committed 40448K, reserved 1114112K
  class space    used 5634K, committed 6400K, reserved 1048576K

Heap Regions: E=young(eden), S=young(survivor), O=old, HS=humongous(starts), HC=humongous(continues), CS=collection set, F=free, TAMS=top-at-mark-start, PB=parsable bottom
|   0|0x0000000080000000, 0x0000000080100000, 0x0000000080100000|100%|HS|  |TAMS 0x0000000080000000| PB 0x0000000080000000| Complete 
|   1|0x0000000080100000, 0x0000000080200000, 0x0000000080200000|100%|HC|  |TAMS 0x0000000080100000| PB 0x0000000080100000| Complete 
|   2|0x0000000080200000, 0x0000000080300000, 0x0000000080300000|100%|HC|  |TAMS 0x0000000080200000| PB 0x0000000080200000| Complete 
|   3|0x0000000080300000, 0x0000000080400000, 0x0000000080400000|100%| O|  |TAMS 0x0000000080300000| PB 0x0000000080300000| Untracked 
|   4|0x0000000080400000, 0x0000000080500000, 0x0000000080500000|100%| O|  |TAMS 0x0000000080400000| PB 0x0000000080400000| Untracked 
|   5|0x0000000080500000, 0x0000000080600000, 0x0000000080600000|100%| O|  |TAMS 0x0000000080500000| PB 0x0000000080500000| Untracked 
|   6|0x0000000080600000, 0x0000000080700000, 0x0000000080700000|100%|HS|  |TAMS 0x0000000080600000| PB 0x0000000080600000| Complete 
|   7|0x0000000080700000, 0x0000000080800000, 0x0000000080800000|100%| O|  |TAMS 0x0000000080700000| PB 0x0000000080700000| Untracked 
|   8|0x0000000080800000, 0x0000000080900000, 0x0000000080900000|100%| O|  |TAMS 0x0000000080800000| PB 0x0000000080800000| Untracked 
|   9|0x0000000080900000, 0x0000000080a00000, 0x0000000080a00000|100%| O|  |TAMS 0x0000000080900000| PB 0x0000000080900000| Untracked 
|  10|0x0000000080a00000, 0x0000000080b00000, 0x0000000080b00000|100%| O|  |TAMS 0x0000000080a00000| PB 0x0000000080a00000| Untracked 
|  11|0x0000000080b00000, 0x0000000080c00000, 0x0000000080c00000|100%| O|  |TAMS 0x0000000080b00000| PB 0x0000000080b00000| Untracked 
|  12|0x0000000080c00000, 0x0000000080d00000, 0x0000000080d00000|100%| O|  |TAMS 0x0000000080c00000| PB 0x0000000080c00000| Untracked 
|  13|0x0000000080d00000, 0x0000000080e00000, 0x0000000080e00000|100%| O|  |TAMS 0x0000000080d00000| PB 0x0000000080d00000| Untracked 
|  14|0x0000000080e00000, 0x0000000080f00000, 0x0000000080f00000|100%| O|  |TAMS 0x0000000080e00000| PB 0x0000000080e00000| Untracked 
|  15|0x0000000080f00000, 0x0000000081000000, 0x0000000081000000|100%| O|  |TAMS 0x0000000080f00000| PB 0x0000000080f00000| Untracked 
|  16|0x0000000081000000, 0x0000000081100000, 0x0000000081100000|100%| O|  |TAMS 0x0000000081000000| PB 0x0000000081000000| Untracked 
|  17|0x0000000081100000, 0x0000000081200000, 0x0000000081200000|100%| O|  |TAMS 0x0000000081100000| PB 0x0000000081100000| Untracked 
|  18|0x0000000081200000, 0x0000000081300000, 0x0000000081300000|100%| O|  |TAMS 0x0000000081200000| PB 0x0000000081200000| Untracked 
|  19|0x0000000081300000, 0x0000000081400000, 0x0000000081400000|100%| O|  |TAMS 0x0000000081300000| PB 0x0000000081300000| Untracked 
|  20|0x0000000081400000, 0x0000000081500000, 0x0000000081500000|100%| O|  |TAMS 0x0000000081400000| PB 0x0000000081400000| Untracked 
|  21|0x0000000081500000, 0x0000000081600000, 0x0000000081600000|100%| O|  |TAMS 0x0000000081500000| PB 0x0000000081500000| Untracked 
|  22|0x0000000081600000, 0x0000000081700000, 0x0000000081700000|100%| O|Cm|TAMS 0x0000000081600000| PB 0x0000000081600000| Complete 
|  23|0x0000000081700000, 0x0000000081800000, 0x0000000081800000|100%| O|  |TAMS 0x0000000081700000| PB 0x0000000081700000| Untracked 
|  24|0x0000000081800000, 0x0000000081900000, 0x0000000081900000|100%| O|  |TAMS 0x0000000081800000| PB 0x0000000081800000| Untracked 
|  25|0x0000000081900000, 0x0000000081a00000, 0x0000000081a00000|100%| O|  |TAMS 0x0000000081900000| PB 0x0000000081900000| Untracked 
|  26|0x0000000081a00000, 0x0000000081b00000, 0x0000000081b00000|100%| O|  |TAMS 0x0000000081a00000| PB 0x0000000081a00000| Untracked 
|  27|0x0000000081b00000, 0x0000000081b1e108, 0x0000000081c00000| 11%| O|  |TAMS 0x0000000081b00000| PB 0x0000000081b00000| Untracked 
|  28|0x0000000081c00000, 0x0000000081c00000, 0x0000000081d00000|  0%| F|  |TAMS 0x0000000081c00000| PB 0x0000000081c00000| Untracked 
|  29|0x0000000081d00000, 0x0000000081d00000, 0x0000000081e00000|  0%| F|  |TAMS 0x0000000081d00000| PB 0x0000000081d00000| Untracked 
|  30|0x0000000081e00000, 0x0000000081e00000, 0x0000000081f00000|  0%| F|  |TAMS 0x0000000081e00000| PB 0x0000000081e00000| Untracked 
|  31|0x0000000081f00000, 0x0000000081f596c8, 0x0000000082000000| 34%| S|CS|TAMS 0x0000000081f00000| PB 0x0000000081f00000| Complete 
|  32|0x0000000082000000, 0x0000000082100000, 0x0000000082100000|100%| S|CS|TAMS 0x0000000082000000| PB 0x0000000082000000| Complete 
|  33|0x0000000082100000, 0x0000000082200000, 0x0000000082200000|100%| S|CS|TAMS 0x0000000082100000| PB 0x0000000082100000| Complete 
|  34|0x0000000082200000, 0x0000000082300000, 0x0000000082300000|100%| S|CS|TAMS 0x0000000082200000| PB 0x0000000082200000| Complete 
|  35|0x0000000082300000, 0x0000000082400000, 0x0000000082400000|100%| S|CS|TAMS 0x0000000082300000| PB 0x0000000082300000| Complete 
|  36|0x0000000082400000, 0x0000000082500000, 0x0000000082500000|100%| S|CS|TAMS 0x0000000082400000| PB 0x0000000082400000| Complete 
|  37|0x0000000082500000, 0x0000000082500000, 0x0000000082600000|  0%| F|  |TAMS 0x0000000082500000| PB 0x0000000082500000| Untracked 
|  38|0x0000000082600000, 0x0000000082600000, 0x0000000082700000|  0%| F|  |TAMS 0x0000000082600000| PB 0x0000000082600000| Untracked 
|  39|0x0000000082700000, 0x0000000082700000, 0x0000000082800000|  0%| F|  |TAMS 0x0000000082700000| PB 0x0000000082700000| Untracked 
|  40|0x0000000082800000, 0x0000000082800000, 0x0000000082900000|  0%| F|  |TAMS 0x0000000082800000| PB 0x0000000082800000| Untracked 
|  41|0x0000000082900000, 0x0000000082900000, 0x0000000082a00000|  0%| F|  |TAMS 0x0000000082900000| PB 0x0000000082900000| Untracked 
|  42|0x0000000082a00000, 0x0000000082a00000, 0x0000000082b00000|  0%| F|  |TAMS 0x0000000082a00000| PB 0x0000000082a00000| Untracked 
|  43|0x0000000082b00000, 0x0000000082b00000, 0x0000000082c00000|  0%| F|  |TAMS 0x0000000082b00000| PB 0x0000000082b00000| Untracked 
|  44|0x0000000082c00000, 0x0000000082c00000, 0x0000000082d00000|  0%| F|  |TAMS 0x0000000082c00000| PB 0x0000000082c00000| Untracked 
|  45|0x0000000082d00000, 0x0000000082d00000, 0x0000000082e00000|  0%| F|  |TAMS 0x0000000082d00000| PB 0x0000000082d00000| Untracked 
|  46|0x0000000082e00000, 0x0000000082e00000, 0x0000000082f00000|  0%| F|  |TAMS 0x0000000082e00000| PB 0x0000000082e00000| Untracked 
|  47|0x0000000082f00000, 0x0000000082f00000, 0x0000000083000000|  0%| F|  |TAMS 0x0000000082f00000| PB 0x0000000082f00000| Untracked 
|  48|0x0000000083000000, 0x0000000083000000, 0x0000000083100000|  0%| F|  |TAMS 0x0000000083000000| PB 0x0000000083000000| Untracked 
|  49|0x0000000083100000, 0x0000000083100000, 0x0000000083200000|  0%| F|  |TAMS 0x0000000083100000| PB 0x0000000083100000| Untracked 
|  50|0x0000000083200000, 0x0000000083200000, 0x0000000083300000|  0%| F|  |TAMS 0x0000000083200000| PB 0x0000000083200000| Untracked 
|  51|0x0000000083300000, 0x0000000083300000, 0x0000000083400000|  0%| F|  |TAMS 0x0000000083300000| PB 0x0000000083300000| Untracked 
|  52|0x0000000083400000, 0x0000000083400000, 0x0000000083500000|  0%| F|  |TAMS 0x0000000083400000| PB 0x0000000083400000| Untracked 
|  53|0x0000000083500000, 0x0000000083500000, 0x0000000083600000|  0%| F|  |TAMS 0x0000000083500000| PB 0x0000000083500000| Untracked 
|  54|0x0000000083600000, 0x0000000083600000, 0x0000000083700000|  0%| F|  |TAMS 0x0000000083600000| PB 0x0000000083600000| Untracked 
|  55|0x0000000083700000, 0x0000000083700000, 0x0000000083800000|  0%| F|  |TAMS 0x0000000083700000| PB 0x0000000083700000| Untracked 
|  56|0x0000000083800000, 0x0000000083800000, 0x0000000083900000|  0%| F|  |TAMS 0x0000000083800000| PB 0x0000000083800000| Untracked 
|  57|0x0000000083900000, 0x0000000083900000, 0x0000000083a00000|  0%| F|  |TAMS 0x0000000083900000| PB 0x0000000083900000| Untracked 
|  58|0x0000000083a00000, 0x0000000083a00000, 0x0000000083b00000|  0%| F|  |TAMS 0x0000000083a00000| PB 0x0000000083a00000| Untracked 
|  59|0x0000000083b00000, 0x0000000083b00000, 0x0000000083c00000|  0%| F|  |TAMS 0x0000000083b00000| PB 0x0000000083b00000| Untracked 
|  60|0x0000000083c00000, 0x0000000083c661e0, 0x0000000083d00000| 39%| E|  |TAMS 0x0000000083c00000| PB 0x0000000083c00000| Complete 
|  61|0x0000000083d00000, 0x0000000083e00000, 0x0000000083e00000|100%| E|CS|TAMS 0x0000000083d00000| PB 0x0000000083d00000| Complete 
|  62|0x0000000083e00000, 0x0000000083f00000, 0x0000000083f00000|100%| E|CS|TAMS 0x0000000083e00000| PB 0x0000000083e00000| Complete 
|  63|0x0000000083f00000, 0x0000000084000000, 0x0000000084000000|100%| E|CS|TAMS 0x0000000083f00000| PB 0x0000000083f00000| Complete 
|  64|0x0000000084000000, 0x0000000084100000, 0x0000000084100000|100%| E|CS|TAMS 0x0000000084000000| PB 0x0000000084000000| Complete 
| 138|0x0000000088a00000, 0x0000000088b00000, 0x0000000088b00000|100%| E|CS|TAMS 0x0000000088a00000| PB 0x0000000088a00000| Complete 
| 139|0x0000000088b00000, 0x0000000088c00000, 0x0000000088c00000|100%| E|CS|TAMS 0x0000000088b00000| PB 0x0000000088b00000| Complete 
| 140|0x0000000088c00000, 0x0000000088d00000, 0x0000000088d00000|100%| E|CS|TAMS 0x0000000088c00000| PB 0x0000000088c00000| Complete 
| 141|0x0000000088d00000, 0x0000000088e00000, 0x0000000088e00000|100%| E|CS|TAMS 0x0000000088d00000| PB 0x0000000088d00000| Complete 
| 142|0x0000000088e00000, 0x0000000088f00000, 0x0000000088f00000|100%| E|CS|TAMS 0x0000000088e00000| PB 0x0000000088e00000| Complete 
| 143|0x0000000088f00000, 0x0000000089000000, 0x0000000089000000|100%| E|CS|TAMS 0x0000000088f00000| PB 0x0000000088f00000| Complete 
| 144|0x0000000089000000, 0x0000000089100000, 0x0000000089100000|100%| E|CS|TAMS 0x0000000089000000| PB 0x0000000089000000| Complete 
| 145|0x0000000089100000, 0x0000000089200000, 0x0000000089200000|100%| E|CS|TAMS 0x0000000089100000| PB 0x0000000089100000| Complete 
| 146|0x0000000089200000, 0x0000000089300000, 0x0000000089300000|100%| E|CS|TAMS 0x0000000089200000| PB 0x0000000089200000| Complete 
| 147|0x0000000089300000, 0x0000000089400000, 0x0000000089400000|100%| E|CS|TAMS 0x0000000089300000| PB 0x0000000089300000| Complete 
| 148|0x0000000089400000, 0x0000000089500000, 0x0000000089500000|100%| E|CS|TAMS 0x0000000089400000| PB 0x0000000089400000| Complete 
| 149|0x0000000089500000, 0x0000000089600000, 0x0000000089600000|100%| E|CS|TAMS 0x0000000089500000| PB 0x0000000089500000| Complete 
| 150|0x0000000089600000, 0x0000000089700000, 0x0000000089700000|100%| E|CS|TAMS 0x0000000089600000| PB 0x0000000089600000| Complete 
| 151|0x0000000089700000, 0x0000000089800000, 0x0000000089800000|100%| E|CS|TAMS 0x0000000089700000| PB 0x0000000089700000| Complete 
| 251|0x000000008fb00000, 0x000000008fc00000, 0x000000008fc00000|100%| E|CS|TAMS 0x000000008fb00000| PB 0x000000008fb00000| Complete 

Card table byte_map: [0x000001e21fd70000,0x000001e220170000] _byte_map_base: 0x000001e21f970000

Marking Bits: (CMBitMap*) 0x000001e20d27ab10
 Bits: [0x000001e220170000, 0x000001e222170000)

Polling page: 0x000001e20ae10000

Metaspace:

Usage:
  Non-class:     32.47 MB used.
      Class:      5.50 MB used.
       Both:     37.97 MB used.

Virtual space:
  Non-class space:       64.00 MB reserved,      33.25 MB ( 52%) committed,  1 nodes.
      Class space:        1.00 GB reserved,       6.25 MB ( <1%) committed,  1 nodes.
             Both:        1.06 GB reserved,      39.50 MB (  4%) committed. 

Chunk freelists:
   Non-Class:  14.23 MB
       Class:  9.73 MB
        Both:  23.96 MB

MaxMetaspaceSize: unlimited
CompressedClassSpaceSize: 1.00 GB
Initial GC threshold: 21.00 MB
Current GC threshold: 59.00 MB
CDS: on
 - commit_granule_bytes: 65536.
 - commit_granule_words: 8192.
 - virtual_space_node_default_size: 8388608.
 - enlarge_chunks_in_place: 1.
 - use_allocation_guard: 0.


Internal statistics:

num_allocs_failed_limit: 6.
num_arena_births: 2666.
num_arena_deaths: 0.
num_vsnodes_births: 2.
num_vsnodes_deaths: 0.
num_space_committed: 632.
num_space_uncommitted: 0.
num_chunks_returned_to_freelist: 6.
num_chunks_taken_from_freelist: 4454.
num_chunk_merges: 3.
num_chunk_splits: 2941.
num_chunks_enlarged: 1873.
num_inconsistent_stats: 0.

CodeHeap 'non-profiled nmethods': size=120000Kb used=2516Kb max_used=2616Kb free=117483Kb
 bounds [0x000001e217ef0000, 0x000001e2181a0000, 0x000001e21f420000]
CodeHeap 'profiled nmethods': size=120000Kb used=8266Kb max_used=8652Kb free=111733Kb
 bounds [0x000001e210420000, 0x000001e210ca0000, 0x000001e217950000]
CodeHeap 'non-nmethods': size=5760Kb used=1839Kb max_used=1878Kb free=3920Kb
 bounds [0x000001e217950000, 0x000001e217bc0000, 0x000001e217ef0000]
CodeCache: size=245760Kb, used=12621Kb, max_used=13146Kb, free=233136Kb
 total_blobs=5089, nmethods=4376, adapters=617, full_count=0
Compilation: enabled, stopped_count=0, restarted_count=0

Compilation events (20 events):
Event: 334.955 Thread 0x000001e224ddaee0 4965       4       java.lang.invoke.DirectMethodHandle$Holder::newInvokeSpecial (24 bytes)
Event: 334.955 Thread 0x000001e224ddb980 nmethod 4962 0x000001e210446590 code [0x000001e2104467a0, 0x000001e210446d30]
Event: 334.955 Thread 0x000001e224ddb980 4963       3       java.util.concurrent.atomic.Striped64::casBase (10 bytes)
Event: 334.957 Thread 0x000001e224ddb980 nmethod 4963 0x000001e210445890 code [0x000001e210445ac0, 0x000001e2104462e0]
Event: 334.957 Thread 0x000001e224ddb980 4964       3       com.google.common.cache.LocalCache$AbstractReferenceEntry::<init> (5 bytes)
Event: 334.958 Thread 0x000001e224ddb980 nmethod 4964 0x000001e2105c1310 code [0x000001e2105c14c0, 0x000001e2105c1628]
Event: 334.958 Thread 0x000001e224ddb980 4966       3       com.google.common.cache.LocalCache::unset (4 bytes)
Event: 334.958 Thread 0x000001e224ddb980 nmethod 4966 0x000001e210451190 code [0x000001e210451320, 0x000001e210451418]
Event: 334.959 Thread 0x000001e224ddb980 4967       3       com.google.common.cache.LocalCache::isExpired (57 bytes)
Event: 334.960 Thread 0x000001e224ddaee0 nmethod 4965 0x000001e218018010 code [0x000001e2180181c0, 0x000001e218018408]
Event: 334.960 Thread 0x000001e224ddb980 nmethod 4967 0x000001e2105c0810 code [0x000001e2105c0a20, 0x000001e2105c1108]
Event: 334.960 Thread 0x000001e224ddb980 4968       3       com.google.common.cache.LocalCache$Segment::preWriteCleanup (6 bytes)
Event: 334.961 Thread 0x000001e224ddb980 nmethod 4968 0x000001e2105c0410 code [0x000001e2105c05c0, 0x000001e2105c0718]
Event: 334.961 Thread 0x000001e224ddb980 4969   !   3       com.google.common.cache.LocalCache$Segment::runLockedCleanup (39 bytes)
Event: 334.962 Thread 0x000001e224ddb980 nmethod 4969 0x000001e2105bf190 code [0x000001e2105bf420, 0x000001e2105bff78]
Event: 335.174 Thread 0x000001e224ddb980 4970       1       org.gradle.cache.internal.filelock.DefaultLockStateSerializer::getVersion (2 bytes)
Event: 335.174 Thread 0x000001e224ddb980 nmethod 4970 0x000001e218017d10 code [0x000001e218017ea0, 0x000001e218017f68]
Event: 335.215 Thread 0x000001e224ddaee0 4971       4       java.util.stream.ReduceOps$3ReducingSink::accept (15 bytes)
Event: 335.527 Thread 0x000001e224ddb980 4972       3       com.google.common.collect.RegularImmutableList::get (7 bytes)
Event: 335.527 Thread 0x000001e224ddb980 nmethod 4972 0x000001e2105bed90 code [0x000001e2105bef40, 0x000001e2105bf078]

GC Heap History (16 events):
Event: 5.434 GC heap before
{Heap before GC invocations=0 (full 0):
 garbage-first heap   total 258048K, used 23552K [0x0000000080000000, 0x0000000100000000)
  region size 1024K, 23 young (23552K), 0 survivors (0K)
 Metaspace       used 886K, committed 1024K, reserved 1114112K
  class space    used 73K, committed 128K, reserved 1048576K
}
Event: 6.458 GC heap after
{Heap after GC invocations=1 (full 0):
 garbage-first heap   total 258048K, used 1450K [0x0000000080000000, 0x0000000100000000)
  region size 1024K, 2 young (2048K), 2 survivors (2048K)
 Metaspace       used 886K, committed 1024K, reserved 1114112K
  class space    used 73K, committed 128K, reserved 1048576K
}
Event: 9.949 GC heap before
{Heap before GC invocations=1 (full 0):
 garbage-first heap   total 258048K, used 40362K [0x0000000080000000, 0x0000000100000000)
  region size 1024K, 38 young (38912K), 2 survivors (2048K)
 Metaspace       used 4481K, committed 4672K, reserved 1114112K
  class space    used 584K, committed 704K, reserved 1048576K
}
Event: 9.955 GC heap after
{Heap after GC invocations=2 (full 0):
 garbage-first heap   total 258048K, used 10804K [0x0000000080000000, 0x0000000100000000)
  region size 1024K, 5 young (5120K), 5 survivors (5120K)
 Metaspace       used 4481K, committed 4672K, reserved 1114112K
  class space    used 584K, committed 704K, reserved 1048576K
}
Event: 34.237 GC heap before
{Heap before GC invocations=2 (full 0):
 garbage-first heap   total 258048K, used 70196K [0x0000000080000000, 0x0000000100000000)
  region size 1024K, 61 young (62464K), 5 survivors (5120K)
 Metaspace       used 6747K, committed 6976K, reserved 1114112K
  class space    used 927K, committed 1024K, reserved 1048576K
}
Event: 34.250 GC heap after
{Heap after GC invocations=3 (full 0):
 garbage-first heap   total 258048K, used 17641K [0x0000000080000000, 0x0000000100000000)
  region size 1024K, 8 young (8192K), 8 survivors (8192K)
 Metaspace       used 6747K, committed 6976K, reserved 1114112K
  class space    used 927K, committed 1024K, reserved 1048576K
}
Event: 284.324 GC heap before
{Heap before GC invocations=3 (full 0):
 garbage-first heap   total 258048K, used 111849K [0x0000000080000000, 0x0000000100000000)
  region size 1024K, 100 young (102400K), 8 survivors (8192K)
 Metaspace       used 20877K, committed 21504K, reserved 1114112K
  class space    used 2889K, committed 3200K, reserved 1048576K
}
Event: 284.599 GC heap after
{Heap after GC invocations=4 (full 0):
 garbage-first heap   total 258048K, used 23654K [0x0000000080000000, 0x0000000100000000)
  region size 1024K, 14 young (14336K), 14 survivors (14336K)
 Metaspace       used 20877K, committed 21504K, reserved 1114112K
  class space    used 2889K, committed 3200K, reserved 1048576K
}
Event: 286.362 GC heap before
{Heap before GC invocations=5 (full 0):
 garbage-first heap   total 81920K, used 58470K [0x0000000080000000, 0x0000000100000000)
  region size 1024K, 48 young (49152K), 14 survivors (14336K)
 Metaspace       used 24982K, committed 25920K, reserved 1114112K
  class space    used 3562K, committed 4032K, reserved 1048576K
}
Event: 286.373 GC heap after
{Heap after GC invocations=6 (full 0):
 garbage-first heap   total 81920K, used 25506K [0x0000000080000000, 0x0000000100000000)
  region size 1024K, 3 young (3072K), 3 survivors (3072K)
 Metaspace       used 24982K, committed 25920K, reserved 1114112K
  class space    used 3562K, committed 4032K, reserved 1048576K
}
Event: 291.328 GC heap before
{Heap before GC invocations=6 (full 0):
 garbage-first heap   total 81920K, used 65442K [0x0000000080000000, 0x0000000100000000)
  region size 1024K, 42 young (43008K), 3 survivors (3072K)
 Metaspace       used 30042K, committed 31296K, reserved 1114112K
  class space    used 4397K, committed 4992K, reserved 1048576K
}
Event: 291.334 GC heap after
{Heap after GC invocations=7 (full 0):
 garbage-first heap   total 81920K, used 27907K [0x0000000080000000, 0x0000000100000000)
  region size 1024K, 5 young (5120K), 5 survivors (5120K)
 Metaspace       used 30042K, committed 31296K, reserved 1114112K
  class space    used 4397K, committed 4992K, reserved 1048576K
}
Event: 315.387 GC heap before
{Heap before GC invocations=7 (full 0):
 garbage-first heap   total 81920K, used 61699K [0x0000000080000000, 0x0000000100000000)
  region size 1024K, 40 young (40960K), 5 survivors (5120K)
 Metaspace       used 34762K, committed 36096K, reserved 1114112K
  class space    used 5054K, committed 5696K, reserved 1048576K
}
Event: 315.399 GC heap after
{Heap after GC invocations=8 (full 0):
 garbage-first heap   total 81920K, used 29843K [0x0000000080000000, 0x0000000100000000)
  region size 1024K, 4 young (4096K), 4 survivors (4096K)
 Metaspace       used 34762K, committed 36096K, reserved 1114112K
  class space    used 5054K, committed 5696K, reserved 1048576K
}
Event: 325.745 GC heap before
{Heap before GC invocations=9 (full 0):
 garbage-first heap   total 81920K, used 69779K [0x0000000080000000, 0x0000000100000000)
  region size 1024K, 43 young (44032K), 4 survivors (4096K)
 Metaspace       used 38735K, committed 40256K, reserved 1114112K
  class space    used 5613K, committed 6336K, reserved 1048576K
}
Event: 325.754 GC heap after
{Heap after GC invocations=10 (full 0):
 garbage-first heap   total 81920K, used 33245K [0x0000000080000000, 0x0000000100000000)
  region size 1024K, 6 young (6144K), 6 survivors (6144K)
 Metaspace       used 38735K, committed 40256K, reserved 1114112K
  class space    used 5613K, committed 6336K, reserved 1048576K
}

Dll operation events (20 events):
Event: 3.371 Attempting to load shared library C:\Users\enzonascimento-ieg\.cursor\extensions\redhat.java-1.56.0-win32-x64\jre\21.0.12.1-win32-x86_64\bin\nio.dll
Event: 3.371 Loaded shared library C:\Users\enzonascimento-ieg\.cursor\extensions\redhat.java-1.56.0-win32-x64\jre\21.0.12.1-win32-x86_64\bin\nio.dll
Event: 3.375 Attempting to load shared library C:\Users\enzonascimento-ieg\.cursor\extensions\redhat.java-1.56.0-win32-x64\jre\21.0.12.1-win32-x86_64\bin\zip.dll
Event: 3.375 Loaded shared library C:\Users\enzonascimento-ieg\.cursor\extensions\redhat.java-1.56.0-win32-x64\jre\21.0.12.1-win32-x86_64\bin\zip.dll
Event: 4.955 Attempting to load shared library C:\Users\enzonascimento-ieg\.cursor\extensions\redhat.java-1.56.0-win32-x64\jre\21.0.12.1-win32-x86_64\bin\jimage.dll
Event: 4.955 Loaded shared library C:\Users\enzonascimento-ieg\.cursor\extensions\redhat.java-1.56.0-win32-x64\jre\21.0.12.1-win32-x86_64\bin\jimage.dll
Event: 7.143 Attempting to load shared library C:\Users\enzonascimento-ieg\.cursor\extensions\redhat.java-1.56.0-win32-x64\jre\21.0.12.1-win32-x86_64\bin\verify.dll
Event: 7.143 Loaded shared library C:\Users\enzonascimento-ieg\.cursor\extensions\redhat.java-1.56.0-win32-x64\jre\21.0.12.1-win32-x86_64\bin\verify.dll
Event: 7.319 Attempting to load shared library C:\Users\enzonascimento-ieg\.gradle\native\1def1411415f61bf3af743bc5b6707747c0891f09f0c88961ee8f79bc544acac\windows-amd64\native-platform.dll
Event: 7.320 Loaded shared library C:\Users\enzonascimento-ieg\.gradle\native\1def1411415f61bf3af743bc5b6707747c0891f09f0c88961ee8f79bc544acac\windows-amd64\native-platform.dll
Event: 7.332 Attempting to load shared library C:\Users\enzonascimento-ieg\.gradle\native\0.2.8\x86_64-windows-gnu\gradle-fileevents.dll
Event: 7.335 Loaded shared library C:\Users\enzonascimento-ieg\.gradle\native\0.2.8\x86_64-windows-gnu\gradle-fileevents.dll
Event: 34.000 Attempting to load shared library C:\Users\enzonascimento-ieg\.cursor\extensions\redhat.java-1.56.0-win32-x64\jre\21.0.12.1-win32-x86_64\bin\management.dll
Event: 34.000 Loaded shared library C:\Users\enzonascimento-ieg\.cursor\extensions\redhat.java-1.56.0-win32-x64\jre\21.0.12.1-win32-x86_64\bin\management.dll
Event: 34.009 Attempting to load shared library C:\Users\enzonascimento-ieg\.cursor\extensions\redhat.java-1.56.0-win32-x64\jre\21.0.12.1-win32-x86_64\bin\management_ext.dll
Event: 34.009 Loaded shared library C:\Users\enzonascimento-ieg\.cursor\extensions\redhat.java-1.56.0-win32-x64\jre\21.0.12.1-win32-x86_64\bin\management_ext.dll
Event: 40.409 Attempting to load shared library C:\Users\enzonascimento-ieg\.cursor\extensions\redhat.java-1.56.0-win32-x64\jre\21.0.12.1-win32-x86_64\bin\extnet.dll
Event: 40.410 Loaded shared library C:\Users\enzonascimento-ieg\.cursor\extensions\redhat.java-1.56.0-win32-x64\jre\21.0.12.1-win32-x86_64\bin\extnet.dll
Event: 271.472 Attempting to load shared library C:\Users\enzonascimento-ieg\.cursor\extensions\redhat.java-1.56.0-win32-x64\jre\21.0.12.1-win32-x86_64\bin\sunmscapi.dll
Event: 271.486 Loaded shared library C:\Users\enzonascimento-ieg\.cursor\extensions\redhat.java-1.56.0-win32-x64\jre\21.0.12.1-win32-x86_64\bin\sunmscapi.dll

Deoptimization events (20 events):
Event: 325.716 Thread 0x000001e26bef3400 DEOPT PACKING pc=0x000001e210b14061 sp=0x00000027a1ef9210
Event: 325.716 Thread 0x000001e26bef3400 DEOPT UNPACKING pc=0x000001e2179a4bc2 sp=0x00000027a1ef8708 mode 0
Event: 325.764 Thread 0x000001e26bef3400 DEOPT PACKING pc=0x000001e21066af10 sp=0x00000027a1ef9670
Event: 325.764 Thread 0x000001e26bef3400 DEOPT UNPACKING pc=0x000001e2179a4bc2 sp=0x00000027a1ef8ae8 mode 0
Event: 325.767 Thread 0x000001e26bef3400 DEOPT PACKING pc=0x000001e21066af10 sp=0x00000027a1ef9670
Event: 325.767 Thread 0x000001e26bef3400 DEOPT UNPACKING pc=0x000001e2179a4bc2 sp=0x00000027a1ef8ae8 mode 0
Event: 325.801 Thread 0x000001e26bef3400 DEOPT PACKING pc=0x000001e2108c8286 sp=0x00000027a1ef9490
Event: 325.801 Thread 0x000001e26bef3400 DEOPT UNPACKING pc=0x000001e2179a4bc2 sp=0x00000027a1ef89a0 mode 0
Event: 325.920 Thread 0x000001e26bef3400 DEOPT PACKING pc=0x000001e2104e9178 sp=0x00000027a1ef9390
Event: 325.920 Thread 0x000001e26bef3400 DEOPT UNPACKING pc=0x000001e2179a4bc2 sp=0x00000027a1ef8878 mode 0
Event: 325.921 Thread 0x000001e26bef3400 DEOPT PACKING pc=0x000001e2104e9178 sp=0x00000027a1ef9390
Event: 325.921 Thread 0x000001e26bef3400 DEOPT UNPACKING pc=0x000001e2179a4bc2 sp=0x00000027a1ef8878 mode 0
Event: 325.921 Thread 0x000001e26bef3400 DEOPT PACKING pc=0x000001e2104e9178 sp=0x00000027a1ef9390
Event: 325.921 Thread 0x000001e26bef3400 DEOPT UNPACKING pc=0x000001e2179a4bc2 sp=0x00000027a1ef8878 mode 0
Event: 325.922 Thread 0x000001e26bef3400 DEOPT PACKING pc=0x000001e2104e9178 sp=0x00000027a1ef91b0
Event: 325.922 Thread 0x000001e26bef3400 DEOPT UNPACKING pc=0x000001e2179a4bc2 sp=0x00000027a1ef8698 mode 0
Event: 325.922 Thread 0x000001e26bef3400 DEOPT PACKING pc=0x000001e2104e9178 sp=0x00000027a1ef91b0
Event: 325.922 Thread 0x000001e26bef3400 DEOPT UNPACKING pc=0x000001e2179a4bc2 sp=0x00000027a1ef8698 mode 0
Event: 325.923 Thread 0x000001e26bef3400 DEOPT PACKING pc=0x000001e2104e9178 sp=0x00000027a1ef91b0
Event: 325.923 Thread 0x000001e26bef3400 DEOPT UNPACKING pc=0x000001e2179a4bc2 sp=0x00000027a1ef8698 mode 0

Classes loaded (20 events):
Event: 321.344 Loading class sun/nio/fs/WindowsSecurityDescriptor
Event: 321.344 Loading class sun/nio/fs/WindowsSecurityDescriptor done
Event: 321.345 Loading class sun/nio/fs/WindowsChannelFactory
Event: 321.345 Loading class sun/nio/fs/WindowsChannelFactory done
Event: 321.345 Loading class sun/nio/fs/WindowsChannelFactory$1
Event: 321.345 Loading class sun/nio/fs/WindowsChannelFactory$1 done
Event: 321.345 Loading class sun/nio/fs/WindowsChannelFactory$Flags
Event: 321.345 Loading class sun/nio/fs/WindowsChannelFactory$Flags done
Event: 321.345 Loading class sun/nio/fs/WindowsChannelFactory$2
Event: 321.345 Loading class sun/nio/fs/WindowsChannelFactory$2 done
Event: 321.346 Loading class sun/nio/fs/WindowsException
Event: 321.346 Loading class sun/nio/fs/WindowsException done
Event: 321.346 Loading class java/nio/file/FileAlreadyExistsException
Event: 321.346 Loading class java/nio/file/FileAlreadyExistsException done
Event: 321.346 Loading class java/nio/file/AccessMode
Event: 321.346 Loading class java/nio/file/AccessMode done
Event: 321.495 Loading class java/util/Collections$SynchronizedRandomAccessList
Event: 321.495 Loading class java/util/Collections$SynchronizedList
Event: 321.495 Loading class java/util/Collections$SynchronizedList done
Event: 321.495 Loading class java/util/Collections$SynchronizedRandomAccessList done

Classes unloaded (0 events):
No events

Classes redefined (0 events):
No events

Internal exceptions (20 events):
Event: 320.359 Thread 0x000001e26bef3400 Exception <a 'java/lang/ClassNotFoundException'{0x0000000083e3d0d8}: org/gradle/invocation/DefaultGradle_DecoratedBeanInfo> (0x0000000083e3d0d8) 
thrown [s\src\hotspot\share\classfile\systemDictionary.cpp, line 313]
Event: 320.360 Thread 0x000001e26bef3400 Exception <a 'java/lang/ClassNotFoundException'{0x0000000083e4ad50}: org/gradle/invocation/DefaultGradleBeanInfo> (0x0000000083e4ad50) 
thrown [s\src\hotspot\share\classfile\systemDictionary.cpp, line 313]
Event: 320.361 Thread 0x000001e26bef3400 Exception <a 'java/lang/ClassNotFoundException'{0x0000000083e59a38}: org/gradle/api/internal/project/AbstractPluginAwareBeanInfo> (0x0000000083e59a38) 
thrown [s\src\hotspot\share\classfile\systemDictionary.cpp, line 313]
Event: 320.362 Thread 0x000001e26bef3400 Exception <a 'java/lang/ClassNotFoundException'{0x0000000083e67cd8}: org/gradle/api/internal/project/AbstractPluginAwareCustomizer> (0x0000000083e67cd8) 
thrown [s\src\hotspot\share\classfile\systemDictionary.cpp, line 313]
Event: 320.363 Thread 0x000001e26bef3400 Exception <a 'java/lang/ClassNotFoundException'{0x0000000083e7bad0}: org/gradle/invocation/DefaultGradleCustomizer> (0x0000000083e7bad0) 
thrown [s\src\hotspot\share\classfile\systemDictionary.cpp, line 313]
Event: 320.366 Thread 0x000001e26bef3400 Exception <a 'java/lang/ClassNotFoundException'{0x0000000083ebe008}: org/gradle/invocation/DefaultGradle_DecoratedCustomizer> (0x0000000083ebe008) 
thrown [s\src\hotspot\share\classfile\systemDictionary.cpp, line 313]
Event: 321.293 Thread 0x000001e26bef3400 Exception <a 'java/lang/IncompatibleClassChangeError'{0x0000000083aae290}: Found class java.lang.Object, but interface was expected> (0x0000000083aae290) 
thrown [s\src\hotspot\share\interpreter\linkResolver.cpp, line 840]
Event: 321.346 Thread 0x000001e26bef3400 Exception <a 'sun/nio/fs/WindowsException'{0x000000008397b750}> (0x000000008397b750) 
thrown [s\src\hotspot\share\prims\jni.cpp, line 520]
Event: 321.347 Thread 0x000001e26bef3400 Exception <a 'sun/nio/fs/WindowsException'{0x000000008397d558}> (0x000000008397d558) 
thrown [s\src\hotspot\share\prims\jni.cpp, line 520]
Event: 321.347 Thread 0x000001e26bef3400 Exception <a 'sun/nio/fs/WindowsException'{0x000000008397ead8}> (0x000000008397ead8) 
thrown [s\src\hotspot\share\prims\jni.cpp, line 520]
Event: 321.348 Thread 0x000001e26bef3400 Exception <a 'sun/nio/fs/WindowsException'{0x000000008397fc30}> (0x000000008397fc30) 
thrown [s\src\hotspot\share\prims\jni.cpp, line 520]
Event: 321.478 Thread 0x000001e26bef3400 Exception <a 'java/lang/NoSuchMethodError'{0x0000000083881688}: 'java.lang.Object java.lang.invoke.Invokers$Holder.invoker(java.lang.Object, java.lang.Object, java.lang.Object, java.lang.Object, java.lang.Object, java.lang.Object)'> (0x0000000083881688) 
thrown [s\src\hotspot\share\interpreter\linkResolver.cpp, line 773]
Event: 323.449 Thread 0x000001e26bef3400 Exception <a 'java/lang/NoSuchMethodError'{0x0000000083756668}: 'java.lang.Object java.lang.invoke.Invokers$Holder.invoker(java.lang.Object, java.lang.Object, java.lang.Object, java.lang.Object, java.lang.Object, java.lang.Object, java.lang.Object, java.lang.Object, java.lang.Object, java.lang.Object, java.lang.Object, java.lang.Object, java.lang.Object, java.lang.Object, java.lang.Object, java.lang.Object, java.lang.Object, java.lang.Object, java.lang.Object, java.lang.Object, java.lang.Object, java.lang.
Event: 323.449 Thread 0x000001e26bef3400 Exception <a 'java/lang/NoSuchMethodError'{0x000000008375cfc0}: 'java.lang.Object java.lang.invoke.DelegatingMethodHandle$Holder.delegate(java.lang.Object, java.lang.Object, java.lang.Object, java.lang.Object, java.lang.Object, java.lang.Object, java.lang.Object, java.lang.Object, java.lang.Object, java.lang.Object, java.lang.Object, java.lang.Object, java.lang.Object, java.lang.Object, java.lang.Object, java.lang.Object, java.lang.Object, java.lang.Object, java.lang.Object, java.lang.Object, java.lang.Obj
Event: 325.581 Thread 0x000001e26bef3400 Exception <a 'java/lang/NoSuchMethodError'{0x000000008343a810}: 'java.lang.Object java.lang.invoke.DirectMethodHandle$Holder.invokeStatic(java.lang.Object, java.lang.Object, java.lang.Object, java.lang.Object, java.lang.Object, java.lang.Object, int, java.lang.Object)'> (0x000000008343a810) 
thrown [s\src\hotspot\share\interpreter\linkResolver.cpp, line 773]
Event: 325.582 Thread 0x000001e26bef3400 Exception <a 'java/lang/NoSuchMethodError'{0x0000000083444038}: 'java.lang.Object java.lang.invoke.DirectMethodHandle$Holder.newInvokeSpecial(java.lang.Object, java.lang.Object, java.lang.Object, java.lang.Object, java.lang.Object, java.lang.Object, int)'> (0x0000000083444038) 
thrown [s\src\hotspot\share\interpreter\linkResolver.cpp, line 773]
Event: 325.582 Thread 0x000001e26bef3400 Exception <a 'java/lang/NoSuchMethodError'{0x0000000083448c58}: 'java.lang.Object java.lang.invoke.DirectMethodHandle$Holder.invokeSpecial(java.lang.Object, java.lang.Object, java.lang.Object, java.lang.Object, java.lang.Object, java.lang.Object, java.lang.Object, int)'> (0x0000000083448c58) 
thrown [s\src\hotspot\share\interpreter\linkResolver.cpp, line 773]
Event: 325.582 Thread 0x000001e26bef3400 Exception <a 'java/lang/NoSuchMethodError'{0x000000008344ce28}: 'java.lang.Object java.lang.invoke.Invokers$Holder.linkToTargetMethod(java.lang.Object, java.lang.Object, java.lang.Object, java.lang.Object, java.lang.Object, int, java.lang.Object)'> (0x000000008344ce28) 
thrown [s\src\hotspot\share\interpreter\linkResolver.cpp, line 773]
Event: 334.377 Thread 0x000001e26bef3400 Exception <a 'java/lang/NoSuchMethodError'{0x0000000083d51780}: 'java.lang.Object java.lang.invoke.DirectMethodHandle$Holder.newInvokeSpecial(java.lang.Object, java.lang.Object, int, java.lang.Object, java.lang.Object, java.lang.Object, java.lang.Object)'> (0x0000000083d51780) 
thrown [s\src\hotspot\share\interpreter\linkResolver.cpp, line 773]
Event: 334.378 Thread 0x000001e26bef3400 Exception <a 'java/lang/NoSuchMethodError'{0x0000000083d5a050}: 'java.lang.Object java.lang.invoke.Invokers$Holder.linkToTargetMethod(java.lang.Object, int, java.lang.Object, java.lang.Object, java.lang.Object, java.lang.Object, java.lang.Object)'> (0x0000000083d5a050) 
thrown [s\src\hotspot\share\interpreter\linkResolver.cpp, line 773]

ZGC Phase Switch (0 events):
No events

VM Operations (20 events):
Event: 319.487 Executing safepoint VM operation: Cleanup
Event: 319.612 Executing safepoint VM operation: Cleanup done
Event: 320.626 Executing safepoint VM operation: Cleanup
Event: 320.626 Executing safepoint VM operation: Cleanup done
Event: 321.633 Executing safepoint VM operation: Cleanup
Event: 321.633 Executing safepoint VM operation: Cleanup done
Event: 323.649 Executing safepoint VM operation: Cleanup
Event: 323.649 Executing safepoint VM operation: Cleanup done
Event: 325.669 Executing safepoint VM operation: Cleanup
Event: 325.685 Executing safepoint VM operation: Cleanup done
Event: 325.745 Executing safepoint VM operation: G1CollectForAllocation (G1 Evacuation Pause)
Event: 325.755 Executing safepoint VM operation: G1CollectForAllocation (G1 Evacuation Pause) done
Event: 326.768 Executing safepoint VM operation: Cleanup
Event: 326.768 Executing safepoint VM operation: Cleanup done
Event: 327.778 Executing safepoint VM operation: Cleanup
Event: 328.359 Executing safepoint VM operation: Cleanup done
Event: 329.366 Executing safepoint VM operation: Cleanup
Event: 329.366 Executing safepoint VM operation: Cleanup done
Event: 334.407 Executing safepoint VM operation: Cleanup
Event: 334.407 Executing safepoint VM operation: Cleanup done

Memory protections (0 events):
No events

Nmethod flushes (20 events):
Event: 315.440 Thread 0x000001e224db29a0 flushing  nmethod 0x000001e217fe9a10
Event: 315.440 Thread 0x000001e224db29a0 flushing  nmethod 0x000001e217fe9d10
Event: 315.440 Thread 0x000001e224db29a0 flushing  nmethod 0x000001e217fff110
Event: 315.440 Thread 0x000001e224db29a0 flushing  nmethod 0x000001e218002890
Event: 315.440 Thread 0x000001e224db29a0 flushing  nmethod 0x000001e210582d10
Event: 315.440 Thread 0x000001e224db29a0 flushing  nmethod 0x000001e210583d90
Event: 315.440 Thread 0x000001e224db29a0 flushing  nmethod 0x000001e210584190
Event: 315.441 Thread 0x000001e224db29a0 flushing  nmethod 0x000001e210588510
Event: 315.441 Thread 0x000001e224db29a0 flushing  nmethod 0x000001e210589c90
Event: 315.441 Thread 0x000001e224db29a0 flushing  nmethod 0x000001e21058a390
Event: 315.441 Thread 0x000001e224db29a0 flushing  nmethod 0x000001e2105adb10
Event: 315.441 Thread 0x000001e224db29a0 flushing  nmethod 0x000001e2105be090
Event: 315.441 Thread 0x000001e224db29a0 flushing  nmethod 0x000001e2105c4610
Event: 315.441 Thread 0x000001e224db29a0 flushing  nmethod 0x000001e2105c8c90
Event: 315.441 Thread 0x000001e224db29a0 flushing  nmethod 0x000001e2105c9210
Event: 315.441 Thread 0x000001e224db29a0 flushing  nmethod 0x000001e2105ca090
Event: 315.441 Thread 0x000001e224db29a0 flushing  nmethod 0x000001e2107c1610
Event: 315.441 Thread 0x000001e224db29a0 flushing  nmethod 0x000001e2107dda10
Event: 315.441 Thread 0x000001e224db29a0 flushing  nmethod 0x000001e2107e1610
Event: 315.441 Thread 0x000001e224db29a0 flushing  nmethod 0x000001e2107f2710

Events (20 events):
Event: 272.009 Thread 0x000001e26b729840 Thread added: 0x000001e26bedb4b0
Event: 272.319 Thread 0x000001e26b729840 Thread added: 0x000001e26b5b98c0
Event: 274.314 Thread 0x000001e26b729840 Thread added: 0x000001e26bef3400
Event: 275.802 Thread 0x000001e26bef3400 Thread added: 0x000001e26bef1330
Event: 275.889 Thread 0x000001e26bef3400 Thread added: 0x000001e26bef2d70
Event: 275.940 Thread 0x000001e26bef3400 Thread added: 0x000001e26bef0ca0
Event: 280.087 Thread 0x000001e26bef3400 Thread added: 0x000001e26bef3a90
Event: 280.142 Thread 0x000001e26bef3400 Thread added: 0x000001e26bef0610
Event: 281.156 Thread 0x000001e26bef0610 Thread added: 0x000001e26bef26e0
Event: 281.567 Thread 0x000001e26bef3400 Thread added: 0x000001e26bef19c0
Event: 285.563 Thread 0x000001e26bef3400 Thread added: 0x000001e26e237240
Event: 285.868 Thread 0x000001e26bef3400 Thread added: 0x000001e26e235e90
Event: 286.611 Thread 0x000001e26bef3400 Thread added: 0x000001e26e237f60
Event: 287.003 Thread 0x000001e26bef3400 Thread added: 0x000001e26e236bb0
Event: 287.517 Thread 0x000001e26bef3400 Thread added: 0x000001e26e235800
Event: 287.661 Thread 0x000001e26bef3400 Thread added: 0x000001e26e2385f0
Event: 291.090 Thread 0x000001e26bef3400 Thread added: 0x000001e26e238c80
Event: 291.579 Thread 0x000001e26bef3400 Thread added: 0x000001e26e239310
Event: 304.129 Thread 0x000001e26bef3400 Thread added: 0x000001e26e2399a0
Event: 311.113 Thread 0x000001e26bef3400 Thread added: 0x000001e26e236520


Dynamic libraries:
0x00007ff6a5040000 - 0x00007ff6a504e000 	C:\Users\enzonascimento-ieg\.cursor\extensions\redhat.java-1.56.0-win32-x64\jre\21.0.12.1-win32-x86_64\bin\java.exe
0x00007ff8a2a20000 - 0x00007ff8a2c87000 	C:\Windows\SYSTEM32\ntdll.dll
0x00007ff8a0f70000 - 0x00007ff8a103b000 	C:\Windows\System32\KERNEL32.DLL
0x00007ff8a0330000 - 0x00007ff8a0732000 	C:\Windows\System32\KERNELBASE.dll
0x00007ff89fe40000 - 0x00007ff89ff8c000 	C:\Windows\System32\ucrtbase.dll
0x00007ff86edb0000 - 0x00007ff86edc8000 	C:\Users\enzonascimento-ieg\.cursor\extensions\redhat.java-1.56.0-win32-x64\jre\21.0.12.1-win32-x86_64\bin\jli.dll
0x00007ff8a23f0000 - 0x00007ff8a25bf000 	C:\Windows\System32\USER32.dll
0x00007ff89fc20000 - 0x00007ff89fc47000 	C:\Windows\System32\win32u.dll
0x00007ff8a2290000 - 0x00007ff8a22bb000 	C:\Windows\System32\GDI32.dll
0x00007ff89fc50000 - 0x00007ff89fd79000 	C:\Windows\System32\gdi32full.dll
0x00007ff89ffa0000 - 0x00007ff8a0043000 	C:\Windows\System32\msvcp_win.dll
0x00007ff86edf0000 - 0x00007ff86ee0e000 	C:\Users\enzonascimento-ieg\.cursor\extensions\redhat.java-1.56.0-win32-x64\jre\21.0.12.1-win32-x86_64\bin\VCRUNTIME140.dll
0x00007ff8834a0000 - 0x00007ff883730000 	C:\Windows\WinSxS\amd64_microsoft.windows.common-controls_6595b64144ccf1df_6.0.26100.9278_none_3e0d1ba8e3303201\COMCTL32.dll
0x00007ff8a19a0000 - 0x00007ff8a1a49000 	C:\Windows\System32\msvcrt.dll
0x00007ff8a0eb0000 - 0x00007ff8a0ee1000 	C:\Windows\System32\IMM32.DLL
0x00007ff89c250000 - 0x00007ff89c25c000 	C:\Users\enzonascimento-ieg\.cursor\extensions\redhat.java-1.56.0-win32-x64\jre\21.0.12.1-win32-x86_64\bin\vcruntime140_1.dll
0x00007ff82e330000 - 0x00007ff82e3bd000 	C:\Users\enzonascimento-ieg\.cursor\extensions\redhat.java-1.56.0-win32-x64\jre\21.0.12.1-win32-x86_64\bin\msvcp140.dll
0x00007fffb7530000 - 0x00007fffb82d2000 	C:\Users\enzonascimento-ieg\.cursor\extensions\redhat.java-1.56.0-win32-x64\jre\21.0.12.1-win32-x86_64\bin\server\jvm.dll
0x00007ff8a0de0000 - 0x00007ff8a0e9c000 	C:\Windows\System32\ADVAPI32.dll
0x00007ff8a2000000 - 0x00007ff8a20a9000 	C:\Windows\System32\sechost.dll
0x00007ff8a1a50000 - 0x00007ff8a1b68000 	C:\Windows\System32\RPCRT4.dll
0x00007ff8a2360000 - 0x00007ff8a23e0000 	C:\Windows\System32\WS2_32.dll
0x00007ff89fa80000 - 0x00007ff89fade000 	C:\Windows\SYSTEM32\POWRPROF.dll
0x00007ff89bed0000 - 0x00007ff89bf06000 	C:\Windows\SYSTEM32\WINMM.dll
0x00007ff882540000 - 0x00007ff88254b000 	C:\Windows\SYSTEM32\VERSION.dll
0x00007ff89fa60000 - 0x00007ff89fa75000 	C:\Windows\SYSTEM32\UMPDC.dll
0x00007ff89e8b0000 - 0x00007ff89e8cb000 	C:\Windows\SYSTEM32\kernel.appcore.dll
0x00007ff88b7c0000 - 0x00007ff88b7ca000 	C:\Users\enzonascimento-ieg\.cursor\extensions\redhat.java-1.56.0-win32-x64\jre\21.0.12.1-win32-x86_64\bin\jimage.dll
0x00007ff89cfe0000 - 0x00007ff89d22c000 	C:\Windows\SYSTEM32\DBGHELP.DLL
0x00007ff8a0760000 - 0x00007ff8a0ae5000 	C:\Windows\System32\combase.dll
0x00007ff8a2130000 - 0x00007ff8a2209000 	C:\Windows\System32\OLEAUT32.dll
0x00007ff87e6f0000 - 0x00007ff87e72b000 	C:\Windows\SYSTEM32\dbgcore.DLL
0x00007ff8a0270000 - 0x00007ff8a031c000 	C:\Windows\System32\bcryptPrimitives.dll
0x00007ff881760000 - 0x00007ff88176f000 	C:\Users\enzonascimento-ieg\.cursor\extensions\redhat.java-1.56.0-win32-x64\jre\21.0.12.1-win32-x86_64\bin\instrument.dll
0x00007ff86ed60000 - 0x00007ff86ed80000 	C:\Users\enzonascimento-ieg\.cursor\extensions\redhat.java-1.56.0-win32-x64\jre\21.0.12.1-win32-x86_64\bin\java.dll
0x00007ff8a1040000 - 0x00007ff8a17d8000 	C:\Windows\System32\SHELL32.dll
0x00007ff89d420000 - 0x00007ff89dcce000 	C:\Windows\SYSTEM32\windows.storage.dll
0x00007ff8a17e0000 - 0x00007ff8a18db000 	C:\Windows\System32\SHCORE.dll
0x00007ff8a0ef0000 - 0x00007ff8a0f56000 	C:\Windows\System32\shlwapi.dll
0x00007ff89fb40000 - 0x00007ff89fb69000 	C:\Windows\SYSTEM32\profapi.dll
0x00007ff86eba0000 - 0x00007ff86ebb8000 	C:\Users\enzonascimento-ieg\.cursor\extensions\redhat.java-1.56.0-win32-x64\jre\21.0.12.1-win32-x86_64\bin\zip.dll
0x00007ff88b5d0000 - 0x00007ff88b5e0000 	C:\Users\enzonascimento-ieg\.cursor\extensions\redhat.java-1.56.0-win32-x64\jre\21.0.12.1-win32-x86_64\bin\net.dll
0x00007ff88e680000 - 0x00007ff88e7aa000 	C:\Windows\SYSTEM32\WINHTTP.dll
0x00007ff89ee50000 - 0x00007ff89eebc000 	C:\Windows\system32\mswsock.dll
0x00007ff866290000 - 0x00007ff8662a6000 	C:\Users\enzonascimento-ieg\.cursor\extensions\redhat.java-1.56.0-win32-x64\jre\21.0.12.1-win32-x86_64\bin\nio.dll
0x00007ff86efc0000 - 0x00007ff86efd0000 	C:\Users\enzonascimento-ieg\.cursor\extensions\redhat.java-1.56.0-win32-x64\jre\21.0.12.1-win32-x86_64\bin\verify.dll
0x00007ff86eab0000 - 0x00007ff86ead7000 	C:\Users\enzonascimento-ieg\.gradle\native\1def1411415f61bf3af743bc5b6707747c0891f09f0c88961ee8f79bc544acac\windows-amd64\native-platform.dll
0x00007ff84adb0000 - 0x00007ff84ae27000 	C:\Users\enzonascimento-ieg\.gradle\native\0.2.8\x86_64-windows-gnu\gradle-fileevents.dll
0x00007ff86eea0000 - 0x00007ff86eeaa000 	C:\Users\enzonascimento-ieg\.cursor\extensions\redhat.java-1.56.0-win32-x64\jre\21.0.12.1-win32-x86_64\bin\management.dll
0x00007ff86eb90000 - 0x00007ff86eb9c000 	C:\Users\enzonascimento-ieg\.cursor\extensions\redhat.java-1.56.0-win32-x64\jre\21.0.12.1-win32-x86_64\bin\management_ext.dll
0x00007ff8a20b0000 - 0x00007ff8a20b8000 	C:\Windows\System32\PSAPI.DLL
0x00007ff89dfe0000 - 0x00007ff89e013000 	C:\Windows\SYSTEM32\IPHLPAPI.DLL
0x00007ff8a0f60000 - 0x00007ff8a0f6a000 	C:\Windows\System32\NSI.dll
0x00007ff86d7a0000 - 0x00007ff86d7a9000 	C:\Users\enzonascimento-ieg\.cursor\extensions\redhat.java-1.56.0-win32-x64\jre\21.0.12.1-win32-x86_64\bin\extnet.dll
0x00007ff89f270000 - 0x00007ff89f28b000 	C:\Windows\SYSTEM32\CRYPTSP.dll
0x00007ff89e810000 - 0x00007ff89e849000 	C:\Windows\system32\rsaenh.dll
0x00007ff89ef00000 - 0x00007ff89ef34000 	C:\Windows\SYSTEM32\USERENV.dll
0x00007ff89fb10000 - 0x00007ff89fb3a000 	C:\Windows\SYSTEM32\bcrypt.dll
0x00007ff89f0b0000 - 0x00007ff89f0bc000 	C:\Windows\SYSTEM32\CRYPTBASE.dll
0x00007ff866010000 - 0x00007ff86601e000 	C:\Users\enzonascimento-ieg\.cursor\extensions\redhat.java-1.56.0-win32-x64\jre\21.0.12.1-win32-x86_64\bin\sunmscapi.dll
0x00007ff8a0050000 - 0x00007ff8a01ce000 	C:\Windows\System32\CRYPT32.dll
0x00007ff89f3e0000 - 0x00007ff89f410000 	C:\Windows\SYSTEM32\ncrypt.dll
0x00007ff89f390000 - 0x00007ff89f3cf000 	C:\Windows\SYSTEM32\NTASN1.dll
0x00007ff8842a0000 - 0x00007ff8842a8000 	C:\Windows\system32\wshunix.dll

JVMTI agents:
C:\Users\enzonascimento-ieg\.gradle\wrapper\dists\gradle-9.1.0-bin\9agqghryom9wkf8r80qlhnts3\gradle-9.1.0\lib\agents\gradle-instrumentation-agent-9.1.0.jar path:C:\Users\enzonascimento-ieg\.cursor\extensions\redhat.java-1.56.0-win32-x64\jre\21.0.12.1-win32-x86_64\bin\instrument.dll, loaded, initialized, instrumentlib options:none

dbghelp: loaded successfully - version: 4.0.5 - missing functions: none
symbol engine: initialized successfully - sym options: 0x614 - pdb path: .;C:\Users\enzonascimento-ieg\.cursor\extensions\redhat.java-1.56.0-win32-x64\jre\21.0.12.1-win32-x86_64\bin;C:\Windows\SYSTEM32;C:\Windows\WinSxS\amd64_microsoft.windows.common-controls_6595b64144ccf1df_6.0.26100.9278_none_3e0d1ba8e3303201;C:\Users\enzonascimento-ieg\.cursor\extensions\redhat.java-1.56.0-win32-x64\jre\21.0.12.1-win32-x86_64\bin\server;C:\Users\enzonascimento-ieg\.gradle\native\1def1411415f61bf3af743bc5b6707747c0891f09f0c88961ee8f79bc544acac\windows-amd64;C:\Users\enzonascimento-ieg\.gradle\native\0.2.8\x86_64-windows-gnu

VM Arguments:
jvm_args: --add-opens=java.base/java.lang=ALL-UNNAMED --add-opens=java.base/java.lang.invoke=ALL-UNNAMED --add-opens=java.base/java.util=ALL-UNNAMED --add-opens=java.prefs/java.util.prefs=ALL-UNNAMED --add-exports=jdk.compiler/com.sun.tools.javac.api=ALL-UNNAMED --add-exports=jdk.compiler/com.sun.tools.javac.util=ALL-UNNAMED --add-opens=java.base/java.util=ALL-UNNAMED --add-opens=java.prefs/java.util.prefs=ALL-UNNAMED --add-opens=java.base/java.nio.charset=ALL-UNNAMED --add-opens=java.base/java.net=ALL-UNNAMED --add-opens=java.base/java.util.concurrent=ALL-UNNAMED --add-opens=java.base/java.util.concurrent.atomic=ALL-UNNAMED --add-opens=java.xml/javax.xml.namespace=ALL-UNNAMED --add-opens=java.base/java.time=ALL-UNNAMED -Xmx2048m -Dfile.encoding=UTF-8 -Duser.country=BR -Duser.language=pt -Duser.variant -javaagent:C:\Users\enzonascimento-ieg\.gradle\wrapper\dists\gradle-9.1.0-bin\9agqghryom9wkf8r80qlhnts3\gradle-9.1.0\lib\agents\gradle-instrumentation-agent-9.1.0.jar 
java_command: org.gradle.launcher.daemon.bootstrap.GradleDaemon 9.1.0
java_class_path (initial): C:\Users\enzonascimento-ieg\.gradle\wrapper\dists\gradle-9.1.0-bin\9agqghryom9wkf8r80qlhnts3\gradle-9.1.0\lib\gradle-daemon-main-9.1.0.jar
Launcher Type: SUN_STANDARD

[Global flags]
     intx CICompilerCount                          = 4                                         {product} {ergonomic}
     uint ConcGCThreads                            = 3                                         {product} {ergonomic}
     uint G1ConcRefinementThreads                  = 10                                        {product} {ergonomic}
   size_t G1HeapRegionSize                         = 1048576                                   {product} {ergonomic}
    uintx GCDrainStackTargetSize                   = 64                                        {product} {ergonomic}
   size_t InitialHeapSize                          = 264241152                                 {product} {ergonomic}
   size_t MarkStackSize                            = 4194304                                   {product} {ergonomic}
   size_t MaxHeapSize                              = 2147483648                                {product} {command line}
   size_t MaxNewSize                               = 1287651328                                {product} {ergonomic}
   size_t MinHeapDeltaBytes                        = 1048576                                   {product} {ergonomic}
   size_t MinHeapSize                              = 8388608                                   {product} {ergonomic}
    uintx NonNMethodCodeHeapSize                   = 5839372                                {pd product} {ergonomic}
    uintx NonProfiledCodeHeapSize                  = 122909434                              {pd product} {ergonomic}
    uintx ProfiledCodeHeapSize                     = 122909434                              {pd product} {ergonomic}
    uintx ReservedCodeCacheSize                    = 251658240                              {pd product} {ergonomic}
     bool SegmentedCodeCache                       = true                                      {product} {ergonomic}
   size_t SoftMaxHeapSize                          = 2147483648                             {manageable} {ergonomic}
     bool UseCompressedOops                        = true                           {product lp64_product} {ergonomic}
     bool UseG1GC                                  = true                                      {product} {ergonomic}
     bool UseLargePagesIndividualAllocation        = false                                  {pd product} {ergonomic}

Logging:
Log output configuration:
 #0: stdout all=warning uptime,level,tags foldmultilines=false
 #1: stderr all=off uptime,level,tags foldmultilines=false

Release file:
JAVA_VERSION="21.0.12.1" 
MODULES="java.base java.compiler java.datatransfer java.xml java.prefs java.desktop java.instrument java.logging java.management java.security.sasl java.naming java.rmi java.management.rmi java.net.http java.scripting java.security.jgss java.transaction.xa java.sql java.sql.rowset java.xml.crypto java.se java.smartcardio jdk.accessibility jdk.internal.jvmstat jdk.attach jdk.charsets jdk.internal.opt jdk.zipfs jdk.compiler jdk.crypto.ec jdk.crypto.cryptoki jdk.crypto.mscapi jdk.dynalink jdk.internal.ed jdk.editpad jdk.hotspot.agent jdk.httpserver jdk.internal.le jdk.internal.vm.ci jdk.internal.vm.compiler jdk.internal.vm.compiler.management jdk.jartool jdk.javadoc jdk.jcmd jdk.management jdk.management.agent jdk.jconsole jdk.jdeps jdk.jdwp.agent jdk.jdi jdk.jfr jdk.jshell jdk.jsobject jdk.jstatd jdk.localedata jdk.management.jfr jdk.naming.dns jdk.naming.rmi jdk.net jdk.nio.mapmode jdk.random jdk.sctp jdk.security.auth jdk.security.jgss jdk.unsupported jdk.unsupported.desktop jdk.xml.dom" 

Environment Variables:
PATH=C:\Program Files\Python314\Scripts\;C:\Program Files\Python314\;C:\Program Files\Common Files\Oracle\Java\javapath;C:\Program Files\Python311\Scripts\;C:\Program Files\Python311\;C:\Windows\system32;C:\Windows;C:\Windows\System32\Wbem;C:\Windows\System32\WindowsPowerShell\v1.0\;C:\Windows\System32\OpenSSH\;C:\Program Files\dotnet\;C:\Program Files (x86)\Microsoft SQL Server\160\Tools\Binn\;C:\Program Files\Microsoft SQL Server\160\Tools\Binn\;C:\Program Files\Microsoft SQL Server\Client SDK\ODBC\170\Tools\Binn\;C:\Program Files\Microsoft SQL Server\160\DTS\Binn\;C:\Program Files\nodejs\;C:\Users\bart\AppData\Local\Microsoft\WindowsApps;C:\Users\bart\AppData\Local\Programs\Microsoft VS Code\bin;C:\Users\bart\AppData\Roaming\npm;C:\Program Files\kind;C:\Users\enzonascimento-ieg\AppData\Local\Microsoft\WindowsApps;C:\Users\enzonascimento-ieg\AppData\Local\Programs\Microsoft VS Code\bin;C:\Users\enzonascimento-ieg\AppData\Local\Programs\Git\cmd;C:\Users\enzonascimento-ieg\flutter\bin;C:\Users\enzonascimento-ieg\AppData\Roaming\npm;C:\Users\enzonascimento-ieg\AppData\Local\Programs\cursor\resources\app\bin;C:\Users\enzonascimento-ieg\AppData\Local\Programs\DockerDesktop\resources\bin;C:\Users\enzonascimento-ieg\.bun\bin;C:\Users\enzonascimento-ieg\AppData\Local\Microsoft\WinGet\Packages\evilmartians.lefthook_Microsoft.Winget.Source_8wekyb3d8bbwe;
USERNAME=enzonascimento-ieg
OS=Windows_NT
PROCESSOR_IDENTIFIER=Intel64 Family 6 Model 154 Stepping 4, GenuineIntel
TMP=C:\Users\ENZONA~1\AppData\Local\Temp
TEMP=C:\Users\ENZONA~1\AppData\Local\Temp




Periodic native trim disabled

---------------  S Y S T E M  ---------------

OS:
 Windows 11 , 64 bit Build 26100 (10.0.26100.9444)
OS uptime: 6 days 19:32 hours
Hyper-V role detected

CPU: total 12 (initial active 12) (6 cores per cpu, 2 threads per core) family 6 model 154 stepping 4 microcode 0x43b, cx8, cmov, fxsr, ht, mmx, 3dnowpref, sse, sse2, sse3, ssse3, sse4.1, sse4.2, popcnt, lzcnt, tsc, tscinvbit, avx, avx2, aes, erms, clmul, bmi1, bmi2, adx, sha, fma, vzeroupper, clflush, clflushopt, clwb, hv, serialize, rdtscp, rdpid, fsrm, f16c, cet_ibt, cet_ss
Processor Information for the first 12 processors :
  Max Mhz: 1700, Current Mhz: 1700, Mhz Limit: 1700

Memory: 4k page, system-wide physical 16068M (165M free)
TotalPageFile size 65220M (AvailPageFile size 53M)
current process WorkingSet (physical memory assigned to process): 161M, peak: 194M
current process commit charge ("private bytes"): 257M, peak: 422M

vm_info: OpenJDK 64-Bit Server VM (21.0.12.1+1-LTS) for windows-amd64 JRE (21.0.12.1+1-LTS), built on 2026-08-18T00:00:00Z by "admin" with MS VC++ 17.12 (VS2022)

END.
