#
# There is insufficient memory for the Java Runtime Environment to continue.
# Native memory allocation (malloc) failed to allocate 65552 bytes. Error detail: Chunk::new
# Possible reasons:
#   The system is out of physical RAM or swap space
#   This process is running with CompressedOops enabled, and the Java Heap may be blocking the growth of the native heap
# Possible solutions:
#   Reduce memory load on the system
#   Increase physical memory or swap space
#   Check if swap backing store is full
#   Decrease Java heap size (-Xmx/-Xms)
#   Decrease number of Java threads
#   Decrease Java thread stack sizes (-Xss)
#   Set larger code cache with -XX:ReservedCodeCacheSize=
#   JVM is running with Unscaled Compressed Oops mode in which the Java heap is
#     placed in the first 4GB address space. The Java Heap base address is the
#     maximum limit for the native heap growth. Please use -XX:HeapBaseMinAddress
#     to set the Java Heap base and to place the Java Heap above 4GB virtual address.
# This output file may be truncated or incomplete.
#
#  Out of Memory Error (arena.cpp:168), pid=38904, tid=17132
#
# JRE version: OpenJDK Runtime Environment Temurin-21.0.12.1+1 (21.0.12.1+1) (build 21.0.12.1+1-LTS)
# Java VM: OpenJDK 64-Bit Server VM Temurin-21.0.12.1+1 (21.0.12.1+1-LTS, mixed mode, sharing, tiered, compressed oops, compressed class ptrs, g1 gc, windows-amd64)
# No core dump will be written. Minidumps are not enabled by default on client versions of Windows
#

---------------  S U M M A R Y ------------

Command Line: --add-opens=java.base/java.lang=ALL-UNNAMED --add-opens=java.base/java.lang.invoke=ALL-UNNAMED --add-opens=java.base/java.util=ALL-UNNAMED --add-opens=java.prefs/java.util.prefs=ALL-UNNAMED --add-exports=jdk.compiler/com.sun.tools.javac.api=ALL-UNNAMED --add-exports=jdk.compiler/com.sun.tools.javac.util=ALL-UNNAMED --add-opens=java.base/java.util=ALL-UNNAMED --add-opens=java.prefs/java.util.prefs=ALL-UNNAMED --add-opens=java.base/java.nio.charset=ALL-UNNAMED --add-opens=java.base/java.net=ALL-UNNAMED --add-opens=java.base/java.util.concurrent=ALL-UNNAMED --add-opens=java.base/java.util.concurrent.atomic=ALL-UNNAMED --add-opens=java.xml/javax.xml.namespace=ALL-UNNAMED --add-opens=java.base/java.time=ALL-UNNAMED -Xmx2048m -Dfile.encoding=UTF-8 -Duser.country=BR -Duser.language=pt -Duser.variant -javaagent:C:\Users\enzonascimento-ieg\.gradle\wrapper\dists\gradle-9.1.0-bin\9agqghryom9wkf8r80qlhnts3\gradle-9.1.0\lib\agents\gradle-instrumentation-agent-9.1.0.jar org.gradle.launcher.daemon.bootstrap.GradleDaemon 9.1.0

Host: 12th Gen Intel(R) Core(TM) i7-1255U, 12 cores, 15G,  Windows 11 , 64 bit Build 26100 (10.0.26100.9444)
Time: Tue Sep 22 21:52:30 2026 Hora oficial do Brasil elapsed time: 327.026061 seconds (0d 0h 5m 27s)

---------------  T H R E A D  ---------------

Current thread (0x00000225f01f9f10):  JavaThread "C2 CompilerThread0" daemon [_thread_in_native, id=17132, stack(0x0000009d7a200000,0x0000009d7a300000) (1024K)]


Current CompileTask:
C2:327026 3365       4       jdk.internal.org.objectweb.asm.SymbolTable::addConstantMemberReference (147 bytes)

Stack: [0x0000009d7a200000,0x0000009d7a300000]
Native frames: (J=compiled Java code, j=interpreted, Vv=VM code, C=native code)
V  [jvm.dll+0x6d83e9]
V  [jvm.dll+0x8b5736]
V  [jvm.dll+0x8b7cee]
V  [jvm.dll+0x8b83d3]
V  [jvm.dll+0x284596]
V  [jvm.dll+0xc685d]
V  [jvm.dll+0xc6da1]
V  [jvm.dll+0xc6985]
V  [jvm.dll+0x6b33cc]
V  [jvm.dll+0x254339]
V  [jvm.dll+0x6fdc47]
V  [jvm.dll+0x24baa7]
V  [jvm.dll+0x1cb4ae]
V  [jvm.dll+0x25baad]
V  [jvm.dll+0x25a03a]
V  [jvm.dll+0x3f8aae]
V  [jvm.dll+0x8600cd]
V  [jvm.dll+0x6d6c1d]
C  [ucrtbase.dll+0x2cd30]
C  [KERNEL32.DLL+0x2cd87]
C  [ntdll.dll+0xacaec]


---------------  P R O C E S S  ---------------

Threads class SMR info:
_java_thread_list=0x00000225f5cf1340, length=25, elements={
0x00000225d856d090, 0x00000225f016cb10, 0x00000225f016d720, 0x00000225f016e330,
0x00000225f01f3f40, 0x00000225f01f7710, 0x00000225f01f8170, 0x00000225f01f9f10,
0x00000225f01fa9b0, 0x00000225f034c690, 0x00000225f03c3e60, 0x00000225f5c2e0b0,
0x00000225f08e8410, 0x00000225f0ad8730, 0x00000225f550ee40, 0x00000225f55114c0,
0x00000225f053f1e0, 0x00000225f053d070, 0x00000225f50f9ac0, 0x00000225f50f8da0,
0x00000225f50fb500, 0x00000225f50fae70, 0x00000225f50fa150, 0x00000225f50fa7e0,
0x00000225f50f9430
}

Java Threads: ( => current thread )
  0x00000225d856d090 JavaThread "main"                              [_thread_blocked, id=49672, stack(0x0000009d79300000,0x0000009d79400000) (1024K)]
  0x00000225f016cb10 JavaThread "Reference Handler"          daemon [_thread_blocked, id=20132, stack(0x0000009d79c00000,0x0000009d79d00000) (1024K)]
  0x00000225f016d720 JavaThread "Finalizer"                  daemon [_thread_blocked, id=42868, stack(0x0000009d79d00000,0x0000009d79e00000) (1024K)]
  0x00000225f016e330 JavaThread "Signal Dispatcher"          daemon [_thread_blocked, id=22408, stack(0x0000009d79e00000,0x0000009d79f00000) (1024K)]
  0x00000225f01f3f40 JavaThread "Attach Listener"            daemon [_thread_blocked, id=49108, stack(0x0000009d79f00000,0x0000009d7a000000) (1024K)]
  0x00000225f01f7710 JavaThread "Service Thread"             daemon [_thread_blocked, id=52440, stack(0x0000009d7a000000,0x0000009d7a100000) (1024K)]
  0x00000225f01f8170 JavaThread "Monitor Deflation Thread"   daemon [_thread_blocked, id=16944, stack(0x0000009d7a100000,0x0000009d7a200000) (1024K)]
=>0x00000225f01f9f10 JavaThread "C2 CompilerThread0"         daemon [_thread_in_native, id=17132, stack(0x0000009d7a200000,0x0000009d7a300000) (1024K)]
  0x00000225f01fa9b0 JavaThread "C1 CompilerThread0"         daemon [_thread_blocked, id=20668, stack(0x0000009d7a300000,0x0000009d7a400000) (1024K)]
  0x00000225f034c690 JavaThread "Common-Cleaner"             daemon [_thread_blocked, id=19992, stack(0x0000009d7a400000,0x0000009d7a500000) (1024K)]
  0x00000225f03c3e60 JavaThread "Notification Thread"        daemon [_thread_blocked, id=6592, stack(0x0000009d7a500000,0x0000009d7a600000) (1024K)]
  0x00000225f5c2e0b0 JavaThread "Daemon health stats"               [_thread_blocked, id=22452, stack(0x0000009d7a600000,0x0000009d7a700000) (1024K)]
  0x00000225f08e8410 JavaThread "Incoming local TCP Connector on port 54540"        [_thread_in_native, id=39596, stack(0x0000009d7af00000,0x0000009d7b000000) (1024K)]
  0x00000225f0ad8730 JavaThread "Daemon periodic checks"            [_thread_blocked, id=49144, stack(0x0000009d7b000000,0x0000009d7b100000) (1024K)]
  0x00000225f550ee40 JavaThread "Daemon"                            [_thread_blocked, id=50564, stack(0x0000009d7b600000,0x0000009d7b700000) (1024K)]
  0x00000225f55114c0 JavaThread "Handler for socket connection from /127.0.0.1:54540 to /127.0.0.1:64798"        [_thread_in_native, id=53984, stack(0x0000009d7b700000,0x0000009d7b800000) (1024K)]
  0x00000225f053f1e0 JavaThread "Cancel handler"                    [_thread_blocked, id=45756, stack(0x0000009d7b800000,0x0000009d7b900000) (1024K)]
  0x00000225f053d070 JavaThread "Daemon worker"                     [_thread_in_Java, id=34700, stack(0x0000009d7b900000,0x0000009d7ba00000) (1024K)]
  0x00000225f50f9ac0 JavaThread "Asynchronous log dispatcher for DefaultDaemonConnection: socket connection from /127.0.0.1:54540 to /127.0.0.1:64798"        [_thread_blocked, id=12572, stack(0x0000009d7ba00000,0x0000009d7bb00000) (1024K)]
  0x00000225f50f8da0 JavaThread "Stdin handler"                     [_thread_blocked, id=46124, stack(0x0000009d7bb00000,0x0000009d7bc00000) (1024K)]
  0x00000225f50fb500 JavaThread "Daemon client event forwarder"        [_thread_blocked, id=50380, stack(0x0000009d7bc00000,0x0000009d7bd00000) (1024K)]
  0x00000225f50fae70 JavaThread "Cache worker for journal cache (C:\Users\enzonascimento-ieg\.gradle\caches\journal-1)"        [_thread_blocked, id=57968, stack(0x0000009d7bd00000,0x0000009d7be00000) (1024K)]
  0x00000225f50fa150 JavaThread "File lock request listener"        [_thread_in_native, id=57972, stack(0x0000009d7be00000,0x0000009d7bf00000) (1024K)]
  0x00000225f50fa7e0 JavaThread "File lock release action executor"        [_thread_blocked, id=59028, stack(0x0000009d7bf00000,0x0000009d7c000000) (1024K)]
  0x00000225f50f9430 JavaThread "Cache worker for file hash cache (C:\Users\enzonascimento-ieg\.gradle\caches\9.1.0\fileHashes)"        [_thread_blocked, id=58488, stack(0x0000009d7b300000,0x0000009d7b400000) (1024K)]
Total: 25

Other Threads:
  0x00000225f014e780 VMThread "VM Thread"                           [id=11772, stack(0x0000009d79b00000,0x0000009d79c00000) (1024K)]
  0x00000225f01f19e0 WatcherThread "VM Periodic Task Thread"        [id=44284, stack(0x0000009d79a00000,0x0000009d79b00000) (1024K)]
  0x00000225d85c95e0 WorkerThread "GC Thread#0"                     [id=48104, stack(0x0000009d79500000,0x0000009d79600000) (1024K)]
  0x00000225f0544040 WorkerThread "GC Thread#1"                     [id=29024, stack(0x0000009d7a800000,0x0000009d7a900000) (1024K)]
  0x00000225f0514880 WorkerThread "GC Thread#2"                     [id=40528, stack(0x0000009d7a900000,0x0000009d7aa00000) (1024K)]
  0x00000225f0514c30 WorkerThread "GC Thread#3"                     [id=27332, stack(0x0000009d7aa00000,0x0000009d7ab00000) (1024K)]
  0x00000225f041b630 WorkerThread "GC Thread#4"                     [id=53992, stack(0x0000009d7ab00000,0x0000009d7ac00000) (1024K)]
  0x00000225f041b9e0 WorkerThread "GC Thread#5"                     [id=51540, stack(0x0000009d7ac00000,0x0000009d7ad00000) (1024K)]
  0x00000225f0779e10 WorkerThread "GC Thread#6"                     [id=46440, stack(0x0000009d79400000,0x0000009d79500000) (1024K)]
  0x00000225f077a1c0 WorkerThread "GC Thread#7"                     [id=748, stack(0x0000009d7a700000,0x0000009d7a800000) (1024K)]
  0x00000225f04c6470 WorkerThread "GC Thread#8"                     [id=40780, stack(0x0000009d7ad00000,0x0000009d7ae00000) (1024K)]
  0x00000225f54653f0 WorkerThread "GC Thread#9"                     [id=28912, stack(0x0000009d7ae00000,0x0000009d7af00000) (1024K)]
  0x00000225d85db3f0 ConcurrentGCThread "G1 Main Marker"            [id=41716, stack(0x0000009d79600000,0x0000009d79700000) (1024K)]
  0x00000225d85dbd10 WorkerThread "G1 Conc#0"                       [id=53448, stack(0x0000009d79700000,0x0000009d79800000) (1024K)]
  0x00000225f0068470 ConcurrentGCThread "G1 Refine#0"               [id=42476, stack(0x0000009d79800000,0x0000009d79900000) (1024K)]
  0x00000225f0069cb0 ConcurrentGCThread "G1 Service"                [id=51624, stack(0x0000009d79900000,0x0000009d79a00000) (1024K)]
Total: 16

Threads with active compile tasks:
C2 CompilerThread0  328085 3365       4       jdk.internal.org.objectweb.asm.SymbolTable::addConstantMemberReference (147 bytes)
Total: 1

VM state: not at safepoint (normal execution)

VM Mutex/Monitor currently owned by a thread: None

Heap address: 0x0000000080000000, size: 2048 MB, Compressed Oops mode: 32-bit

CDS archive(s) mapped at: [0x0000022580000000-0x0000022580ba0000-0x0000022580ba0000), size 12189696, SharedBaseAddress: 0x0000022580000000, ArchiveRelocationMode: 1.
Compressed class space mapped at: 0x0000022581000000-0x00000225c1000000, reserved size: 1073741824
Narrow klass base: 0x0000022580000000, Narrow klass shift: 0, Narrow klass range: 0x100000000

GC Precious Log:
 CardTable entry size: 512
 Card Set container configuration: InlinePtr #cards 5 size 8 Array Of Cards #cards 12 size 40 Howl #buckets 4 coarsen threshold 1843 Howl Bitmap #cards 512 size 80 coarsen threshold 460 Card regions per heap region 1 cards per card region 2048
 CPUs: 12 total, 12 available
 Memory: 16068M
 Large Page Support: Disabled
 NUMA Support: Disabled
 Compressed Oops: Enabled (32-bit)
 Heap Region Size: 1M
 Heap Min Capacity: 8M
 Heap Initial Capacity: 252M
 Heap Max Capacity: 2G
 Pre-touch: Disabled
 Parallel Workers: 10
 Concurrent Workers: 3
 Concurrent Refinement Workers: 10
 Periodic GC: Disabled

Heap:
 garbage-first heap   total 258048K, used 82497K [0x0000000080000000, 0x0000000100000000)
  region size 1024K, 73 young (74752K), 9 survivors (9216K)
 Metaspace       used 16981K, committed 17536K, reserved 1114112K
  class space    used 2343K, committed 2624K, reserved 1048576K

Heap Regions: E=young(eden), S=young(survivor), O=old, HS=humongous(starts), HC=humongous(continues), CS=collection set, F=free, TAMS=top-at-mark-start, PB=parsable bottom
|   0|0x0000000080000000, 0x0000000080100000, 0x0000000080100000|100%|HS|  |TAMS 0x0000000080000000| PB 0x0000000080000000| Complete 
|   1|0x0000000080100000, 0x0000000080200000, 0x0000000080200000|100%|HC|  |TAMS 0x0000000080100000| PB 0x0000000080100000| Complete 
|   2|0x0000000080200000, 0x0000000080300000, 0x0000000080300000|100%|HC|  |TAMS 0x0000000080200000| PB 0x0000000080200000| Complete 
|   3|0x0000000080300000, 0x0000000080400000, 0x0000000080400000|100%| O|  |TAMS 0x0000000080300000| PB 0x0000000080300000| Untracked 
|   4|0x0000000080400000, 0x0000000080500000, 0x0000000080500000|100%| O|  |TAMS 0x0000000080400000| PB 0x0000000080400000| Untracked 
|   5|0x0000000080500000, 0x0000000080600000, 0x0000000080600000|100%| O|  |TAMS 0x0000000080500000| PB 0x0000000080500000| Untracked 
|   6|0x0000000080600000, 0x0000000080700000, 0x0000000080700000|100%|HS|  |TAMS 0x0000000080600000| PB 0x0000000080600000| Complete 
|   7|0x0000000080700000, 0x0000000080700000, 0x0000000080800000|  0%| F|  |TAMS 0x0000000080700000| PB 0x0000000080700000| Untracked 
|   8|0x0000000080800000, 0x0000000080900000, 0x0000000080900000|100%| O|  |TAMS 0x0000000080800000| PB 0x0000000080800000| Untracked 
|   9|0x0000000080900000, 0x0000000080990600, 0x0000000080a00000| 56%| O|  |TAMS 0x0000000080900000| PB 0x0000000080900000| Untracked 
|  10|0x0000000080a00000, 0x0000000080a00000, 0x0000000080b00000|  0%| F|  |TAMS 0x0000000080a00000| PB 0x0000000080a00000| Untracked 
|  11|0x0000000080b00000, 0x0000000080b00000, 0x0000000080c00000|  0%| F|  |TAMS 0x0000000080b00000| PB 0x0000000080b00000| Untracked 
|  12|0x0000000080c00000, 0x0000000080c00000, 0x0000000080d00000|  0%| F|  |TAMS 0x0000000080c00000| PB 0x0000000080c00000| Untracked 
|  13|0x0000000080d00000, 0x0000000080d00000, 0x0000000080e00000|  0%| F|  |TAMS 0x0000000080d00000| PB 0x0000000080d00000| Untracked 
|  14|0x0000000080e00000, 0x0000000080e00000, 0x0000000080f00000|  0%| F|  |TAMS 0x0000000080e00000| PB 0x0000000080e00000| Untracked 
|  15|0x0000000080f00000, 0x0000000080f00000, 0x0000000081000000|  0%| F|  |TAMS 0x0000000080f00000| PB 0x0000000080f00000| Untracked 
|  16|0x0000000081000000, 0x0000000081000000, 0x0000000081100000|  0%| F|  |TAMS 0x0000000081000000| PB 0x0000000081000000| Untracked 
|  17|0x0000000081100000, 0x0000000081100000, 0x0000000081200000|  0%| F|  |TAMS 0x0000000081100000| PB 0x0000000081100000| Untracked 
|  18|0x0000000081200000, 0x0000000081200000, 0x0000000081300000|  0%| F|  |TAMS 0x0000000081200000| PB 0x0000000081200000| Untracked 
|  19|0x0000000081300000, 0x0000000081300000, 0x0000000081400000|  0%| F|  |TAMS 0x0000000081300000| PB 0x0000000081300000| Untracked 
|  20|0x0000000081400000, 0x0000000081400000, 0x0000000081500000|  0%| F|  |TAMS 0x0000000081400000| PB 0x0000000081400000| Untracked 
|  21|0x0000000081500000, 0x0000000081500000, 0x0000000081600000|  0%| F|  |TAMS 0x0000000081500000| PB 0x0000000081500000| Untracked 
|  22|0x0000000081600000, 0x0000000081600000, 0x0000000081700000|  0%| F|  |TAMS 0x0000000081600000| PB 0x0000000081600000| Untracked 
|  23|0x0000000081700000, 0x0000000081700000, 0x0000000081800000|  0%| F|  |TAMS 0x0000000081700000| PB 0x0000000081700000| Untracked 
|  24|0x0000000081800000, 0x0000000081800000, 0x0000000081900000|  0%| F|  |TAMS 0x0000000081800000| PB 0x0000000081800000| Untracked 
|  25|0x0000000081900000, 0x0000000081900000, 0x0000000081a00000|  0%| F|  |TAMS 0x0000000081900000| PB 0x0000000081900000| Untracked 
|  26|0x0000000081a00000, 0x0000000081a00000, 0x0000000081b00000|  0%| F|  |TAMS 0x0000000081a00000| PB 0x0000000081a00000| Untracked 
|  27|0x0000000081b00000, 0x0000000081b00000, 0x0000000081c00000|  0%| F|  |TAMS 0x0000000081b00000| PB 0x0000000081b00000| Untracked 
|  28|0x0000000081c00000, 0x0000000081c00000, 0x0000000081d00000|  0%| F|  |TAMS 0x0000000081c00000| PB 0x0000000081c00000| Untracked 
|  29|0x0000000081d00000, 0x0000000081d00000, 0x0000000081e00000|  0%| F|  |TAMS 0x0000000081d00000| PB 0x0000000081d00000| Untracked 
|  30|0x0000000081e00000, 0x0000000081e00000, 0x0000000081f00000|  0%| F|  |TAMS 0x0000000081e00000| PB 0x0000000081e00000| Untracked 
|  31|0x0000000081f00000, 0x0000000081f00000, 0x0000000082000000|  0%| F|  |TAMS 0x0000000081f00000| PB 0x0000000081f00000| Untracked 
|  32|0x0000000082000000, 0x0000000082000000, 0x0000000082100000|  0%| F|  |TAMS 0x0000000082000000| PB 0x0000000082000000| Untracked 
|  33|0x0000000082100000, 0x0000000082100000, 0x0000000082200000|  0%| F|  |TAMS 0x0000000082100000| PB 0x0000000082100000| Untracked 
|  34|0x0000000082200000, 0x0000000082200000, 0x0000000082300000|  0%| F|  |TAMS 0x0000000082200000| PB 0x0000000082200000| Untracked 
|  35|0x0000000082300000, 0x0000000082300000, 0x0000000082400000|  0%| F|  |TAMS 0x0000000082300000| PB 0x0000000082300000| Untracked 
|  36|0x0000000082400000, 0x0000000082400000, 0x0000000082500000|  0%| F|  |TAMS 0x0000000082400000| PB 0x0000000082400000| Untracked 
|  37|0x0000000082500000, 0x0000000082500000, 0x0000000082600000|  0%| F|  |TAMS 0x0000000082500000| PB 0x0000000082500000| Untracked 
|  38|0x0000000082600000, 0x0000000082600000, 0x0000000082700000|  0%| F|  |TAMS 0x0000000082600000| PB 0x0000000082600000| Untracked 
|  39|0x0000000082700000, 0x0000000082700000, 0x0000000082800000|  0%| F|  |TAMS 0x0000000082700000| PB 0x0000000082700000| Untracked 
|  40|0x0000000082800000, 0x0000000082800000, 0x0000000082900000|  0%| F|  |TAMS 0x0000000082800000| PB 0x0000000082800000| Untracked 
|  41|0x0000000082900000, 0x0000000082900000, 0x0000000082a00000|  0%| F|  |TAMS 0x0000000082900000| PB 0x0000000082900000| Untracked 
|  42|0x0000000082a00000, 0x0000000082a00000, 0x0000000082b00000|  0%| F|  |TAMS 0x0000000082a00000| PB 0x0000000082a00000| Untracked 
|  43|0x0000000082b00000, 0x0000000082b00000, 0x0000000082c00000|  0%| F|  |TAMS 0x0000000082b00000| PB 0x0000000082b00000| Untracked 
|  44|0x0000000082c00000, 0x0000000082c00000, 0x0000000082d00000|  0%| F|  |TAMS 0x0000000082c00000| PB 0x0000000082c00000| Untracked 
|  45|0x0000000082d00000, 0x0000000082d00000, 0x0000000082e00000|  0%| F|  |TAMS 0x0000000082d00000| PB 0x0000000082d00000| Untracked 
|  46|0x0000000082e00000, 0x0000000082e00000, 0x0000000082f00000|  0%| F|  |TAMS 0x0000000082e00000| PB 0x0000000082e00000| Untracked 
|  47|0x0000000082f00000, 0x0000000082f00000, 0x0000000083000000|  0%| F|  |TAMS 0x0000000082f00000| PB 0x0000000082f00000| Untracked 
|  48|0x0000000083000000, 0x0000000083000000, 0x0000000083100000|  0%| F|  |TAMS 0x0000000083000000| PB 0x0000000083000000| Untracked 
|  49|0x0000000083100000, 0x0000000083100000, 0x0000000083200000|  0%| F|  |TAMS 0x0000000083100000| PB 0x0000000083100000| Untracked 
|  50|0x0000000083200000, 0x0000000083200000, 0x0000000083300000|  0%| F|  |TAMS 0x0000000083200000| PB 0x0000000083200000| Untracked 
|  51|0x0000000083300000, 0x0000000083300000, 0x0000000083400000|  0%| F|  |TAMS 0x0000000083300000| PB 0x0000000083300000| Untracked 
|  52|0x0000000083400000, 0x0000000083400000, 0x0000000083500000|  0%| F|  |TAMS 0x0000000083400000| PB 0x0000000083400000| Untracked 
|  53|0x0000000083500000, 0x0000000083500000, 0x0000000083600000|  0%| F|  |TAMS 0x0000000083500000| PB 0x0000000083500000| Untracked 
|  54|0x0000000083600000, 0x0000000083600000, 0x0000000083700000|  0%| F|  |TAMS 0x0000000083600000| PB 0x0000000083600000| Untracked 
|  55|0x0000000083700000, 0x0000000083700000, 0x0000000083800000|  0%| F|  |TAMS 0x0000000083700000| PB 0x0000000083700000| Untracked 
|  56|0x0000000083800000, 0x0000000083800000, 0x0000000083900000|  0%| F|  |TAMS 0x0000000083800000| PB 0x0000000083800000| Untracked 
|  57|0x0000000083900000, 0x0000000083900000, 0x0000000083a00000|  0%| F|  |TAMS 0x0000000083900000| PB 0x0000000083900000| Untracked 
|  58|0x0000000083a00000, 0x0000000083a00000, 0x0000000083b00000|  0%| F|  |TAMS 0x0000000083a00000| PB 0x0000000083a00000| Untracked 
|  59|0x0000000083b00000, 0x0000000083b00000, 0x0000000083c00000|  0%| F|  |TAMS 0x0000000083b00000| PB 0x0000000083b00000| Untracked 
|  60|0x0000000083c00000, 0x0000000083c00000, 0x0000000083d00000|  0%| F|  |TAMS 0x0000000083c00000| PB 0x0000000083c00000| Untracked 
|  61|0x0000000083d00000, 0x0000000083d00000, 0x0000000083e00000|  0%| F|  |TAMS 0x0000000083d00000| PB 0x0000000083d00000| Untracked 
|  62|0x0000000083e00000, 0x0000000083e00000, 0x0000000083f00000|  0%| F|  |TAMS 0x0000000083e00000| PB 0x0000000083e00000| Untracked 
|  63|0x0000000083f00000, 0x0000000083f00000, 0x0000000084000000|  0%| F|  |TAMS 0x0000000083f00000| PB 0x0000000083f00000| Untracked 
|  64|0x0000000084000000, 0x0000000084000000, 0x0000000084100000|  0%| F|  |TAMS 0x0000000084000000| PB 0x0000000084000000| Untracked 
|  65|0x0000000084100000, 0x0000000084100000, 0x0000000084200000|  0%| F|  |TAMS 0x0000000084100000| PB 0x0000000084100000| Untracked 
|  66|0x0000000084200000, 0x0000000084200000, 0x0000000084300000|  0%| F|  |TAMS 0x0000000084200000| PB 0x0000000084200000| Untracked 
|  67|0x0000000084300000, 0x0000000084300000, 0x0000000084400000|  0%| F|  |TAMS 0x0000000084300000| PB 0x0000000084300000| Untracked 
|  68|0x0000000084400000, 0x0000000084400000, 0x0000000084500000|  0%| F|  |TAMS 0x0000000084400000| PB 0x0000000084400000| Untracked 
|  69|0x0000000084500000, 0x0000000084500000, 0x0000000084600000|  0%| F|  |TAMS 0x0000000084500000| PB 0x0000000084500000| Untracked 
|  70|0x0000000084600000, 0x0000000084600000, 0x0000000084700000|  0%| F|  |TAMS 0x0000000084600000| PB 0x0000000084600000| Untracked 
|  71|0x0000000084700000, 0x0000000084700000, 0x0000000084800000|  0%| F|  |TAMS 0x0000000084700000| PB 0x0000000084700000| Untracked 
|  72|0x0000000084800000, 0x0000000084800000, 0x0000000084900000|  0%| F|  |TAMS 0x0000000084800000| PB 0x0000000084800000| Untracked 
|  73|0x0000000084900000, 0x0000000084900000, 0x0000000084a00000|  0%| F|  |TAMS 0x0000000084900000| PB 0x0000000084900000| Untracked 
|  74|0x0000000084a00000, 0x0000000084a00000, 0x0000000084b00000|  0%| F|  |TAMS 0x0000000084a00000| PB 0x0000000084a00000| Untracked 
|  75|0x0000000084b00000, 0x0000000084b00000, 0x0000000084c00000|  0%| F|  |TAMS 0x0000000084b00000| PB 0x0000000084b00000| Untracked 
|  76|0x0000000084c00000, 0x0000000084c00000, 0x0000000084d00000|  0%| F|  |TAMS 0x0000000084c00000| PB 0x0000000084c00000| Untracked 
|  77|0x0000000084d00000, 0x0000000084d00000, 0x0000000084e00000|  0%| F|  |TAMS 0x0000000084d00000| PB 0x0000000084d00000| Untracked 
|  78|0x0000000084e00000, 0x0000000084e00000, 0x0000000084f00000|  0%| F|  |TAMS 0x0000000084e00000| PB 0x0000000084e00000| Untracked 
|  79|0x0000000084f00000, 0x0000000084f00000, 0x0000000085000000|  0%| F|  |TAMS 0x0000000084f00000| PB 0x0000000084f00000| Untracked 
|  80|0x0000000085000000, 0x0000000085000000, 0x0000000085100000|  0%| F|  |TAMS 0x0000000085000000| PB 0x0000000085000000| Untracked 
|  81|0x0000000085100000, 0x0000000085100000, 0x0000000085200000|  0%| F|  |TAMS 0x0000000085100000| PB 0x0000000085100000| Untracked 
|  82|0x0000000085200000, 0x0000000085200000, 0x0000000085300000|  0%| F|  |TAMS 0x0000000085200000| PB 0x0000000085200000| Untracked 
|  83|0x0000000085300000, 0x0000000085300000, 0x0000000085400000|  0%| F|  |TAMS 0x0000000085300000| PB 0x0000000085300000| Untracked 
|  84|0x0000000085400000, 0x0000000085400000, 0x0000000085500000|  0%| F|  |TAMS 0x0000000085400000| PB 0x0000000085400000| Untracked 
|  85|0x0000000085500000, 0x0000000085500000, 0x0000000085600000|  0%| F|  |TAMS 0x0000000085500000| PB 0x0000000085500000| Untracked 
|  86|0x0000000085600000, 0x0000000085600000, 0x0000000085700000|  0%| F|  |TAMS 0x0000000085600000| PB 0x0000000085600000| Untracked 
|  87|0x0000000085700000, 0x0000000085700000, 0x0000000085800000|  0%| F|  |TAMS 0x0000000085700000| PB 0x0000000085700000| Untracked 
|  88|0x0000000085800000, 0x0000000085800000, 0x0000000085900000|  0%| F|  |TAMS 0x0000000085800000| PB 0x0000000085800000| Untracked 
|  89|0x0000000085900000, 0x0000000085900000, 0x0000000085a00000|  0%| F|  |TAMS 0x0000000085900000| PB 0x0000000085900000| Untracked 
|  90|0x0000000085a00000, 0x0000000085a00000, 0x0000000085b00000|  0%| F|  |TAMS 0x0000000085a00000| PB 0x0000000085a00000| Untracked 
|  91|0x0000000085b00000, 0x0000000085b00000, 0x0000000085c00000|  0%| F|  |TAMS 0x0000000085b00000| PB 0x0000000085b00000| Untracked 
|  92|0x0000000085c00000, 0x0000000085c00000, 0x0000000085d00000|  0%| F|  |TAMS 0x0000000085c00000| PB 0x0000000085c00000| Untracked 
|  93|0x0000000085d00000, 0x0000000085d00000, 0x0000000085e00000|  0%| F|  |TAMS 0x0000000085d00000| PB 0x0000000085d00000| Untracked 
|  94|0x0000000085e00000, 0x0000000085e00000, 0x0000000085f00000|  0%| F|  |TAMS 0x0000000085e00000| PB 0x0000000085e00000| Untracked 
|  95|0x0000000085f00000, 0x0000000085f00000, 0x0000000086000000|  0%| F|  |TAMS 0x0000000085f00000| PB 0x0000000085f00000| Untracked 
|  96|0x0000000086000000, 0x0000000086000000, 0x0000000086100000|  0%| F|  |TAMS 0x0000000086000000| PB 0x0000000086000000| Untracked 
|  97|0x0000000086100000, 0x0000000086100000, 0x0000000086200000|  0%| F|  |TAMS 0x0000000086100000| PB 0x0000000086100000| Untracked 
|  98|0x0000000086200000, 0x0000000086200000, 0x0000000086300000|  0%| F|  |TAMS 0x0000000086200000| PB 0x0000000086200000| Untracked 
|  99|0x0000000086300000, 0x0000000086300000, 0x0000000086400000|  0%| F|  |TAMS 0x0000000086300000| PB 0x0000000086300000| Untracked 
| 100|0x0000000086400000, 0x0000000086400000, 0x0000000086500000|  0%| F|  |TAMS 0x0000000086400000| PB 0x0000000086400000| Untracked 
| 101|0x0000000086500000, 0x0000000086500000, 0x0000000086600000|  0%| F|  |TAMS 0x0000000086500000| PB 0x0000000086500000| Untracked 
| 102|0x0000000086600000, 0x0000000086600000, 0x0000000086700000|  0%| F|  |TAMS 0x0000000086600000| PB 0x0000000086600000| Untracked 
| 103|0x0000000086700000, 0x0000000086700000, 0x0000000086800000|  0%| F|  |TAMS 0x0000000086700000| PB 0x0000000086700000| Untracked 
| 104|0x0000000086800000, 0x0000000086800000, 0x0000000086900000|  0%| F|  |TAMS 0x0000000086800000| PB 0x0000000086800000| Untracked 
| 105|0x0000000086900000, 0x0000000086900000, 0x0000000086a00000|  0%| F|  |TAMS 0x0000000086900000| PB 0x0000000086900000| Untracked 
| 106|0x0000000086a00000, 0x0000000086a00000, 0x0000000086b00000|  0%| F|  |TAMS 0x0000000086a00000| PB 0x0000000086a00000| Untracked 
| 107|0x0000000086b00000, 0x0000000086b00000, 0x0000000086c00000|  0%| F|  |TAMS 0x0000000086b00000| PB 0x0000000086b00000| Untracked 
| 108|0x0000000086c00000, 0x0000000086c00000, 0x0000000086d00000|  0%| F|  |TAMS 0x0000000086c00000| PB 0x0000000086c00000| Untracked 
| 109|0x0000000086d00000, 0x0000000086d00000, 0x0000000086e00000|  0%| F|  |TAMS 0x0000000086d00000| PB 0x0000000086d00000| Untracked 
| 110|0x0000000086e00000, 0x0000000086e00000, 0x0000000086f00000|  0%| F|  |TAMS 0x0000000086e00000| PB 0x0000000086e00000| Untracked 
| 111|0x0000000086f00000, 0x0000000086f00000, 0x0000000087000000|  0%| F|  |TAMS 0x0000000086f00000| PB 0x0000000086f00000| Untracked 
| 112|0x0000000087000000, 0x0000000087000000, 0x0000000087100000|  0%| F|  |TAMS 0x0000000087000000| PB 0x0000000087000000| Untracked 
| 113|0x0000000087100000, 0x0000000087100000, 0x0000000087200000|  0%| F|  |TAMS 0x0000000087100000| PB 0x0000000087100000| Untracked 
| 114|0x0000000087200000, 0x0000000087200000, 0x0000000087300000|  0%| F|  |TAMS 0x0000000087200000| PB 0x0000000087200000| Untracked 
| 115|0x0000000087300000, 0x0000000087300000, 0x0000000087400000|  0%| F|  |TAMS 0x0000000087300000| PB 0x0000000087300000| Untracked 
| 116|0x0000000087400000, 0x0000000087400000, 0x0000000087500000|  0%| F|  |TAMS 0x0000000087400000| PB 0x0000000087400000| Untracked 
| 117|0x0000000087500000, 0x0000000087500000, 0x0000000087600000|  0%| F|  |TAMS 0x0000000087500000| PB 0x0000000087500000| Untracked 
| 118|0x0000000087600000, 0x0000000087600000, 0x0000000087700000|  0%| F|  |TAMS 0x0000000087600000| PB 0x0000000087600000| Untracked 
| 119|0x0000000087700000, 0x0000000087700000, 0x0000000087800000|  0%| F|  |TAMS 0x0000000087700000| PB 0x0000000087700000| Untracked 
| 120|0x0000000087800000, 0x0000000087800000, 0x0000000087900000|  0%| F|  |TAMS 0x0000000087800000| PB 0x0000000087800000| Untracked 
| 121|0x0000000087900000, 0x0000000087900000, 0x0000000087a00000|  0%| F|  |TAMS 0x0000000087900000| PB 0x0000000087900000| Untracked 
| 122|0x0000000087a00000, 0x0000000087a00000, 0x0000000087b00000|  0%| F|  |TAMS 0x0000000087a00000| PB 0x0000000087a00000| Untracked 
| 123|0x0000000087b00000, 0x0000000087b00000, 0x0000000087c00000|  0%| F|  |TAMS 0x0000000087b00000| PB 0x0000000087b00000| Untracked 
| 124|0x0000000087c00000, 0x0000000087c00000, 0x0000000087d00000|  0%| F|  |TAMS 0x0000000087c00000| PB 0x0000000087c00000| Untracked 
| 125|0x0000000087d00000, 0x0000000087d00000, 0x0000000087e00000|  0%| F|  |TAMS 0x0000000087d00000| PB 0x0000000087d00000| Untracked 
| 126|0x0000000087e00000, 0x0000000087e00000, 0x0000000087f00000|  0%| F|  |TAMS 0x0000000087e00000| PB 0x0000000087e00000| Untracked 
| 127|0x0000000087f00000, 0x0000000087f00000, 0x0000000088000000|  0%| F|  |TAMS 0x0000000087f00000| PB 0x0000000087f00000| Untracked 
| 128|0x0000000088000000, 0x0000000088000000, 0x0000000088100000|  0%| F|  |TAMS 0x0000000088000000| PB 0x0000000088000000| Untracked 
| 129|0x0000000088100000, 0x0000000088100000, 0x0000000088200000|  0%| F|  |TAMS 0x0000000088100000| PB 0x0000000088100000| Untracked 
| 130|0x0000000088200000, 0x0000000088200000, 0x0000000088300000|  0%| F|  |TAMS 0x0000000088200000| PB 0x0000000088200000| Untracked 
| 131|0x0000000088300000, 0x0000000088300000, 0x0000000088400000|  0%| F|  |TAMS 0x0000000088300000| PB 0x0000000088300000| Untracked 
| 132|0x0000000088400000, 0x0000000088400000, 0x0000000088500000|  0%| F|  |TAMS 0x0000000088400000| PB 0x0000000088400000| Untracked 
| 133|0x0000000088500000, 0x0000000088500000, 0x0000000088600000|  0%| F|  |TAMS 0x0000000088500000| PB 0x0000000088500000| Untracked 
| 134|0x0000000088600000, 0x0000000088600000, 0x0000000088700000|  0%| F|  |TAMS 0x0000000088600000| PB 0x0000000088600000| Untracked 
| 135|0x0000000088700000, 0x0000000088700000, 0x0000000088800000|  0%| F|  |TAMS 0x0000000088700000| PB 0x0000000088700000| Untracked 
| 136|0x0000000088800000, 0x0000000088800000, 0x0000000088900000|  0%| F|  |TAMS 0x0000000088800000| PB 0x0000000088800000| Untracked 
| 137|0x0000000088900000, 0x0000000088900000, 0x0000000088a00000|  0%| F|  |TAMS 0x0000000088900000| PB 0x0000000088900000| Untracked 
| 138|0x0000000088a00000, 0x0000000088a00000, 0x0000000088b00000|  0%| F|  |TAMS 0x0000000088a00000| PB 0x0000000088a00000| Untracked 
| 139|0x0000000088b00000, 0x0000000088b00000, 0x0000000088c00000|  0%| F|  |TAMS 0x0000000088b00000| PB 0x0000000088b00000| Untracked 
| 140|0x0000000088c00000, 0x0000000088c00000, 0x0000000088d00000|  0%| F|  |TAMS 0x0000000088c00000| PB 0x0000000088c00000| Untracked 
| 141|0x0000000088d00000, 0x0000000088d00000, 0x0000000088e00000|  0%| F|  |TAMS 0x0000000088d00000| PB 0x0000000088d00000| Untracked 
| 142|0x0000000088e00000, 0x0000000088e00000, 0x0000000088f00000|  0%| F|  |TAMS 0x0000000088e00000| PB 0x0000000088e00000| Untracked 
| 143|0x0000000088f00000, 0x0000000088f00000, 0x0000000089000000|  0%| F|  |TAMS 0x0000000088f00000| PB 0x0000000088f00000| Untracked 
| 144|0x0000000089000000, 0x0000000089000000, 0x0000000089100000|  0%| F|  |TAMS 0x0000000089000000| PB 0x0000000089000000| Untracked 
| 145|0x0000000089100000, 0x0000000089100000, 0x0000000089200000|  0%| F|  |TAMS 0x0000000089100000| PB 0x0000000089100000| Untracked 
| 146|0x0000000089200000, 0x0000000089200000, 0x0000000089300000|  0%| F|  |TAMS 0x0000000089200000| PB 0x0000000089200000| Untracked 
| 147|0x0000000089300000, 0x0000000089300000, 0x0000000089400000|  0%| F|  |TAMS 0x0000000089300000| PB 0x0000000089300000| Untracked 
| 148|0x0000000089400000, 0x0000000089400000, 0x0000000089500000|  0%| F|  |TAMS 0x0000000089400000| PB 0x0000000089400000| Untracked 
| 149|0x0000000089500000, 0x0000000089500000, 0x0000000089600000|  0%| F|  |TAMS 0x0000000089500000| PB 0x0000000089500000| Untracked 
| 150|0x0000000089600000, 0x0000000089600000, 0x0000000089700000|  0%| F|  |TAMS 0x0000000089600000| PB 0x0000000089600000| Untracked 
| 151|0x0000000089700000, 0x0000000089700000, 0x0000000089800000|  0%| F|  |TAMS 0x0000000089700000| PB 0x0000000089700000| Untracked 
| 152|0x0000000089800000, 0x0000000089800000, 0x0000000089900000|  0%| F|  |TAMS 0x0000000089800000| PB 0x0000000089800000| Untracked 
| 153|0x0000000089900000, 0x0000000089900000, 0x0000000089a00000|  0%| F|  |TAMS 0x0000000089900000| PB 0x0000000089900000| Untracked 
| 154|0x0000000089a00000, 0x0000000089a00000, 0x0000000089b00000|  0%| F|  |TAMS 0x0000000089a00000| PB 0x0000000089a00000| Untracked 
| 155|0x0000000089b00000, 0x0000000089b00000, 0x0000000089c00000|  0%| F|  |TAMS 0x0000000089b00000| PB 0x0000000089b00000| Untracked 
| 156|0x0000000089c00000, 0x0000000089c00000, 0x0000000089d00000|  0%| F|  |TAMS 0x0000000089c00000| PB 0x0000000089c00000| Untracked 
| 157|0x0000000089d00000, 0x0000000089d00000, 0x0000000089e00000|  0%| F|  |TAMS 0x0000000089d00000| PB 0x0000000089d00000| Untracked 
| 158|0x0000000089e00000, 0x0000000089e00000, 0x0000000089f00000|  0%| F|  |TAMS 0x0000000089e00000| PB 0x0000000089e00000| Untracked 
| 159|0x0000000089f00000, 0x0000000089f00000, 0x000000008a000000|  0%| F|  |TAMS 0x0000000089f00000| PB 0x0000000089f00000| Untracked 
| 160|0x000000008a000000, 0x000000008a000000, 0x000000008a100000|  0%| F|  |TAMS 0x000000008a000000| PB 0x000000008a000000| Untracked 
| 161|0x000000008a100000, 0x000000008a100000, 0x000000008a200000|  0%| F|  |TAMS 0x000000008a100000| PB 0x000000008a100000| Untracked 
| 162|0x000000008a200000, 0x000000008a200000, 0x000000008a300000|  0%| F|  |TAMS 0x000000008a200000| PB 0x000000008a200000| Untracked 
| 163|0x000000008a300000, 0x000000008a300000, 0x000000008a400000|  0%| F|  |TAMS 0x000000008a300000| PB 0x000000008a300000| Untracked 
| 164|0x000000008a400000, 0x000000008a400000, 0x000000008a500000|  0%| F|  |TAMS 0x000000008a400000| PB 0x000000008a400000| Untracked 
| 165|0x000000008a500000, 0x000000008a500000, 0x000000008a600000|  0%| F|  |TAMS 0x000000008a500000| PB 0x000000008a500000| Untracked 
| 166|0x000000008a600000, 0x000000008a600000, 0x000000008a700000|  0%| F|  |TAMS 0x000000008a600000| PB 0x000000008a600000| Untracked 
| 167|0x000000008a700000, 0x000000008a700000, 0x000000008a800000|  0%| F|  |TAMS 0x000000008a700000| PB 0x000000008a700000| Untracked 
| 168|0x000000008a800000, 0x000000008a800000, 0x000000008a900000|  0%| F|  |TAMS 0x000000008a800000| PB 0x000000008a800000| Untracked 
| 169|0x000000008a900000, 0x000000008a900000, 0x000000008aa00000|  0%| F|  |TAMS 0x000000008a900000| PB 0x000000008a900000| Untracked 
| 170|0x000000008aa00000, 0x000000008aa00000, 0x000000008ab00000|  0%| F|  |TAMS 0x000000008aa00000| PB 0x000000008aa00000| Untracked 
| 171|0x000000008ab00000, 0x000000008ab00000, 0x000000008ac00000|  0%| F|  |TAMS 0x000000008ab00000| PB 0x000000008ab00000| Untracked 
| 172|0x000000008ac00000, 0x000000008ac00000, 0x000000008ad00000|  0%| F|  |TAMS 0x000000008ac00000| PB 0x000000008ac00000| Untracked 
| 173|0x000000008ad00000, 0x000000008ad00000, 0x000000008ae00000|  0%| F|  |TAMS 0x000000008ad00000| PB 0x000000008ad00000| Untracked 
| 174|0x000000008ae00000, 0x000000008ae00000, 0x000000008af00000|  0%| F|  |TAMS 0x000000008ae00000| PB 0x000000008ae00000| Untracked 
| 175|0x000000008af00000, 0x000000008b000000, 0x000000008b000000|100%| S|CS|TAMS 0x000000008af00000| PB 0x000000008af00000| Complete 
| 176|0x000000008b000000, 0x000000008b100000, 0x000000008b100000|100%| S|CS|TAMS 0x000000008b000000| PB 0x000000008b000000| Complete 
| 177|0x000000008b100000, 0x000000008b200000, 0x000000008b200000|100%| S|CS|TAMS 0x000000008b100000| PB 0x000000008b100000| Complete 
| 178|0x000000008b200000, 0x000000008b300000, 0x000000008b300000|100%| S|CS|TAMS 0x000000008b200000| PB 0x000000008b200000| Complete 
| 179|0x000000008b300000, 0x000000008b400000, 0x000000008b400000|100%| S|CS|TAMS 0x000000008b300000| PB 0x000000008b300000| Complete 
| 180|0x000000008b400000, 0x000000008b500000, 0x000000008b500000|100%| S|CS|TAMS 0x000000008b400000| PB 0x000000008b400000| Complete 
| 181|0x000000008b500000, 0x000000008b600000, 0x000000008b600000|100%| S|CS|TAMS 0x000000008b500000| PB 0x000000008b500000| Complete 
| 182|0x000000008b600000, 0x000000008b700000, 0x000000008b700000|100%| S|CS|TAMS 0x000000008b600000| PB 0x000000008b600000| Complete 
| 183|0x000000008b700000, 0x000000008b800000, 0x000000008b800000|100%| S|CS|TAMS 0x000000008b700000| PB 0x000000008b700000| Complete 
| 184|0x000000008b800000, 0x000000008b800000, 0x000000008b900000|  0%| F|  |TAMS 0x000000008b800000| PB 0x000000008b800000| Untracked 
| 185|0x000000008b900000, 0x000000008b900000, 0x000000008ba00000|  0%| F|  |TAMS 0x000000008b900000| PB 0x000000008b900000| Untracked 
| 186|0x000000008ba00000, 0x000000008ba00000, 0x000000008bb00000|  0%| F|  |TAMS 0x000000008ba00000| PB 0x000000008ba00000| Untracked 
| 187|0x000000008bb00000, 0x000000008bb00000, 0x000000008bc00000|  0%| F|  |TAMS 0x000000008bb00000| PB 0x000000008bb00000| Untracked 
| 188|0x000000008bc00000, 0x000000008bc80000, 0x000000008bd00000| 50%| E|  |TAMS 0x000000008bc00000| PB 0x000000008bc00000| Complete 
| 189|0x000000008bd00000, 0x000000008be00000, 0x000000008be00000|100%| E|CS|TAMS 0x000000008bd00000| PB 0x000000008bd00000| Complete 
| 190|0x000000008be00000, 0x000000008bf00000, 0x000000008bf00000|100%| E|CS|TAMS 0x000000008be00000| PB 0x000000008be00000| Complete 
| 191|0x000000008bf00000, 0x000000008c000000, 0x000000008c000000|100%| E|CS|TAMS 0x000000008bf00000| PB 0x000000008bf00000| Complete 
| 192|0x000000008c000000, 0x000000008c100000, 0x000000008c100000|100%| E|CS|TAMS 0x000000008c000000| PB 0x000000008c000000| Complete 
| 193|0x000000008c100000, 0x000000008c200000, 0x000000008c200000|100%| E|CS|TAMS 0x000000008c100000| PB 0x000000008c100000| Complete 
| 194|0x000000008c200000, 0x000000008c300000, 0x000000008c300000|100%| E|CS|TAMS 0x000000008c200000| PB 0x000000008c200000| Complete 
| 195|0x000000008c300000, 0x000000008c400000, 0x000000008c400000|100%| E|CS|TAMS 0x000000008c300000| PB 0x000000008c300000| Complete 
| 196|0x000000008c400000, 0x000000008c500000, 0x000000008c500000|100%| E|CS|TAMS 0x000000008c400000| PB 0x000000008c400000| Complete 
| 197|0x000000008c500000, 0x000000008c600000, 0x000000008c600000|100%| E|CS|TAMS 0x000000008c500000| PB 0x000000008c500000| Complete 
| 198|0x000000008c600000, 0x000000008c700000, 0x000000008c700000|100%| E|CS|TAMS 0x000000008c600000| PB 0x000000008c600000| Complete 
| 199|0x000000008c700000, 0x000000008c800000, 0x000000008c800000|100%| E|CS|TAMS 0x000000008c700000| PB 0x000000008c700000| Complete 
| 200|0x000000008c800000, 0x000000008c900000, 0x000000008c900000|100%| E|CS|TAMS 0x000000008c800000| PB 0x000000008c800000| Complete 
| 201|0x000000008c900000, 0x000000008ca00000, 0x000000008ca00000|100%| E|CS|TAMS 0x000000008c900000| PB 0x000000008c900000| Complete 
| 202|0x000000008ca00000, 0x000000008cb00000, 0x000000008cb00000|100%| E|CS|TAMS 0x000000008ca00000| PB 0x000000008ca00000| Complete 
| 203|0x000000008cb00000, 0x000000008cc00000, 0x000000008cc00000|100%| E|CS|TAMS 0x000000008cb00000| PB 0x000000008cb00000| Complete 
| 204|0x000000008cc00000, 0x000000008cd00000, 0x000000008cd00000|100%| E|CS|TAMS 0x000000008cc00000| PB 0x000000008cc00000| Complete 
| 205|0x000000008cd00000, 0x000000008ce00000, 0x000000008ce00000|100%| E|CS|TAMS 0x000000008cd00000| PB 0x000000008cd00000| Complete 
| 206|0x000000008ce00000, 0x000000008cf00000, 0x000000008cf00000|100%| E|CS|TAMS 0x000000008ce00000| PB 0x000000008ce00000| Complete 
| 207|0x000000008cf00000, 0x000000008d000000, 0x000000008d000000|100%| E|CS|TAMS 0x000000008cf00000| PB 0x000000008cf00000| Complete 
| 208|0x000000008d000000, 0x000000008d100000, 0x000000008d100000|100%| E|CS|TAMS 0x000000008d000000| PB 0x000000008d000000| Complete 
| 209|0x000000008d100000, 0x000000008d200000, 0x000000008d200000|100%| E|CS|TAMS 0x000000008d100000| PB 0x000000008d100000| Complete 
| 210|0x000000008d200000, 0x000000008d300000, 0x000000008d300000|100%| E|CS|TAMS 0x000000008d200000| PB 0x000000008d200000| Complete 
| 211|0x000000008d300000, 0x000000008d400000, 0x000000008d400000|100%| E|CS|TAMS 0x000000008d300000| PB 0x000000008d300000| Complete 
| 212|0x000000008d400000, 0x000000008d500000, 0x000000008d500000|100%| E|CS|TAMS 0x000000008d400000| PB 0x000000008d400000| Complete 
| 213|0x000000008d500000, 0x000000008d600000, 0x000000008d600000|100%| E|CS|TAMS 0x000000008d500000| PB 0x000000008d500000| Complete 
| 214|0x000000008d600000, 0x000000008d700000, 0x000000008d700000|100%| E|CS|TAMS 0x000000008d600000| PB 0x000000008d600000| Complete 
| 215|0x000000008d700000, 0x000000008d800000, 0x000000008d800000|100%| E|CS|TAMS 0x000000008d700000| PB 0x000000008d700000| Complete 
| 216|0x000000008d800000, 0x000000008d900000, 0x000000008d900000|100%| E|CS|TAMS 0x000000008d800000| PB 0x000000008d800000| Complete 
| 217|0x000000008d900000, 0x000000008da00000, 0x000000008da00000|100%| E|CS|TAMS 0x000000008d900000| PB 0x000000008d900000| Complete 
| 218|0x000000008da00000, 0x000000008db00000, 0x000000008db00000|100%| E|CS|TAMS 0x000000008da00000| PB 0x000000008da00000| Complete 
| 219|0x000000008db00000, 0x000000008dc00000, 0x000000008dc00000|100%| E|CS|TAMS 0x000000008db00000| PB 0x000000008db00000| Complete 
| 220|0x000000008dc00000, 0x000000008dd00000, 0x000000008dd00000|100%| E|CS|TAMS 0x000000008dc00000| PB 0x000000008dc00000| Complete 
| 221|0x000000008dd00000, 0x000000008de00000, 0x000000008de00000|100%| E|CS|TAMS 0x000000008dd00000| PB 0x000000008dd00000| Complete 
| 222|0x000000008de00000, 0x000000008df00000, 0x000000008df00000|100%| E|CS|TAMS 0x000000008de00000| PB 0x000000008de00000| Complete 
| 223|0x000000008df00000, 0x000000008e000000, 0x000000008e000000|100%| E|CS|TAMS 0x000000008df00000| PB 0x000000008df00000| Complete 
| 224|0x000000008e000000, 0x000000008e100000, 0x000000008e100000|100%| E|CS|TAMS 0x000000008e000000| PB 0x000000008e000000| Complete 
| 225|0x000000008e100000, 0x000000008e200000, 0x000000008e200000|100%| E|CS|TAMS 0x000000008e100000| PB 0x000000008e100000| Complete 
| 226|0x000000008e200000, 0x000000008e300000, 0x000000008e300000|100%| E|CS|TAMS 0x000000008e200000| PB 0x000000008e200000| Complete 
| 227|0x000000008e300000, 0x000000008e400000, 0x000000008e400000|100%| E|CS|TAMS 0x000000008e300000| PB 0x000000008e300000| Complete 
| 228|0x000000008e400000, 0x000000008e500000, 0x000000008e500000|100%| E|CS|TAMS 0x000000008e400000| PB 0x000000008e400000| Complete 
| 229|0x000000008e500000, 0x000000008e600000, 0x000000008e600000|100%| E|CS|TAMS 0x000000008e500000| PB 0x000000008e500000| Complete 
| 230|0x000000008e600000, 0x000000008e700000, 0x000000008e700000|100%| E|CS|TAMS 0x000000008e600000| PB 0x000000008e600000| Complete 
| 231|0x000000008e700000, 0x000000008e800000, 0x000000008e800000|100%| E|CS|TAMS 0x000000008e700000| PB 0x000000008e700000| Complete 
| 232|0x000000008e800000, 0x000000008e900000, 0x000000008e900000|100%| E|CS|TAMS 0x000000008e800000| PB 0x000000008e800000| Complete 
| 233|0x000000008e900000, 0x000000008ea00000, 0x000000008ea00000|100%| E|CS|TAMS 0x000000008e900000| PB 0x000000008e900000| Complete 
| 234|0x000000008ea00000, 0x000000008eb00000, 0x000000008eb00000|100%| E|CS|TAMS 0x000000008ea00000| PB 0x000000008ea00000| Complete 
| 235|0x000000008eb00000, 0x000000008ec00000, 0x000000008ec00000|100%| E|CS|TAMS 0x000000008eb00000| PB 0x000000008eb00000| Complete 
| 236|0x000000008ec00000, 0x000000008ed00000, 0x000000008ed00000|100%| E|CS|TAMS 0x000000008ec00000| PB 0x000000008ec00000| Complete 
| 237|0x000000008ed00000, 0x000000008ee00000, 0x000000008ee00000|100%| E|CS|TAMS 0x000000008ed00000| PB 0x000000008ed00000| Complete 
| 238|0x000000008ee00000, 0x000000008ef00000, 0x000000008ef00000|100%| E|CS|TAMS 0x000000008ee00000| PB 0x000000008ee00000| Complete 
| 239|0x000000008ef00000, 0x000000008f000000, 0x000000008f000000|100%| E|CS|TAMS 0x000000008ef00000| PB 0x000000008ef00000| Complete 
| 240|0x000000008f000000, 0x000000008f100000, 0x000000008f100000|100%| E|CS|TAMS 0x000000008f000000| PB 0x000000008f000000| Complete 
| 241|0x000000008f100000, 0x000000008f200000, 0x000000008f200000|100%| E|CS|TAMS 0x000000008f100000| PB 0x000000008f100000| Complete 
| 242|0x000000008f200000, 0x000000008f300000, 0x000000008f300000|100%| E|CS|TAMS 0x000000008f200000| PB 0x000000008f200000| Complete 
| 243|0x000000008f300000, 0x000000008f400000, 0x000000008f400000|100%| E|CS|TAMS 0x000000008f300000| PB 0x000000008f300000| Complete 
| 244|0x000000008f400000, 0x000000008f500000, 0x000000008f500000|100%| E|CS|TAMS 0x000000008f400000| PB 0x000000008f400000| Complete 
| 245|0x000000008f500000, 0x000000008f600000, 0x000000008f600000|100%| E|CS|TAMS 0x000000008f500000| PB 0x000000008f500000| Complete 
| 246|0x000000008f600000, 0x000000008f700000, 0x000000008f700000|100%| E|CS|TAMS 0x000000008f600000| PB 0x000000008f600000| Complete 
| 247|0x000000008f700000, 0x000000008f800000, 0x000000008f800000|100%| E|CS|TAMS 0x000000008f700000| PB 0x000000008f700000| Complete 
| 248|0x000000008f800000, 0x000000008f900000, 0x000000008f900000|100%| E|CS|TAMS 0x000000008f800000| PB 0x000000008f800000| Complete 
| 249|0x000000008f900000, 0x000000008fa00000, 0x000000008fa00000|100%| E|CS|TAMS 0x000000008f900000| PB 0x000000008f900000| Complete 
| 250|0x000000008fa00000, 0x000000008fb00000, 0x000000008fb00000|100%| E|CS|TAMS 0x000000008fa00000| PB 0x000000008fa00000| Complete 
| 251|0x000000008fb00000, 0x000000008fc00000, 0x000000008fc00000|100%| E|CS|TAMS 0x000000008fb00000| PB 0x000000008fb00000| Complete 

Card table byte_map: [0x00000225eb0c0000,0x00000225eb4c0000] _byte_map_base: 0x00000225eacc0000

Marking Bits: (CMBitMap*) 0x00000225d85cab10
 Bits: [0x00000225eb4c0000, 0x00000225ed4c0000)

Polling page: 0x00000225d6330000

Metaspace:

Usage:
  Non-class:     14.29 MB used.
      Class:      2.29 MB used.
       Both:     16.58 MB used.

Virtual space:
  Non-class space:       64.00 MB reserved,      14.56 MB ( 23%) committed,  1 nodes.
      Class space:        1.00 GB reserved,       2.56 MB ( <1%) committed,  1 nodes.
             Both:        1.06 GB reserved,      17.12 MB (  2%) committed. 

Chunk freelists:
   Non-Class:  774.00 KB
       Class:  13.49 MB
        Both:  14.25 MB

MaxMetaspaceSize: unlimited
CompressedClassSpaceSize: 1.00 GB
Initial GC threshold: 21.00 MB
Current GC threshold: 21.00 MB
CDS: on
 - commit_granule_bytes: 65536.
 - commit_granule_words: 8192.
 - virtual_space_node_default_size: 8388608.
 - enlarge_chunks_in_place: 1.
 - use_allocation_guard: 0.


Internal statistics:

num_allocs_failed_limit: 0.
num_arena_births: 644.
num_arena_deaths: 0.
num_vsnodes_births: 2.
num_vsnodes_deaths: 0.
num_space_committed: 274.
num_space_uncommitted: 0.
num_chunks_returned_to_freelist: 0.
num_chunks_taken_from_freelist: 1257.
num_chunk_merges: 0.
num_chunk_splits: 820.
num_chunks_enlarged: 553.
num_inconsistent_stats: 0.

CodeHeap 'non-profiled nmethods': size=120000Kb used=1839Kb max_used=1839Kb free=118160Kb
 bounds [0x00000225e3240000, 0x00000225e34b0000, 0x00000225ea770000]
CodeHeap 'profiled nmethods': size=120000Kb used=6464Kb max_used=6464Kb free=113535Kb
 bounds [0x00000225db770000, 0x00000225dbdd0000, 0x00000225e2ca0000]
CodeHeap 'non-nmethods': size=5760Kb used=1402Kb max_used=1448Kb free=4357Kb
 bounds [0x00000225e2ca0000, 0x00000225e2f10000, 0x00000225e3240000]
CodeCache: size=245760Kb, used=9705Kb, max_used=9751Kb, free=236052Kb
 total_blobs=3922, nmethods=3361, adapters=466, full_count=0
Compilation: enabled, stopped_count=0, restarted_count=0

Compilation events (20 events):
Event: 325.689 Thread 0x00000225f01f9f10 nmethod 3358 0x00000225e3407f10 code [0x00000225e34081e0, 0x00000225e34091e0]
Event: 325.690 Thread 0x00000225f01f9f10 3359       4       java.lang.invoke.InvokerBytecodeGenerator::emitPushArgument (150 bytes)
Event: 325.718 Thread 0x00000225f01f9f10 nmethod 3359 0x00000225e3409d90 code [0x00000225e340a000, 0x00000225e340a928]
Event: 326.370 Thread 0x00000225f01fa9b0 3360       3       java.util.ImmutableCollections$ListItr::hasNext (17 bytes)
Event: 326.371 Thread 0x00000225f01fa9b0 nmethod 3360 0x00000225dbdb8010 code [0x00000225dbdb81a0, 0x00000225dbdb8308]
Event: 326.862 Thread 0x00000225f01fa9b0 3361       3       java.lang.invoke.ClassSpecializer::classBCName (33 bytes)
Event: 326.863 Thread 0x00000225f01fa9b0 nmethod 3361 0x00000225dbdb8390 code [0x00000225dbdb8540, 0x00000225dbdb8680]
Event: 326.868 Thread 0x00000225f01fa9b0 3362       3       java.lang.invoke.ClassSpecializer::classBCName (8 bytes)
Event: 326.868 Thread 0x00000225f01fa9b0 nmethod 3362 0x00000225dbdb8790 code [0x00000225dbdb8960, 0x00000225dbdb8c50]
Event: 326.965 Thread 0x00000225f01fa9b0 3363       3       java.lang.invoke.ClassSpecializer$Factory$1Var::<init> (146 bytes)
Event: 326.965 Thread 0x00000225f01f9f10 3365       4       jdk.internal.org.objectweb.asm.SymbolTable::addConstantMemberReference (147 bytes)
Event: 326.997 Thread 0x00000225f01fa9b0 nmethod 3363 0x00000225dbdb8d90 code [0x00000225dbdb91a0, 0x00000225dbdba9e0]
Event: 326.997 Thread 0x00000225f01fa9b0 3364       3       java.lang.invoke.ClassSpecializer$Factory$1Var::nextSlotIndex (24 bytes)
Event: 326.997 Thread 0x00000225f01fa9b0 nmethod 3364 0x00000225dbdbb390 code [0x00000225dbdbb540, 0x00000225dbdbb7e0]
Event: 326.997 Thread 0x00000225f01fa9b0 3366       3       java.lang.invoke.ClassSpecializer::classSig (94 bytes)
Event: 326.998 Thread 0x00000225f01fa9b0 nmethod 3366 0x00000225dbdbb910 code [0x00000225dbdbbb40, 0x00000225dbdbc0c8]
Event: 327.011 Thread 0x00000225f01fa9b0 3367       3       java.lang.invoke.ClassSpecializer$Factory$1Var::isInHeap (13 bytes)
Event: 327.012 Thread 0x00000225f01fa9b0 nmethod 3367 0x00000225dbdbc310 code [0x00000225dbdbc4a0, 0x00000225dbdbc600]
Event: 327.013 Thread 0x00000225f01fa9b0 3369       3       java.lang.invoke.ClassSpecializer$Factory$1Var::emitFieldInsn (18 bytes)
Event: 327.013 Thread 0x00000225f01fa9b0 nmethod 3369 0x00000225dbdbc690 code [0x00000225dbdbc840, 0x00000225dbdbca28]

GC Heap History (6 events):
Event: 6.435 GC heap before
{Heap before GC invocations=0 (full 0):
 garbage-first heap   total 258048K, used 23552K [0x0000000080000000, 0x0000000100000000)
  region size 1024K, 23 young (23552K), 0 survivors (0K)
 Metaspace       used 861K, committed 1024K, reserved 1114112K
  class space    used 71K, committed 128K, reserved 1048576K
}
Event: 8.194 GC heap after
{Heap after GC invocations=1 (full 0):
 garbage-first heap   total 258048K, used 1450K [0x0000000080000000, 0x0000000100000000)
  region size 1024K, 2 young (2048K), 2 survivors (2048K)
 Metaspace       used 861K, committed 1024K, reserved 1114112K
  class space    used 71K, committed 128K, reserved 1048576K
}
Event: 16.410 GC heap before
{Heap before GC invocations=1 (full 0):
 garbage-first heap   total 258048K, used 39338K [0x0000000080000000, 0x0000000100000000)
  region size 1024K, 37 young (37888K), 2 survivors (2048K)
 Metaspace       used 4449K, committed 4672K, reserved 1114112K
  class space    used 583K, committed 704K, reserved 1048576K
}
Event: 16.422 GC heap after
{Heap after GC invocations=2 (full 0):
 garbage-first heap   total 258048K, used 10507K [0x0000000080000000, 0x0000000100000000)
  region size 1024K, 5 young (5120K), 5 survivors (5120K)
 Metaspace       used 4449K, committed 4672K, reserved 1114112K
  class space    used 583K, committed 704K, reserved 1048576K
}
Event: 59.669 GC heap before
{Heap before GC invocations=2 (full 0):
 garbage-first heap   total 258048K, used 76043K [0x0000000080000000, 0x0000000100000000)
  region size 1024K, 68 young (69632K), 5 survivors (5120K)
 Metaspace       used 8115K, committed 8448K, reserved 1114112K
  class space    used 1121K, committed 1280K, reserved 1048576K
}
Event: 59.679 GC heap after
{Heap after GC invocations=3 (full 0):
 garbage-first heap   total 258048K, used 17985K [0x0000000080000000, 0x0000000100000000)
  region size 1024K, 9 young (9216K), 9 survivors (9216K)
 Metaspace       used 8115K, committed 8448K, reserved 1114112K
  class space    used 1121K, committed 1280K, reserved 1048576K
}

Dll operation events (20 events):
Event: 2.396 Attempting to load shared library C:\Users\enzonascimento-ieg\.cursor\extensions\redhat.java-1.56.0-win32-x64\jre\21.0.12.1-win32-x86_64\bin\nio.dll
Event: 2.397 Loaded shared library C:\Users\enzonascimento-ieg\.cursor\extensions\redhat.java-1.56.0-win32-x64\jre\21.0.12.1-win32-x86_64\bin\nio.dll
Event: 2.402 Attempting to load shared library C:\Users\enzonascimento-ieg\.cursor\extensions\redhat.java-1.56.0-win32-x64\jre\21.0.12.1-win32-x86_64\bin\zip.dll
Event: 2.402 Loaded shared library C:\Users\enzonascimento-ieg\.cursor\extensions\redhat.java-1.56.0-win32-x64\jre\21.0.12.1-win32-x86_64\bin\zip.dll
Event: 8.229 Attempting to load shared library C:\Users\enzonascimento-ieg\.cursor\extensions\redhat.java-1.56.0-win32-x64\jre\21.0.12.1-win32-x86_64\bin\jimage.dll
Event: 8.231 Loaded shared library C:\Users\enzonascimento-ieg\.cursor\extensions\redhat.java-1.56.0-win32-x64\jre\21.0.12.1-win32-x86_64\bin\jimage.dll
Event: 10.813 Attempting to load shared library C:\Users\enzonascimento-ieg\.cursor\extensions\redhat.java-1.56.0-win32-x64\jre\21.0.12.1-win32-x86_64\bin\verify.dll
Event: 10.822 Loaded shared library C:\Users\enzonascimento-ieg\.cursor\extensions\redhat.java-1.56.0-win32-x64\jre\21.0.12.1-win32-x86_64\bin\verify.dll
Event: 11.236 Attempting to load shared library C:\Users\enzonascimento-ieg\.gradle\native\1def1411415f61bf3af743bc5b6707747c0891f09f0c88961ee8f79bc544acac\windows-amd64\native-platform.dll
Event: 11.236 Loaded shared library C:\Users\enzonascimento-ieg\.gradle\native\1def1411415f61bf3af743bc5b6707747c0891f09f0c88961ee8f79bc544acac\windows-amd64\native-platform.dll
Event: 11.260 Attempting to load shared library C:\Users\enzonascimento-ieg\.gradle\native\0.2.8\x86_64-windows-gnu\gradle-fileevents.dll
Event: 11.261 Loaded shared library C:\Users\enzonascimento-ieg\.gradle\native\0.2.8\x86_64-windows-gnu\gradle-fileevents.dll
Event: 47.514 Attempting to load shared library C:\Users\enzonascimento-ieg\.cursor\extensions\redhat.java-1.56.0-win32-x64\jre\21.0.12.1-win32-x86_64\bin\management.dll
Event: 47.515 Loaded shared library C:\Users\enzonascimento-ieg\.cursor\extensions\redhat.java-1.56.0-win32-x64\jre\21.0.12.1-win32-x86_64\bin\management.dll
Event: 47.523 Attempting to load shared library C:\Users\enzonascimento-ieg\.cursor\extensions\redhat.java-1.56.0-win32-x64\jre\21.0.12.1-win32-x86_64\bin\management_ext.dll
Event: 47.524 Loaded shared library C:\Users\enzonascimento-ieg\.cursor\extensions\redhat.java-1.56.0-win32-x64\jre\21.0.12.1-win32-x86_64\bin\management_ext.dll
Event: 57.797 Attempting to load shared library C:\Users\enzonascimento-ieg\.cursor\extensions\redhat.java-1.56.0-win32-x64\jre\21.0.12.1-win32-x86_64\bin\extnet.dll
Event: 58.128 Loaded shared library C:\Users\enzonascimento-ieg\.cursor\extensions\redhat.java-1.56.0-win32-x64\jre\21.0.12.1-win32-x86_64\bin\extnet.dll
Event: 263.077 Attempting to load shared library C:\Users\enzonascimento-ieg\.cursor\extensions\redhat.java-1.56.0-win32-x64\jre\21.0.12.1-win32-x86_64\bin\sunmscapi.dll
Event: 263.083 Loaded shared library C:\Users\enzonascimento-ieg\.cursor\extensions\redhat.java-1.56.0-win32-x64\jre\21.0.12.1-win32-x86_64\bin\sunmscapi.dll

Deoptimization events (20 events):
Event: 299.362 Thread 0x00000225f053d070 Uncommon trap: trap_request=0xffffff45 fr.pc=0x00000225e3266684 relative=0x00000000000001c4
Event: 299.362 Thread 0x00000225f053d070 Uncommon trap: reason=unstable_if action=reinterpret pc=0x00000225e3266684 method=java.util.regex.Matcher.reset()Ljava/util/regex/Matcher; @ 47 c2
Event: 299.362 Thread 0x00000225f053d070 DEOPT PACKING pc=0x00000225e3266684 sp=0x0000009d7b9faa50
Event: 299.362 Thread 0x00000225f053d070 DEOPT UNPACKING pc=0x00000225e2cf4422 sp=0x0000009d7b9fa9e0 mode 2
Event: 299.738 Thread 0x00000225f053d070 DEOPT PACKING pc=0x00000225db84e059 sp=0x0000009d7b9fa800
Event: 299.738 Thread 0x00000225f053d070 DEOPT UNPACKING pc=0x00000225e2cf4bc2 sp=0x0000009d7b9f9c98 mode 0
Event: 303.716 Thread 0x00000225f053d070 Uncommon trap: trap_request=0xffffff45 fr.pc=0x00000225e3265400 relative=0x0000000000000d00
Event: 303.716 Thread 0x00000225f053d070 Uncommon trap: reason=unstable_if action=reinterpret pc=0x00000225e3265400 method=java.io.WinNTFileSystem.resolve(Ljava/lang/String;Ljava/lang/String;)Ljava/lang/String; @ 19 c2
Event: 303.716 Thread 0x00000225f053d070 DEOPT PACKING pc=0x00000225e3265400 sp=0x0000009d7b9fb2b0
Event: 303.716 Thread 0x00000225f053d070 DEOPT UNPACKING pc=0x00000225e2cf4422 sp=0x0000009d7b9fb248 mode 2
Event: 303.952 Thread 0x00000225f053d070 Uncommon trap: trap_request=0xffffff45 fr.pc=0x00000225e326fa00 relative=0x0000000000000620
Event: 303.952 Thread 0x00000225f053d070 Uncommon trap: reason=unstable_if action=reinterpret pc=0x00000225e326fa00 method=java.io.File.getName()Ljava/lang/String; @ 16 c2
Event: 303.952 Thread 0x00000225f053d070 DEOPT PACKING pc=0x00000225e326fa00 sp=0x0000009d7b9fb270
Event: 303.952 Thread 0x00000225f053d070 DEOPT UNPACKING pc=0x00000225e2cf4422 sp=0x0000009d7b9fb240 mode 2
Event: 318.916 Thread 0x00000225f053d070 Uncommon trap: trap_request=0xffffff45 fr.pc=0x00000225e326e294 relative=0x00000000000000f4
Event: 318.916 Thread 0x00000225f053d070 Uncommon trap: reason=unstable_if action=reinterpret pc=0x00000225e326e294 method=java.util.HashMap.hash(Ljava/lang/Object;)I @ 1 c2
Event: 318.916 Thread 0x00000225f053d070 DEOPT PACKING pc=0x00000225e326e294 sp=0x0000009d7b9fc140
Event: 318.916 Thread 0x00000225f053d070 DEOPT UNPACKING pc=0x00000225e2cf4422 sp=0x0000009d7b9fc080 mode 2
Event: 320.722 Thread 0x00000225f053d070 DEOPT PACKING pc=0x00000225dbc5a261 sp=0x0000009d7b9fbe10
Event: 320.722 Thread 0x00000225f053d070 DEOPT UNPACKING pc=0x00000225e2cf4bc2 sp=0x0000009d7b9fb320 mode 0

Classes loaded (20 events):
Event: 300.105 Loading class sun/security/provider/SHA5$SHA512
Event: 300.105 Loading class sun/security/provider/SHA5
Event: 300.106 Loading class sun/security/provider/SHA5 done
Event: 300.106 Loading class sun/security/provider/SHA5$SHA512 done
Event: 300.124 Loading class sun/security/provider/ByteArrayAccess$LE
Event: 300.124 Loading class sun/security/provider/ByteArrayAccess$LE done
Event: 303.877 Loading class java/io/File$TempDirectory
Event: 303.877 Loading class java/io/File$TempDirectory done
Event: 306.155 Loading class java/util/concurrent/Semaphore
Event: 306.155 Loading class java/util/concurrent/Semaphore done
Event: 306.182 Loading class java/nio/file/FileVisitOption
Event: 306.182 Loading class java/nio/file/FileVisitOption done
Event: 306.209 Loading class java/util/stream/ReduceOps$1
Event: 306.213 Loading class java/util/stream/ReduceOps$1 done
Event: 308.272 Loading class java/util/stream/ReduceOps$1ReducingSink
Event: 308.273 Loading class java/util/stream/ReduceOps$1ReducingSink done
Event: 321.191 Loading class java/util/function/UnaryOperator
Event: 321.191 Loading class java/util/function/UnaryOperator done
Event: 325.647 Loading class java/lang/invoke/BoundMethodHandle$Species_LLLLLLLLLLLLLL
Event: 326.367 Loading class java/lang/invoke/BoundMethodHandle$Species_LLLLLLLLLLLLLL done

Classes unloaded (0 events):
No events

Classes redefined (0 events):
No events

Internal exceptions (20 events):
Event: 268.486 Thread 0x00000225f053d070 Exception <a 'java/lang/NoSuchMethodError'{0x000000008e00df68}: 'long java.lang.invoke.DirectMethodHandle$Holder.invokeInterface(java.lang.Object, java.lang.Object)'> (0x000000008e00df68) 
thrown [s\src\hotspot\share\interpreter\linkResolver.cpp, line 773]
Event: 270.711 Thread 0x00000225f053d070 Exception <a 'java/lang/NoSuchMethodError'{0x000000008dc89118}: 'void java.lang.invoke.DirectMethodHandle$Holder.invokeStatic(java.lang.Object, java.lang.Object)'> (0x000000008dc89118) 
thrown [s\src\hotspot\share\interpreter\linkResolver.cpp, line 773]
Event: 270.774 Thread 0x00000225f053d070 Exception <a 'java/lang/NoSuchMethodError'{0x000000008dcd9320}: 'java.lang.Object java.lang.invoke.DirectMethodHandle$Holder.invokeVirtual(java.lang.Object, java.lang.Object, java.lang.Object, java.lang.Object, java.lang.Object, java.lang.Object, java.lang.Object, java.lang.Object, java.lang.Object, java.lang.Object, java.lang.Object, java.lang.Object)'> (0x000000008dcd9320) 
thrown [s\src\hotspot\share\interpreter\linkResolver.cpp, line 773]
Event: 270.776 Thread 0x00000225f053d070 Exception <a 'java/lang/NoSuchMethodError'{0x000000008dcde470}: 'java.lang.Object java.lang.invoke.DirectMethodHandle$Holder.invokeSpecial(java.lang.Object, java.lang.Object, java.lang.Object, java.lang.Object, java.lang.Object, java.lang.Object, java.lang.Object, java.lang.Object, java.lang.Object, java.lang.Object, java.lang.Object, java.lang.Object, java.lang.Object)'> (0x000000008dcde470) 
thrown [s\src\hotspot\share\interpreter\linkResolver.cpp, line 773]
Event: 273.030 Thread 0x00000225f053d070 Exception <a 'java/lang/NoSuchMethodError'{0x000000008d93d160}: 'int java.lang.invoke.DirectMethodHandle$Holder.invokeVirtual(java.lang.Object, java.lang.Object, java.lang.Object)'> (0x000000008d93d160) 
thrown [s\src\hotspot\share\interpreter\linkResolver.cpp, line 773]
Event: 274.792 Thread 0x00000225f053d070 Exception <a 'java/lang/NoSuchMethodError'{0x000000008d7d6430}: 'java.lang.Object java.lang.invoke.DirectMethodHandle$Holder.newInvokeSpecial(java.lang.Object, java.lang.Object, java.lang.Object, java.lang.Object, java.lang.Object, java.lang.Object)'> (0x000000008d7d6430) 
thrown [s\src\hotspot\share\interpreter\linkResolver.cpp, line 773]
Event: 277.703 Thread 0x00000225f053d070 Exception <a 'java/lang/NoSuchMethodError'{0x000000008d4b4bc8}: 'void java.lang.invoke.DelegatingMethodHandle$Holder.reinvoke_L(java.lang.Object, java.lang.Object, java.lang.Object, java.lang.Object, java.lang.Object, java.lang.Object, java.lang.Object, java.lang.Object, java.lang.Object, java.lang.Object)'> (0x000000008d4b4bc8) 
thrown [s\src\hotspot\share\interpreter\linkResolver.cpp, line 773]
Event: 277.705 Thread 0x00000225f053d070 Exception <a 'java/lang/NoSuchMethodError'{0x000000008d4bc6a8}: 'java.lang.Object java.lang.invoke.Invokers$Holder.invoker(java.lang.Object, java.lang.Object, java.lang.Object, java.lang.Object, java.lang.Object, java.lang.Object, java.lang.Object, java.lang.Object, java.lang.Object, java.lang.Object)'> (0x000000008d4bc6a8) 
thrown [s\src\hotspot\share\interpreter\linkResolver.cpp, line 773]
Event: 283.891 Thread 0x00000225f053d070 Exception <a 'java/lang/NoSuchMethodError'{0x000000008cddcb78}: 'void java.lang.invoke.DirectMethodHandle$Holder.invokeInterface(java.lang.Object, java.lang.Object)'> (0x000000008cddcb78) 
thrown [s\src\hotspot\share\interpreter\linkResolver.cpp, line 773]
Event: 283.894 Thread 0x00000225f053d070 Exception <a 'java/lang/IncompatibleClassChangeError'{0x000000008cde00f8}: Found class java.lang.Object, but interface was expected> (0x000000008cde00f8) 
thrown [s\src\hotspot\share\interpreter\linkResolver.cpp, line 840]
Event: 284.487 Thread 0x00000225f053d070 Exception <a 'java/lang/NoSuchMethodError'{0x000000008cb11cd0}: 'java.lang.Object java.lang.invoke.DirectMethodHandle$Holder.newInvokeSpecial(java.lang.Object, java.lang.Object, int)'> (0x000000008cb11cd0) 
thrown [s\src\hotspot\share\interpreter\linkResolver.cpp, line 773]
Event: 300.994 Thread 0x00000225f053d070 Exception <a 'java/lang/NoSuchMethodError'{0x000000008c534580}: 'java.lang.Object java.lang.invoke.DirectMethodHandle$Holder.invokeVirtual(java.lang.Object, java.lang.Object, java.lang.Object, java.lang.Object, java.lang.Object, java.lang.Object, java.lang.Object, java.lang.Object)'> (0x000000008c534580) 
thrown [s\src\hotspot\share\interpreter\linkResolver.cpp, line 773]
Event: 303.202 Thread 0x00000225f053d070 Exception <a 'java/lang/NoSuchMethodError'{0x000000008c47b2d8}: 'java.lang.Object java.lang.invoke.DirectMethodHandle$Holder.invokeVirtual(java.lang.Object, java.lang.Object, java.lang.Object, java.lang.Object, java.lang.Object, java.lang.Object, java.lang.Object, java.lang.Object, java.lang.Object, java.lang.Object)'> (0x000000008c47b2d8) 
thrown [s\src\hotspot\share\interpreter\linkResolver.cpp, line 773]
Event: 304.525 Thread 0x00000225f053d070 Exception <a 'java/lang/NoSuchMethodError'{0x000000008c30c880}: 'void java.lang.invoke.DirectMethodHandle$Holder.invokeStatic(java.lang.Object, java.lang.Object, java.lang.Object, java.lang.Object)'> (0x000000008c30c880) 
thrown [s\src\hotspot\share\interpreter\linkResolver.cpp, line 773]
Event: 304.534 Thread 0x00000225f053d070 Exception <a 'java/lang/NoSuchMethodError'{0x000000008c310608}: 'void java.lang.invoke.DirectMethodHandle$Holder.invokeStaticInit(java.lang.Object, java.lang.Object, java.lang.Object, java.lang.Object)'> (0x000000008c310608) 
thrown [s\src\hotspot\share\interpreter\linkResolver.cpp, line 773]
Event: 305.537 Thread 0x00000225f053d070 Exception <a 'java/lang/NoSuchMethodError'{0x000000008c36cb28}: 'java.lang.Object java.lang.invoke.DirectMethodHandle$Holder.invokeInterface(java.lang.Object, java.lang.Object, java.lang.Object)'> (0x000000008c36cb28) 
thrown [s\src\hotspot\share\interpreter\linkResolver.cpp, line 773]
Event: 306.195 Thread 0x00000225f053d070 Exception <a 'java/lang/NoSuchMethodError'{0x000000008c277820}: 'int java.lang.invoke.DirectMethodHandle$Holder.invokeSpecialIFC(java.lang.Object, java.lang.Object, java.lang.Object, java.lang.Object)'> (0x000000008c277820) 
thrown [s\src\hotspot\share\interpreter\linkResolver.cpp, line 773]
Event: 306.204 Thread 0x00000225f053d070 Exception <a 'java/lang/IncompatibleClassChangeError'{0x000000008c284d18}: Found class java.lang.Object, but interface was expected> (0x000000008c284d18) 
thrown [s\src\hotspot\share\interpreter\linkResolver.cpp, line 840]
Event: 318.916 Thread 0x00000225f053d070 Implicit null exception at 0x00000225e326e1e6 to 0x00000225e326e28a
Event: 325.583 Thread 0x00000225f053d070 Exception <a 'java/lang/NoSuchMethodError'{0x000000008bd62e10}: 'java.lang.Object java.lang.invoke.DelegatingMethodHandle$Holder.reinvoke_L(java.lang.Object, java.lang.Object, java.lang.Object, java.lang.Object, java.lang.Object, java.lang.Object, java.lang.Object, java.lang.Object, java.lang.Object, java.lang.Object, java.lang.Object, java.lang.Object, java.lang.Object, java.lang.Object, java.lang.Object, java.lang.Object, java.lang.Object, java.lang.Object, java.lang.Object, java.lang.Object, java.lang.O

ZGC Phase Switch (0 events):
No events

VM Operations (20 events):
Event: 307.050 Executing safepoint VM operation: Cleanup
Event: 308.270 Executing safepoint VM operation: Cleanup done
Event: 308.272 Executing non-safepoint VM operation: HandshakeAllThreads (Deoptimize)
Event: 308.272 Executing non-safepoint VM operation: HandshakeAllThreads (Deoptimize) done
Event: 309.280 Executing safepoint VM operation: Cleanup
Event: 309.280 Executing safepoint VM operation: Cleanup done
Event: 314.311 Executing safepoint VM operation: Cleanup
Event: 314.311 Executing safepoint VM operation: Cleanup done
Event: 315.324 Executing safepoint VM operation: Cleanup
Event: 315.324 Executing safepoint VM operation: Cleanup done
Event: 318.348 Executing safepoint VM operation: Cleanup
Event: 318.536 Executing safepoint VM operation: Cleanup done
Event: 319.549 Executing safepoint VM operation: Cleanup
Event: 319.687 Executing safepoint VM operation: Cleanup done
Event: 320.692 Executing safepoint VM operation: Cleanup
Event: 320.707 Executing safepoint VM operation: Cleanup done
Event: 321.711 Executing safepoint VM operation: Cleanup
Event: 322.146 Executing safepoint VM operation: Cleanup done
Event: 323.153 Executing safepoint VM operation: Cleanup
Event: 323.754 Executing safepoint VM operation: Cleanup done

Memory protections (0 events):
No events

Nmethod flushes (0 events):
No events

Events (20 events):
Event: 13.584 Thread 0x00000225f01fa9b0 Thread added: 0x00000225f08360e0
Event: 14.122 Thread 0x00000225f08360e0 Thread exited: 0x00000225f08360e0
Event: 15.333 Thread 0x00000225f01fa9b0 Thread added: 0x00000225f062d310
Event: 15.334 Thread 0x00000225f01fa9b0 Thread added: 0x00000225f08e7c00
Event: 15.564 Thread 0x00000225f08e7c00 Thread exited: 0x00000225f08e7c00
Event: 15.564 Thread 0x00000225f062d310 Thread exited: 0x00000225f062d310
Event: 48.400 Thread 0x00000225d856d090 Thread added: 0x00000225f5c2e0b0
Event: 60.863 Thread 0x00000225d856d090 Thread added: 0x00000225f08e8410
Event: 68.015 Thread 0x00000225d856d090 Thread added: 0x00000225f0ad8730
Event: 263.729 Thread 0x00000225f08e8410 Thread added: 0x00000225f550ee40
Event: 263.748 Thread 0x00000225f550ee40 Thread added: 0x00000225f55114c0
Event: 264.151 Thread 0x00000225f550ee40 Thread added: 0x00000225f053f1e0
Event: 265.369 Thread 0x00000225f550ee40 Thread added: 0x00000225f053d070
Event: 265.599 Thread 0x00000225f053d070 Thread added: 0x00000225f50f9ac0
Event: 265.746 Thread 0x00000225f053d070 Thread added: 0x00000225f50f8da0
Event: 265.769 Thread 0x00000225f053d070 Thread added: 0x00000225f50fb500
Event: 284.485 Thread 0x00000225f053d070 Thread added: 0x00000225f50fae70
Event: 284.515 Thread 0x00000225f053d070 Thread added: 0x00000225f50fa150
Event: 299.374 Thread 0x00000225f50fa150 Thread added: 0x00000225f50fa7e0
Event: 301.342 Thread 0x00000225f053d070 Thread added: 0x00000225f50f9430


Dynamic libraries:
0x00007ff6a5040000 - 0x00007ff6a504e000 	C:\Users\enzonascimento-ieg\.cursor\extensions\redhat.java-1.56.0-win32-x64\jre\21.0.12.1-win32-x86_64\bin\java.exe
0x00007ff8a2a20000 - 0x00007ff8a2c87000 	C:\Windows\SYSTEM32\ntdll.dll
0x00007ff8a0f70000 - 0x00007ff8a103b000 	C:\Windows\System32\KERNEL32.DLL
0x00007ff8a0330000 - 0x00007ff8a0732000 	C:\Windows\System32\KERNELBASE.dll
0x00007ff89fe40000 - 0x00007ff89ff8c000 	C:\Windows\System32\ucrtbase.dll
0x00007ff86edb0000 - 0x00007ff86edc8000 	C:\Users\enzonascimento-ieg\.cursor\extensions\redhat.java-1.56.0-win32-x64\jre\21.0.12.1-win32-x86_64\bin\jli.dll
0x00007ff8a23f0000 - 0x00007ff8a25bf000 	C:\Windows\System32\USER32.dll
0x00007ff89fc20000 - 0x00007ff89fc47000 	C:\Windows\System32\win32u.dll
0x00007ff8a2290000 - 0x00007ff8a22bb000 	C:\Windows\System32\GDI32.dll
0x00007ff89fc50000 - 0x00007ff89fd79000 	C:\Windows\System32\gdi32full.dll
0x00007ff89ffa0000 - 0x00007ff8a0043000 	C:\Windows\System32\msvcp_win.dll
0x00007ff86edf0000 - 0x00007ff86ee0e000 	C:\Users\enzonascimento-ieg\.cursor\extensions\redhat.java-1.56.0-win32-x64\jre\21.0.12.1-win32-x86_64\bin\VCRUNTIME140.dll
0x00007ff8834a0000 - 0x00007ff883730000 	C:\Windows\WinSxS\amd64_microsoft.windows.common-controls_6595b64144ccf1df_6.0.26100.9278_none_3e0d1ba8e3303201\COMCTL32.dll
0x00007ff8a19a0000 - 0x00007ff8a1a49000 	C:\Windows\System32\msvcrt.dll
0x00007ff8a0eb0000 - 0x00007ff8a0ee1000 	C:\Windows\System32\IMM32.DLL
0x00007ff89c250000 - 0x00007ff89c25c000 	C:\Users\enzonascimento-ieg\.cursor\extensions\redhat.java-1.56.0-win32-x64\jre\21.0.12.1-win32-x86_64\bin\vcruntime140_1.dll
0x00007ff82e330000 - 0x00007ff82e3bd000 	C:\Users\enzonascimento-ieg\.cursor\extensions\redhat.java-1.56.0-win32-x64\jre\21.0.12.1-win32-x86_64\bin\msvcp140.dll
0x00007fffb7530000 - 0x00007fffb82d2000 	C:\Users\enzonascimento-ieg\.cursor\extensions\redhat.java-1.56.0-win32-x64\jre\21.0.12.1-win32-x86_64\bin\server\jvm.dll
0x00007ff8a0de0000 - 0x00007ff8a0e9c000 	C:\Windows\System32\ADVAPI32.dll
0x00007ff8a2000000 - 0x00007ff8a20a9000 	C:\Windows\System32\sechost.dll
0x00007ff8a1a50000 - 0x00007ff8a1b68000 	C:\Windows\System32\RPCRT4.dll
0x00007ff8a2360000 - 0x00007ff8a23e0000 	C:\Windows\System32\WS2_32.dll
0x00007ff89fa80000 - 0x00007ff89fade000 	C:\Windows\SYSTEM32\POWRPROF.dll
0x00007ff89bed0000 - 0x00007ff89bf06000 	C:\Windows\SYSTEM32\WINMM.dll
0x00007ff882540000 - 0x00007ff88254b000 	C:\Windows\SYSTEM32\VERSION.dll
0x00007ff89fa60000 - 0x00007ff89fa75000 	C:\Windows\SYSTEM32\UMPDC.dll
0x00007ff89e8b0000 - 0x00007ff89e8cb000 	C:\Windows\SYSTEM32\kernel.appcore.dll
0x00007ff88b7c0000 - 0x00007ff88b7ca000 	C:\Users\enzonascimento-ieg\.cursor\extensions\redhat.java-1.56.0-win32-x64\jre\21.0.12.1-win32-x86_64\bin\jimage.dll
0x00007ff89cfe0000 - 0x00007ff89d22c000 	C:\Windows\SYSTEM32\DBGHELP.DLL
0x00007ff8a0760000 - 0x00007ff8a0ae5000 	C:\Windows\System32\combase.dll
0x00007ff8a2130000 - 0x00007ff8a2209000 	C:\Windows\System32\OLEAUT32.dll
0x00007ff87e6f0000 - 0x00007ff87e72b000 	C:\Windows\SYSTEM32\dbgcore.DLL
0x00007ff8a0270000 - 0x00007ff8a031c000 	C:\Windows\System32\bcryptPrimitives.dll
0x00007ff881760000 - 0x00007ff88176f000 	C:\Users\enzonascimento-ieg\.cursor\extensions\redhat.java-1.56.0-win32-x64\jre\21.0.12.1-win32-x86_64\bin\instrument.dll
0x00007ff86ed60000 - 0x00007ff86ed80000 	C:\Users\enzonascimento-ieg\.cursor\extensions\redhat.java-1.56.0-win32-x64\jre\21.0.12.1-win32-x86_64\bin\java.dll
0x00007ff8a1040000 - 0x00007ff8a17d8000 	C:\Windows\System32\SHELL32.dll
0x00007ff89d420000 - 0x00007ff89dcce000 	C:\Windows\SYSTEM32\windows.storage.dll
0x00007ff8a17e0000 - 0x00007ff8a18db000 	C:\Windows\System32\SHCORE.dll
0x00007ff8a0ef0000 - 0x00007ff8a0f56000 	C:\Windows\System32\shlwapi.dll
0x00007ff89fb40000 - 0x00007ff89fb69000 	C:\Windows\SYSTEM32\profapi.dll
0x00007ff86eba0000 - 0x00007ff86ebb8000 	C:\Users\enzonascimento-ieg\.cursor\extensions\redhat.java-1.56.0-win32-x64\jre\21.0.12.1-win32-x86_64\bin\zip.dll
0x00007ff88b5d0000 - 0x00007ff88b5e0000 	C:\Users\enzonascimento-ieg\.cursor\extensions\redhat.java-1.56.0-win32-x64\jre\21.0.12.1-win32-x86_64\bin\net.dll
0x00007ff88e680000 - 0x00007ff88e7aa000 	C:\Windows\SYSTEM32\WINHTTP.dll
0x00007ff89ee50000 - 0x00007ff89eebc000 	C:\Windows\system32\mswsock.dll
0x00007ff866290000 - 0x00007ff8662a6000 	C:\Users\enzonascimento-ieg\.cursor\extensions\redhat.java-1.56.0-win32-x64\jre\21.0.12.1-win32-x86_64\bin\nio.dll
0x00007ff86efc0000 - 0x00007ff86efd0000 	C:\Users\enzonascimento-ieg\.cursor\extensions\redhat.java-1.56.0-win32-x64\jre\21.0.12.1-win32-x86_64\bin\verify.dll
0x00007ff86eab0000 - 0x00007ff86ead7000 	C:\Users\enzonascimento-ieg\.gradle\native\1def1411415f61bf3af743bc5b6707747c0891f09f0c88961ee8f79bc544acac\windows-amd64\native-platform.dll
0x00007ff84adb0000 - 0x00007ff84ae27000 	C:\Users\enzonascimento-ieg\.gradle\native\0.2.8\x86_64-windows-gnu\gradle-fileevents.dll
0x00007ff86eea0000 - 0x00007ff86eeaa000 	C:\Users\enzonascimento-ieg\.cursor\extensions\redhat.java-1.56.0-win32-x64\jre\21.0.12.1-win32-x86_64\bin\management.dll
0x00007ff86eb90000 - 0x00007ff86eb9c000 	C:\Users\enzonascimento-ieg\.cursor\extensions\redhat.java-1.56.0-win32-x64\jre\21.0.12.1-win32-x86_64\bin\management_ext.dll
0x00007ff8a20b0000 - 0x00007ff8a20b8000 	C:\Windows\System32\PSAPI.DLL
0x00007ff89dfe0000 - 0x00007ff89e013000 	C:\Windows\SYSTEM32\IPHLPAPI.DLL
0x00007ff8a0f60000 - 0x00007ff8a0f6a000 	C:\Windows\System32\NSI.dll
0x00007ff86d7a0000 - 0x00007ff86d7a9000 	C:\Users\enzonascimento-ieg\.cursor\extensions\redhat.java-1.56.0-win32-x64\jre\21.0.12.1-win32-x86_64\bin\extnet.dll
0x00007ff89f270000 - 0x00007ff89f28b000 	C:\Windows\SYSTEM32\CRYPTSP.dll
0x00007ff89e810000 - 0x00007ff89e849000 	C:\Windows\system32\rsaenh.dll
0x00007ff89ef00000 - 0x00007ff89ef34000 	C:\Windows\SYSTEM32\USERENV.dll
0x00007ff89fb10000 - 0x00007ff89fb3a000 	C:\Windows\SYSTEM32\bcrypt.dll
0x00007ff89f0b0000 - 0x00007ff89f0bc000 	C:\Windows\SYSTEM32\CRYPTBASE.dll
0x00007ff866010000 - 0x00007ff86601e000 	C:\Users\enzonascimento-ieg\.cursor\extensions\redhat.java-1.56.0-win32-x64\jre\21.0.12.1-win32-x86_64\bin\sunmscapi.dll
0x00007ff8a0050000 - 0x00007ff8a01ce000 	C:\Windows\System32\CRYPT32.dll
0x00007ff89f3e0000 - 0x00007ff89f410000 	C:\Windows\SYSTEM32\ncrypt.dll
0x00007ff89f390000 - 0x00007ff89f3cf000 	C:\Windows\SYSTEM32\NTASN1.dll
0x00007ff8842a0000 - 0x00007ff8842a8000 	C:\Windows\system32\wshunix.dll

JVMTI agents:
C:\Users\enzonascimento-ieg\.gradle\wrapper\dists\gradle-9.1.0-bin\9agqghryom9wkf8r80qlhnts3\gradle-9.1.0\lib\agents\gradle-instrumentation-agent-9.1.0.jar path:C:\Users\enzonascimento-ieg\.cursor\extensions\redhat.java-1.56.0-win32-x64\jre\21.0.12.1-win32-x86_64\bin\instrument.dll, loaded, initialized, instrumentlib options:none

dbghelp: loaded successfully - version: 4.0.5 - missing functions: none
symbol engine: initialized successfully - sym options: 0x614 - pdb path: .;C:\Users\enzonascimento-ieg\.cursor\extensions\redhat.java-1.56.0-win32-x64\jre\21.0.12.1-win32-x86_64\bin;C:\Windows\SYSTEM32;C:\Windows\WinSxS\amd64_microsoft.windows.common-controls_6595b64144ccf1df_6.0.26100.9278_none_3e0d1ba8e3303201;C:\Users\enzonascimento-ieg\.cursor\extensions\redhat.java-1.56.0-win32-x64\jre\21.0.12.1-win32-x86_64\bin\server;C:\Users\enzonascimento-ieg\.gradle\native\1def1411415f61bf3af743bc5b6707747c0891f09f0c88961ee8f79bc544acac\windows-amd64;C:\Users\enzonascimento-ieg\.gradle\native\0.2.8\x86_64-windows-gnu

VM Arguments:
jvm_args: --add-opens=java.base/java.lang=ALL-UNNAMED --add-opens=java.base/java.lang.invoke=ALL-UNNAMED --add-opens=java.base/java.util=ALL-UNNAMED --add-opens=java.prefs/java.util.prefs=ALL-UNNAMED --add-exports=jdk.compiler/com.sun.tools.javac.api=ALL-UNNAMED --add-exports=jdk.compiler/com.sun.tools.javac.util=ALL-UNNAMED --add-opens=java.base/java.util=ALL-UNNAMED --add-opens=java.prefs/java.util.prefs=ALL-UNNAMED --add-opens=java.base/java.nio.charset=ALL-UNNAMED --add-opens=java.base/java.net=ALL-UNNAMED --add-opens=java.base/java.util.concurrent=ALL-UNNAMED --add-opens=java.base/java.util.concurrent.atomic=ALL-UNNAMED --add-opens=java.xml/javax.xml.namespace=ALL-UNNAMED --add-opens=java.base/java.time=ALL-UNNAMED -Xmx2048m -Dfile.encoding=UTF-8 -Duser.country=BR -Duser.language=pt -Duser.variant -javaagent:C:\Users\enzonascimento-ieg\.gradle\wrapper\dists\gradle-9.1.0-bin\9agqghryom9wkf8r80qlhnts3\gradle-9.1.0\lib\agents\gradle-instrumentation-agent-9.1.0.jar 
java_command: org.gradle.launcher.daemon.bootstrap.GradleDaemon 9.1.0
java_class_path (initial): C:\Users\enzonascimento-ieg\.gradle\wrapper\dists\gradle-9.1.0-bin\9agqghryom9wkf8r80qlhnts3\gradle-9.1.0\lib\gradle-daemon-main-9.1.0.jar
Launcher Type: SUN_STANDARD

[Global flags]
     intx CICompilerCount                          = 4                                         {product} {ergonomic}
     uint ConcGCThreads                            = 3                                         {product} {ergonomic}
     uint G1ConcRefinementThreads                  = 10                                        {product} {ergonomic}
   size_t G1HeapRegionSize                         = 1048576                                   {product} {ergonomic}
    uintx GCDrainStackTargetSize                   = 64                                        {product} {ergonomic}
   size_t InitialHeapSize                          = 264241152                                 {product} {ergonomic}
   size_t MarkStackSize                            = 4194304                                   {product} {ergonomic}
   size_t MaxHeapSize                              = 2147483648                                {product} {command line}
   size_t MaxNewSize                               = 1287651328                                {product} {ergonomic}
   size_t MinHeapDeltaBytes                        = 1048576                                   {product} {ergonomic}
   size_t MinHeapSize                              = 8388608                                   {product} {ergonomic}
    uintx NonNMethodCodeHeapSize                   = 5839372                                {pd product} {ergonomic}
    uintx NonProfiledCodeHeapSize                  = 122909434                              {pd product} {ergonomic}
    uintx ProfiledCodeHeapSize                     = 122909434                              {pd product} {ergonomic}
    uintx ReservedCodeCacheSize                    = 251658240                              {pd product} {ergonomic}
     bool SegmentedCodeCache                       = true                                      {product} {ergonomic}
   size_t SoftMaxHeapSize                          = 2147483648                             {manageable} {ergonomic}
     bool UseCompressedOops                        = true                           {product lp64_product} {ergonomic}
     bool UseG1GC                                  = true                                      {product} {ergonomic}
     bool UseLargePagesIndividualAllocation        = false                                  {pd product} {ergonomic}

Logging:
Log output configuration:
 #0: stdout all=warning uptime,level,tags foldmultilines=false
 #1: stderr all=off uptime,level,tags foldmultilines=false

Release file:
JAVA_VERSION="21.0.12.1" 
MODULES="java.base java.compiler java.datatransfer java.xml java.prefs java.desktop java.instrument java.logging java.management java.security.sasl java.naming java.rmi java.management.rmi java.net.http java.scripting java.security.jgss java.transaction.xa java.sql java.sql.rowset java.xml.crypto java.se java.smartcardio jdk.accessibility jdk.internal.jvmstat jdk.attach jdk.charsets jdk.internal.opt jdk.zipfs jdk.compiler jdk.crypto.ec jdk.crypto.cryptoki jdk.crypto.mscapi jdk.dynalink jdk.internal.ed jdk.editpad jdk.hotspot.agent jdk.httpserver jdk.internal.le jdk.internal.vm.ci jdk.internal.vm.compiler jdk.internal.vm.compiler.management jdk.jartool jdk.javadoc jdk.jcmd jdk.management jdk.management.agent jdk.jconsole jdk.jdeps jdk.jdwp.agent jdk.jdi jdk.jfr jdk.jshell jdk.jsobject jdk.jstatd jdk.localedata jdk.management.jfr jdk.naming.dns jdk.naming.rmi jdk.net jdk.nio.mapmode jdk.random jdk.sctp jdk.security.auth jdk.security.jgss jdk.unsupported jdk.unsupported.desktop jdk.xml.dom" 

Environment Variables:
PATH=C:\Program Files\Python314\Scripts\;C:\Program Files\Python314\;C:\Program Files\Common Files\Oracle\Java\javapath;C:\Program Files\Python311\Scripts\;C:\Program Files\Python311\;C:\Windows\system32;C:\Windows;C:\Windows\System32\Wbem;C:\Windows\System32\WindowsPowerShell\v1.0\;C:\Windows\System32\OpenSSH\;C:\Program Files\dotnet\;C:\Program Files (x86)\Microsoft SQL Server\160\Tools\Binn\;C:\Program Files\Microsoft SQL Server\160\Tools\Binn\;C:\Program Files\Microsoft SQL Server\Client SDK\ODBC\170\Tools\Binn\;C:\Program Files\Microsoft SQL Server\160\DTS\Binn\;C:\Program Files\nodejs\;C:\Users\bart\AppData\Local\Microsoft\WindowsApps;C:\Users\bart\AppData\Local\Programs\Microsoft VS Code\bin;C:\Users\bart\AppData\Roaming\npm;C:\Program Files\kind;C:\Users\enzonascimento-ieg\AppData\Local\Microsoft\WindowsApps;C:\Users\enzonascimento-ieg\AppData\Local\Programs\Microsoft VS Code\bin;C:\Users\enzonascimento-ieg\AppData\Local\Programs\Git\cmd;C:\Users\enzonascimento-ieg\flutter\bin;C:\Users\enzonascimento-ieg\AppData\Roaming\npm;C:\Users\enzonascimento-ieg\AppData\Local\Programs\cursor\resources\app\bin;C:\Users\enzonascimento-ieg\AppData\Local\Programs\DockerDesktop\resources\bin;C:\Users\enzonascimento-ieg\.bun\bin;C:\Users\enzonascimento-ieg\AppData\Local\Microsoft\WinGet\Packages\evilmartians.lefthook_Microsoft.Winget.Source_8wekyb3d8bbwe;
USERNAME=enzonascimento-ieg
OS=Windows_NT
PROCESSOR_IDENTIFIER=Intel64 Family 6 Model 154 Stepping 4, GenuineIntel
TMP=C:\Users\ENZONA~1\AppData\Local\Temp
TEMP=C:\Users\ENZONA~1\AppData\Local\Temp




Periodic native trim disabled

---------------  S Y S T E M  ---------------

OS:
 Windows 11 , 64 bit Build 26100 (10.0.26100.9444)
OS uptime: 6 days 19:32 hours
Hyper-V role detected

CPU: total 12 (initial active 12) (6 cores per cpu, 2 threads per core) family 6 model 154 stepping 4 microcode 0x43b, cx8, cmov, fxsr, ht, mmx, 3dnowpref, sse, sse2, sse3, ssse3, sse4.1, sse4.2, popcnt, lzcnt, tsc, tscinvbit, avx, avx2, aes, erms, clmul, bmi1, bmi2, adx, sha, fma, vzeroupper, clflush, clflushopt, clwb, hv, serialize, rdtscp, rdpid, fsrm, f16c, cet_ibt, cet_ss
Processor Information for the first 12 processors :
  Max Mhz: 1700, Current Mhz: 1700, Mhz Limit: 1700

Memory: 4k page, system-wide physical 16068M (162M free)
TotalPageFile size 65220M (AvailPageFile size 53M)
current process WorkingSet (physical memory assigned to process): 77M, peak: 113M
current process commit charge ("private bytes"): 390M, peak: 417M

vm_info: OpenJDK 64-Bit Server VM (21.0.12.1+1-LTS) for windows-amd64 JRE (21.0.12.1+1-LTS), built on 2026-08-18T00:00:00Z by "admin" with MS VC++ 17.12 (VS2022)

END.
