#
# There is insufficient memory for the Java Runtime Environment to continue.
# Native memory allocation (malloc) failed to allocate 32744 bytes. Error detail: Chunk::new
# Possible reasons:
#   The system is out of physical RAM or swap space
#   This process is running with CompressedOops enabled, and the Java Heap may be blocking the growth of the native heap
# Possible solutions:
#   Reduce memory load on the system
#   Increase physical memory or swap space
#   Check if swap backing store is full
#   Decrease Java heap size (-Xmx/-Xms)
#   Decrease number of Java threads
#   Decrease Java thread stack sizes (-Xss)
#   Set larger code cache with -XX:ReservedCodeCacheSize=
#   JVM is running with Unscaled Compressed Oops mode in which the Java heap is
#     placed in the first 4GB address space. The Java Heap base address is the
#     maximum limit for the native heap growth. Please use -XX:HeapBaseMinAddress
#     to set the Java Heap base and to place the Java Heap above 4GB virtual address.
# This output file may be truncated or incomplete.
#
#  Out of Memory Error (arena.cpp:168), pid=7388, tid=38744
#
# JRE version: OpenJDK Runtime Environment Temurin-21.0.12.1+1 (21.0.12.1+1) (build 21.0.12.1+1-LTS)
# Java VM: OpenJDK 64-Bit Server VM Temurin-21.0.12.1+1 (21.0.12.1+1-LTS, mixed mode, sharing, tiered, compressed oops, compressed class ptrs, g1 gc, windows-amd64)
# No core dump will be written. Minidumps are not enabled by default on client versions of Windows
#

---------------  S U M M A R Y ------------

Command Line: --add-opens=java.base/java.lang=ALL-UNNAMED --add-opens=java.base/java.lang.invoke=ALL-UNNAMED --add-opens=java.base/java.util=ALL-UNNAMED --add-opens=java.prefs/java.util.prefs=ALL-UNNAMED --add-exports=jdk.compiler/com.sun.tools.javac.api=ALL-UNNAMED --add-exports=jdk.compiler/com.sun.tools.javac.util=ALL-UNNAMED --add-opens=java.base/java.util=ALL-UNNAMED --add-opens=java.prefs/java.util.prefs=ALL-UNNAMED --add-opens=java.base/java.nio.charset=ALL-UNNAMED --add-opens=java.base/java.net=ALL-UNNAMED --add-opens=java.base/java.util.concurrent=ALL-UNNAMED --add-opens=java.base/java.util.concurrent.atomic=ALL-UNNAMED --add-opens=java.xml/javax.xml.namespace=ALL-UNNAMED --add-opens=java.base/java.time=ALL-UNNAMED -Xmx2048m -Dfile.encoding=UTF-8 -Duser.country=BR -Duser.language=pt -Duser.variant -javaagent:C:\Users\enzonascimento-ieg\.gradle\wrapper\dists\gradle-9.1.0-bin\9agqghryom9wkf8r80qlhnts3\gradle-9.1.0\lib\agents\gradle-instrumentation-agent-9.1.0.jar org.gradle.launcher.daemon.bootstrap.GradleDaemon 9.1.0

Host: 12th Gen Intel(R) Core(TM) i7-1255U, 12 cores, 15G,  Windows 11 , 64 bit Build 26100 (10.0.26100.9444)
Time: Tue Sep 22 21:51:19 2026 Hora oficial do Brasil elapsed time: 253.120610 seconds (0d 0h 4m 13s)

---------------  T H R E A D  ---------------

Current thread (0x00000261b874c6c0):  JavaThread "C2 CompilerThread0" daemon [_thread_in_native, id=38744, stack(0x000000db39000000,0x000000db39100000) (1024K)]


Current CompileTask:
C2:253121 2866   !   4       java.util.zip.InflaterInputStream::read (129 bytes)

Stack: [0x000000db39000000,0x000000db39100000]
Native frames: (J=compiled Java code, j=interpreted, Vv=VM code, C=native code)
V  [jvm.dll+0x6d83e9]
V  [jvm.dll+0x8b5736]
V  [jvm.dll+0x8b7cee]
V  [jvm.dll+0x8b83d3]
V  [jvm.dll+0x284596]
V  [jvm.dll+0xc685d]
V  [jvm.dll+0xc6da1]
V  [jvm.dll+0x65ff6d]
V  [jvm.dll+0x6600fb]
V  [jvm.dll+0x6600fb]
V  [jvm.dll+0x6600fb]
V  [jvm.dll+0x6600fb]
V  [jvm.dll+0x665dcb]
V  [jvm.dll+0x666dc6]
V  [jvm.dll+0x66510b]
V  [jvm.dll+0x24c57b]
V  [jvm.dll+0x24bce0]
V  [jvm.dll+0x1cb4ae]
V  [jvm.dll+0x25baad]
V  [jvm.dll+0x25a03a]
V  [jvm.dll+0x3f8aae]
V  [jvm.dll+0x8600cd]
V  [jvm.dll+0x6d6c1d]
C  [ucrtbase.dll+0x2cd30]
C  [KERNEL32.DLL+0x2cd87]
C  [ntdll.dll+0xacaec]


---------------  P R O C E S S  ---------------

Threads class SMR info:
_java_thread_list=0x00000261806291a0, length=21, elements={
0x00000261a0b7d090, 0x00000261b87434e0, 0x00000261b8744c60, 0x00000261b87476d0,
0x00000261b8749460, 0x00000261b8749ec0, 0x00000261b874a920, 0x00000261b874c6c0,
0x00000261b874d160, 0x00000261b89961b0, 0x00000261b89f82e0, 0x00000261fe285510,
0x00000261fec6dd60, 0x00000261801296b0, 0x00000261fe27e660, 0x00000261fe279da0,
0x00000261fea896b0, 0x00000261fec0e400, 0x00000261ff5acfe0, 0x00000261ff5aea20,
0x00000261ff5b0460
}

Java Threads: ( => current thread )
  0x00000261a0b7d090 JavaThread "main"                              [_thread_blocked, id=16952, stack(0x000000db38100000,0x000000db38200000) (1024K)]
  0x00000261b87434e0 JavaThread "Reference Handler"          daemon [_thread_blocked, id=43672, stack(0x000000db38a00000,0x000000db38b00000) (1024K)]
  0x00000261b8744c60 JavaThread "Finalizer"                  daemon [_thread_blocked, id=19568, stack(0x000000db38b00000,0x000000db38c00000) (1024K)]
  0x00000261b87476d0 JavaThread "Signal Dispatcher"          daemon [_thread_blocked, id=48092, stack(0x000000db38c00000,0x000000db38d00000) (1024K)]
  0x00000261b8749460 JavaThread "Attach Listener"            daemon [_thread_blocked, id=46228, stack(0x000000db38d00000,0x000000db38e00000) (1024K)]
  0x00000261b8749ec0 JavaThread "Service Thread"             daemon [_thread_blocked, id=48900, stack(0x000000db38e00000,0x000000db38f00000) (1024K)]
  0x00000261b874a920 JavaThread "Monitor Deflation Thread"   daemon [_thread_blocked, id=37952, stack(0x000000db38f00000,0x000000db39000000) (1024K)]
=>0x00000261b874c6c0 JavaThread "C2 CompilerThread0"         daemon [_thread_in_native, id=38744, stack(0x000000db39000000,0x000000db39100000) (1024K)]
  0x00000261b874d160 JavaThread "C1 CompilerThread0"         daemon [_thread_blocked, id=39020, stack(0x000000db39100000,0x000000db39200000) (1024K)]
  0x00000261b89961b0 JavaThread "Common-Cleaner"             daemon [_thread_blocked, id=19912, stack(0x000000db39300000,0x000000db39400000) (1024K)]
  0x00000261b89f82e0 JavaThread "Notification Thread"        daemon [_thread_blocked, id=53808, stack(0x000000db39200000,0x000000db39300000) (1024K)]
  0x00000261fe285510 JavaThread "Daemon health stats"               [_thread_blocked, id=22212, stack(0x000000db39400000,0x000000db39500000) (1024K)]
  0x00000261fec6dd60 JavaThread "Incoming local TCP Connector on port 54531"        [_thread_in_native, id=45964, stack(0x000000db39a00000,0x000000db39b00000) (1024K)]
  0x00000261801296b0 JavaThread "Daemon periodic checks"            [_thread_blocked, id=4240, stack(0x000000db38200000,0x000000db38300000) (1024K)]
  0x00000261fe27e660 JavaThread "Daemon"                            [_thread_blocked, id=49968, stack(0x000000db39c00000,0x000000db39d00000) (1024K)]
  0x00000261fe279da0 JavaThread "Handler for socket connection from /127.0.0.1:54531 to /127.0.0.1:64794"        [_thread_in_native, id=50380, stack(0x000000db39d00000,0x000000db39e00000) (1024K)]
  0x00000261fea896b0 JavaThread "Cancel handler"                    [_thread_blocked, id=13352, stack(0x000000db39e00000,0x000000db39f00000) (1024K)]
  0x00000261fec0e400 JavaThread "Daemon worker"                     [_thread_in_native, id=23212, stack(0x000000db39f00000,0x000000db3a000000) (1024K)]
  0x00000261ff5acfe0 JavaThread "Asynchronous log dispatcher for DefaultDaemonConnection: socket connection from /127.0.0.1:54531 to /127.0.0.1:64794"        [_thread_blocked, id=45452, stack(0x000000db3a000000,0x000000db3a100000) (1024K)]
  0x00000261ff5aea20 JavaThread "Stdin handler"                     [_thread_blocked, id=2868, stack(0x000000db3a100000,0x000000db3a200000) (1024K)]
  0x00000261ff5b0460 JavaThread "Daemon client event forwarder"        [_thread_blocked, id=18572, stack(0x000000db3a200000,0x000000db3a300000) (1024K)]
Total: 21

Other Threads:
  0x00000261b87232b0 VMThread "VM Thread"                           [id=28164, stack(0x000000db38900000,0x000000db38a00000) (1024K)]
  0x00000261b88119e0 WatcherThread "VM Periodic Task Thread"        [id=21168, stack(0x000000db38800000,0x000000db38900000) (1024K)]
  0x00000261a0bd95e0 WorkerThread "GC Thread#0"                     [id=48112, stack(0x000000db38300000,0x000000db38400000) (1024K)]
  0x00000261fe00f340 WorkerThread "GC Thread#1"                     [id=46660, stack(0x000000db39500000,0x000000db39600000) (1024K)]
  0x00000261fe00f6f0 WorkerThread "GC Thread#2"                     [id=37940, stack(0x000000db39600000,0x000000db39700000) (1024K)]
  0x00000261fe00faa0 WorkerThread "GC Thread#3"                     [id=44768, stack(0x000000db39700000,0x000000db39800000) (1024K)]
  0x00000261fe00fe50 WorkerThread "GC Thread#4"                     [id=52016, stack(0x000000db39800000,0x000000db39900000) (1024K)]
  0x00000261fe080b10 WorkerThread "GC Thread#5"                     [id=49608, stack(0x000000db39900000,0x000000db39a00000) (1024K)]
  0x00000261a0beb3f0 ConcurrentGCThread "G1 Main Marker"            [id=49632, stack(0x000000db38400000,0x000000db38500000) (1024K)]
  0x00000261a0bebd10 WorkerThread "G1 Conc#0"                       [id=27236, stack(0x000000db38500000,0x000000db38600000) (1024K)]
  0x00000261b8666ad0 ConcurrentGCThread "G1 Refine#0"               [id=26676, stack(0x000000db38600000,0x000000db38700000) (1024K)]
  0x00000261b8667460 ConcurrentGCThread "G1 Service"                [id=44256, stack(0x000000db38700000,0x000000db38800000) (1024K)]
Total: 12

Threads with active compile tasks:
C2 CompilerThread0  254540 2866   !   4       java.util.zip.InflaterInputStream::read (129 bytes)
Total: 1

VM state: not at safepoint (normal execution)

VM Mutex/Monitor currently owned by a thread: None

Heap address: 0x0000000080000000, size: 2048 MB, Compressed Oops mode: 32-bit

CDS archive(s) mapped at: [0x00000261b9000000-0x00000261b9ba0000-0x00000261b9ba0000), size 12189696, SharedBaseAddress: 0x00000261b9000000, ArchiveRelocationMode: 1.
Compressed class space mapped at: 0x00000261ba000000-0x00000261fa000000, reserved size: 1073741824
Narrow klass base: 0x00000261b9000000, Narrow klass shift: 0, Narrow klass range: 0x100000000

GC Precious Log:
 CardTable entry size: 512
 Card Set container configuration: InlinePtr #cards 5 size 8 Array Of Cards #cards 12 size 40 Howl #buckets 4 coarsen threshold 1843 Howl Bitmap #cards 512 size 80 coarsen threshold 460 Card regions per heap region 1 cards per card region 2048
 CPUs: 12 total, 12 available
 Memory: 16068M
 Large Page Support: Disabled
 NUMA Support: Disabled
 Compressed Oops: Enabled (32-bit)
 Heap Region Size: 1M
 Heap Min Capacity: 8M
 Heap Initial Capacity: 252M
 Heap Max Capacity: 2G
 Pre-touch: Disabled
 Parallel Workers: 10
 Concurrent Workers: 3
 Concurrent Refinement Workers: 10
 Periodic GC: Disabled

Heap:
 garbage-first heap   total 258048K, used 65865K [0x0000000080000000, 0x0000000100000000)
  region size 1024K, 55 young (56320K), 5 survivors (5120K)
 Metaspace       used 12377K, committed 12800K, reserved 1114112K
  class space    used 1688K, committed 1856K, reserved 1048576K

Heap Regions: E=young(eden), S=young(survivor), O=old, HS=humongous(starts), HC=humongous(continues), CS=collection set, F=free, TAMS=top-at-mark-start, PB=parsable bottom
|   0|0x0000000080000000, 0x0000000080100000, 0x0000000080100000|100%|HS|  |TAMS 0x0000000080000000| PB 0x0000000080000000| Complete 
|   1|0x0000000080100000, 0x0000000080200000, 0x0000000080200000|100%|HC|  |TAMS 0x0000000080100000| PB 0x0000000080100000| Complete 
|   2|0x0000000080200000, 0x0000000080300000, 0x0000000080300000|100%|HC|  |TAMS 0x0000000080200000| PB 0x0000000080200000| Complete 
|   3|0x0000000080300000, 0x0000000080400000, 0x0000000080400000|100%| O|  |TAMS 0x0000000080300000| PB 0x0000000080300000| Untracked 
|   4|0x0000000080400000, 0x0000000080500000, 0x0000000080500000|100%| O|  |TAMS 0x0000000080400000| PB 0x0000000080400000| Untracked 
|   5|0x0000000080500000, 0x0000000080600000, 0x0000000080600000|100%| O|  |TAMS 0x0000000080500000| PB 0x0000000080500000| Untracked 
|   6|0x0000000080600000, 0x0000000080700000, 0x0000000080700000|100%|HS|  |TAMS 0x0000000080600000| PB 0x0000000080600000| Complete 
|   7|0x0000000080700000, 0x0000000080700000, 0x0000000080800000|  0%| F|  |TAMS 0x0000000080700000| PB 0x0000000080700000| Untracked 
|   8|0x0000000080800000, 0x0000000080900000, 0x0000000080900000|100%| O|  |TAMS 0x0000000080800000| PB 0x0000000080800000| Untracked 
|   9|0x0000000080900000, 0x0000000080a00000, 0x0000000080a00000|100%| O|  |TAMS 0x0000000080900000| PB 0x0000000080900000| Untracked 
|  10|0x0000000080a00000, 0x0000000080b00000, 0x0000000080b00000|100%| O|  |TAMS 0x0000000080a00000| PB 0x0000000080a00000| Untracked 
|  11|0x0000000080b00000, 0x0000000080c00000, 0x0000000080c00000|100%| O|  |TAMS 0x0000000080b00000| PB 0x0000000080b00000| Untracked 
|  12|0x0000000080c00000, 0x0000000080c201d8, 0x0000000080d00000| 12%| O|  |TAMS 0x0000000080c00000| PB 0x0000000080c00000| Untracked 
|  13|0x0000000080d00000, 0x0000000080d00000, 0x0000000080e00000|  0%| F|  |TAMS 0x0000000080d00000| PB 0x0000000080d00000| Untracked 
|  14|0x0000000080e00000, 0x0000000080e00000, 0x0000000080f00000|  0%| F|  |TAMS 0x0000000080e00000| PB 0x0000000080e00000| Untracked 
|  15|0x0000000080f00000, 0x0000000080f00000, 0x0000000081000000|  0%| F|  |TAMS 0x0000000080f00000| PB 0x0000000080f00000| Untracked 
|  16|0x0000000081000000, 0x0000000081000000, 0x0000000081100000|  0%| F|  |TAMS 0x0000000081000000| PB 0x0000000081000000| Untracked 
|  17|0x0000000081100000, 0x0000000081100000, 0x0000000081200000|  0%| F|  |TAMS 0x0000000081100000| PB 0x0000000081100000| Untracked 
|  18|0x0000000081200000, 0x0000000081200000, 0x0000000081300000|  0%| F|  |TAMS 0x0000000081200000| PB 0x0000000081200000| Untracked 
|  19|0x0000000081300000, 0x0000000081300000, 0x0000000081400000|  0%| F|  |TAMS 0x0000000081300000| PB 0x0000000081300000| Untracked 
|  20|0x0000000081400000, 0x0000000081400000, 0x0000000081500000|  0%| F|  |TAMS 0x0000000081400000| PB 0x0000000081400000| Untracked 
|  21|0x0000000081500000, 0x0000000081500000, 0x0000000081600000|  0%| F|  |TAMS 0x0000000081500000| PB 0x0000000081500000| Untracked 
|  22|0x0000000081600000, 0x0000000081600000, 0x0000000081700000|  0%| F|  |TAMS 0x0000000081600000| PB 0x0000000081600000| Untracked 
|  23|0x0000000081700000, 0x0000000081700000, 0x0000000081800000|  0%| F|  |TAMS 0x0000000081700000| PB 0x0000000081700000| Untracked 
|  24|0x0000000081800000, 0x0000000081800000, 0x0000000081900000|  0%| F|  |TAMS 0x0000000081800000| PB 0x0000000081800000| Untracked 
|  25|0x0000000081900000, 0x0000000081900000, 0x0000000081a00000|  0%| F|  |TAMS 0x0000000081900000| PB 0x0000000081900000| Untracked 
|  26|0x0000000081a00000, 0x0000000081a00000, 0x0000000081b00000|  0%| F|  |TAMS 0x0000000081a00000| PB 0x0000000081a00000| Untracked 
|  27|0x0000000081b00000, 0x0000000081b00000, 0x0000000081c00000|  0%| F|  |TAMS 0x0000000081b00000| PB 0x0000000081b00000| Untracked 
|  28|0x0000000081c00000, 0x0000000081c00000, 0x0000000081d00000|  0%| F|  |TAMS 0x0000000081c00000| PB 0x0000000081c00000| Untracked 
|  29|0x0000000081d00000, 0x0000000081d00000, 0x0000000081e00000|  0%| F|  |TAMS 0x0000000081d00000| PB 0x0000000081d00000| Untracked 
|  30|0x0000000081e00000, 0x0000000081e00000, 0x0000000081f00000|  0%| F|  |TAMS 0x0000000081e00000| PB 0x0000000081e00000| Untracked 
|  31|0x0000000081f00000, 0x0000000081f00000, 0x0000000082000000|  0%| F|  |TAMS 0x0000000081f00000| PB 0x0000000081f00000| Untracked 
|  32|0x0000000082000000, 0x0000000082000000, 0x0000000082100000|  0%| F|  |TAMS 0x0000000082000000| PB 0x0000000082000000| Untracked 
|  33|0x0000000082100000, 0x0000000082100000, 0x0000000082200000|  0%| F|  |TAMS 0x0000000082100000| PB 0x0000000082100000| Untracked 
|  34|0x0000000082200000, 0x0000000082200000, 0x0000000082300000|  0%| F|  |TAMS 0x0000000082200000| PB 0x0000000082200000| Untracked 
|  35|0x0000000082300000, 0x0000000082300000, 0x0000000082400000|  0%| F|  |TAMS 0x0000000082300000| PB 0x0000000082300000| Untracked 
|  36|0x0000000082400000, 0x0000000082400000, 0x0000000082500000|  0%| F|  |TAMS 0x0000000082400000| PB 0x0000000082400000| Untracked 
|  37|0x0000000082500000, 0x0000000082500000, 0x0000000082600000|  0%| F|  |TAMS 0x0000000082500000| PB 0x0000000082500000| Untracked 
|  38|0x0000000082600000, 0x0000000082600000, 0x0000000082700000|  0%| F|  |TAMS 0x0000000082600000| PB 0x0000000082600000| Untracked 
|  39|0x0000000082700000, 0x0000000082700000, 0x0000000082800000|  0%| F|  |TAMS 0x0000000082700000| PB 0x0000000082700000| Untracked 
|  40|0x0000000082800000, 0x0000000082800000, 0x0000000082900000|  0%| F|  |TAMS 0x0000000082800000| PB 0x0000000082800000| Untracked 
|  41|0x0000000082900000, 0x0000000082900000, 0x0000000082a00000|  0%| F|  |TAMS 0x0000000082900000| PB 0x0000000082900000| Untracked 
|  42|0x0000000082a00000, 0x0000000082a00000, 0x0000000082b00000|  0%| F|  |TAMS 0x0000000082a00000| PB 0x0000000082a00000| Untracked 
|  43|0x0000000082b00000, 0x0000000082b00000, 0x0000000082c00000|  0%| F|  |TAMS 0x0000000082b00000| PB 0x0000000082b00000| Untracked 
|  44|0x0000000082c00000, 0x0000000082c00000, 0x0000000082d00000|  0%| F|  |TAMS 0x0000000082c00000| PB 0x0000000082c00000| Untracked 
|  45|0x0000000082d00000, 0x0000000082d00000, 0x0000000082e00000|  0%| F|  |TAMS 0x0000000082d00000| PB 0x0000000082d00000| Untracked 
|  46|0x0000000082e00000, 0x0000000082e00000, 0x0000000082f00000|  0%| F|  |TAMS 0x0000000082e00000| PB 0x0000000082e00000| Untracked 
|  47|0x0000000082f00000, 0x0000000082f00000, 0x0000000083000000|  0%| F|  |TAMS 0x0000000082f00000| PB 0x0000000082f00000| Untracked 
|  48|0x0000000083000000, 0x0000000083000000, 0x0000000083100000|  0%| F|  |TAMS 0x0000000083000000| PB 0x0000000083000000| Untracked 
|  49|0x0000000083100000, 0x0000000083100000, 0x0000000083200000|  0%| F|  |TAMS 0x0000000083100000| PB 0x0000000083100000| Untracked 
|  50|0x0000000083200000, 0x0000000083200000, 0x0000000083300000|  0%| F|  |TAMS 0x0000000083200000| PB 0x0000000083200000| Untracked 
|  51|0x0000000083300000, 0x0000000083300000, 0x0000000083400000|  0%| F|  |TAMS 0x0000000083300000| PB 0x0000000083300000| Untracked 
|  52|0x0000000083400000, 0x0000000083400000, 0x0000000083500000|  0%| F|  |TAMS 0x0000000083400000| PB 0x0000000083400000| Untracked 
|  53|0x0000000083500000, 0x0000000083500000, 0x0000000083600000|  0%| F|  |TAMS 0x0000000083500000| PB 0x0000000083500000| Untracked 
|  54|0x0000000083600000, 0x0000000083600000, 0x0000000083700000|  0%| F|  |TAMS 0x0000000083600000| PB 0x0000000083600000| Untracked 
|  55|0x0000000083700000, 0x0000000083700000, 0x0000000083800000|  0%| F|  |TAMS 0x0000000083700000| PB 0x0000000083700000| Untracked 
|  56|0x0000000083800000, 0x0000000083800000, 0x0000000083900000|  0%| F|  |TAMS 0x0000000083800000| PB 0x0000000083800000| Untracked 
|  57|0x0000000083900000, 0x0000000083900000, 0x0000000083a00000|  0%| F|  |TAMS 0x0000000083900000| PB 0x0000000083900000| Untracked 
|  58|0x0000000083a00000, 0x0000000083a00000, 0x0000000083b00000|  0%| F|  |TAMS 0x0000000083a00000| PB 0x0000000083a00000| Untracked 
|  59|0x0000000083b00000, 0x0000000083b00000, 0x0000000083c00000|  0%| F|  |TAMS 0x0000000083b00000| PB 0x0000000083b00000| Untracked 
|  60|0x0000000083c00000, 0x0000000083c00000, 0x0000000083d00000|  0%| F|  |TAMS 0x0000000083c00000| PB 0x0000000083c00000| Untracked 
|  61|0x0000000083d00000, 0x0000000083d00000, 0x0000000083e00000|  0%| F|  |TAMS 0x0000000083d00000| PB 0x0000000083d00000| Untracked 
|  62|0x0000000083e00000, 0x0000000083e00000, 0x0000000083f00000|  0%| F|  |TAMS 0x0000000083e00000| PB 0x0000000083e00000| Untracked 
|  63|0x0000000083f00000, 0x0000000083f00000, 0x0000000084000000|  0%| F|  |TAMS 0x0000000083f00000| PB 0x0000000083f00000| Untracked 
|  64|0x0000000084000000, 0x0000000084000000, 0x0000000084100000|  0%| F|  |TAMS 0x0000000084000000| PB 0x0000000084000000| Untracked 
|  65|0x0000000084100000, 0x0000000084100000, 0x0000000084200000|  0%| F|  |TAMS 0x0000000084100000| PB 0x0000000084100000| Untracked 
|  66|0x0000000084200000, 0x0000000084200000, 0x0000000084300000|  0%| F|  |TAMS 0x0000000084200000| PB 0x0000000084200000| Untracked 
|  67|0x0000000084300000, 0x0000000084300000, 0x0000000084400000|  0%| F|  |TAMS 0x0000000084300000| PB 0x0000000084300000| Untracked 
|  68|0x0000000084400000, 0x0000000084400000, 0x0000000084500000|  0%| F|  |TAMS 0x0000000084400000| PB 0x0000000084400000| Untracked 
|  69|0x0000000084500000, 0x0000000084500000, 0x0000000084600000|  0%| F|  |TAMS 0x0000000084500000| PB 0x0000000084500000| Untracked 
|  70|0x0000000084600000, 0x0000000084600000, 0x0000000084700000|  0%| F|  |TAMS 0x0000000084600000| PB 0x0000000084600000| Untracked 
|  71|0x0000000084700000, 0x0000000084700000, 0x0000000084800000|  0%| F|  |TAMS 0x0000000084700000| PB 0x0000000084700000| Untracked 
|  72|0x0000000084800000, 0x0000000084800000, 0x0000000084900000|  0%| F|  |TAMS 0x0000000084800000| PB 0x0000000084800000| Untracked 
|  73|0x0000000084900000, 0x0000000084900000, 0x0000000084a00000|  0%| F|  |TAMS 0x0000000084900000| PB 0x0000000084900000| Untracked 
|  74|0x0000000084a00000, 0x0000000084a00000, 0x0000000084b00000|  0%| F|  |TAMS 0x0000000084a00000| PB 0x0000000084a00000| Untracked 
|  75|0x0000000084b00000, 0x0000000084b00000, 0x0000000084c00000|  0%| F|  |TAMS 0x0000000084b00000| PB 0x0000000084b00000| Untracked 
|  76|0x0000000084c00000, 0x0000000084c00000, 0x0000000084d00000|  0%| F|  |TAMS 0x0000000084c00000| PB 0x0000000084c00000| Untracked 
|  77|0x0000000084d00000, 0x0000000084d00000, 0x0000000084e00000|  0%| F|  |TAMS 0x0000000084d00000| PB 0x0000000084d00000| Untracked 
|  78|0x0000000084e00000, 0x0000000084e00000, 0x0000000084f00000|  0%| F|  |TAMS 0x0000000084e00000| PB 0x0000000084e00000| Untracked 
|  79|0x0000000084f00000, 0x0000000084f00000, 0x0000000085000000|  0%| F|  |TAMS 0x0000000084f00000| PB 0x0000000084f00000| Untracked 
|  80|0x0000000085000000, 0x0000000085000000, 0x0000000085100000|  0%| F|  |TAMS 0x0000000085000000| PB 0x0000000085000000| Untracked 
|  81|0x0000000085100000, 0x0000000085100000, 0x0000000085200000|  0%| F|  |TAMS 0x0000000085100000| PB 0x0000000085100000| Untracked 
|  82|0x0000000085200000, 0x0000000085200000, 0x0000000085300000|  0%| F|  |TAMS 0x0000000085200000| PB 0x0000000085200000| Untracked 
|  83|0x0000000085300000, 0x0000000085300000, 0x0000000085400000|  0%| F|  |TAMS 0x0000000085300000| PB 0x0000000085300000| Untracked 
|  84|0x0000000085400000, 0x0000000085400000, 0x0000000085500000|  0%| F|  |TAMS 0x0000000085400000| PB 0x0000000085400000| Untracked 
|  85|0x0000000085500000, 0x0000000085500000, 0x0000000085600000|  0%| F|  |TAMS 0x0000000085500000| PB 0x0000000085500000| Untracked 
|  86|0x0000000085600000, 0x0000000085600000, 0x0000000085700000|  0%| F|  |TAMS 0x0000000085600000| PB 0x0000000085600000| Untracked 
|  87|0x0000000085700000, 0x0000000085700000, 0x0000000085800000|  0%| F|  |TAMS 0x0000000085700000| PB 0x0000000085700000| Untracked 
|  88|0x0000000085800000, 0x0000000085800000, 0x0000000085900000|  0%| F|  |TAMS 0x0000000085800000| PB 0x0000000085800000| Untracked 
|  89|0x0000000085900000, 0x0000000085900000, 0x0000000085a00000|  0%| F|  |TAMS 0x0000000085900000| PB 0x0000000085900000| Untracked 
|  90|0x0000000085a00000, 0x0000000085a00000, 0x0000000085b00000|  0%| F|  |TAMS 0x0000000085a00000| PB 0x0000000085a00000| Untracked 
|  91|0x0000000085b00000, 0x0000000085b00000, 0x0000000085c00000|  0%| F|  |TAMS 0x0000000085b00000| PB 0x0000000085b00000| Untracked 
|  92|0x0000000085c00000, 0x0000000085c00000, 0x0000000085d00000|  0%| F|  |TAMS 0x0000000085c00000| PB 0x0000000085c00000| Untracked 
|  93|0x0000000085d00000, 0x0000000085d00000, 0x0000000085e00000|  0%| F|  |TAMS 0x0000000085d00000| PB 0x0000000085d00000| Untracked 
|  94|0x0000000085e00000, 0x0000000085e00000, 0x0000000085f00000|  0%| F|  |TAMS 0x0000000085e00000| PB 0x0000000085e00000| Untracked 
|  95|0x0000000085f00000, 0x0000000085f00000, 0x0000000086000000|  0%| F|  |TAMS 0x0000000085f00000| PB 0x0000000085f00000| Untracked 
|  96|0x0000000086000000, 0x0000000086000000, 0x0000000086100000|  0%| F|  |TAMS 0x0000000086000000| PB 0x0000000086000000| Untracked 
|  97|0x0000000086100000, 0x0000000086100000, 0x0000000086200000|  0%| F|  |TAMS 0x0000000086100000| PB 0x0000000086100000| Untracked 
|  98|0x0000000086200000, 0x0000000086200000, 0x0000000086300000|  0%| F|  |TAMS 0x0000000086200000| PB 0x0000000086200000| Untracked 
|  99|0x0000000086300000, 0x0000000086300000, 0x0000000086400000|  0%| F|  |TAMS 0x0000000086300000| PB 0x0000000086300000| Untracked 
| 100|0x0000000086400000, 0x0000000086400000, 0x0000000086500000|  0%| F|  |TAMS 0x0000000086400000| PB 0x0000000086400000| Untracked 
| 101|0x0000000086500000, 0x0000000086500000, 0x0000000086600000|  0%| F|  |TAMS 0x0000000086500000| PB 0x0000000086500000| Untracked 
| 102|0x0000000086600000, 0x0000000086600000, 0x0000000086700000|  0%| F|  |TAMS 0x0000000086600000| PB 0x0000000086600000| Untracked 
| 103|0x0000000086700000, 0x0000000086700000, 0x0000000086800000|  0%| F|  |TAMS 0x0000000086700000| PB 0x0000000086700000| Untracked 
| 104|0x0000000086800000, 0x0000000086800000, 0x0000000086900000|  0%| F|  |TAMS 0x0000000086800000| PB 0x0000000086800000| Untracked 
| 105|0x0000000086900000, 0x0000000086900000, 0x0000000086a00000|  0%| F|  |TAMS 0x0000000086900000| PB 0x0000000086900000| Untracked 
| 106|0x0000000086a00000, 0x0000000086a00000, 0x0000000086b00000|  0%| F|  |TAMS 0x0000000086a00000| PB 0x0000000086a00000| Untracked 
| 107|0x0000000086b00000, 0x0000000086b00000, 0x0000000086c00000|  0%| F|  |TAMS 0x0000000086b00000| PB 0x0000000086b00000| Untracked 
| 108|0x0000000086c00000, 0x0000000086c00000, 0x0000000086d00000|  0%| F|  |TAMS 0x0000000086c00000| PB 0x0000000086c00000| Untracked 
| 109|0x0000000086d00000, 0x0000000086d00000, 0x0000000086e00000|  0%| F|  |TAMS 0x0000000086d00000| PB 0x0000000086d00000| Untracked 
| 110|0x0000000086e00000, 0x0000000086e00000, 0x0000000086f00000|  0%| F|  |TAMS 0x0000000086e00000| PB 0x0000000086e00000| Untracked 
| 111|0x0000000086f00000, 0x0000000086f00000, 0x0000000087000000|  0%| F|  |TAMS 0x0000000086f00000| PB 0x0000000086f00000| Untracked 
| 112|0x0000000087000000, 0x0000000087000000, 0x0000000087100000|  0%| F|  |TAMS 0x0000000087000000| PB 0x0000000087000000| Untracked 
| 113|0x0000000087100000, 0x0000000087100000, 0x0000000087200000|  0%| F|  |TAMS 0x0000000087100000| PB 0x0000000087100000| Untracked 
| 114|0x0000000087200000, 0x0000000087200000, 0x0000000087300000|  0%| F|  |TAMS 0x0000000087200000| PB 0x0000000087200000| Untracked 
| 115|0x0000000087300000, 0x0000000087300000, 0x0000000087400000|  0%| F|  |TAMS 0x0000000087300000| PB 0x0000000087300000| Untracked 
| 116|0x0000000087400000, 0x0000000087400000, 0x0000000087500000|  0%| F|  |TAMS 0x0000000087400000| PB 0x0000000087400000| Untracked 
| 117|0x0000000087500000, 0x0000000087500000, 0x0000000087600000|  0%| F|  |TAMS 0x0000000087500000| PB 0x0000000087500000| Untracked 
| 118|0x0000000087600000, 0x0000000087600000, 0x0000000087700000|  0%| F|  |TAMS 0x0000000087600000| PB 0x0000000087600000| Untracked 
| 119|0x0000000087700000, 0x0000000087700000, 0x0000000087800000|  0%| F|  |TAMS 0x0000000087700000| PB 0x0000000087700000| Untracked 
| 120|0x0000000087800000, 0x0000000087800000, 0x0000000087900000|  0%| F|  |TAMS 0x0000000087800000| PB 0x0000000087800000| Untracked 
| 121|0x0000000087900000, 0x0000000087900000, 0x0000000087a00000|  0%| F|  |TAMS 0x0000000087900000| PB 0x0000000087900000| Untracked 
| 122|0x0000000087a00000, 0x0000000087a00000, 0x0000000087b00000|  0%| F|  |TAMS 0x0000000087a00000| PB 0x0000000087a00000| Untracked 
| 123|0x0000000087b00000, 0x0000000087b00000, 0x0000000087c00000|  0%| F|  |TAMS 0x0000000087b00000| PB 0x0000000087b00000| Untracked 
| 124|0x0000000087c00000, 0x0000000087c00000, 0x0000000087d00000|  0%| F|  |TAMS 0x0000000087c00000| PB 0x0000000087c00000| Untracked 
| 125|0x0000000087d00000, 0x0000000087d00000, 0x0000000087e00000|  0%| F|  |TAMS 0x0000000087d00000| PB 0x0000000087d00000| Untracked 
| 126|0x0000000087e00000, 0x0000000087e00000, 0x0000000087f00000|  0%| F|  |TAMS 0x0000000087e00000| PB 0x0000000087e00000| Untracked 
| 127|0x0000000087f00000, 0x0000000087f00000, 0x0000000088000000|  0%| F|  |TAMS 0x0000000087f00000| PB 0x0000000087f00000| Untracked 
| 128|0x0000000088000000, 0x0000000088000000, 0x0000000088100000|  0%| F|  |TAMS 0x0000000088000000| PB 0x0000000088000000| Untracked 
| 129|0x0000000088100000, 0x0000000088100000, 0x0000000088200000|  0%| F|  |TAMS 0x0000000088100000| PB 0x0000000088100000| Untracked 
| 130|0x0000000088200000, 0x0000000088200000, 0x0000000088300000|  0%| F|  |TAMS 0x0000000088200000| PB 0x0000000088200000| Untracked 
| 131|0x0000000088300000, 0x0000000088300000, 0x0000000088400000|  0%| F|  |TAMS 0x0000000088300000| PB 0x0000000088300000| Untracked 
| 132|0x0000000088400000, 0x0000000088400000, 0x0000000088500000|  0%| F|  |TAMS 0x0000000088400000| PB 0x0000000088400000| Untracked 
| 133|0x0000000088500000, 0x0000000088500000, 0x0000000088600000|  0%| F|  |TAMS 0x0000000088500000| PB 0x0000000088500000| Untracked 
| 134|0x0000000088600000, 0x0000000088600000, 0x0000000088700000|  0%| F|  |TAMS 0x0000000088600000| PB 0x0000000088600000| Untracked 
| 135|0x0000000088700000, 0x0000000088700000, 0x0000000088800000|  0%| F|  |TAMS 0x0000000088700000| PB 0x0000000088700000| Untracked 
| 136|0x0000000088800000, 0x0000000088800000, 0x0000000088900000|  0%| F|  |TAMS 0x0000000088800000| PB 0x0000000088800000| Untracked 
| 137|0x0000000088900000, 0x0000000088900000, 0x0000000088a00000|  0%| F|  |TAMS 0x0000000088900000| PB 0x0000000088900000| Untracked 
| 138|0x0000000088a00000, 0x0000000088a00000, 0x0000000088b00000|  0%| F|  |TAMS 0x0000000088a00000| PB 0x0000000088a00000| Untracked 
| 139|0x0000000088b00000, 0x0000000088b00000, 0x0000000088c00000|  0%| F|  |TAMS 0x0000000088b00000| PB 0x0000000088b00000| Untracked 
| 140|0x0000000088c00000, 0x0000000088c00000, 0x0000000088d00000|  0%| F|  |TAMS 0x0000000088c00000| PB 0x0000000088c00000| Untracked 
| 141|0x0000000088d00000, 0x0000000088d00000, 0x0000000088e00000|  0%| F|  |TAMS 0x0000000088d00000| PB 0x0000000088d00000| Untracked 
| 142|0x0000000088e00000, 0x0000000088e00000, 0x0000000088f00000|  0%| F|  |TAMS 0x0000000088e00000| PB 0x0000000088e00000| Untracked 
| 143|0x0000000088f00000, 0x0000000088f00000, 0x0000000089000000|  0%| F|  |TAMS 0x0000000088f00000| PB 0x0000000088f00000| Untracked 
| 144|0x0000000089000000, 0x0000000089000000, 0x0000000089100000|  0%| F|  |TAMS 0x0000000089000000| PB 0x0000000089000000| Untracked 
| 145|0x0000000089100000, 0x0000000089100000, 0x0000000089200000|  0%| F|  |TAMS 0x0000000089100000| PB 0x0000000089100000| Untracked 
| 146|0x0000000089200000, 0x0000000089200000, 0x0000000089300000|  0%| F|  |TAMS 0x0000000089200000| PB 0x0000000089200000| Untracked 
| 147|0x0000000089300000, 0x0000000089300000, 0x0000000089400000|  0%| F|  |TAMS 0x0000000089300000| PB 0x0000000089300000| Untracked 
| 148|0x0000000089400000, 0x0000000089400000, 0x0000000089500000|  0%| F|  |TAMS 0x0000000089400000| PB 0x0000000089400000| Untracked 
| 149|0x0000000089500000, 0x0000000089500000, 0x0000000089600000|  0%| F|  |TAMS 0x0000000089500000| PB 0x0000000089500000| Untracked 
| 150|0x0000000089600000, 0x0000000089600000, 0x0000000089700000|  0%| F|  |TAMS 0x0000000089600000| PB 0x0000000089600000| Untracked 
| 151|0x0000000089700000, 0x0000000089700000, 0x0000000089800000|  0%| F|  |TAMS 0x0000000089700000| PB 0x0000000089700000| Untracked 
| 152|0x0000000089800000, 0x0000000089800000, 0x0000000089900000|  0%| F|  |TAMS 0x0000000089800000| PB 0x0000000089800000| Untracked 
| 153|0x0000000089900000, 0x0000000089900000, 0x0000000089a00000|  0%| F|  |TAMS 0x0000000089900000| PB 0x0000000089900000| Untracked 
| 154|0x0000000089a00000, 0x0000000089a00000, 0x0000000089b00000|  0%| F|  |TAMS 0x0000000089a00000| PB 0x0000000089a00000| Untracked 
| 155|0x0000000089b00000, 0x0000000089b00000, 0x0000000089c00000|  0%| F|  |TAMS 0x0000000089b00000| PB 0x0000000089b00000| Untracked 
| 156|0x0000000089c00000, 0x0000000089c00000, 0x0000000089d00000|  0%| F|  |TAMS 0x0000000089c00000| PB 0x0000000089c00000| Untracked 
| 157|0x0000000089d00000, 0x0000000089d00000, 0x0000000089e00000|  0%| F|  |TAMS 0x0000000089d00000| PB 0x0000000089d00000| Untracked 
| 158|0x0000000089e00000, 0x0000000089e00000, 0x0000000089f00000|  0%| F|  |TAMS 0x0000000089e00000| PB 0x0000000089e00000| Untracked 
| 159|0x0000000089f00000, 0x0000000089f00000, 0x000000008a000000|  0%| F|  |TAMS 0x0000000089f00000| PB 0x0000000089f00000| Untracked 
| 160|0x000000008a000000, 0x000000008a000000, 0x000000008a100000|  0%| F|  |TAMS 0x000000008a000000| PB 0x000000008a000000| Untracked 
| 161|0x000000008a100000, 0x000000008a100000, 0x000000008a200000|  0%| F|  |TAMS 0x000000008a100000| PB 0x000000008a100000| Untracked 
| 162|0x000000008a200000, 0x000000008a200000, 0x000000008a300000|  0%| F|  |TAMS 0x000000008a200000| PB 0x000000008a200000| Untracked 
| 163|0x000000008a300000, 0x000000008a300000, 0x000000008a400000|  0%| F|  |TAMS 0x000000008a300000| PB 0x000000008a300000| Untracked 
| 164|0x000000008a400000, 0x000000008a400000, 0x000000008a500000|  0%| F|  |TAMS 0x000000008a400000| PB 0x000000008a400000| Untracked 
| 165|0x000000008a500000, 0x000000008a500000, 0x000000008a600000|  0%| F|  |TAMS 0x000000008a500000| PB 0x000000008a500000| Untracked 
| 166|0x000000008a600000, 0x000000008a600000, 0x000000008a700000|  0%| F|  |TAMS 0x000000008a600000| PB 0x000000008a600000| Untracked 
| 167|0x000000008a700000, 0x000000008a700000, 0x000000008a800000|  0%| F|  |TAMS 0x000000008a700000| PB 0x000000008a700000| Untracked 
| 168|0x000000008a800000, 0x000000008a800000, 0x000000008a900000|  0%| F|  |TAMS 0x000000008a800000| PB 0x000000008a800000| Untracked 
| 169|0x000000008a900000, 0x000000008a900000, 0x000000008aa00000|  0%| F|  |TAMS 0x000000008a900000| PB 0x000000008a900000| Untracked 
| 170|0x000000008aa00000, 0x000000008aa00000, 0x000000008ab00000|  0%| F|  |TAMS 0x000000008aa00000| PB 0x000000008aa00000| Untracked 
| 171|0x000000008ab00000, 0x000000008ab00000, 0x000000008ac00000|  0%| F|  |TAMS 0x000000008ab00000| PB 0x000000008ab00000| Untracked 
| 172|0x000000008ac00000, 0x000000008ac00000, 0x000000008ad00000|  0%| F|  |TAMS 0x000000008ac00000| PB 0x000000008ac00000| Untracked 
| 173|0x000000008ad00000, 0x000000008ad00000, 0x000000008ae00000|  0%| F|  |TAMS 0x000000008ad00000| PB 0x000000008ad00000| Untracked 
| 174|0x000000008ae00000, 0x000000008ae00000, 0x000000008af00000|  0%| F|  |TAMS 0x000000008ae00000| PB 0x000000008ae00000| Untracked 
| 175|0x000000008af00000, 0x000000008af00000, 0x000000008b000000|  0%| F|  |TAMS 0x000000008af00000| PB 0x000000008af00000| Untracked 
| 176|0x000000008b000000, 0x000000008b000000, 0x000000008b100000|  0%| F|  |TAMS 0x000000008b000000| PB 0x000000008b000000| Untracked 
| 177|0x000000008b100000, 0x000000008b100000, 0x000000008b200000|  0%| F|  |TAMS 0x000000008b100000| PB 0x000000008b100000| Untracked 
| 178|0x000000008b200000, 0x000000008b200000, 0x000000008b300000|  0%| F|  |TAMS 0x000000008b200000| PB 0x000000008b200000| Untracked 
| 179|0x000000008b300000, 0x000000008b300000, 0x000000008b400000|  0%| F|  |TAMS 0x000000008b300000| PB 0x000000008b300000| Untracked 
| 180|0x000000008b400000, 0x000000008b400000, 0x000000008b500000|  0%| F|  |TAMS 0x000000008b400000| PB 0x000000008b400000| Untracked 
| 181|0x000000008b500000, 0x000000008b500000, 0x000000008b600000|  0%| F|  |TAMS 0x000000008b500000| PB 0x000000008b500000| Untracked 
| 182|0x000000008b600000, 0x000000008b600000, 0x000000008b700000|  0%| F|  |TAMS 0x000000008b600000| PB 0x000000008b600000| Untracked 
| 183|0x000000008b700000, 0x000000008b700000, 0x000000008b800000|  0%| F|  |TAMS 0x000000008b700000| PB 0x000000008b700000| Untracked 
| 184|0x000000008b800000, 0x000000008b800000, 0x000000008b900000|  0%| F|  |TAMS 0x000000008b800000| PB 0x000000008b800000| Untracked 
| 185|0x000000008b900000, 0x000000008b900000, 0x000000008ba00000|  0%| F|  |TAMS 0x000000008b900000| PB 0x000000008b900000| Untracked 
| 186|0x000000008ba00000, 0x000000008ba00000, 0x000000008bb00000|  0%| F|  |TAMS 0x000000008ba00000| PB 0x000000008ba00000| Untracked 
| 187|0x000000008bb00000, 0x000000008bb00000, 0x000000008bc00000|  0%| F|  |TAMS 0x000000008bb00000| PB 0x000000008bb00000| Untracked 
| 188|0x000000008bc00000, 0x000000008bc00000, 0x000000008bd00000|  0%| F|  |TAMS 0x000000008bc00000| PB 0x000000008bc00000| Untracked 
| 189|0x000000008bd00000, 0x000000008bd00000, 0x000000008be00000|  0%| F|  |TAMS 0x000000008bd00000| PB 0x000000008bd00000| Untracked 
| 190|0x000000008be00000, 0x000000008be00000, 0x000000008bf00000|  0%| F|  |TAMS 0x000000008be00000| PB 0x000000008be00000| Untracked 
| 191|0x000000008bf00000, 0x000000008bf00000, 0x000000008c000000|  0%| F|  |TAMS 0x000000008bf00000| PB 0x000000008bf00000| Untracked 
| 192|0x000000008c000000, 0x000000008c000000, 0x000000008c100000|  0%| F|  |TAMS 0x000000008c000000| PB 0x000000008c000000| Untracked 
| 193|0x000000008c100000, 0x000000008c100000, 0x000000008c200000|  0%| F|  |TAMS 0x000000008c100000| PB 0x000000008c100000| Untracked 
| 194|0x000000008c200000, 0x000000008c200000, 0x000000008c300000|  0%| F|  |TAMS 0x000000008c200000| PB 0x000000008c200000| Untracked 
| 195|0x000000008c300000, 0x000000008c332568, 0x000000008c400000| 19%| S|CS|TAMS 0x000000008c300000| PB 0x000000008c300000| Complete 
| 196|0x000000008c400000, 0x000000008c500000, 0x000000008c500000|100%| S|CS|TAMS 0x000000008c400000| PB 0x000000008c400000| Complete 
| 197|0x000000008c500000, 0x000000008c600000, 0x000000008c600000|100%| S|CS|TAMS 0x000000008c500000| PB 0x000000008c500000| Complete 
| 198|0x000000008c600000, 0x000000008c700000, 0x000000008c700000|100%| S|CS|TAMS 0x000000008c600000| PB 0x000000008c600000| Complete 
| 199|0x000000008c700000, 0x000000008c800000, 0x000000008c800000|100%| S|CS|TAMS 0x000000008c700000| PB 0x000000008c700000| Complete 
| 200|0x000000008c800000, 0x000000008c800000, 0x000000008c900000|  0%| F|  |TAMS 0x000000008c800000| PB 0x000000008c800000| Untracked 
| 201|0x000000008c900000, 0x000000008c900000, 0x000000008ca00000|  0%| F|  |TAMS 0x000000008c900000| PB 0x000000008c900000| Untracked 
| 202|0x000000008ca00000, 0x000000008ca80000, 0x000000008cb00000| 50%| E|  |TAMS 0x000000008ca00000| PB 0x000000008ca00000| Complete 
| 203|0x000000008cb00000, 0x000000008cc00000, 0x000000008cc00000|100%| E|CS|TAMS 0x000000008cb00000| PB 0x000000008cb00000| Complete 
| 204|0x000000008cc00000, 0x000000008cd00000, 0x000000008cd00000|100%| E|CS|TAMS 0x000000008cc00000| PB 0x000000008cc00000| Complete 
| 205|0x000000008cd00000, 0x000000008ce00000, 0x000000008ce00000|100%| E|CS|TAMS 0x000000008cd00000| PB 0x000000008cd00000| Complete 
| 206|0x000000008ce00000, 0x000000008cf00000, 0x000000008cf00000|100%| E|CS|TAMS 0x000000008ce00000| PB 0x000000008ce00000| Complete 
| 207|0x000000008cf00000, 0x000000008d000000, 0x000000008d000000|100%| E|CS|TAMS 0x000000008cf00000| PB 0x000000008cf00000| Complete 
| 208|0x000000008d000000, 0x000000008d100000, 0x000000008d100000|100%| E|CS|TAMS 0x000000008d000000| PB 0x000000008d000000| Complete 
| 209|0x000000008d100000, 0x000000008d200000, 0x000000008d200000|100%| E|CS|TAMS 0x000000008d100000| PB 0x000000008d100000| Complete 
| 210|0x000000008d200000, 0x000000008d300000, 0x000000008d300000|100%| E|CS|TAMS 0x000000008d200000| PB 0x000000008d200000| Complete 
| 211|0x000000008d300000, 0x000000008d400000, 0x000000008d400000|100%| E|CS|TAMS 0x000000008d300000| PB 0x000000008d300000| Complete 
| 212|0x000000008d400000, 0x000000008d500000, 0x000000008d500000|100%| E|CS|TAMS 0x000000008d400000| PB 0x000000008d400000| Complete 
| 213|0x000000008d500000, 0x000000008d600000, 0x000000008d600000|100%| E|CS|TAMS 0x000000008d500000| PB 0x000000008d500000| Complete 
| 214|0x000000008d600000, 0x000000008d700000, 0x000000008d700000|100%| E|CS|TAMS 0x000000008d600000| PB 0x000000008d600000| Complete 
| 215|0x000000008d700000, 0x000000008d800000, 0x000000008d800000|100%| E|CS|TAMS 0x000000008d700000| PB 0x000000008d700000| Complete 
| 216|0x000000008d800000, 0x000000008d900000, 0x000000008d900000|100%| E|CS|TAMS 0x000000008d800000| PB 0x000000008d800000| Complete 
| 217|0x000000008d900000, 0x000000008da00000, 0x000000008da00000|100%| E|CS|TAMS 0x000000008d900000| PB 0x000000008d900000| Complete 
| 218|0x000000008da00000, 0x000000008db00000, 0x000000008db00000|100%| E|CS|TAMS 0x000000008da00000| PB 0x000000008da00000| Complete 
| 219|0x000000008db00000, 0x000000008dc00000, 0x000000008dc00000|100%| E|CS|TAMS 0x000000008db00000| PB 0x000000008db00000| Complete 
| 220|0x000000008dc00000, 0x000000008dd00000, 0x000000008dd00000|100%| E|CS|TAMS 0x000000008dc00000| PB 0x000000008dc00000| Complete 
| 221|0x000000008dd00000, 0x000000008de00000, 0x000000008de00000|100%| E|CS|TAMS 0x000000008dd00000| PB 0x000000008dd00000| Complete 
| 222|0x000000008de00000, 0x000000008df00000, 0x000000008df00000|100%| E|CS|TAMS 0x000000008de00000| PB 0x000000008de00000| Complete 
| 223|0x000000008df00000, 0x000000008e000000, 0x000000008e000000|100%| E|CS|TAMS 0x000000008df00000| PB 0x000000008df00000| Complete 
| 224|0x000000008e000000, 0x000000008e100000, 0x000000008e100000|100%| E|CS|TAMS 0x000000008e000000| PB 0x000000008e000000| Complete 
| 225|0x000000008e100000, 0x000000008e200000, 0x000000008e200000|100%| E|CS|TAMS 0x000000008e100000| PB 0x000000008e100000| Complete 
| 226|0x000000008e200000, 0x000000008e300000, 0x000000008e300000|100%| E|CS|TAMS 0x000000008e200000| PB 0x000000008e200000| Complete 
| 227|0x000000008e300000, 0x000000008e400000, 0x000000008e400000|100%| E|CS|TAMS 0x000000008e300000| PB 0x000000008e300000| Complete 
| 228|0x000000008e400000, 0x000000008e500000, 0x000000008e500000|100%| E|CS|TAMS 0x000000008e400000| PB 0x000000008e400000| Complete 
| 229|0x000000008e500000, 0x000000008e600000, 0x000000008e600000|100%| E|CS|TAMS 0x000000008e500000| PB 0x000000008e500000| Complete 
| 230|0x000000008e600000, 0x000000008e700000, 0x000000008e700000|100%| E|CS|TAMS 0x000000008e600000| PB 0x000000008e600000| Complete 
| 231|0x000000008e700000, 0x000000008e800000, 0x000000008e800000|100%| E|CS|TAMS 0x000000008e700000| PB 0x000000008e700000| Complete 
| 232|0x000000008e800000, 0x000000008e900000, 0x000000008e900000|100%| E|CS|TAMS 0x000000008e800000| PB 0x000000008e800000| Complete 
| 233|0x000000008e900000, 0x000000008ea00000, 0x000000008ea00000|100%| E|CS|TAMS 0x000000008e900000| PB 0x000000008e900000| Complete 
| 234|0x000000008ea00000, 0x000000008eb00000, 0x000000008eb00000|100%| E|CS|TAMS 0x000000008ea00000| PB 0x000000008ea00000| Complete 
| 235|0x000000008eb00000, 0x000000008ec00000, 0x000000008ec00000|100%| E|CS|TAMS 0x000000008eb00000| PB 0x000000008eb00000| Complete 
| 236|0x000000008ec00000, 0x000000008ed00000, 0x000000008ed00000|100%| E|CS|TAMS 0x000000008ec00000| PB 0x000000008ec00000| Complete 
| 237|0x000000008ed00000, 0x000000008ee00000, 0x000000008ee00000|100%| E|CS|TAMS 0x000000008ed00000| PB 0x000000008ed00000| Complete 
| 238|0x000000008ee00000, 0x000000008ef00000, 0x000000008ef00000|100%| E|CS|TAMS 0x000000008ee00000| PB 0x000000008ee00000| Complete 
| 239|0x000000008ef00000, 0x000000008f000000, 0x000000008f000000|100%| E|CS|TAMS 0x000000008ef00000| PB 0x000000008ef00000| Complete 
| 240|0x000000008f000000, 0x000000008f100000, 0x000000008f100000|100%| E|CS|TAMS 0x000000008f000000| PB 0x000000008f000000| Complete 
| 241|0x000000008f100000, 0x000000008f200000, 0x000000008f200000|100%| E|CS|TAMS 0x000000008f100000| PB 0x000000008f100000| Complete 
| 242|0x000000008f200000, 0x000000008f300000, 0x000000008f300000|100%| E|CS|TAMS 0x000000008f200000| PB 0x000000008f200000| Complete 
| 243|0x000000008f300000, 0x000000008f400000, 0x000000008f400000|100%| E|CS|TAMS 0x000000008f300000| PB 0x000000008f300000| Complete 
| 244|0x000000008f400000, 0x000000008f500000, 0x000000008f500000|100%| E|CS|TAMS 0x000000008f400000| PB 0x000000008f400000| Complete 
| 245|0x000000008f500000, 0x000000008f600000, 0x000000008f600000|100%| E|CS|TAMS 0x000000008f500000| PB 0x000000008f500000| Complete 
| 246|0x000000008f600000, 0x000000008f700000, 0x000000008f700000|100%| E|CS|TAMS 0x000000008f600000| PB 0x000000008f600000| Complete 
| 247|0x000000008f700000, 0x000000008f800000, 0x000000008f800000|100%| E|CS|TAMS 0x000000008f700000| PB 0x000000008f700000| Complete 
| 248|0x000000008f800000, 0x000000008f900000, 0x000000008f900000|100%| E|CS|TAMS 0x000000008f800000| PB 0x000000008f800000| Complete 
| 249|0x000000008f900000, 0x000000008fa00000, 0x000000008fa00000|100%| E|CS|TAMS 0x000000008f900000| PB 0x000000008f900000| Complete 
| 250|0x000000008fa00000, 0x000000008fb00000, 0x000000008fb00000|100%| E|CS|TAMS 0x000000008fa00000| PB 0x000000008fa00000| Complete 
| 251|0x000000008fb00000, 0x000000008fc00000, 0x000000008fc00000|100%| E|CS|TAMS 0x000000008fb00000| PB 0x000000008fb00000| Complete 

Card table byte_map: [0x00000261b36d0000,0x00000261b3ad0000] _byte_map_base: 0x00000261b32d0000

Marking Bits: (CMBitMap*) 0x00000261a0bdab10
 Bits: [0x00000261b3ad0000, 0x00000261b5ad0000)

Polling page: 0x000002619ea50000

Metaspace:

Usage:
  Non-class:     10.44 MB used.
      Class:      1.65 MB used.
       Both:     12.09 MB used.

Virtual space:
  Non-class space:       64.00 MB reserved,      10.69 MB ( 17%) committed,  1 nodes.
      Class space:        1.00 GB reserved,       1.81 MB ( <1%) committed,  1 nodes.
             Both:        1.06 GB reserved,      12.50 MB (  1%) committed. 

Chunk freelists:
   Non-Class:  5.17 MB
       Class:  14.19 MB
        Both:  19.36 MB

MaxMetaspaceSize: unlimited
CompressedClassSpaceSize: 1.00 GB
Initial GC threshold: 21.00 MB
Current GC threshold: 21.00 MB
CDS: on
 - commit_granule_bytes: 65536.
 - commit_granule_words: 8192.
 - virtual_space_node_default_size: 8388608.
 - enlarge_chunks_in_place: 1.
 - use_allocation_guard: 0.


Internal statistics:

num_allocs_failed_limit: 0.
num_arena_births: 400.
num_arena_deaths: 0.
num_vsnodes_births: 2.
num_vsnodes_deaths: 0.
num_space_committed: 200.
num_space_uncommitted: 0.
num_chunks_returned_to_freelist: 0.
num_chunks_taken_from_freelist: 796.
num_chunk_merges: 0.
num_chunk_splits: 520.
num_chunks_enlarged: 349.
num_inconsistent_stats: 0.

CodeHeap 'non-profiled nmethods': size=120000Kb used=1397Kb max_used=1397Kb free=118602Kb
 bounds [0x00000261ab850000, 0x00000261abac0000, 0x00000261b2d80000]
CodeHeap 'profiled nmethods': size=120000Kb used=5385Kb max_used=5385Kb free=114614Kb
 bounds [0x00000261a3d80000, 0x00000261a42d0000, 0x00000261ab2b0000]
CodeHeap 'non-nmethods': size=5760Kb used=1378Kb max_used=1398Kb free=4382Kb
 bounds [0x00000261ab2b0000, 0x00000261ab520000, 0x00000261ab850000]
CodeCache: size=245760Kb, used=8160Kb, max_used=8180Kb, free=237598Kb
 total_blobs=3396, nmethods=2858, adapters=442, full_count=0
Compilation: enabled, stopped_count=0, restarted_count=0

Compilation events (20 events):
Event: 250.356 Thread 0x00000261b874c6c0 2858       4       java.lang.invoke.LambdaForm$BasicType::basicType (187 bytes)
Event: 250.357 Thread 0x00000261b874d160 nmethod 2855 0x00000261a42ba910 code [0x00000261a42babc0, 0x00000261a42bb858]
Event: 250.357 Thread 0x00000261b874d160 2857       3       org.gradle.internal.service.DefaultServiceRegistry$ClassInspector$ClassDetails::locateAnnotation (44 bytes)
Event: 250.358 Thread 0x00000261b874d160 nmethod 2857 0x00000261a42bbc90 code [0x00000261a42bbee0, 0x00000261a42bc820]
Event: 250.359 Thread 0x00000261b874d160 2856       3       java.lang.invoke.LambdaFormEditor$TransformKey::packedBytes (37 bytes)
Event: 250.359 Thread 0x00000261b874c6c0 nmethod 2858 0x00000261ab9a9e90 code [0x00000261ab9aa020, 0x00000261ab9aa100]
Event: 250.359 Thread 0x00000261b874d160 nmethod 2856 0x00000261a42bcb10 code [0x00000261a42bcca0, 0x00000261a42bcdb0]
Event: 250.360 Thread 0x00000261b874c6c0 2859       4       java.lang.invoke.LambdaForm$BasicType::basicType (8 bytes)
Event: 250.361 Thread 0x00000261b874d160 2860       1       java.lang.invoke.MethodHandleImpl$IntrinsicMethodHandle::intrinsicName (5 bytes)
Event: 250.361 Thread 0x00000261b874d160 nmethod 2860 0x00000261ab9aa190 code [0x00000261ab9aa320, 0x00000261ab9aa3e8]
Event: 250.362 Thread 0x00000261b874c6c0 nmethod 2859 0x00000261ab9aa490 code [0x00000261ab9aa640, 0x00000261ab9aa780]
Event: 250.362 Thread 0x00000261b874c6c0 2861       4       java.lang.invoke.LambdaForm$Name::replaceNames (175 bytes)
Event: 250.542 Thread 0x00000261b874c6c0 nmethod 2861 0x00000261ab9aa890 code [0x00000261ab9aaac0, 0x00000261ab9abb38]
Event: 251.416 Thread 0x00000261b874d160 2863       3       java.lang.invoke.MethodHandles$Lookup::findBoundCallerLookup (30 bytes)
Event: 251.417 Thread 0x00000261b874d160 nmethod 2863 0x00000261a42bce10 code [0x00000261a42bd020, 0x00000261a42bd670]
Event: 251.417 Thread 0x00000261b874d160 2864       3       java.lang.invoke.MethodHandles$Lookup::getDirectMethodCommon (300 bytes)
Event: 251.419 Thread 0x00000261b874d160 nmethod 2864 0x00000261a42bd890 code [0x00000261a42bdc00, 0x00000261a42bed10]
Event: 251.419 Thread 0x00000261b874d160 2865       3       java.lang.invoke.MethodHandles$Lookup::maybeBindCaller (72 bytes)
Event: 251.419 Thread 0x00000261b874d160 nmethod 2865 0x00000261a42bf310 code [0x00000261a42bf540, 0x00000261a42bfca8]
Event: 251.443 Thread 0x00000261b874c6c0 2866   !   4       java.util.zip.InflaterInputStream::read (129 bytes)

GC Heap History (6 events):
Event: 9.670 GC heap before
{Heap before GC invocations=0 (full 0):
 garbage-first heap   total 258048K, used 23552K [0x0000000080000000, 0x0000000100000000)
  region size 1024K, 23 young (23552K), 0 survivors (0K)
 Metaspace       used 983K, committed 1088K, reserved 1114112K
  class space    used 80K, committed 128K, reserved 1048576K
}
Event: 13.868 GC heap after
{Heap after GC invocations=1 (full 0):
 garbage-first heap   total 258048K, used 1770K [0x0000000080000000, 0x0000000100000000)
  region size 1024K, 2 young (2048K), 2 survivors (2048K)
 Metaspace       used 983K, committed 1088K, reserved 1114112K
  class space    used 80K, committed 128K, reserved 1048576K
}
Event: 20.793 GC heap before
{Heap before GC invocations=1 (full 0):
 garbage-first heap   total 258048K, used 37610K [0x0000000080000000, 0x0000000100000000)
  region size 1024K, 35 young (35840K), 2 survivors (2048K)
 Metaspace       used 4420K, committed 4672K, reserved 1114112K
  class space    used 584K, committed 704K, reserved 1048576K
}
Event: 20.800 GC heap after
{Heap after GC invocations=2 (full 0):
 garbage-first heap   total 258048K, used 10652K [0x0000000080000000, 0x0000000100000000)
  region size 1024K, 5 young (5120K), 5 survivors (5120K)
 Metaspace       used 4420K, committed 4672K, reserved 1114112K
  class space    used 584K, committed 704K, reserved 1048576K
}
Event: 38.375 GC heap before
{Heap before GC invocations=2 (full 0):
 garbage-first heap   total 258048K, used 59804K [0x0000000080000000, 0x0000000100000000)
  region size 1024K, 52 young (53248K), 5 survivors (5120K)
 Metaspace       used 4692K, committed 4928K, reserved 1114112K
  class space    used 606K, committed 704K, reserved 1048576K
}
Event: 38.387 GC heap after
{Heap after GC invocations=3 (full 0):
 garbage-first heap   total 258048K, used 15689K [0x0000000080000000, 0x0000000100000000)
  region size 1024K, 5 young (5120K), 5 survivors (5120K)
 Metaspace       used 4692K, committed 4928K, reserved 1114112K
  class space    used 606K, committed 704K, reserved 1048576K
}

Dll operation events (20 events):
Event: 3.593 Attempting to load shared library C:\Users\enzonascimento-ieg\.cursor\extensions\redhat.java-1.56.0-win32-x64\jre\21.0.12.1-win32-x86_64\bin\nio.dll
Event: 3.593 Loaded shared library C:\Users\enzonascimento-ieg\.cursor\extensions\redhat.java-1.56.0-win32-x64\jre\21.0.12.1-win32-x86_64\bin\nio.dll
Event: 3.603 Attempting to load shared library C:\Users\enzonascimento-ieg\.cursor\extensions\redhat.java-1.56.0-win32-x64\jre\21.0.12.1-win32-x86_64\bin\zip.dll
Event: 3.603 Loaded shared library C:\Users\enzonascimento-ieg\.cursor\extensions\redhat.java-1.56.0-win32-x64\jre\21.0.12.1-win32-x86_64\bin\zip.dll
Event: 7.782 Attempting to load shared library C:\Users\enzonascimento-ieg\.cursor\extensions\redhat.java-1.56.0-win32-x64\jre\21.0.12.1-win32-x86_64\bin\jimage.dll
Event: 7.782 Loaded shared library C:\Users\enzonascimento-ieg\.cursor\extensions\redhat.java-1.56.0-win32-x64\jre\21.0.12.1-win32-x86_64\bin\jimage.dll
Event: 16.750 Attempting to load shared library C:\Users\enzonascimento-ieg\.cursor\extensions\redhat.java-1.56.0-win32-x64\jre\21.0.12.1-win32-x86_64\bin\verify.dll
Event: 16.750 Loaded shared library C:\Users\enzonascimento-ieg\.cursor\extensions\redhat.java-1.56.0-win32-x64\jre\21.0.12.1-win32-x86_64\bin\verify.dll
Event: 17.801 Attempting to load shared library C:\Users\enzonascimento-ieg\.gradle\native\1def1411415f61bf3af743bc5b6707747c0891f09f0c88961ee8f79bc544acac\windows-amd64\native-platform.dll
Event: 17.802 Loaded shared library C:\Users\enzonascimento-ieg\.gradle\native\1def1411415f61bf3af743bc5b6707747c0891f09f0c88961ee8f79bc544acac\windows-amd64\native-platform.dll
Event: 17.839 Attempting to load shared library C:\Users\enzonascimento-ieg\.gradle\native\0.2.8\x86_64-windows-gnu\gradle-fileevents.dll
Event: 17.840 Loaded shared library C:\Users\enzonascimento-ieg\.gradle\native\0.2.8\x86_64-windows-gnu\gradle-fileevents.dll
Event: 39.991 Attempting to load shared library C:\Users\enzonascimento-ieg\.cursor\extensions\redhat.java-1.56.0-win32-x64\jre\21.0.12.1-win32-x86_64\bin\management.dll
Event: 39.993 Loaded shared library C:\Users\enzonascimento-ieg\.cursor\extensions\redhat.java-1.56.0-win32-x64\jre\21.0.12.1-win32-x86_64\bin\management.dll
Event: 40.001 Attempting to load shared library C:\Users\enzonascimento-ieg\.cursor\extensions\redhat.java-1.56.0-win32-x64\jre\21.0.12.1-win32-x86_64\bin\management_ext.dll
Event: 40.069 Loaded shared library C:\Users\enzonascimento-ieg\.cursor\extensions\redhat.java-1.56.0-win32-x64\jre\21.0.12.1-win32-x86_64\bin\management_ext.dll
Event: 46.404 Attempting to load shared library C:\Users\enzonascimento-ieg\.cursor\extensions\redhat.java-1.56.0-win32-x64\jre\21.0.12.1-win32-x86_64\bin\extnet.dll
Event: 46.409 Loaded shared library C:\Users\enzonascimento-ieg\.cursor\extensions\redhat.java-1.56.0-win32-x64\jre\21.0.12.1-win32-x86_64\bin\extnet.dll
Event: 238.114 Attempting to load shared library C:\Users\enzonascimento-ieg\.cursor\extensions\redhat.java-1.56.0-win32-x64\jre\21.0.12.1-win32-x86_64\bin\sunmscapi.dll
Event: 238.118 Loaded shared library C:\Users\enzonascimento-ieg\.cursor\extensions\redhat.java-1.56.0-win32-x64\jre\21.0.12.1-win32-x86_64\bin\sunmscapi.dll

Deoptimization events (20 events):
Event: 238.609 Thread 0x00000261fe279da0 Uncommon trap: trap_request=0xffffff45 fr.pc=0x00000261ab97a35c relative=0x00000000000000bc
Event: 238.609 Thread 0x00000261fe279da0 Uncommon trap: reason=unstable_if action=reinterpret pc=0x00000261ab97a35c method=java.lang.Long.valueOf(J)Ljava/lang/Long; @ 17 c2
Event: 238.609 Thread 0x00000261fe279da0 DEOPT PACKING pc=0x00000261ab97a35c sp=0x000000db39dff1f0
Event: 238.609 Thread 0x00000261fe279da0 DEOPT UNPACKING pc=0x00000261ab304422 sp=0x000000db39dff188 mode 2
Event: 238.658 Thread 0x00000261fe27e660 Uncommon trap: trap_request=0xffffff45 fr.pc=0x00000261ab963234 relative=0x0000000000000194
Event: 238.658 Thread 0x00000261fe27e660 Uncommon trap: reason=unstable_if action=reinterpret pc=0x00000261ab963234 method=java.util.concurrent.locks.ReentrantLock$NonfairSync.initialTryLock()Z @ 25 c2
Event: 238.658 Thread 0x00000261fe27e660 DEOPT PACKING pc=0x00000261ab963234 sp=0x000000db39cfe960
Event: 238.658 Thread 0x00000261fe27e660 DEOPT UNPACKING pc=0x00000261ab304422 sp=0x000000db39cfe848 mode 2
Event: 238.808 Thread 0x00000261fec0e400 Uncommon trap: trap_request=0xffffff45 fr.pc=0x00000261ab963dd0 relative=0x0000000000000250
Event: 238.808 Thread 0x00000261fec0e400 Uncommon trap: reason=unstable_if action=reinterpret pc=0x00000261ab963dd0 method=java.io.WinNTFileSystem.prefixLength(Ljava/lang/String;)I @ 25 c2
Event: 238.808 Thread 0x00000261fec0e400 DEOPT PACKING pc=0x00000261ab963dd0 sp=0x000000db39ffece0
Event: 238.808 Thread 0x00000261fec0e400 DEOPT UNPACKING pc=0x00000261ab304422 sp=0x000000db39ffec68 mode 2
Event: 238.849 Thread 0x00000261fec0e400 Uncommon trap: trap_request=0xffffff6e fr.pc=0x00000261ab8f50a8 relative=0x00000000000003e8
Event: 238.849 Thread 0x00000261fec0e400 Uncommon trap: reason=loop_limit_check action=maybe_recompile pc=0x00000261ab8f50a8 method=java.lang.StringLatin1.indexOf([BI[BII)I @ 37 c2
Event: 238.849 Thread 0x00000261fec0e400 DEOPT PACKING pc=0x00000261ab8f50a8 sp=0x000000db39ffec50
Event: 238.849 Thread 0x00000261fec0e400 DEOPT UNPACKING pc=0x00000261ab304422 sp=0x000000db39ffebb0 mode 2
Event: 239.648 Thread 0x00000261fec0e400 Uncommon trap: trap_request=0xffffffcc fr.pc=0x00000261ab96ac0c relative=0x000000000000034c
Event: 239.648 Thread 0x00000261fec0e400 Uncommon trap: reason=intrinsic_or_type_checked_inlining action=make_not_entrant pc=0x00000261ab96ac0c method=java.util.Arrays.copyOf([Ljava/lang/Object;ILjava/lang/Class;)[Ljava/lang/Object; @ 35 c2
Event: 239.648 Thread 0x00000261fec0e400 DEOPT PACKING pc=0x00000261ab96ac0c sp=0x000000db39ffe0d0
Event: 239.648 Thread 0x00000261fec0e400 DEOPT UNPACKING pc=0x00000261ab304422 sp=0x000000db39ffe078 mode 2

Classes loaded (20 events):
Event: 238.807 Loading class java/util/Collections$UnmodifiableMap$UnmodifiableEntrySet$1
Event: 238.807 Loading class java/util/Collections$UnmodifiableMap$UnmodifiableEntrySet$1 done
Event: 238.807 Loading class java/util/Collections$UnmodifiableMap$UnmodifiableEntrySet$UnmodifiableEntry
Event: 238.807 Loading class java/util/Collections$UnmodifiableMap$UnmodifiableEntrySet$UnmodifiableEntry done
Event: 239.266 Loading class java/lang/invoke/DirectMethodHandle$StaticAccessor
Event: 239.338 Loading class java/lang/invoke/DirectMethodHandle$StaticAccessor done
Event: 239.345 Loading class java/util/concurrent/CountDownLatch
Event: 239.345 Loading class java/util/concurrent/CountDownLatch done
Event: 239.345 Loading class java/util/concurrent/CountDownLatch$Sync
Event: 239.345 Loading class java/util/concurrent/CountDownLatch$Sync done
Event: 239.413 Loading class java/math/BigDecimal
Event: 239.413 Loading class jdk/internal/event/ThreadSleepEvent
Event: 239.414 Loading class jdk/internal/event/ThreadSleepEvent done
Event: 239.415 Loading class java/math/BigDecimal done
Event: 240.201 Loading class sun/reflect/generics/tree/VoidDescriptor
Event: 240.202 Loading class sun/reflect/generics/tree/VoidDescriptor done
Event: 249.091 Loading class java/util/concurrent/atomic/AtomicReferenceArray
Event: 249.216 Loading class java/util/concurrent/atomic/AtomicReferenceArray done
Event: 249.218 Loading class java/lang/invoke/VarHandleReferences$Array
Event: 249.219 Loading class java/lang/invoke/VarHandleReferences$Array done

Classes unloaded (0 events):
No events

Classes redefined (0 events):
No events

Internal exceptions (20 events):
Event: 38.707 Thread 0x00000261a0b7d090 Exception <a 'java/lang/NoSuchMethodError'{0x000000008f5b2348}: 'int java.lang.invoke.DelegatingMethodHandle$Holder.reinvoke_L(java.lang.Object)'> (0x000000008f5b2348) 
thrown [s\src\hotspot\share\interpreter\linkResolver.cpp, line 773]
Event: 39.541 Thread 0x00000261a0b7d090 Exception <a 'java/lang/NoSuchMethodError'{0x000000008f251940}: 'java.lang.Object java.lang.invoke.DirectMethodHandle$Holder.invokeVirtual(java.lang.Object, java.lang.Object, java.lang.Object, java.lang.Object, java.lang.Object)'> (0x000000008f251940) 
thrown [s\src\hotspot\share\interpreter\linkResolver.cpp, line 773]
Event: 39.867 Thread 0x00000261a0b7d090 Exception <a 'java/lang/NoSuchMethodError'{0x000000008f266fe8}: 'java.lang.Object java.lang.invoke.Invokers$Holder.invokeExact_MT(java.lang.Object, java.lang.Object, java.lang.Object, java.lang.Object, java.lang.Object, java.lang.Object)'> (0x000000008f266fe8) 
thrown [s\src\hotspot\share\interpreter\linkResolver.cpp, line 773]
Event: 39.897 Thread 0x00000261a0b7d090 Exception <a 'java/lang/NoSuchMethodError'{0x000000008f2c25e0}: 'java.lang.Object java.lang.invoke.DirectMethodHandle$Holder.invokeVirtual(java.lang.Object, java.lang.Object, java.lang.Object, java.lang.Object, java.lang.Object, java.lang.Object)'> (0x000000008f2c25e0) 
thrown [s\src\hotspot\share\interpreter\linkResolver.cpp, line 773]
Event: 40.124 Thread 0x00000261a0b7d090 Exception <a 'java/lang/NoSuchMethodError'{0x000000008f00ca20}: 'java.lang.Object java.lang.invoke.DirectMethodHandle$Holder.invokeInterface(java.lang.Object, java.lang.Object)'> (0x000000008f00ca20) 
thrown [s\src\hotspot\share\interpreter\linkResolver.cpp, line 773]
Event: 40.359 Thread 0x00000261a0b7d090 Exception <a 'java/lang/NoSuchMethodError'{0x000000008f0ca1a0}: 'java.lang.Object java.lang.invoke.DelegatingMethodHandle$Holder.reinvoke_L(java.lang.Object, java.lang.Object, java.lang.Object, java.lang.Object, java.lang.Object, java.lang.Object, java.lang.Object, java.lang.Object, java.lang.Object, java.lang.Object, java.lang.Object, java.lang.Object, java.lang.Object, java.lang.Object)'> (0x000000008f0ca1a0) 
thrown [s\src\hotspot\share\interpreter\linkResolver.cpp, line 773]
Event: 40.369 Thread 0x00000261a0b7d090 Exception <a 'java/lang/NoSuchMethodError'{0x000000008ef970b8}: 'java.lang.Object java.lang.invoke.DirectMethodHandle$Holder.invokeStatic(java.lang.Object, java.lang.Object, java.lang.Object, java.lang.Object, java.lang.Object, java.lang.Object, java.lang.Object, java.lang.Object, java.lang.Object, java.lang.Object, java.lang.Object, java.lang.Object, java.lang.Object)'> (0x000000008ef970b8) 
thrown [s\src\hotspot\share\interpreter\linkResolver.cpp, line 773]
Event: 40.374 Thread 0x00000261a0b7d090 Exception <a 'java/lang/NoSuchMethodError'{0x000000008efb66c0}: 'java.lang.Object java.lang.invoke.DirectMethodHandle$Holder.invokeStatic(java.lang.Object, java.lang.Object, java.lang.Object, java.lang.Object, java.lang.Object, java.lang.Object, java.lang.Object, java.lang.Object, java.lang.Object, java.lang.Object, java.lang.Object, java.lang.Object, java.lang.Object, java.lang.Object)'> (0x000000008efb66c0) 
thrown [s\src\hotspot\share\interpreter\linkResolver.cpp, line 773]
Event: 40.384 Thread 0x00000261a0b7d090 Exception <a 'java/lang/NoSuchMethodError'{0x000000008efd6c90}: 'java.lang.Object java.lang.invoke.DirectMethodHandle$Holder.invokeStatic(java.lang.Object, java.lang.Object, java.lang.Object, java.lang.Object, java.lang.Object, java.lang.Object, java.lang.Object, java.lang.Object, java.lang.Object, java.lang.Object, java.lang.Object, java.lang.Object, java.lang.Object, java.lang.Object, java.lang.Object)'> (0x000000008efd6c90) 
thrown [s\src\hotspot\share\interpreter\linkResolver.cpp, line 773]
Event: 40.390 Thread 0x00000261a0b7d090 Exception <a 'java/lang/NoSuchMethodError'{0x000000008eff9860}: 'java.lang.Object java.lang.invoke.DirectMethodHandle$Holder.invokeStatic(java.lang.Object, java.lang.Object, java.lang.Object, java.lang.Object, java.lang.Object, java.lang.Object, java.lang.Object, java.lang.Object, java.lang.Object, java.lang.Object, java.lang.Object, java.lang.Object, java.lang.Object, java.lang.Object, java.lang.Object, java.lang.Object)'> (0x000000008eff9860) 
thrown [s\src\hotspot\share\interpreter\linkResolver.cpp, lin
Event: 47.236 Thread 0x00000261a0b7d090 Exception <a 'java/lang/NoSuchMethodError'{0x000000008eb08a68}: 'java.lang.Object java.lang.invoke.DirectMethodHandle$Holder.invokeVirtual(java.lang.Object, java.lang.Object, java.lang.Object, java.lang.Object, java.lang.Object, java.lang.Object, java.lang.Object)'> (0x000000008eb08a68) 
thrown [s\src\hotspot\share\interpreter\linkResolver.cpp, line 773]
Event: 47.614 Thread 0x00000261a0b7d090 Exception <a 'java/lang/NoSuchMethodError'{0x000000008eb9cae8}: 'java.lang.Object java.lang.invoke.DirectMethodHandle$Holder.invokeVirtual(java.lang.Object, java.lang.Object, java.lang.Object, java.lang.Object, java.lang.Object, java.lang.Object, java.lang.Object, java.lang.Object, java.lang.Object)'> (0x000000008eb9cae8) 
thrown [s\src\hotspot\share\interpreter\linkResolver.cpp, line 773]
Event: 49.730 Thread 0x00000261a0b7d090 Exception <a 'java/lang/NoSuchMethodError'{0x000000008e944940}: 'java.lang.Object java.lang.invoke.DirectMethodHandle$Holder.invokeStaticInit(java.lang.Object, int, int, int, int)'> (0x000000008e944940) 
thrown [s\src\hotspot\share\interpreter\linkResolver.cpp, line 773]
Event: 56.498 Thread 0x00000261a0b7d090 Exception <a 'java/lang/NoSuchMethodError'{0x000000008e82a348}: 'java.lang.Object java.lang.invoke.DirectMethodHandle$Holder.invokeStaticInit(java.lang.Object, java.lang.Object, int, int, int, int)'> (0x000000008e82a348) 
thrown [s\src\hotspot\share\interpreter\linkResolver.cpp, line 773]
Event: 63.759 Thread 0x00000261a0b7d090 Exception <a 'java/io/IOException'{0x000000008e58fbc8}> (0x000000008e58fbc8) 
thrown [s\src\hotspot\share\prims\jni.cpp, line 520]
Event: 63.765 Thread 0x00000261a0b7d090 Implicit null exception at 0x00000261ab8a0da4 to 0x00000261ab8a1408
Event: 63.768 Thread 0x00000261a0b7d090 Exception <a 'java/lang/NoSuchMethodError'{0x000000008e47f580}: 'java.lang.Object java.lang.invoke.DirectMethodHandle$Holder.newInvokeSpecial(java.lang.Object, java.lang.Object, java.lang.Object, java.lang.Object, java.lang.Object)'> (0x000000008e47f580) 
thrown [s\src\hotspot\share\interpreter\linkResolver.cpp, line 773]
Event: 238.656 Thread 0x00000261fe27e660 Exception <a 'java/lang/NoSuchMethodError'{0x000000008d691788}: 'void java.lang.invoke.DirectMethodHandle$Holder.invokeSpecial(java.lang.Object, java.lang.Object, java.lang.Object)'> (0x000000008d691788) 
thrown [s\src\hotspot\share\interpreter\linkResolver.cpp, line 773]
Event: 243.229 Thread 0x00000261fec0e400 Exception <a 'java/lang/NoSuchMethodError'{0x000000008d076bf0}: 'long java.lang.invoke.DirectMethodHandle$Holder.invokeInterface(java.lang.Object, java.lang.Object)'> (0x000000008d076bf0) 
thrown [s\src\hotspot\share\interpreter\linkResolver.cpp, line 773]
Event: 251.415 Thread 0x00000261fec0e400 Exception <a 'java/lang/NoSuchMethodError'{0x000000008cced6a8}: 'void java.lang.invoke.DirectMethodHandle$Holder.invokeStatic(java.lang.Object, java.lang.Object)'> (0x000000008cced6a8) 
thrown [s\src\hotspot\share\interpreter\linkResolver.cpp, line 773]

ZGC Phase Switch (0 events):
No events

VM Operations (20 events):
Event: 238.297 Executing non-safepoint VM operation: HandshakeAllThreads (Deoptimize) done
Event: 238.297 Executing safepoint VM operation: Cleanup
Event: 238.297 Executing safepoint VM operation: Cleanup done
Event: 239.306 Executing safepoint VM operation: Cleanup
Event: 239.338 Executing safepoint VM operation: Cleanup done
Event: 240.344 Executing safepoint VM operation: Cleanup
Event: 240.360 Executing safepoint VM operation: Cleanup done
Event: 241.365 Executing safepoint VM operation: Cleanup
Event: 241.365 Executing safepoint VM operation: Cleanup done
Event: 243.385 Executing safepoint VM operation: Cleanup
Event: 243.401 Executing safepoint VM operation: Cleanup done
Event: 244.408 Executing safepoint VM operation: Cleanup
Event: 244.409 Executing safepoint VM operation: Cleanup done
Event: 245.415 Executing safepoint VM operation: Cleanup
Event: 245.416 Executing safepoint VM operation: Cleanup done
Event: 249.449 Executing safepoint VM operation: Cleanup
Event: 249.449 Executing safepoint VM operation: Cleanup done
Event: 250.457 Executing safepoint VM operation: Cleanup
Event: 250.503 Executing safepoint VM operation: Cleanup done
Event: 251.513 Executing safepoint VM operation: Cleanup

Memory protections (0 events):
No events

Nmethod flushes (0 events):
No events

Events (20 events):
Event: 8.808 Thread 0x00000261b8b89440 Thread exited: 0x00000261b8b89440
Event: 9.243 Thread 0x00000261b8b88d90 Thread exited: 0x00000261b8b88d90
Event: 9.250 Thread 0x00000261b874c6c0 Thread added: 0x00000261b8b88d90
Event: 14.456 Thread 0x00000261b8b88d90 Thread exited: 0x00000261b8b88d90
Event: 14.529 Thread 0x00000261b874d160 Thread added: 0x00000261b8990bf0
Event: 16.109 Thread 0x00000261b8990bf0 Thread exited: 0x00000261b8990bf0
Event: 18.736 Thread 0x00000261b874d160 Thread added: 0x00000261fe25e580
Event: 18.784 Thread 0x00000261b874d160 Thread added: 0x00000261b89b63f0
Event: 20.117 Thread 0x00000261b89b63f0 Thread exited: 0x00000261b89b63f0
Event: 20.528 Thread 0x00000261fe25e580 Thread exited: 0x00000261fe25e580
Event: 40.341 Thread 0x00000261a0b7d090 Thread added: 0x00000261fe285510
Event: 57.114 Thread 0x00000261a0b7d090 Thread added: 0x00000261fec6dd60
Event: 63.771 Thread 0x00000261a0b7d090 Thread added: 0x00000261801296b0
Event: 238.441 Thread 0x00000261fec6dd60 Thread added: 0x00000261fe27e660
Event: 238.510 Thread 0x00000261fe27e660 Thread added: 0x00000261fe279da0
Event: 238.620 Thread 0x00000261fe27e660 Thread added: 0x00000261fea896b0
Event: 238.658 Thread 0x00000261fe27e660 Thread added: 0x00000261fec0e400
Event: 239.413 Thread 0x00000261fec0e400 Thread added: 0x00000261ff5acfe0
Event: 239.490 Thread 0x00000261fec0e400 Thread added: 0x00000261ff5aea20
Event: 239.642 Thread 0x00000261fec0e400 Thread added: 0x00000261ff5b0460


Dynamic libraries:
0x00007ff6a5040000 - 0x00007ff6a504e000 	C:\Users\enzonascimento-ieg\.cursor\extensions\redhat.java-1.56.0-win32-x64\jre\21.0.12.1-win32-x86_64\bin\java.exe
0x00007ff8a2a20000 - 0x00007ff8a2c87000 	C:\Windows\SYSTEM32\ntdll.dll
0x00007ff8a0f70000 - 0x00007ff8a103b000 	C:\Windows\System32\KERNEL32.DLL
0x00007ff8a0330000 - 0x00007ff8a0732000 	C:\Windows\System32\KERNELBASE.dll
0x00007ff89fe40000 - 0x00007ff89ff8c000 	C:\Windows\System32\ucrtbase.dll
0x00007ff86edb0000 - 0x00007ff86edc8000 	C:\Users\enzonascimento-ieg\.cursor\extensions\redhat.java-1.56.0-win32-x64\jre\21.0.12.1-win32-x86_64\bin\jli.dll
0x00007ff8a23f0000 - 0x00007ff8a25bf000 	C:\Windows\System32\USER32.dll
0x00007ff89fc20000 - 0x00007ff89fc47000 	C:\Windows\System32\win32u.dll
0x00007ff8a2290000 - 0x00007ff8a22bb000 	C:\Windows\System32\GDI32.dll
0x00007ff89fc50000 - 0x00007ff89fd79000 	C:\Windows\System32\gdi32full.dll
0x00007ff89ffa0000 - 0x00007ff8a0043000 	C:\Windows\System32\msvcp_win.dll
0x00007ff86edf0000 - 0x00007ff86ee0e000 	C:\Users\enzonascimento-ieg\.cursor\extensions\redhat.java-1.56.0-win32-x64\jre\21.0.12.1-win32-x86_64\bin\VCRUNTIME140.dll
0x00007ff8834a0000 - 0x00007ff883730000 	C:\Windows\WinSxS\amd64_microsoft.windows.common-controls_6595b64144ccf1df_6.0.26100.9278_none_3e0d1ba8e3303201\COMCTL32.dll
0x00007ff8a19a0000 - 0x00007ff8a1a49000 	C:\Windows\System32\msvcrt.dll
0x00007ff8a0eb0000 - 0x00007ff8a0ee1000 	C:\Windows\System32\IMM32.DLL
0x00007ff89c250000 - 0x00007ff89c25c000 	C:\Users\enzonascimento-ieg\.cursor\extensions\redhat.java-1.56.0-win32-x64\jre\21.0.12.1-win32-x86_64\bin\vcruntime140_1.dll
0x00007ff82e330000 - 0x00007ff82e3bd000 	C:\Users\enzonascimento-ieg\.cursor\extensions\redhat.java-1.56.0-win32-x64\jre\21.0.12.1-win32-x86_64\bin\msvcp140.dll
0x00007fffb7530000 - 0x00007fffb82d2000 	C:\Users\enzonascimento-ieg\.cursor\extensions\redhat.java-1.56.0-win32-x64\jre\21.0.12.1-win32-x86_64\bin\server\jvm.dll
0x00007ff8a0de0000 - 0x00007ff8a0e9c000 	C:\Windows\System32\ADVAPI32.dll
0x00007ff8a2000000 - 0x00007ff8a20a9000 	C:\Windows\System32\sechost.dll
0x00007ff8a1a50000 - 0x00007ff8a1b68000 	C:\Windows\System32\RPCRT4.dll
0x00007ff8a2360000 - 0x00007ff8a23e0000 	C:\Windows\System32\WS2_32.dll
0x00007ff89fa80000 - 0x00007ff89fade000 	C:\Windows\SYSTEM32\POWRPROF.dll
0x00007ff89bed0000 - 0x00007ff89bf06000 	C:\Windows\SYSTEM32\WINMM.dll
0x00007ff882540000 - 0x00007ff88254b000 	C:\Windows\SYSTEM32\VERSION.dll
0x00007ff89fa60000 - 0x00007ff89fa75000 	C:\Windows\SYSTEM32\UMPDC.dll
0x00007ff89e8b0000 - 0x00007ff89e8cb000 	C:\Windows\SYSTEM32\kernel.appcore.dll
0x00007ff88b7c0000 - 0x00007ff88b7ca000 	C:\Users\enzonascimento-ieg\.cursor\extensions\redhat.java-1.56.0-win32-x64\jre\21.0.12.1-win32-x86_64\bin\jimage.dll
0x00007ff89cfe0000 - 0x00007ff89d22c000 	C:\Windows\SYSTEM32\DBGHELP.DLL
0x00007ff8a0760000 - 0x00007ff8a0ae5000 	C:\Windows\System32\combase.dll
0x00007ff8a2130000 - 0x00007ff8a2209000 	C:\Windows\System32\OLEAUT32.dll
0x00007ff87e6f0000 - 0x00007ff87e72b000 	C:\Windows\SYSTEM32\dbgcore.DLL
0x00007ff8a0270000 - 0x00007ff8a031c000 	C:\Windows\System32\bcryptPrimitives.dll
0x00007ff881760000 - 0x00007ff88176f000 	C:\Users\enzonascimento-ieg\.cursor\extensions\redhat.java-1.56.0-win32-x64\jre\21.0.12.1-win32-x86_64\bin\instrument.dll
0x00007ff86ed60000 - 0x00007ff86ed80000 	C:\Users\enzonascimento-ieg\.cursor\extensions\redhat.java-1.56.0-win32-x64\jre\21.0.12.1-win32-x86_64\bin\java.dll
0x00007ff8a1040000 - 0x00007ff8a17d8000 	C:\Windows\System32\SHELL32.dll
0x00007ff89d420000 - 0x00007ff89dcce000 	C:\Windows\SYSTEM32\windows.storage.dll
0x00007ff8a17e0000 - 0x00007ff8a18db000 	C:\Windows\System32\SHCORE.dll
0x00007ff8a0ef0000 - 0x00007ff8a0f56000 	C:\Windows\System32\shlwapi.dll
0x00007ff89fb40000 - 0x00007ff89fb69000 	C:\Windows\SYSTEM32\profapi.dll
0x00007ff86eba0000 - 0x00007ff86ebb8000 	C:\Users\enzonascimento-ieg\.cursor\extensions\redhat.java-1.56.0-win32-x64\jre\21.0.12.1-win32-x86_64\bin\zip.dll
0x00007ff88b5d0000 - 0x00007ff88b5e0000 	C:\Users\enzonascimento-ieg\.cursor\extensions\redhat.java-1.56.0-win32-x64\jre\21.0.12.1-win32-x86_64\bin\net.dll
0x00007ff88e680000 - 0x00007ff88e7aa000 	C:\Windows\SYSTEM32\WINHTTP.dll
0x00007ff89ee50000 - 0x00007ff89eebc000 	C:\Windows\system32\mswsock.dll
0x00007ff866290000 - 0x00007ff8662a6000 	C:\Users\enzonascimento-ieg\.cursor\extensions\redhat.java-1.56.0-win32-x64\jre\21.0.12.1-win32-x86_64\bin\nio.dll
0x00007ff86efc0000 - 0x00007ff86efd0000 	C:\Users\enzonascimento-ieg\.cursor\extensions\redhat.java-1.56.0-win32-x64\jre\21.0.12.1-win32-x86_64\bin\verify.dll
0x00007ff86eab0000 - 0x00007ff86ead7000 	C:\Users\enzonascimento-ieg\.gradle\native\1def1411415f61bf3af743bc5b6707747c0891f09f0c88961ee8f79bc544acac\windows-amd64\native-platform.dll
0x00007ff84adb0000 - 0x00007ff84ae27000 	C:\Users\enzonascimento-ieg\.gradle\native\0.2.8\x86_64-windows-gnu\gradle-fileevents.dll
0x00007ff86eea0000 - 0x00007ff86eeaa000 	C:\Users\enzonascimento-ieg\.cursor\extensions\redhat.java-1.56.0-win32-x64\jre\21.0.12.1-win32-x86_64\bin\management.dll
0x00007ff86eb90000 - 0x00007ff86eb9c000 	C:\Users\enzonascimento-ieg\.cursor\extensions\redhat.java-1.56.0-win32-x64\jre\21.0.12.1-win32-x86_64\bin\management_ext.dll
0x00007ff8a20b0000 - 0x00007ff8a20b8000 	C:\Windows\System32\PSAPI.DLL
0x00007ff89dfe0000 - 0x00007ff89e013000 	C:\Windows\SYSTEM32\IPHLPAPI.DLL
0x00007ff8a0f60000 - 0x00007ff8a0f6a000 	C:\Windows\System32\NSI.dll
0x00007ff86d7a0000 - 0x00007ff86d7a9000 	C:\Users\enzonascimento-ieg\.cursor\extensions\redhat.java-1.56.0-win32-x64\jre\21.0.12.1-win32-x86_64\bin\extnet.dll
0x00007ff89f270000 - 0x00007ff89f28b000 	C:\Windows\SYSTEM32\CRYPTSP.dll
0x00007ff89e810000 - 0x00007ff89e849000 	C:\Windows\system32\rsaenh.dll
0x00007ff89ef00000 - 0x00007ff89ef34000 	C:\Windows\SYSTEM32\USERENV.dll
0x00007ff89fb10000 - 0x00007ff89fb3a000 	C:\Windows\SYSTEM32\bcrypt.dll
0x00007ff89f0b0000 - 0x00007ff89f0bc000 	C:\Windows\SYSTEM32\CRYPTBASE.dll
0x00007ff866010000 - 0x00007ff86601e000 	C:\Users\enzonascimento-ieg\.cursor\extensions\redhat.java-1.56.0-win32-x64\jre\21.0.12.1-win32-x86_64\bin\sunmscapi.dll
0x00007ff8a0050000 - 0x00007ff8a01ce000 	C:\Windows\System32\CRYPT32.dll
0x00007ff89f3e0000 - 0x00007ff89f410000 	C:\Windows\SYSTEM32\ncrypt.dll
0x00007ff89f390000 - 0x00007ff89f3cf000 	C:\Windows\SYSTEM32\NTASN1.dll
0x00007ff8842a0000 - 0x00007ff8842a8000 	C:\Windows\system32\wshunix.dll

JVMTI agents:
C:\Users\enzonascimento-ieg\.gradle\wrapper\dists\gradle-9.1.0-bin\9agqghryom9wkf8r80qlhnts3\gradle-9.1.0\lib\agents\gradle-instrumentation-agent-9.1.0.jar path:C:\Users\enzonascimento-ieg\.cursor\extensions\redhat.java-1.56.0-win32-x64\jre\21.0.12.1-win32-x86_64\bin\instrument.dll, loaded, initialized, instrumentlib options:none

dbghelp: loaded successfully - version: 4.0.5 - missing functions: none
symbol engine: initialized successfully - sym options: 0x614 - pdb path: .;C:\Users\enzonascimento-ieg\.cursor\extensions\redhat.java-1.56.0-win32-x64\jre\21.0.12.1-win32-x86_64\bin;C:\Windows\SYSTEM32;C:\Windows\WinSxS\amd64_microsoft.windows.common-controls_6595b64144ccf1df_6.0.26100.9278_none_3e0d1ba8e3303201;C:\Users\enzonascimento-ieg\.cursor\extensions\redhat.java-1.56.0-win32-x64\jre\21.0.12.1-win32-x86_64\bin\server;C:\Users\enzonascimento-ieg\.gradle\native\1def1411415f61bf3af743bc5b6707747c0891f09f0c88961ee8f79bc544acac\windows-amd64;C:\Users\enzonascimento-ieg\.gradle\native\0.2.8\x86_64-windows-gnu

VM Arguments:
jvm_args: --add-opens=java.base/java.lang=ALL-UNNAMED --add-opens=java.base/java.lang.invoke=ALL-UNNAMED --add-opens=java.base/java.util=ALL-UNNAMED --add-opens=java.prefs/java.util.prefs=ALL-UNNAMED --add-exports=jdk.compiler/com.sun.tools.javac.api=ALL-UNNAMED --add-exports=jdk.compiler/com.sun.tools.javac.util=ALL-UNNAMED --add-opens=java.base/java.util=ALL-UNNAMED --add-opens=java.prefs/java.util.prefs=ALL-UNNAMED --add-opens=java.base/java.nio.charset=ALL-UNNAMED --add-opens=java.base/java.net=ALL-UNNAMED --add-opens=java.base/java.util.concurrent=ALL-UNNAMED --add-opens=java.base/java.util.concurrent.atomic=ALL-UNNAMED --add-opens=java.xml/javax.xml.namespace=ALL-UNNAMED --add-opens=java.base/java.time=ALL-UNNAMED -Xmx2048m -Dfile.encoding=UTF-8 -Duser.country=BR -Duser.language=pt -Duser.variant -javaagent:C:\Users\enzonascimento-ieg\.gradle\wrapper\dists\gradle-9.1.0-bin\9agqghryom9wkf8r80qlhnts3\gradle-9.1.0\lib\agents\gradle-instrumentation-agent-9.1.0.jar 
java_command: org.gradle.launcher.daemon.bootstrap.GradleDaemon 9.1.0
java_class_path (initial): C:\Users\enzonascimento-ieg\.gradle\wrapper\dists\gradle-9.1.0-bin\9agqghryom9wkf8r80qlhnts3\gradle-9.1.0\lib\gradle-daemon-main-9.1.0.jar
Launcher Type: SUN_STANDARD

[Global flags]
     intx CICompilerCount                          = 4                                         {product} {ergonomic}
     uint ConcGCThreads                            = 3                                         {product} {ergonomic}
     uint G1ConcRefinementThreads                  = 10                                        {product} {ergonomic}
   size_t G1HeapRegionSize                         = 1048576                                   {product} {ergonomic}
    uintx GCDrainStackTargetSize                   = 64                                        {product} {ergonomic}
   size_t InitialHeapSize                          = 264241152                                 {product} {ergonomic}
   size_t MarkStackSize                            = 4194304                                   {product} {ergonomic}
   size_t MaxHeapSize                              = 2147483648                                {product} {command line}
   size_t MaxNewSize                               = 1287651328                                {product} {ergonomic}
   size_t MinHeapDeltaBytes                        = 1048576                                   {product} {ergonomic}
   size_t MinHeapSize                              = 8388608                                   {product} {ergonomic}
    uintx NonNMethodCodeHeapSize                   = 5839372                                {pd product} {ergonomic}
    uintx NonProfiledCodeHeapSize                  = 122909434                              {pd product} {ergonomic}
    uintx ProfiledCodeHeapSize                     = 122909434                              {pd product} {ergonomic}
    uintx ReservedCodeCacheSize                    = 251658240                              {pd product} {ergonomic}
     bool SegmentedCodeCache                       = true                                      {product} {ergonomic}
   size_t SoftMaxHeapSize                          = 2147483648                             {manageable} {ergonomic}
     bool UseCompressedOops                        = true                           {product lp64_product} {ergonomic}
     bool UseG1GC                                  = true                                      {product} {ergonomic}
     bool UseLargePagesIndividualAllocation        = false                                  {pd product} {ergonomic}

Logging:
Log output configuration:
 #0: stdout all=warning uptime,level,tags foldmultilines=false
 #1: stderr all=off uptime,level,tags foldmultilines=false

Release file:
JAVA_VERSION="21.0.12.1" 
MODULES="java.base java.compiler java.datatransfer java.xml java.prefs java.desktop java.instrument java.logging java.management java.security.sasl java.naming java.rmi java.management.rmi java.net.http java.scripting java.security.jgss java.transaction.xa java.sql java.sql.rowset java.xml.crypto java.se java.smartcardio jdk.accessibility jdk.internal.jvmstat jdk.attach jdk.charsets jdk.internal.opt jdk.zipfs jdk.compiler jdk.crypto.ec jdk.crypto.cryptoki jdk.crypto.mscapi jdk.dynalink jdk.internal.ed jdk.editpad jdk.hotspot.agent jdk.httpserver jdk.internal.le jdk.internal.vm.ci jdk.internal.vm.compiler jdk.internal.vm.compiler.management jdk.jartool jdk.javadoc jdk.jcmd jdk.management jdk.management.agent jdk.jconsole jdk.jdeps jdk.jdwp.agent jdk.jdi jdk.jfr jdk.jshell jdk.jsobject jdk.jstatd jdk.localedata jdk.management.jfr jdk.naming.dns jdk.naming.rmi jdk.net jdk.nio.mapmode jdk.random jdk.sctp jdk.security.auth jdk.security.jgss jdk.unsupported jdk.unsupported.desktop jdk.xml.dom" 

Environment Variables:
PATH=C:\Program Files\Python314\Scripts\;C:\Program Files\Python314\;C:\Program Files\Common Files\Oracle\Java\javapath;C:\Program Files\Python311\Scripts\;C:\Program Files\Python311\;C:\Windows\system32;C:\Windows;C:\Windows\System32\Wbem;C:\Windows\System32\WindowsPowerShell\v1.0\;C:\Windows\System32\OpenSSH\;C:\Program Files\dotnet\;C:\Program Files (x86)\Microsoft SQL Server\160\Tools\Binn\;C:\Program Files\Microsoft SQL Server\160\Tools\Binn\;C:\Program Files\Microsoft SQL Server\Client SDK\ODBC\170\Tools\Binn\;C:\Program Files\Microsoft SQL Server\160\DTS\Binn\;C:\Program Files\nodejs\;C:\Users\bart\AppData\Local\Microsoft\WindowsApps;C:\Users\bart\AppData\Local\Programs\Microsoft VS Code\bin;C:\Users\bart\AppData\Roaming\npm;C:\Program Files\kind;C:\Users\enzonascimento-ieg\AppData\Local\Microsoft\WindowsApps;C:\Users\enzonascimento-ieg\AppData\Local\Programs\Microsoft VS Code\bin;C:\Users\enzonascimento-ieg\AppData\Local\Programs\Git\cmd;C:\Users\enzonascimento-ieg\flutter\bin;C:\Users\enzonascimento-ieg\AppData\Roaming\npm;C:\Users\enzonascimento-ieg\AppData\Local\Programs\cursor\resources\app\bin;C:\Users\enzonascimento-ieg\AppData\Local\Programs\DockerDesktop\resources\bin;C:\Users\enzonascimento-ieg\.bun\bin;C:\Users\enzonascimento-ieg\AppData\Local\Microsoft\WinGet\Packages\evilmartians.lefthook_Microsoft.Winget.Source_8wekyb3d8bbwe;
USERNAME=enzonascimento-ieg
OS=Windows_NT
PROCESSOR_IDENTIFIER=Intel64 Family 6 Model 154 Stepping 4, GenuineIntel
TMP=C:\Users\ENZONA~1\AppData\Local\Temp
TEMP=C:\Users\ENZONA~1\AppData\Local\Temp




Periodic native trim disabled

---------------  S Y S T E M  ---------------

OS:
 Windows 11 , 64 bit Build 26100 (10.0.26100.9444)
OS uptime: 6 days 19:30 hours
Hyper-V role detected

CPU: total 12 (initial active 12) (6 cores per cpu, 2 threads per core) family 6 model 154 stepping 4 microcode 0x43b, cx8, cmov, fxsr, ht, mmx, 3dnowpref, sse, sse2, sse3, ssse3, sse4.1, sse4.2, popcnt, lzcnt, tsc, tscinvbit, avx, avx2, aes, erms, clmul, bmi1, bmi2, adx, sha, fma, vzeroupper, clflush, clflushopt, clwb, hv, serialize, rdtscp, rdpid, fsrm, f16c, cet_ibt, cet_ss
Processor Information for the first 12 processors :
  Max Mhz: 1700, Current Mhz: 1700, Mhz Limit: 1700

Memory: 4k page, system-wide physical 16068M (987M free)
TotalPageFile size 65220M (AvailPageFile size 410M)
current process WorkingSet (physical memory assigned to process): 79M, peak: 108M
current process commit charge ("private bytes"): 381M, peak: 391M

vm_info: OpenJDK 64-Bit Server VM (21.0.12.1+1-LTS) for windows-amd64 JRE (21.0.12.1+1-LTS), built on 2026-08-18T00:00:00Z by "admin" with MS VC++ 17.12 (VS2022)

END.
