#
# There is insufficient memory for the Java Runtime Environment to continue.
# Native memory allocation (malloc) failed to allocate 1111136 bytes. Error detail: Chunk::new
# Possible reasons:
#   The system is out of physical RAM or swap space
#   This process is running with CompressedOops enabled, and the Java Heap may be blocking the growth of the native heap
# Possible solutions:
#   Reduce memory load on the system
#   Increase physical memory or swap space
#   Check if swap backing store is full
#   Decrease Java heap size (-Xmx/-Xms)
#   Decrease number of Java threads
#   Decrease Java thread stack sizes (-Xss)
#   Set larger code cache with -XX:ReservedCodeCacheSize=
#   JVM is running with Unscaled Compressed Oops mode in which the Java heap is
#     placed in the first 4GB address space. The Java Heap base address is the
#     maximum limit for the native heap growth. Please use -XX:HeapBaseMinAddress
#     to set the Java Heap base and to place the Java Heap above 4GB virtual address.
# This output file may be truncated or incomplete.
#
#  Out of Memory Error (arena.cpp:168), pid=11732, tid=20096
#
# JRE version: OpenJDK Runtime Environment Temurin-21.0.12.1+1 (21.0.12.1+1) (build 21.0.12.1+1-LTS)
# Java VM: OpenJDK 64-Bit Server VM Temurin-21.0.12.1+1 (21.0.12.1+1-LTS, mixed mode, sharing, tiered, compressed oops, compressed class ptrs, g1 gc, windows-amd64)
# No core dump will be written. Minidumps are not enabled by default on client versions of Windows
#

---------------  S U M M A R Y ------------

Command Line: --add-opens=java.base/java.lang=ALL-UNNAMED --add-opens=java.base/java.lang.invoke=ALL-UNNAMED --add-opens=java.base/java.util=ALL-UNNAMED --add-opens=java.prefs/java.util.prefs=ALL-UNNAMED --add-exports=jdk.compiler/com.sun.tools.javac.api=ALL-UNNAMED --add-exports=jdk.compiler/com.sun.tools.javac.util=ALL-UNNAMED --add-opens=java.base/java.util=ALL-UNNAMED --add-opens=java.prefs/java.util.prefs=ALL-UNNAMED --add-opens=java.base/java.nio.charset=ALL-UNNAMED --add-opens=java.base/java.net=ALL-UNNAMED --add-opens=java.base/java.util.concurrent=ALL-UNNAMED --add-opens=java.base/java.util.concurrent.atomic=ALL-UNNAMED --add-opens=java.xml/javax.xml.namespace=ALL-UNNAMED --add-opens=java.base/java.time=ALL-UNNAMED -Xmx2048m -Dfile.encoding=UTF-8 -Duser.country=BR -Duser.language=pt -Duser.variant -javaagent:C:\Users\enzonascimento-ieg\.gradle\wrapper\dists\gradle-9.1.0-bin\9agqghryom9wkf8r80qlhnts3\gradle-9.1.0\lib\agents\gradle-instrumentation-agent-9.1.0.jar org.gradle.launcher.daemon.bootstrap.GradleDaemon 9.1.0

Host: 12th Gen Intel(R) Core(TM) i7-1255U, 12 cores, 15G,  Windows 11 , 64 bit Build 26100 (10.0.26100.9444)
Time: Tue Sep 22 21:50:52 2026 Hora oficial do Brasil elapsed time: 818.081984 seconds (0d 0h 13m 38s)

---------------  T H R E A D  ---------------

Current thread (0x00000221db8fd240):  JavaThread "C2 CompilerThread0" daemon [_thread_in_native, id=20096, stack(0x000000d9b3c00000,0x000000d9b3d00000) (1024K)]


Current CompileTask:
C2:818082 10984 %     4       org.gradle.internal.instantiation.generator.AbstractClassGenerator::inspectType @ 249 (602 bytes)

Stack: [0x000000d9b3c00000,0x000000d9b3d00000]
Native frames: (J=compiled Java code, j=interpreted, Vv=VM code, C=native code)
V  [jvm.dll+0x6d83e9]
V  [jvm.dll+0x8b5736]
V  [jvm.dll+0x8b7cee]
V  [jvm.dll+0x8b83d3]
V  [jvm.dll+0x284596]
V  [jvm.dll+0xc685d]
V  [jvm.dll+0xc6da1]
V  [jvm.dll+0x2fb5ae]
V  [jvm.dll+0x5fee94]
V  [jvm.dll+0x255d67]
V  [jvm.dll+0x25612d]
V  [jvm.dll+0x24e6a0]
V  [jvm.dll+0x24bbe6]
V  [jvm.dll+0x1cb4ae]
V  [jvm.dll+0x25baad]
V  [jvm.dll+0x25a03a]
V  [jvm.dll+0x3f8aae]
V  [jvm.dll+0x8600cd]
V  [jvm.dll+0x6d6c1d]
C  [ucrtbase.dll+0x2cd30]
C  [KERNEL32.DLL+0x2cd87]
C  [ntdll.dll+0xacaec]


---------------  P R O C E S S  ---------------

Threads class SMR info:
_java_thread_list=0x00000221e4353c90, length=83, elements={
0x00000221c3d3d8a0, 0x00000221db8f59e0, 0x00000221db8f6fb0, 0x00000221db8fa590,
0x00000221db8faff0, 0x00000221db8fba50, 0x00000221db8fc4b0, 0x00000221db8fd240,
0x00000221db8fdce0, 0x00000221dbb29790, 0x00000221dbb2b570, 0x00000221e0ce4010,
0x00000221e00b63e0, 0x00000221e18e7630, 0x00000221e0d87c20, 0x00000221e0d854c0,
0x00000221e0d86f00, 0x00000221e0d86870, 0x00000221e0d85b50, 0x00000221e0d861e0,
0x00000221e0d847a0, 0x00000221e0a8b680, 0x00000221e0a8d750, 0x00000221e0a8d0c0,
0x00000221e0a8ca30, 0x00000221e0a90540, 0x00000221e0a90bd0, 0x00000221e0a91260,
0x00000221e0a92610, 0x00000221e0a918f0, 0x00000221e0d84e30, 0x00000221e1ea4510,
0x00000221e1ea6c70, 0x00000221e1ea3e80, 0x00000221e1ea8d40, 0x00000221e1ea86b0,
0x00000221e1ea5f50, 0x00000221e1ea93d0, 0x00000221e1ea9a60, 0x00000221e1eaa0f0,
0x00000221e1eaa780, 0x00000221e1eaae10, 0x00000221e1eab4a0, 0x00000221e433dfb0,
0x00000221e433b850, 0x00000221e433bee0, 0x00000221e433d290, 0x00000221e433c570,
0x00000221e433e640, 0x00000221e433cc00, 0x00000221e433d920, 0x00000221e433ecd0,
0x00000221e243db00, 0x00000221e243fbd0, 0x00000221e243eeb0, 0x00000221e243f540,
0x00000221e2440260, 0x00000221e2440f80, 0x00000221e2441610, 0x00000221e243e190,
0x00000221e2441ca0, 0x00000221e243e820, 0x00000221e24436e0, 0x00000221e2445120,
0x00000221e2443050, 0x00000221e2444400, 0x00000221e2443d70, 0x00000221e0d87590,
0x00000221e0a91f80, 0x00000221e19465a0, 0x00000221e19444d0, 0x00000221e1942a90,
0x00000221e19416e0, 0x00000221e19451f0, 0x00000221e1941d70, 0x00000221e1948670,
0x00000221e1948d00, 0x00000221e19472c0, 0x00000221e1946c30, 0x00000221e1947950,
0x00000221e1947fe0, 0x00000221e57d0800, 0x00000221e1945880
}

Java Threads: ( => current thread )
  0x00000221c3d3d8a0 JavaThread "main"                              [_thread_blocked, id=50124, stack(0x000000d9b2e00000,0x000000d9b2f00000) (1024K)]
  0x00000221db8f59e0 JavaThread "Reference Handler"          daemon [_thread_blocked, id=43628, stack(0x000000d9b3600000,0x000000d9b3700000) (1024K)]
  0x00000221db8f6fb0 JavaThread "Finalizer"                  daemon [_thread_blocked, id=31536, stack(0x000000d9b3700000,0x000000d9b3800000) (1024K)]
  0x00000221db8fa590 JavaThread "Signal Dispatcher"          daemon [_thread_blocked, id=41020, stack(0x000000d9b3800000,0x000000d9b3900000) (1024K)]
  0x00000221db8faff0 JavaThread "Attach Listener"            daemon [_thread_blocked, id=52584, stack(0x000000d9b3900000,0x000000d9b3a00000) (1024K)]
  0x00000221db8fba50 JavaThread "Service Thread"             daemon [_thread_blocked, id=53324, stack(0x000000d9b3a00000,0x000000d9b3b00000) (1024K)]
  0x00000221db8fc4b0 JavaThread "Monitor Deflation Thread"   daemon [_thread_blocked, id=31344, stack(0x000000d9b3b00000,0x000000d9b3c00000) (1024K)]
=>0x00000221db8fd240 JavaThread "C2 CompilerThread0"         daemon [_thread_in_native, id=20096, stack(0x000000d9b3c00000,0x000000d9b3d00000) (1024K)]
  0x00000221db8fdce0 JavaThread "C1 CompilerThread0"         daemon [_thread_blocked, id=35484, stack(0x000000d9b3d00000,0x000000d9b3e00000) (1024K)]
  0x00000221dbb29790 JavaThread "Common-Cleaner"             daemon [_thread_blocked, id=43036, stack(0x000000d9b3e00000,0x000000d9b3f00000) (1024K)]
  0x00000221dbb2b570 JavaThread "Notification Thread"        daemon [_thread_blocked, id=43368, stack(0x000000d9b3f00000,0x000000d9b4000000) (1024K)]
  0x00000221e0ce4010 JavaThread "Daemon health stats"               [_thread_blocked, id=1656, stack(0x000000d9b2d00000,0x000000d9b2e00000) (1024K)]
  0x00000221e00b63e0 JavaThread "Incoming local TCP Connector on port 50647"        [_thread_in_native, id=27752, stack(0x000000d9b4600000,0x000000d9b4700000) (1024K)]
  0x00000221e18e7630 JavaThread "Daemon periodic checks"            [_thread_blocked, id=11916, stack(0x000000d9b4900000,0x000000d9b4a00000) (1024K)]
  0x00000221e0d87c20 JavaThread "Daemon Thread 2"                   [_thread_blocked, id=30648, stack(0x000000d9b4500000,0x000000d9b4600000) (1024K)]
  0x00000221e0d854c0 JavaThread "Handler for socket connection from /127.0.0.1:50647 to /127.0.0.1:50526"        [_thread_in_native, id=29228, stack(0x000000d9b4700000,0x000000d9b4800000) (1024K)]
  0x00000221e0d86f00 JavaThread "Cancel handler"                    [_thread_blocked, id=41248, stack(0x000000d9b4800000,0x000000d9b4900000) (1024K)]
  0x00000221e0d86870 JavaThread "Daemon worker Thread 2"            [_thread_blocked, id=23084, stack(0x000000d9b4a00000,0x000000d9b4b00000) (1024K)]
  0x00000221e0d85b50 JavaThread "Asynchronous log dispatcher for DefaultDaemonConnection: socket connection from /127.0.0.1:50647 to /127.0.0.1:50526"        [_thread_blocked, id=40128, stack(0x000000d9b4c00000,0x000000d9b4d00000) (1024K)]
  0x00000221e0d861e0 JavaThread "Stdin handler"                     [_thread_blocked, id=6384, stack(0x000000d9b4d00000,0x000000d9b4e00000) (1024K)]
  0x00000221e0d847a0 JavaThread "Daemon client event forwarder"        [_thread_blocked, id=36052, stack(0x000000d9b4e00000,0x000000d9b4f00000) (1024K)]
  0x00000221e0a8b680 JavaThread "Cache worker for journal cache (C:\Users\enzonascimento-ieg\.gradle\caches\journal-1)"        [_thread_blocked, id=49808, stack(0x000000d9b5200000,0x000000d9b5300000) (1024K)]
  0x00000221e0a8d750 JavaThread "File lock request listener"        [_thread_in_native, id=34756, stack(0x000000d9b5300000,0x000000d9b5400000) (1024K)]
  0x00000221e0a8d0c0 JavaThread "Cache worker for file hash cache (C:\Users\enzonascimento-ieg\.gradle\caches\9.1.0\fileHashes)"        [_thread_blocked, id=24020, stack(0x000000d9b5000000,0x000000d9b5100000) (1024K)]
  0x00000221e0a8ca30 JavaThread "Cache worker for file hash cache (C:\Users\enzonascimento-ieg\AndroidStudioProjects\mobile_skadi\.gradle\9.1.0\fileHashes)"        [_thread_blocked, id=48168, stack(0x000000d9b6000000,0x000000d9b6100000) (1024K)]
  0x00000221e0a90540 JavaThread "Cache worker for Build Output Cleanup Cache (C:\Users\enzonascimento-ieg\AndroidStudioProjects\mobile_skadi\.gradle\buildOutputCleanup)"        [_thread_blocked, id=45528, stack(0x000000d9b6100000,0x000000d9b6200000) (1024K)]
  0x00000221e0a90bd0 JavaThread "File watcher server"        daemon [_thread_in_native, id=30092, stack(0x000000d9b5f00000,0x000000d9b6000000) (1024K)]
  0x00000221e0a91260 JavaThread "File watcher consumer"      daemon [_thread_blocked, id=44744, stack(0x000000d9b6200000,0x000000d9b6300000) (1024K)]
  0x00000221e0a92610 JavaThread "Cache worker for checksums cache (C:\Users\enzonascimento-ieg\AndroidStudioProjects\mobile_skadi\.gradle\9.1.0\checksums)"        [_thread_blocked, id=51416, stack(0x000000d9b6300000,0x000000d9b6400000) (1024K)]
  0x00000221e0a918f0 JavaThread "Cache worker for file content cache (C:\Users\enzonascimento-ieg\.gradle\caches\9.1.0\fileContent)"        [_thread_blocked, id=15248, stack(0x000000d9b6400000,0x000000d9b6500000) (1024K)]
  0x00000221e0d84e30 JavaThread "Cache worker for cache directory md-supplier (C:\Users\enzonascimento-ieg\.gradle\caches\9.1.0\md-supplier)"        [_thread_blocked, id=52644, stack(0x000000d9b6500000,0x000000d9b6600000) (1024K)]
  0x00000221e1ea4510 JavaThread "Cache worker for cache directory md-rule (C:\Users\enzonascimento-ieg\.gradle\caches\9.1.0\md-rule)"        [_thread_blocked, id=39864, stack(0x000000d9b6600000,0x000000d9b6700000) (1024K)]
  0x00000221e1ea6c70 JavaThread "jar transforms"                    [_thread_blocked, id=48024, stack(0x000000d9b6700000,0x000000d9b6800000) (1024K)]
  0x00000221e1ea3e80 JavaThread "jar transforms Thread 2"           [_thread_blocked, id=30608, stack(0x000000d9b6800000,0x000000d9b6900000) (1024K)]
  0x00000221e1ea8d40 JavaThread "Unconstrained build operations"        [_thread_blocked, id=47740, stack(0x000000d9b6a00000,0x000000d9b6b00000) (1024K)]
  0x00000221e1ea86b0 JavaThread "Unconstrained build operations Thread 2"        [_thread_blocked, id=53216, stack(0x000000d9b6b00000,0x000000d9b6c00000) (1024K)]
  0x00000221e1ea5f50 JavaThread "Unconstrained build operations Thread 3"        [_thread_blocked, id=10160, stack(0x000000d9b6c00000,0x000000d9b6d00000) (1024K)]
  0x00000221e1ea93d0 JavaThread "Unconstrained build operations Thread 4"        [_thread_blocked, id=35780, stack(0x000000d9b6d00000,0x000000d9b6e00000) (1024K)]
  0x00000221e1ea9a60 JavaThread "Unconstrained build operations Thread 5"        [_thread_blocked, id=32864, stack(0x000000d9b6e00000,0x000000d9b6f00000) (1024K)]
  0x00000221e1eaa0f0 JavaThread "Unconstrained build operations Thread 6"        [_thread_blocked, id=49976, stack(0x000000d9b6f00000,0x000000d9b7000000) (1024K)]
  0x00000221e1eaa780 JavaThread "Unconstrained build operations Thread 7"        [_thread_blocked, id=33640, stack(0x000000d9b7000000,0x000000d9b7100000) (1024K)]
  0x00000221e1eaae10 JavaThread "Unconstrained build operations Thread 8"        [_thread_blocked, id=52740, stack(0x000000d9b7100000,0x000000d9b7200000) (1024K)]
  0x00000221e1eab4a0 JavaThread "Unconstrained build operations Thread 9"        [_thread_blocked, id=14204, stack(0x000000d9b7200000,0x000000d9b7300000) (1024K)]
  0x00000221e433dfb0 JavaThread "Unconstrained build operations Thread 10"        [_thread_blocked, id=53792, stack(0x000000d9b7300000,0x000000d9b7400000) (1024K)]
  0x00000221e433b850 JavaThread "Unconstrained build operations Thread 11"        [_thread_blocked, id=47160, stack(0x000000d9b7400000,0x000000d9b7500000) (1024K)]
  0x00000221e433bee0 JavaThread "Unconstrained build operations Thread 12"        [_thread_blocked, id=43844, stack(0x000000d9b7500000,0x000000d9b7600000) (1024K)]
  0x00000221e433d290 JavaThread "Unconstrained build operations Thread 13"        [_thread_blocked, id=54100, stack(0x000000d9b7600000,0x000000d9b7700000) (1024K)]
  0x00000221e433c570 JavaThread "Unconstrained build operations Thread 14"        [_thread_blocked, id=51420, stack(0x000000d9b7700000,0x000000d9b7800000) (1024K)]
  0x00000221e433e640 JavaThread "Unconstrained build operations Thread 15"        [_thread_blocked, id=47568, stack(0x000000d9b7800000,0x000000d9b7900000) (1024K)]
  0x00000221e433cc00 JavaThread "Unconstrained build operations Thread 16"        [_thread_blocked, id=41560, stack(0x000000d9b7900000,0x000000d9b7a00000) (1024K)]
  0x00000221e433d920 JavaThread "Unconstrained build operations Thread 17"        [_thread_blocked, id=51708, stack(0x000000d9b7a00000,0x000000d9b7b00000) (1024K)]
  0x00000221e433ecd0 JavaThread "Unconstrained build operations Thread 18"        [_thread_blocked, id=33120, stack(0x000000d9b7b00000,0x000000d9b7c00000) (1024K)]
  0x00000221e243db00 JavaThread "Unconstrained build operations Thread 19"        [_thread_blocked, id=1408, stack(0x000000d9b7c00000,0x000000d9b7d00000) (1024K)]
  0x00000221e243fbd0 JavaThread "Unconstrained build operations Thread 20"        [_thread_blocked, id=35580, stack(0x000000d9b7d00000,0x000000d9b7e00000) (1024K)]
  0x00000221e243eeb0 JavaThread "Unconstrained build operations Thread 21"        [_thread_blocked, id=22232, stack(0x000000d9b7e00000,0x000000d9b7f00000) (1024K)]
  0x00000221e243f540 JavaThread "Unconstrained build operations Thread 22"        [_thread_blocked, id=33008, stack(0x000000d9b7f00000,0x000000d9b8000000) (1024K)]
  0x00000221e2440260 JavaThread "Unconstrained build operations Thread 23"        [_thread_blocked, id=38216, stack(0x000000d9b4b00000,0x000000d9b4c00000) (1024K)]
  0x00000221e2440f80 JavaThread "Unconstrained build operations Thread 24"        [_thread_blocked, id=53728, stack(0x000000d9b5100000,0x000000d9b5200000) (1024K)]
  0x00000221e2441610 JavaThread "Unconstrained build operations Thread 25"        [_thread_blocked, id=34684, stack(0x000000d9b5400000,0x000000d9b5500000) (1024K)]
  0x00000221e243e190 JavaThread "Unconstrained build operations Thread 26"        [_thread_blocked, id=51336, stack(0x000000d9b5700000,0x000000d9b5800000) (1024K)]
  0x00000221e2441ca0 JavaThread "Unconstrained build operations Thread 27"        [_thread_blocked, id=39040, stack(0x000000d9b5a00000,0x000000d9b5b00000) (1024K)]
  0x00000221e243e820 JavaThread "Unconstrained build operations Thread 28"        [_thread_blocked, id=38848, stack(0x000000d9b5b00000,0x000000d9b5c00000) (1024K)]
  0x00000221e24436e0 JavaThread "Unconstrained build operations Thread 29"        [_thread_blocked, id=45408, stack(0x000000d9b5c00000,0x000000d9b5d00000) (1024K)]
  0x00000221e2445120 JavaThread "Unconstrained build operations Thread 30"        [_thread_blocked, id=2848, stack(0x000000d9b5d00000,0x000000d9b5e00000) (1024K)]
  0x00000221e2443050 JavaThread "Unconstrained build operations Thread 31"        [_thread_blocked, id=47748, stack(0x000000d9b8000000,0x000000d9b8100000) (1024K)]
  0x00000221e2444400 JavaThread "Unconstrained build operations Thread 32"        [_thread_blocked, id=24616, stack(0x000000d9b8100000,0x000000d9b8200000) (1024K)]
  0x00000221e2443d70 JavaThread "Unconstrained build operations Thread 33"        [_thread_blocked, id=30656, stack(0x000000d9b8200000,0x000000d9b8300000) (1024K)]
  0x00000221e0d87590 JavaThread "Memory manager"                    [_thread_blocked, id=52256, stack(0x000000d9b8300000,0x000000d9b8400000) (1024K)]
  0x00000221e0a91f80 JavaThread "build event listener"              [_thread_blocked, id=4404, stack(0x000000d9b8400000,0x000000d9b8500000) (1024K)]
  0x00000221e19465a0 JavaThread "included builds"                   [_thread_blocked, id=42996, stack(0x000000d9b2c00000,0x000000d9b2d00000) (1024K)]
  0x00000221e19444d0 JavaThread "Execution worker"                  [_thread_in_vm, id=49948, stack(0x000000d9b6900000,0x000000d9b6a00000) (1024K)]
  0x00000221e1942a90 JavaThread "Execution worker Thread 2"         [_thread_blocked, id=16400, stack(0x000000d9b8500000,0x000000d9b8600000) (1024K)]
  0x00000221e19416e0 JavaThread "Execution worker Thread 3"         [_thread_blocked, id=50984, stack(0x000000d9b8600000,0x000000d9b8700000) (1024K)]
  0x00000221e19451f0 JavaThread "Execution worker Thread 4"         [_thread_blocked, id=47404, stack(0x000000d9b8700000,0x000000d9b8800000) (1024K)]
  0x00000221e1941d70 JavaThread "Execution worker Thread 5"         [_thread_blocked, id=11928, stack(0x000000d9b8800000,0x000000d9b8900000) (1024K)]
  0x00000221e1948670 JavaThread "Execution worker Thread 6"         [_thread_blocked, id=48832, stack(0x000000d9b8900000,0x000000d9b8a00000) (1024K)]
  0x00000221e1948d00 JavaThread "Execution worker Thread 7"         [_thread_blocked, id=23944, stack(0x000000d9b8a00000,0x000000d9b8b00000) (1024K)]
  0x00000221e19472c0 JavaThread "Execution worker Thread 8"         [_thread_blocked, id=53316, stack(0x000000d9b8b00000,0x000000d9b8c00000) (1024K)]
  0x00000221e1946c30 JavaThread "Execution worker Thread 9"         [_thread_blocked, id=27852, stack(0x000000d9b8c00000,0x000000d9b8d00000) (1024K)]
  0x00000221e1947950 JavaThread "Execution worker Thread 10"        [_thread_blocked, id=17968, stack(0x000000d9b8d00000,0x000000d9b8e00000) (1024K)]
  0x00000221e1947fe0 JavaThread "Execution worker Thread 11"        [_thread_blocked, id=26064, stack(0x000000d9b8e00000,0x000000d9b8f00000) (1024K)]
  0x00000221e57d0800 JavaThread "C2 CompilerThread1"         daemon [_thread_blocked, id=49160, stack(0x000000d9b8f00000,0x000000d9b9000000) (1024K)]
  0x00000221e1945880 JavaThread "Cache worker for execution history cache (C:\Users\enzonascimento-ieg\AndroidStudioProjects\mobile_skadi\.gradle\9.1.0\executionHistory)"        [_thread_blocked, id=38992, stack(0x000000d9b9000000,0x000000d9b9100000) (1024K)]
Total: 83

Other Threads:
  0x00000221db8d7340 VMThread "VM Thread"                           [id=3700, stack(0x000000d9b3500000,0x000000d9b3600000) (1024K)]
  0x00000221db9c19e0 WatcherThread "VM Periodic Task Thread"        [id=42680, stack(0x000000d9b3400000,0x000000d9b3500000) (1024K)]
  0x00000221c3d995f0 WorkerThread "GC Thread#0"                     [id=40244, stack(0x000000d9b2f00000,0x000000d9b3000000) (1024K)]
  0x00000221e0028450 WorkerThread "GC Thread#1"                     [id=24320, stack(0x000000d9b4000000,0x000000d9b4100000) (1024K)]
  0x00000221dbcd60b0 WorkerThread "GC Thread#2"                     [id=50792, stack(0x000000d9b4100000,0x000000d9b4200000) (1024K)]
  0x00000221dbcd6460 WorkerThread "GC Thread#3"                     [id=24140, stack(0x000000d9b4200000,0x000000d9b4300000) (1024K)]
  0x00000221e019ce20 WorkerThread "GC Thread#4"                     [id=6288, stack(0x000000d9b4300000,0x000000d9b4400000) (1024K)]
  0x00000221e019d1d0 WorkerThread "GC Thread#5"                     [id=49900, stack(0x000000d9b4400000,0x000000d9b4500000) (1024K)]
  0x00000221e0c7ec40 WorkerThread "GC Thread#6"                     [id=6692, stack(0x000000d9b4f00000,0x000000d9b5000000) (1024K)]
  0x00000221e0c7d620 WorkerThread "GC Thread#7"                     [id=47152, stack(0x000000d9b5500000,0x000000d9b5600000) (1024K)]
  0x00000221e0c7d9d0 WorkerThread "GC Thread#8"                     [id=30628, stack(0x000000d9b5600000,0x000000d9b5700000) (1024K)]
  0x00000221e0c7dd80 WorkerThread "GC Thread#9"                     [id=4444, stack(0x000000d9b5800000,0x000000d9b5900000) (1024K)]
  0x00000221c3dab400 ConcurrentGCThread "G1 Main Marker"            [id=36400, stack(0x000000d9b3000000,0x000000d9b3100000) (1024K)]
  0x00000221c3dabd20 WorkerThread "G1 Conc#0"                       [id=47248, stack(0x000000d9b3100000,0x000000d9b3200000) (1024K)]
  0x00000221e0c7e4e0 WorkerThread "G1 Conc#1"                       [id=38468, stack(0x000000d9b5900000,0x000000d9b5a00000) (1024K)]
  0x00000221e0c7e130 WorkerThread "G1 Conc#2"                       [id=36908, stack(0x000000d9b5e00000,0x000000d9b5f00000) (1024K)]
  0x00000221db817ed0 ConcurrentGCThread "G1 Refine#0"               [id=40504, stack(0x000000d9b3200000,0x000000d9b3300000) (1024K)]
  0x00000221db818700 ConcurrentGCThread "G1 Service"                [id=5996, stack(0x000000d9b3300000,0x000000d9b3400000) (1024K)]
Total: 18

Threads with active compile tasks:
C2 CompilerThread0  818135 10984 %     4       org.gradle.internal.instantiation.generator.AbstractClassGenerator::inspectType @ 249 (602 bytes)
Total: 1

VM state: not at safepoint (normal execution)

VM Mutex/Monitor currently owned by a thread: None

Heap address: 0x0000000080000000, size: 2048 MB, Compressed Oops mode: 32-bit

CDS archive(s) mapped at: [0x0000022180000000-0x0000022180ba0000-0x0000022180ba0000), size 12189696, SharedBaseAddress: 0x0000022180000000, ArchiveRelocationMode: 1.
Compressed class space mapped at: 0x0000022181000000-0x00000221c1000000, reserved size: 1073741824
Narrow klass base: 0x0000022180000000, Narrow klass shift: 0, Narrow klass range: 0x100000000

GC Precious Log:
 CardTable entry size: 512
 Card Set container configuration: InlinePtr #cards 5 size 8 Array Of Cards #cards 12 size 40 Howl #buckets 4 coarsen threshold 1843 Howl Bitmap #cards 512 size 80 coarsen threshold 460 Card regions per heap region 1 cards per card region 2048
 CPUs: 12 total, 12 available
 Memory: 16068M
 Large Page Support: Disabled
 NUMA Support: Disabled
 Compressed Oops: Enabled (32-bit)
 Heap Region Size: 1M
 Heap Min Capacity: 8M
 Heap Initial Capacity: 252M
 Heap Max Capacity: 2G
 Pre-touch: Disabled
 Parallel Workers: 10
 Concurrent Workers: 3
 Concurrent Refinement Workers: 10
 Periodic GC: Disabled

Heap:
 garbage-first heap   total 145408K, used 96145K [0x0000000080000000, 0x0000000100000000)
  region size 1024K, 15 young (15360K), 6 survivors (6144K)
 Metaspace       used 84894K, committed 87360K, reserved 1179648K
  class space    used 12308K, committed 13504K, reserved 1048576K

Heap Regions: E=young(eden), S=young(survivor), O=old, HS=humongous(starts), HC=humongous(continues), CS=collection set, F=free, TAMS=top-at-mark-start, PB=parsable bottom
|   0|0x0000000080000000, 0x0000000080100000, 0x0000000080100000|100%|HS|  |TAMS 0x0000000080000000| PB 0x0000000080000000| Complete 
|   1|0x0000000080100000, 0x0000000080200000, 0x0000000080200000|100%|HC|  |TAMS 0x0000000080100000| PB 0x0000000080100000| Complete 
|   2|0x0000000080200000, 0x0000000080300000, 0x0000000080300000|100%|HC|  |TAMS 0x0000000080200000| PB 0x0000000080200000| Complete 
|   3|0x0000000080300000, 0x0000000080400000, 0x0000000080400000|100%| O|  |TAMS 0x0000000080300000| PB 0x0000000080300000| Untracked 
|   4|0x0000000080400000, 0x0000000080500000, 0x0000000080500000|100%| O|  |TAMS 0x0000000080400000| PB 0x0000000080400000| Untracked 
|   5|0x0000000080500000, 0x0000000080600000, 0x0000000080600000|100%| O|  |TAMS 0x0000000080500000| PB 0x0000000080500000| Untracked 
|   6|0x0000000080600000, 0x0000000080700000, 0x0000000080700000|100%|HS|  |TAMS 0x0000000080600000| PB 0x0000000080600000| Complete 
|   7|0x0000000080700000, 0x0000000080800000, 0x0000000080800000|100%| O|  |TAMS 0x0000000080700000| PB 0x0000000080700000| Untracked 
|   8|0x0000000080800000, 0x0000000080900000, 0x0000000080900000|100%| O|  |TAMS 0x0000000080800000| PB 0x0000000080800000| Untracked 
|   9|0x0000000080900000, 0x0000000080a00000, 0x0000000080a00000|100%| O|  |TAMS 0x0000000080900000| PB 0x0000000080900000| Untracked 
|  10|0x0000000080a00000, 0x0000000080b00000, 0x0000000080b00000|100%| O|  |TAMS 0x0000000080a00000| PB 0x0000000080a00000| Untracked 
|  11|0x0000000080b00000, 0x0000000080c00000, 0x0000000080c00000|100%| O|  |TAMS 0x0000000080b00000| PB 0x0000000080b00000| Untracked 
|  12|0x0000000080c00000, 0x0000000080d00000, 0x0000000080d00000|100%| O|  |TAMS 0x0000000080c00000| PB 0x0000000080c00000| Untracked 
|  13|0x0000000080d00000, 0x0000000080e00000, 0x0000000080e00000|100%| O|  |TAMS 0x0000000080d00000| PB 0x0000000080d00000| Untracked 
|  14|0x0000000080e00000, 0x0000000080f00000, 0x0000000080f00000|100%| O|  |TAMS 0x0000000080e00000| PB 0x0000000080e00000| Untracked 
|  15|0x0000000080f00000, 0x0000000081000000, 0x0000000081000000|100%| O|  |TAMS 0x0000000080f00000| PB 0x0000000080f00000| Untracked 
|  16|0x0000000081000000, 0x0000000081100000, 0x0000000081100000|100%| O|  |TAMS 0x0000000081000000| PB 0x0000000081000000| Untracked 
|  17|0x0000000081100000, 0x0000000081200000, 0x0000000081200000|100%| O|  |TAMS 0x0000000081100000| PB 0x0000000081100000| Untracked 
|  18|0x0000000081200000, 0x0000000081300000, 0x0000000081300000|100%| O|  |TAMS 0x0000000081200000| PB 0x0000000081200000| Untracked 
|  19|0x0000000081300000, 0x0000000081400000, 0x0000000081400000|100%| O|  |TAMS 0x0000000081300000| PB 0x0000000081300000| Untracked 
|  20|0x0000000081400000, 0x0000000081500000, 0x0000000081500000|100%| O|  |TAMS 0x0000000081400000| PB 0x0000000081400000| Untracked 
|  21|0x0000000081500000, 0x0000000081600000, 0x0000000081600000|100%| O|  |TAMS 0x0000000081500000| PB 0x0000000081500000| Untracked 
|  22|0x0000000081600000, 0x0000000081700000, 0x0000000081700000|100%| O|  |TAMS 0x0000000081600000| PB 0x0000000081600000| Untracked 
|  23|0x0000000081700000, 0x0000000081800000, 0x0000000081800000|100%| O|  |TAMS 0x0000000081700000| PB 0x0000000081700000| Untracked 
|  24|0x0000000081800000, 0x0000000081900000, 0x0000000081900000|100%| O|  |TAMS 0x0000000081800000| PB 0x0000000081800000| Untracked 
|  25|0x0000000081900000, 0x0000000081a00000, 0x0000000081a00000|100%| O|  |TAMS 0x0000000081900000| PB 0x0000000081900000| Untracked 
|  26|0x0000000081a00000, 0x0000000081b00000, 0x0000000081b00000|100%| O|  |TAMS 0x0000000081a00000| PB 0x0000000081a00000| Untracked 
|  27|0x0000000081b00000, 0x0000000081c00000, 0x0000000081c00000|100%| O|  |TAMS 0x0000000081b00000| PB 0x0000000081b00000| Untracked 
|  28|0x0000000081c00000, 0x0000000081d00000, 0x0000000081d00000|100%| O|  |TAMS 0x0000000081c00000| PB 0x0000000081c00000| Untracked 
|  29|0x0000000081d00000, 0x0000000081e00000, 0x0000000081e00000|100%| O|  |TAMS 0x0000000081d00000| PB 0x0000000081d00000| Untracked 
|  30|0x0000000081e00000, 0x0000000081f00000, 0x0000000081f00000|100%| O|  |TAMS 0x0000000081e00000| PB 0x0000000081e00000| Untracked 
|  31|0x0000000081f00000, 0x0000000082000000, 0x0000000082000000|100%| O|  |TAMS 0x0000000081f00000| PB 0x0000000081f00000| Untracked 
|  32|0x0000000082000000, 0x0000000082100000, 0x0000000082100000|100%| O|  |TAMS 0x0000000082000000| PB 0x0000000082000000| Untracked 
|  33|0x0000000082100000, 0x0000000082200000, 0x0000000082200000|100%| O|  |TAMS 0x0000000082100000| PB 0x0000000082100000| Untracked 
|  34|0x0000000082200000, 0x0000000082300000, 0x0000000082300000|100%| O|  |TAMS 0x0000000082200000| PB 0x0000000082200000| Untracked 
|  35|0x0000000082300000, 0x0000000082400000, 0x0000000082400000|100%| O|  |TAMS 0x0000000082300000| PB 0x0000000082300000| Untracked 
|  36|0x0000000082400000, 0x0000000082500000, 0x0000000082500000|100%| O|  |TAMS 0x0000000082400000| PB 0x0000000082400000| Untracked 
|  37|0x0000000082500000, 0x0000000082600000, 0x0000000082600000|100%| O|  |TAMS 0x0000000082500000| PB 0x0000000082500000| Untracked 
|  38|0x0000000082600000, 0x0000000082700000, 0x0000000082700000|100%| O|  |TAMS 0x0000000082600000| PB 0x0000000082600000| Untracked 
|  39|0x0000000082700000, 0x0000000082800000, 0x0000000082800000|100%| O|  |TAMS 0x0000000082700000| PB 0x0000000082700000| Untracked 
|  40|0x0000000082800000, 0x0000000082900000, 0x0000000082900000|100%| O|  |TAMS 0x0000000082800000| PB 0x0000000082800000| Untracked 
|  41|0x0000000082900000, 0x0000000082a00000, 0x0000000082a00000|100%| O|  |TAMS 0x0000000082900000| PB 0x0000000082900000| Untracked 
|  42|0x0000000082a00000, 0x0000000082b00000, 0x0000000082b00000|100%| O|  |TAMS 0x0000000082a00000| PB 0x0000000082a00000| Untracked 
|  43|0x0000000082b00000, 0x0000000082c00000, 0x0000000082c00000|100%| O|  |TAMS 0x0000000082b00000| PB 0x0000000082b00000| Untracked 
|  44|0x0000000082c00000, 0x0000000082d00000, 0x0000000082d00000|100%| O|  |TAMS 0x0000000082c00000| PB 0x0000000082c00000| Untracked 
|  45|0x0000000082d00000, 0x0000000082e00000, 0x0000000082e00000|100%|HS|  |TAMS 0x0000000082d00000| PB 0x0000000082d00000| Complete 
|  46|0x0000000082e00000, 0x0000000082f00000, 0x0000000082f00000|100%|HS|  |TAMS 0x0000000082e00000| PB 0x0000000082e00000| Complete 
|  47|0x0000000082f00000, 0x0000000083000000, 0x0000000083000000|100%|HS|  |TAMS 0x0000000082f00000| PB 0x0000000082f00000| Complete 
|  48|0x0000000083000000, 0x0000000083100000, 0x0000000083100000|100%| O|  |TAMS 0x0000000083000000| PB 0x0000000083000000| Untracked 
|  49|0x0000000083100000, 0x0000000083200000, 0x0000000083200000|100%|HS|  |TAMS 0x0000000083100000| PB 0x0000000083100000| Complete 
|  50|0x0000000083200000, 0x0000000083300000, 0x0000000083300000|100%|HC|  |TAMS 0x0000000083200000| PB 0x0000000083200000| Complete 
|  51|0x0000000083300000, 0x0000000083400000, 0x0000000083400000|100%| O|  |TAMS 0x0000000083300000| PB 0x0000000083300000| Untracked 
|  52|0x0000000083400000, 0x0000000083500000, 0x0000000083500000|100%|HS|  |TAMS 0x0000000083400000| PB 0x0000000083400000| Complete 
|  53|0x0000000083500000, 0x0000000083600000, 0x0000000083600000|100%|HS|  |TAMS 0x0000000083500000| PB 0x0000000083500000| Complete 
|  54|0x0000000083600000, 0x0000000083700000, 0x0000000083700000|100%|HS|  |TAMS 0x0000000083600000| PB 0x0000000083600000| Complete 
|  55|0x0000000083700000, 0x0000000083800000, 0x0000000083800000|100%| O|  |TAMS 0x0000000083700000| PB 0x0000000083700000| Untracked 
|  56|0x0000000083800000, 0x0000000083900000, 0x0000000083900000|100%| O|  |TAMS 0x0000000083800000| PB 0x0000000083800000| Untracked 
|  57|0x0000000083900000, 0x0000000083a00000, 0x0000000083a00000|100%| O|  |TAMS 0x0000000083900000| PB 0x0000000083900000| Untracked 
|  58|0x0000000083a00000, 0x0000000083b00000, 0x0000000083b00000|100%| O|  |TAMS 0x0000000083a00000| PB 0x0000000083a00000| Untracked 
|  59|0x0000000083b00000, 0x0000000083c00000, 0x0000000083c00000|100%| O|  |TAMS 0x0000000083b00000| PB 0x0000000083b00000| Untracked 
|  60|0x0000000083c00000, 0x0000000083d00000, 0x0000000083d00000|100%| O|  |TAMS 0x0000000083c00000| PB 0x0000000083c00000| Untracked 
|  61|0x0000000083d00000, 0x0000000083e00000, 0x0000000083e00000|100%|HS|  |TAMS 0x0000000083d00000| PB 0x0000000083d00000| Complete 
|  62|0x0000000083e00000, 0x0000000083f00000, 0x0000000083f00000|100%|HC|  |TAMS 0x0000000083e00000| PB 0x0000000083e00000| Complete 
|  63|0x0000000083f00000, 0x0000000084000000, 0x0000000084000000|100%| O|  |TAMS 0x0000000083f00000| PB 0x0000000083f00000| Untracked 
|  64|0x0000000084000000, 0x0000000084100000, 0x0000000084100000|100%| O|  |TAMS 0x0000000084000000| PB 0x0000000084000000| Untracked 
|  65|0x0000000084100000, 0x0000000084200000, 0x0000000084200000|100%| O|  |TAMS 0x0000000084100000| PB 0x0000000084100000| Untracked 
|  66|0x0000000084200000, 0x0000000084300000, 0x0000000084300000|100%| O|  |TAMS 0x0000000084200000| PB 0x0000000084200000| Untracked 
|  67|0x0000000084300000, 0x0000000084400000, 0x0000000084400000|100%| O|  |TAMS 0x0000000084300000| PB 0x0000000084300000| Untracked 
|  68|0x0000000084400000, 0x0000000084500000, 0x0000000084500000|100%|HS|  |TAMS 0x0000000084400000| PB 0x0000000084400000| Complete 
|  69|0x0000000084500000, 0x0000000084600000, 0x0000000084600000|100%| O|  |TAMS 0x0000000084500000| PB 0x0000000084500000| Untracked 
|  70|0x0000000084600000, 0x0000000084700000, 0x0000000084700000|100%| O|  |TAMS 0x0000000084600000| PB 0x0000000084600000| Untracked 
|  71|0x0000000084700000, 0x0000000084800000, 0x0000000084800000|100%| O|  |TAMS 0x0000000084700000| PB 0x0000000084700000| Untracked 
|  72|0x0000000084800000, 0x0000000084900000, 0x0000000084900000|100%| O|Cm|TAMS 0x0000000084800000| PB 0x0000000084800000| Complete 
|  73|0x0000000084900000, 0x0000000084a00000, 0x0000000084a00000|100%| O|  |TAMS 0x0000000084900000| PB 0x0000000084900000| Untracked 
|  74|0x0000000084a00000, 0x0000000084b00000, 0x0000000084b00000|100%| O|  |TAMS 0x0000000084a00000| PB 0x0000000084a00000| Untracked 
|  75|0x0000000084b00000, 0x0000000084c00000, 0x0000000084c00000|100%| O|  |TAMS 0x0000000084b00000| PB 0x0000000084b00000| Untracked 
|  76|0x0000000084c00000, 0x0000000084d00000, 0x0000000084d00000|100%| O|  |TAMS 0x0000000084c00000| PB 0x0000000084c00000| Untracked 
|  77|0x0000000084d00000, 0x0000000084d9ee08, 0x0000000084e00000| 62%| O|  |TAMS 0x0000000084d00000| PB 0x0000000084d00000| Untracked 
|  78|0x0000000084e00000, 0x0000000084e00000, 0x0000000084f00000|  0%| F|  |TAMS 0x0000000084e00000| PB 0x0000000084e00000| Untracked 
|  79|0x0000000084f00000, 0x0000000084f00000, 0x0000000085000000|  0%| F|  |TAMS 0x0000000084f00000| PB 0x0000000084f00000| Untracked 
|  80|0x0000000085000000, 0x0000000085000000, 0x0000000085100000|  0%| F|  |TAMS 0x0000000085000000| PB 0x0000000085000000| Untracked 
|  81|0x0000000085100000, 0x0000000085100000, 0x0000000085200000|  0%| F|  |TAMS 0x0000000085100000| PB 0x0000000085100000| Untracked 
|  82|0x0000000085200000, 0x0000000085200000, 0x0000000085300000|  0%| F|  |TAMS 0x0000000085200000| PB 0x0000000085200000| Untracked 
|  83|0x0000000085300000, 0x0000000085300000, 0x0000000085400000|  0%| F|  |TAMS 0x0000000085300000| PB 0x0000000085300000| Untracked 
|  84|0x0000000085400000, 0x0000000085400000, 0x0000000085500000|  0%| F|  |TAMS 0x0000000085400000| PB 0x0000000085400000| Untracked 
|  85|0x0000000085500000, 0x0000000085500000, 0x0000000085600000|  0%| F|  |TAMS 0x0000000085500000| PB 0x0000000085500000| Untracked 
|  86|0x0000000085600000, 0x0000000085600000, 0x0000000085700000|  0%| F|  |TAMS 0x0000000085600000| PB 0x0000000085600000| Untracked 
|  87|0x0000000085700000, 0x0000000085700000, 0x0000000085800000|  0%| F|  |TAMS 0x0000000085700000| PB 0x0000000085700000| Untracked 
|  88|0x0000000085800000, 0x0000000085800000, 0x0000000085900000|  0%| F|  |TAMS 0x0000000085800000| PB 0x0000000085800000| Untracked 
|  89|0x0000000085900000, 0x0000000085900000, 0x0000000085a00000|  0%| F|  |TAMS 0x0000000085900000| PB 0x0000000085900000| Untracked 
|  90|0x0000000085a00000, 0x0000000085a00000, 0x0000000085b00000|  0%| F|  |TAMS 0x0000000085a00000| PB 0x0000000085a00000| Untracked 
|  91|0x0000000085b00000, 0x0000000085b00000, 0x0000000085c00000|  0%| F|  |TAMS 0x0000000085b00000| PB 0x0000000085b00000| Untracked 
|  92|0x0000000085c00000, 0x0000000085c00000, 0x0000000085d00000|  0%| F|  |TAMS 0x0000000085c00000| PB 0x0000000085c00000| Untracked 
|  93|0x0000000085d00000, 0x0000000085d00000, 0x0000000085e00000|  0%| F|  |TAMS 0x0000000085d00000| PB 0x0000000085d00000| Untracked 
|  94|0x0000000085e00000, 0x0000000085e00000, 0x0000000085f00000|  0%| F|  |TAMS 0x0000000085e00000| PB 0x0000000085e00000| Untracked 
|  95|0x0000000085f00000, 0x0000000085f45700, 0x0000000086000000| 27%| S|CS|TAMS 0x0000000085f00000| PB 0x0000000085f00000| Complete 
|  96|0x0000000086000000, 0x0000000086100000, 0x0000000086100000|100%| S|CS|TAMS 0x0000000086000000| PB 0x0000000086000000| Complete 
|  97|0x0000000086100000, 0x0000000086200000, 0x0000000086200000|100%| S|CS|TAMS 0x0000000086100000| PB 0x0000000086100000| Complete 
|  98|0x0000000086200000, 0x0000000086300000, 0x0000000086300000|100%| S|CS|TAMS 0x0000000086200000| PB 0x0000000086200000| Complete 
|  99|0x0000000086300000, 0x0000000086400000, 0x0000000086400000|100%| S|CS|TAMS 0x0000000086300000| PB 0x0000000086300000| Complete 
| 100|0x0000000086400000, 0x0000000086500000, 0x0000000086500000|100%| S|CS|TAMS 0x0000000086400000| PB 0x0000000086400000| Complete 
| 101|0x0000000086500000, 0x0000000086500000, 0x0000000086600000|  0%| F|  |TAMS 0x0000000086500000| PB 0x0000000086500000| Untracked 
| 102|0x0000000086600000, 0x0000000086600000, 0x0000000086700000|  0%| F|  |TAMS 0x0000000086600000| PB 0x0000000086600000| Untracked 
| 103|0x0000000086700000, 0x0000000086700000, 0x0000000086800000|  0%| F|  |TAMS 0x0000000086700000| PB 0x0000000086700000| Untracked 
| 104|0x0000000086800000, 0x0000000086800000, 0x0000000086900000|  0%| F|  |TAMS 0x0000000086800000| PB 0x0000000086800000| Untracked 
| 105|0x0000000086900000, 0x0000000086900000, 0x0000000086a00000|  0%| F|  |TAMS 0x0000000086900000| PB 0x0000000086900000| Untracked 
| 106|0x0000000086a00000, 0x0000000086a00000, 0x0000000086b00000|  0%| F|  |TAMS 0x0000000086a00000| PB 0x0000000086a00000| Untracked 
| 107|0x0000000086b00000, 0x0000000086b00000, 0x0000000086c00000|  0%| F|  |TAMS 0x0000000086b00000| PB 0x0000000086b00000| Untracked 
| 108|0x0000000086c00000, 0x0000000086c00000, 0x0000000086d00000|  0%| F|  |TAMS 0x0000000086c00000| PB 0x0000000086c00000| Untracked 
| 109|0x0000000086d00000, 0x0000000086d00000, 0x0000000086e00000|  0%| F|  |TAMS 0x0000000086d00000| PB 0x0000000086d00000| Untracked 
| 110|0x0000000086e00000, 0x0000000086e00000, 0x0000000086f00000|  0%| F|  |TAMS 0x0000000086e00000| PB 0x0000000086e00000| Untracked 
| 111|0x0000000086f00000, 0x0000000086f00000, 0x0000000087000000|  0%| F|  |TAMS 0x0000000086f00000| PB 0x0000000086f00000| Untracked 
| 112|0x0000000087000000, 0x0000000087000000, 0x0000000087100000|  0%| F|  |TAMS 0x0000000087000000| PB 0x0000000087000000| Untracked 
| 113|0x0000000087100000, 0x0000000087100000, 0x0000000087200000|  0%| F|  |TAMS 0x0000000087100000| PB 0x0000000087100000| Untracked 
| 114|0x0000000087200000, 0x0000000087200000, 0x0000000087300000|  0%| F|  |TAMS 0x0000000087200000| PB 0x0000000087200000| Untracked 
| 115|0x0000000087300000, 0x0000000087300000, 0x0000000087400000|  0%| F|  |TAMS 0x0000000087300000| PB 0x0000000087300000| Untracked 
| 116|0x0000000087400000, 0x0000000087400000, 0x0000000087500000|  0%| F|  |TAMS 0x0000000087400000| PB 0x0000000087400000| Untracked 
| 117|0x0000000087500000, 0x0000000087500000, 0x0000000087600000|  0%| F|  |TAMS 0x0000000087500000| PB 0x0000000087500000| Untracked 
| 118|0x0000000087600000, 0x0000000087600000, 0x0000000087700000|  0%| F|  |TAMS 0x0000000087600000| PB 0x0000000087600000| Untracked 
| 119|0x0000000087700000, 0x0000000087700000, 0x0000000087800000|  0%| F|  |TAMS 0x0000000087700000| PB 0x0000000087700000| Untracked 
| 120|0x0000000087800000, 0x0000000087800000, 0x0000000087900000|  0%| F|  |TAMS 0x0000000087800000| PB 0x0000000087800000| Untracked 
| 121|0x0000000087900000, 0x0000000087900000, 0x0000000087a00000|  0%| F|  |TAMS 0x0000000087900000| PB 0x0000000087900000| Untracked 
| 122|0x0000000087a00000, 0x0000000087a00000, 0x0000000087b00000|  0%| F|  |TAMS 0x0000000087a00000| PB 0x0000000087a00000| Untracked 
| 123|0x0000000087b00000, 0x0000000087b00000, 0x0000000087c00000|  0%| F|  |TAMS 0x0000000087b00000| PB 0x0000000087b00000| Untracked 
| 124|0x0000000087c00000, 0x0000000087c00000, 0x0000000087d00000|  0%| F|  |TAMS 0x0000000087c00000| PB 0x0000000087c00000| Untracked 
| 125|0x0000000087d00000, 0x0000000087d00000, 0x0000000087e00000|  0%| F|  |TAMS 0x0000000087d00000| PB 0x0000000087d00000| Untracked 
| 126|0x0000000087e00000, 0x0000000087e00000, 0x0000000087f00000|  0%| F|  |TAMS 0x0000000087e00000| PB 0x0000000087e00000| Untracked 
| 127|0x0000000087f00000, 0x0000000087f00000, 0x0000000088000000|  0%| F|  |TAMS 0x0000000087f00000| PB 0x0000000087f00000| Untracked 
| 128|0x0000000088000000, 0x0000000088000000, 0x0000000088100000|  0%| F|  |TAMS 0x0000000088000000| PB 0x0000000088000000| Untracked 
| 129|0x0000000088100000, 0x000000008811fe50, 0x0000000088200000| 12%| E|  |TAMS 0x0000000088100000| PB 0x0000000088100000| Complete 
| 130|0x0000000088200000, 0x0000000088300000, 0x0000000088300000|100%| E|CS|TAMS 0x0000000088200000| PB 0x0000000088200000| Complete 
| 131|0x0000000088300000, 0x0000000088400000, 0x0000000088400000|100%| E|CS|TAMS 0x0000000088300000| PB 0x0000000088300000| Complete 
| 132|0x0000000088400000, 0x0000000088500000, 0x0000000088500000|100%| E|CS|TAMS 0x0000000088400000| PB 0x0000000088400000| Complete 
| 133|0x0000000088500000, 0x0000000088600000, 0x0000000088600000|100%| E|CS|TAMS 0x0000000088500000| PB 0x0000000088500000| Complete 
| 134|0x0000000088600000, 0x0000000088700000, 0x0000000088700000|100%| E|CS|TAMS 0x0000000088600000| PB 0x0000000088600000| Complete 
| 251|0x000000008fb00000, 0x000000008fc00000, 0x000000008fc00000|100%| E|CS|TAMS 0x000000008fb00000| PB 0x000000008fb00000| Complete 
|2042|0x00000000ffa00000, 0x00000000ffb00000, 0x00000000ffb00000|100%| E|CS|TAMS 0x00000000ffa00000| PB 0x00000000ffa00000| Complete 
|2043|0x00000000ffb00000, 0x00000000ffc00000, 0x00000000ffc00000|100%| E|CS|TAMS 0x00000000ffb00000| PB 0x00000000ffb00000| Complete 
|2044|0x00000000ffc00000, 0x00000000ffd00000, 0x00000000ffd00000|100%| O|Cm|TAMS 0x00000000ffc00000| PB 0x00000000ffc00000| Complete 
|2045|0x00000000ffd00000, 0x00000000ffe00000, 0x00000000ffe00000|100%| O|  |TAMS 0x00000000ffd00000| PB 0x00000000ffd00000| Untracked 
|2046|0x00000000ffe00000, 0x00000000fff00000, 0x00000000fff00000|100%| E|CS|TAMS 0x00000000ffe00000| PB 0x00000000ffe00000| Complete 
|2047|0x00000000fff00000, 0x0000000100000000, 0x0000000100000000|100%| O|  |TAMS 0x00000000fff00000| PB 0x00000000fff00000| Untracked 

Card table byte_map: [0x00000221d6890000,0x00000221d6c90000] _byte_map_base: 0x00000221d6490000

Marking Bits: (CMBitMap*) 0x00000221c3d9ab20
 Bits: [0x00000221d6c90000, 0x00000221d8c90000)

Polling page: 0x00000221c1d40000

Metaspace:

Usage:
  Non-class:     70.89 MB used.
      Class:     12.02 MB used.
       Both:     82.92 MB used.

Virtual space:
  Non-class space:      128.00 MB reserved,      72.12 MB ( 56%) committed,  2 nodes.
      Class space:        1.00 GB reserved,      13.19 MB (  1%) committed,  1 nodes.
             Both:        1.12 GB reserved,      85.31 MB (  7%) committed. 

Chunk freelists:
   Non-Class:  7.79 MB
       Class:  2.85 MB
        Both:  10.64 MB

MaxMetaspaceSize: unlimited
CompressedClassSpaceSize: 1.00 GB
Initial GC threshold: 21.00 MB
Current GC threshold: 135.94 MB
CDS: on
 - commit_granule_bytes: 65536.
 - commit_granule_words: 8192.
 - virtual_space_node_default_size: 8388608.
 - enlarge_chunks_in_place: 1.
 - use_allocation_guard: 0.


Internal statistics:

num_allocs_failed_limit: 6.
num_arena_births: 4328.
num_arena_deaths: 0.
num_vsnodes_births: 3.
num_vsnodes_deaths: 0.
num_space_committed: 1365.
num_space_uncommitted: 0.
num_chunks_returned_to_freelist: 6.
num_chunks_taken_from_freelist: 8364.
num_chunk_merges: 6.
num_chunk_splits: 5463.
num_chunks_enlarged: 3406.
num_inconsistent_stats: 0.

CodeHeap 'non-profiled nmethods': size=120000Kb used=5540Kb max_used=5540Kb free=114459Kb
 bounds [0x00000221cea10000, 0x00000221cef80000, 0x00000221d5f40000]
CodeHeap 'profiled nmethods': size=120000Kb used=16624Kb max_used=16624Kb free=103375Kb
 bounds [0x00000221c6f40000, 0x00000221c7f80000, 0x00000221ce470000]
CodeHeap 'non-nmethods': size=5760Kb used=2009Kb max_used=2050Kb free=3750Kb
 bounds [0x00000221ce470000, 0x00000221ce6e0000, 0x00000221cea10000]
CodeCache: size=245760Kb, used=24173Kb, max_used=24214Kb, free=221584Kb
 total_blobs=9977, nmethods=9106, adapters=775, full_count=0
Compilation: enabled, stopped_count=0, restarted_count=0

Compilation events (20 events):
Event: 818.053 Thread 0x00000221e57d0800 nmethod 10995 0x00000221cef75690 code [0x00000221cef75840, 0x00000221cef759f0]
Event: 818.059 Thread 0x00000221e57d0800 10996       4       java.lang.reflect.Method::getGenericInfo (28 bytes)
Event: 818.059 Thread 0x00000221db8fdce0 10997       3       com.sun.beans.WeakCache::get (42 bytes)
Event: 818.059 Thread 0x00000221db8fdce0 nmethod 10997 0x00000221c7f73490 code [0x00000221c7f73680, 0x00000221c7f73b90]
Event: 818.060 Thread 0x00000221db8fdce0 10998       3       java.util.Hashtable$Enumerator::<init> (51 bytes)
Event: 818.060 Thread 0x00000221db8fdce0 nmethod 10998 0x00000221c7f73d10 code [0x00000221c7f73ec0, 0x00000221c7f74108]
Event: 818.064 Thread 0x00000221db8fdce0 11000       3       sun.reflect.generics.reflectiveObjects.TypeVariableImpl::<init> (22 bytes)
Event: 818.064 Thread 0x00000221db8fdce0 nmethod 11000 0x00000221c7f74210 code [0x00000221c7f743c0, 0x00000221c7f746f8]
Event: 818.065 Thread 0x00000221db8fdce0 11001  s    3       java.util.Hashtable::putAll (52 bytes)
Event: 818.065 Thread 0x00000221db8fdce0 nmethod 11001 0x00000221c7f74810 code [0x00000221c7f74a40, 0x00000221c7f75348]
Event: 818.065 Thread 0x00000221db8fdce0 11002       3       com.sun.beans.TypeResolver::prepare (234 bytes)
Event: 818.068 Thread 0x00000221db8fdce0 nmethod 11002 0x00000221c7f75590 code [0x00000221c7f75a20, 0x00000221c7f780d0]
Event: 818.069 Thread 0x00000221db8fdce0 11003       3       sun.reflect.generics.reflectiveObjects.TypeVariableImpl::make (68 bytes)
Event: 818.070 Thread 0x00000221db8fdce0 nmethod 11003 0x00000221c7f78b10 code [0x00000221c7f78da0, 0x00000221c7f79ac0]
Event: 818.070 Thread 0x00000221db8fdce0 11004       3       java.lang.reflect.Executable$$Lambda/0x00000221815c5460::apply (8 bytes)
Event: 818.070 Thread 0x00000221db8fdce0 nmethod 11004 0x00000221c7f79e90 code [0x00000221c7f7a040, 0x00000221c7f7a288]
Event: 818.070 Thread 0x00000221db8fdce0 11005       3       java.lang.reflect.Executable::typeVarBounds (88 bytes)
Event: 818.071 Thread 0x00000221db8fdce0 nmethod 11005 0x00000221c7f7a390 code [0x00000221c7f7a6c0, 0x00000221c7f7b6f0]
Event: 818.071 Thread 0x00000221db8fdce0 11006       3       java.util.stream.ReferencePipeline::toArray (18 bytes)
Event: 818.072 Thread 0x00000221db8fdce0 nmethod 11006 0x00000221c7f7bc90 code [0x00000221c7f7be60, 0x00000221c7f7c0b8]

GC Heap History (20 events):
Event: 708.219 GC heap before
{Heap before GC invocations=29 (full 0):
 garbage-first heap   total 114688K, used 88760K [0x0000000080000000, 0x0000000100000000)
  region size 1024K, 23 young (23552K), 2 survivors (2048K)
 Metaspace       used 62323K, committed 64384K, reserved 1114112K
  class space    used 8996K, committed 9984K, reserved 1048576K
}
Event: 708.224 GC heap after
{Heap after GC invocations=30 (full 0):
 garbage-first heap   total 114688K, used 68134K [0x0000000080000000, 0x0000000100000000)
  region size 1024K, 3 young (3072K), 3 survivors (3072K)
 Metaspace       used 62323K, committed 64384K, reserved 1114112K
  class space    used 8996K, committed 9984K, reserved 1048576K
}
Event: 717.033 GC heap before
{Heap before GC invocations=30 (full 0):
 garbage-first heap   total 114688K, used 98854K [0x0000000080000000, 0x0000000100000000)
  region size 1024K, 31 young (31744K), 3 survivors (3072K)
 Metaspace       used 65555K, committed 67648K, reserved 1114112K
  class space    used 9404K, committed 10432K, reserved 1048576K
}
Event: 717.040 GC heap after
{Heap after GC invocations=31 (full 0):
 garbage-first heap   total 114688K, used 70844K [0x0000000080000000, 0x0000000100000000)
  region size 1024K, 3 young (3072K), 3 survivors (3072K)
 Metaspace       used 65555K, committed 67648K, reserved 1114112K
  class space    used 9404K, committed 10432K, reserved 1048576K
}
Event: 725.070 GC heap before
{Heap before GC invocations=31 (full 0):
 garbage-first heap   total 114688K, used 99516K [0x0000000080000000, 0x0000000100000000)
  region size 1024K, 31 young (31744K), 3 survivors (3072K)
 Metaspace       used 67612K, committed 69696K, reserved 1114112K
  class space    used 9719K, committed 10752K, reserved 1048576K
}
Event: 725.078 GC heap after
{Heap after GC invocations=32 (full 0):
 garbage-first heap   total 114688K, used 72230K [0x0000000080000000, 0x0000000100000000)
  region size 1024K, 3 young (3072K), 3 survivors (3072K)
 Metaspace       used 67612K, committed 69696K, reserved 1114112K
  class space    used 9719K, committed 10752K, reserved 1048576K
}
Event: 731.555 GC heap before
{Heap before GC invocations=33 (full 0):
 garbage-first heap   total 121856K, used 108070K [0x0000000080000000, 0x0000000100000000)
  region size 1024K, 32 young (32768K), 3 survivors (3072K)
 Metaspace       used 69646K, committed 71808K, reserved 1114112K
  class space    used 9984K, committed 11008K, reserved 1048576K
}
Event: 731.563 GC heap after
{Heap after GC invocations=34 (full 0):
 garbage-first heap   total 121856K, used 77224K [0x0000000080000000, 0x0000000100000000)
  region size 1024K, 4 young (4096K), 4 survivors (4096K)
 Metaspace       used 69646K, committed 71808K, reserved 1114112K
  class space    used 9984K, committed 11008K, reserved 1048576K
}
Event: 742.780 GC heap before
{Heap before GC invocations=34 (full 0):
 garbage-first heap   total 121856K, used 107944K [0x0000000080000000, 0x0000000100000000)
  region size 1024K, 34 young (34816K), 4 survivors (4096K)
 Metaspace       used 72003K, committed 74112K, reserved 1114112K
  class space    used 10269K, committed 11264K, reserved 1048576K
}
Event: 742.787 GC heap after
{Heap after GC invocations=35 (full 0):
 garbage-first heap   total 121856K, used 78794K [0x0000000080000000, 0x0000000100000000)
  region size 1024K, 2 young (2048K), 2 survivors (2048K)
 Metaspace       used 72003K, committed 74112K, reserved 1114112K
  class space    used 10269K, committed 11264K, reserved 1048576K
}
Event: 746.694 GC heap before
{Heap before GC invocations=35 (full 0):
 garbage-first heap   total 121856K, used 109514K [0x0000000080000000, 0x0000000100000000)
  region size 1024K, 32 young (32768K), 2 survivors (2048K)
 Metaspace       used 73400K, committed 75520K, reserved 1114112K
  class space    used 10443K, committed 11456K, reserved 1048576K
}
Event: 746.702 GC heap after
{Heap after GC invocations=36 (full 0):
 garbage-first heap   total 121856K, used 82258K [0x0000000080000000, 0x0000000100000000)
  region size 1024K, 4 young (4096K), 4 survivors (4096K)
 Metaspace       used 73400K, committed 75520K, reserved 1114112K
  class space    used 10443K, committed 11456K, reserved 1048576K
}
Event: 772.119 GC heap before
{Heap before GC invocations=37 (full 0):
 garbage-first heap   total 138240K, used 108882K [0x0000000080000000, 0x0000000100000000)
  region size 1024K, 31 young (31744K), 4 survivors (4096K)
 Metaspace       used 75374K, committed 77504K, reserved 1179648K
  class space    used 10706K, committed 11712K, reserved 1048576K
}
Event: 772.132 GC heap after
{Heap after GC invocations=38 (full 0):
 garbage-first heap   total 138240K, used 83857K [0x0000000080000000, 0x0000000100000000)
  region size 1024K, 2 young (2048K), 2 survivors (2048K)
 Metaspace       used 75374K, committed 77504K, reserved 1179648K
  class space    used 10706K, committed 11712K, reserved 1048576K
}
Event: 805.172 GC heap before
{Heap before GC invocations=38 (full 0):
 garbage-first heap   total 138240K, used 121745K [0x0000000080000000, 0x0000000100000000)
  region size 1024K, 39 young (39936K), 2 survivors (2048K)
 Metaspace       used 78174K, committed 80320K, reserved 1179648K
  class space    used 11169K, committed 12224K, reserved 1048576K
}
Event: 805.177 GC heap after
{Heap after GC invocations=39 (full 0):
 garbage-first heap   total 138240K, used 84234K [0x0000000080000000, 0x0000000100000000)
  region size 1024K, 3 young (3072K), 3 survivors (3072K)
 Metaspace       used 78174K, committed 80320K, reserved 1179648K
  class space    used 11169K, committed 12224K, reserved 1048576K
}
Event: 812.906 GC heap before
{Heap before GC invocations=39 (full 0):
 garbage-first heap   total 138240K, used 123146K [0x0000000080000000, 0x0000000100000000)
  region size 1024K, 41 young (41984K), 3 survivors (3072K)
 Metaspace       used 81214K, committed 83392K, reserved 1179648K
  class space    used 11700K, committed 12736K, reserved 1048576K
}
Event: 812.912 GC heap after
{Heap after GC invocations=40 (full 0):
 garbage-first heap   total 138240K, used 85923K [0x0000000080000000, 0x0000000100000000)
  region size 1024K, 5 young (5120K), 5 survivors (5120K)
 Metaspace       used 81214K, committed 83392K, reserved 1179648K
  class space    used 11700K, committed 12736K, reserved 1048576K
}
Event: 817.712 GC heap before
{Heap before GC invocations=41 (full 0):
 garbage-first heap   total 145408K, used 124835K [0x0000000080000000, 0x0000000100000000)
  region size 1024K, 43 young (44032K), 5 survivors (5120K)
 Metaspace       used 84123K, committed 86464K, reserved 1179648K
  class space    used 12157K, committed 13312K, reserved 1048576K
}
Event: 817.717 GC heap after
{Heap after GC invocations=42 (full 0):
 garbage-first heap   total 145408K, used 87953K [0x0000000080000000, 0x0000000100000000)
  region size 1024K, 6 young (6144K), 6 survivors (6144K)
 Metaspace       used 84123K, committed 86464K, reserved 1179648K
  class space    used 12157K, committed 13312K, reserved 1048576K
}

Dll operation events (20 events):
Event: 5.249 Attempting to load shared library C:\Users\enzonascimento-ieg\.cursor\extensions\redhat.java-1.56.0-win32-x64\jre\21.0.12.1-win32-x86_64\bin\nio.dll
Event: 5.284 Loaded shared library C:\Users\enzonascimento-ieg\.cursor\extensions\redhat.java-1.56.0-win32-x64\jre\21.0.12.1-win32-x86_64\bin\nio.dll
Event: 5.301 Attempting to load shared library C:\Users\enzonascimento-ieg\.cursor\extensions\redhat.java-1.56.0-win32-x64\jre\21.0.12.1-win32-x86_64\bin\zip.dll
Event: 5.301 Loaded shared library C:\Users\enzonascimento-ieg\.cursor\extensions\redhat.java-1.56.0-win32-x64\jre\21.0.12.1-win32-x86_64\bin\zip.dll
Event: 10.163 Attempting to load shared library C:\Users\enzonascimento-ieg\.cursor\extensions\redhat.java-1.56.0-win32-x64\jre\21.0.12.1-win32-x86_64\bin\jimage.dll
Event: 10.163 Loaded shared library C:\Users\enzonascimento-ieg\.cursor\extensions\redhat.java-1.56.0-win32-x64\jre\21.0.12.1-win32-x86_64\bin\jimage.dll
Event: 16.100 Attempting to load shared library C:\Users\enzonascimento-ieg\.cursor\extensions\redhat.java-1.56.0-win32-x64\jre\21.0.12.1-win32-x86_64\bin\verify.dll
Event: 16.100 Loaded shared library C:\Users\enzonascimento-ieg\.cursor\extensions\redhat.java-1.56.0-win32-x64\jre\21.0.12.1-win32-x86_64\bin\verify.dll
Event: 16.839 Attempting to load shared library C:\Users\enzonascimento-ieg\.gradle\native\1def1411415f61bf3af743bc5b6707747c0891f09f0c88961ee8f79bc544acac\windows-amd64\native-platform.dll
Event: 16.844 Loaded shared library C:\Users\enzonascimento-ieg\.gradle\native\1def1411415f61bf3af743bc5b6707747c0891f09f0c88961ee8f79bc544acac\windows-amd64\native-platform.dll
Event: 16.871 Attempting to load shared library C:\Users\enzonascimento-ieg\.gradle\native\0.2.8\x86_64-windows-gnu\gradle-fileevents.dll
Event: 17.150 Loaded shared library C:\Users\enzonascimento-ieg\.gradle\native\0.2.8\x86_64-windows-gnu\gradle-fileevents.dll
Event: 59.640 Attempting to load shared library C:\Users\enzonascimento-ieg\.cursor\extensions\redhat.java-1.56.0-win32-x64\jre\21.0.12.1-win32-x86_64\bin\management.dll
Event: 59.642 Loaded shared library C:\Users\enzonascimento-ieg\.cursor\extensions\redhat.java-1.56.0-win32-x64\jre\21.0.12.1-win32-x86_64\bin\management.dll
Event: 59.655 Attempting to load shared library C:\Users\enzonascimento-ieg\.cursor\extensions\redhat.java-1.56.0-win32-x64\jre\21.0.12.1-win32-x86_64\bin\management_ext.dll
Event: 59.657 Loaded shared library C:\Users\enzonascimento-ieg\.cursor\extensions\redhat.java-1.56.0-win32-x64\jre\21.0.12.1-win32-x86_64\bin\management_ext.dll
Event: 71.223 Attempting to load shared library C:\Users\enzonascimento-ieg\.cursor\extensions\redhat.java-1.56.0-win32-x64\jre\21.0.12.1-win32-x86_64\bin\extnet.dll
Event: 71.224 Loaded shared library C:\Users\enzonascimento-ieg\.cursor\extensions\redhat.java-1.56.0-win32-x64\jre\21.0.12.1-win32-x86_64\bin\extnet.dll
Event: 360.330 Attempting to load shared library C:\Users\enzonascimento-ieg\.cursor\extensions\redhat.java-1.56.0-win32-x64\jre\21.0.12.1-win32-x86_64\bin\sunmscapi.dll
Event: 360.363 Loaded shared library C:\Users\enzonascimento-ieg\.cursor\extensions\redhat.java-1.56.0-win32-x64\jre\21.0.12.1-win32-x86_64\bin\sunmscapi.dll

Deoptimization events (20 events):
Event: 817.931 Thread 0x00000221e19444d0 DEOPT PACKING pc=0x00000221ceb678e8 sp=0x000000d9b69fe2f0
Event: 817.931 Thread 0x00000221e19444d0 DEOPT UNPACKING pc=0x00000221ce4c4422 sp=0x000000d9b69fe1e8 mode 2
Event: 817.933 Thread 0x00000221e19444d0 Uncommon trap: trap_request=0xffffffc6 fr.pc=0x00000221cecc7c00 relative=0x00000000000001a0
Event: 817.933 Thread 0x00000221e19444d0 Uncommon trap: reason=bimorphic_or_optimized_type_check action=maybe_recompile pc=0x00000221cecc7c00 method=java.util.ArrayList$ArrayListSpliterator.tryAdvance(Ljava/util/function/Consumer;)Z @ 48 c2
Event: 817.933 Thread 0x00000221e19444d0 DEOPT PACKING pc=0x00000221cecc7c00 sp=0x000000d9b69fdfb0
Event: 817.934 Thread 0x00000221e19444d0 DEOPT UNPACKING pc=0x00000221ce4c4422 sp=0x000000d9b69fdf30 mode 2
Event: 817.934 Thread 0x00000221e19444d0 Uncommon trap: trap_request=0xffffffc6 fr.pc=0x00000221cecc7c00 relative=0x00000000000001a0
Event: 817.934 Thread 0x00000221e19444d0 Uncommon trap: reason=bimorphic_or_optimized_type_check action=maybe_recompile pc=0x00000221cecc7c00 method=java.util.ArrayList$ArrayListSpliterator.tryAdvance(Ljava/util/function/Consumer;)Z @ 48 c2
Event: 817.934 Thread 0x00000221e19444d0 DEOPT PACKING pc=0x00000221cecc7c00 sp=0x000000d9b69fdfb0
Event: 817.934 Thread 0x00000221e19444d0 DEOPT UNPACKING pc=0x00000221ce4c4422 sp=0x000000d9b69fdf30 mode 2
Event: 817.953 Thread 0x00000221e19444d0 DEOPT PACKING pc=0x00000221c7ecb1d4 sp=0x000000d9b69fe5c0
Event: 817.953 Thread 0x00000221e19444d0 DEOPT UNPACKING pc=0x00000221ce4c4bc2 sp=0x000000d9b69fdad0 mode 0
Event: 817.956 Thread 0x00000221e19444d0 Uncommon trap: trap_request=0xffffff45 fr.pc=0x00000221cef58144 relative=0x0000000000000744
Event: 817.956 Thread 0x00000221e19444d0 Uncommon trap: reason=unstable_if action=reinterpret pc=0x00000221cef58144 method=org.gradle.internal.logging.sink.OutputEventTransformer.onOutput(Lorg/gradle/internal/logging/events/OutputEvent;)V @ 89 c2
Event: 817.956 Thread 0x00000221e19444d0 DEOPT PACKING pc=0x00000221cef58144 sp=0x000000d9b69fe510
Event: 817.956 Thread 0x00000221e19444d0 DEOPT UNPACKING pc=0x00000221ce4c4422 sp=0x000000d9b69fe4d8 mode 2
Event: 817.956 Thread 0x00000221e19444d0 Uncommon trap: trap_request=0xffffff45 fr.pc=0x00000221cee979fc relative=0x00000000000000bc
Event: 817.956 Thread 0x00000221e19444d0 Uncommon trap: reason=unstable_if action=reinterpret pc=0x00000221cee979fc method=org.gradle.internal.operations.logging.LoggingBuildOperationProgressBroadcaster.onOutput(Lorg/gradle/internal/logging/events/OutputEvent;)V @ 73 c2
Event: 817.956 Thread 0x00000221e19444d0 DEOPT PACKING pc=0x00000221cee979fc sp=0x000000d9b69fe5c0
Event: 817.956 Thread 0x00000221e19444d0 DEOPT UNPACKING pc=0x00000221ce4c4422 sp=0x000000d9b69fe540 mode 2

Classes loaded (20 events):
Event: 804.986 Loading class java/util/AbstractMap$2$1
Event: 804.986 Loading class java/util/AbstractMap$2$1 done
Event: 804.987 Loading class java/io/Console$1
Event: 804.987 Loading class jdk/internal/access/JavaIOAccess
Event: 804.987 Loading class jdk/internal/access/JavaIOAccess done
Event: 804.987 Loading class java/io/Console$1 done
Event: 806.527 Loading class java/beans/PropertyChangeListener
Event: 806.583 Loading class java/beans/PropertyChangeListener done
Event: 817.142 Loading class java/lang/AbstractMethodError
Event: 817.142 Loading class java/lang/AbstractMethodError done
Event: 817.367 Loading class java/util/stream/ReduceOps$5
Event: 817.367 Loading class java/util/stream/ReduceOps$5 done
Event: 817.367 Loading class java/util/stream/ReduceOps$CountingSink$OfRef
Event: 817.367 Loading class java/util/stream/ReduceOps$CountingSink
Event: 817.368 Loading class java/util/stream/ReduceOps$CountingSink done
Event: 817.368 Loading class java/util/stream/ReduceOps$CountingSink$OfRef done
Event: 817.930 Loading class java/util/TreeMap$KeySpliterator
Event: 817.930 Loading class java/util/TreeMap$TreeMapSpliterator
Event: 817.931 Loading class java/util/TreeMap$TreeMapSpliterator done
Event: 817.931 Loading class java/util/TreeMap$KeySpliterator done

Classes unloaded (0 events):
No events

Classes redefined (0 events):
No events

Internal exceptions (20 events):
Event: 817.241 Thread 0x00000221e0d86870 Implicit null exception at 0x00000221ceeea918 to 0x00000221ceef2178
Event: 817.368 Thread 0x00000221e0d86870 Implicit null exception at 0x00000221ceec9779 to 0x00000221ceec97a4
Event: 817.368 Thread 0x00000221e0d86870 Implicit null exception at 0x00000221ceb81cf9 to 0x00000221ceb82d58
Event: 817.424 Thread 0x00000221e0d86870 Exception <a 'java/lang/ClassNotFoundException'{0x00000000868207e8}: org/gradle/api/DefaultTask_DecoratedBeanInfo> (0x00000000868207e8) 
thrown [s\src\hotspot\share\classfile\systemDictionary.cpp, line 313]
Event: 817.425 Thread 0x00000221e0d86870 Exception <a 'java/lang/ClassNotFoundException'{0x000000008682baa8}: org/gradle/api/DefaultTaskBeanInfo> (0x000000008682baa8) 
thrown [s\src\hotspot\share\classfile\systemDictionary.cpp, line 313]
Event: 817.425 Thread 0x00000221e0d86870 Exception <a 'java/lang/ClassNotFoundException'{0x0000000086836f90}: org/gradle/api/internal/AbstractTaskBeanInfo> (0x0000000086836f90) 
thrown [s\src\hotspot\share\classfile\systemDictionary.cpp, line 313]
Event: 817.426 Thread 0x00000221e0d86870 Exception <a 'java/lang/ClassNotFoundException'{0x0000000086842478}: org/gradle/api/internal/AbstractTaskCustomizer> (0x0000000086842478) 
thrown [s\src\hotspot\share\classfile\systemDictionary.cpp, line 313]
Event: 817.431 Thread 0x00000221e0d86870 Exception <a 'java/lang/ClassNotFoundException'{0x00000000868a42d0}: org/gradle/api/DefaultTaskCustomizer> (0x00000000868a42d0) 
thrown [s\src\hotspot\share\classfile\systemDictionary.cpp, line 313]
Event: 817.434 Thread 0x00000221e0d86870 Exception <a 'java/lang/ClassNotFoundException'{0x000000008670c788}: org/gradle/api/DefaultTask_DecoratedCustomizer> (0x000000008670c788) 
thrown [s\src\hotspot\share\classfile\systemDictionary.cpp, line 313]
Event: 817.750 Thread 0x00000221e19465a0 Exception <a 'java/lang/NoSuchMethodError'{0x00000000ffec6918}: 'java.lang.Object java.lang.invoke.DirectMethodHandle$Holder.newInvokeSpecial(java.lang.Object, java.lang.Object, int, java.lang.Object, java.lang.Object)'> (0x00000000ffec6918) 
thrown [s\src\hotspot\share\interpreter\linkResolver.cpp, line 773]
Event: 817.751 Thread 0x00000221e19465a0 Exception <a 'java/lang/NoSuchMethodError'{0x00000000ffeca2e0}: 'java.lang.Object java.lang.invoke.Invokers$Holder.linkToTargetMethod(java.lang.Object, int, java.lang.Object, java.lang.Object, java.lang.Object)'> (0x00000000ffeca2e0) 
thrown [s\src\hotspot\share\interpreter\linkResolver.cpp, line 773]
Event: 817.915 Thread 0x00000221e19444d0 Exception <a 'java/lang/NoSuchMethodError'{0x0000000088682158}: 'java.lang.Object java.lang.invoke.DirectMethodHandle$Holder.invokeVirtual(java.lang.Object, java.lang.Object, java.lang.Object, java.lang.Object, java.lang.Object, java.lang.Object, java.lang.Object, java.lang.Object, java.lang.Object, java.lang.Object, java.lang.Object, java.lang.Object, java.lang.Object, java.lang.Object, java.lang.Object, java.lang.Object, java.lang.Object, java.lang.Object, java.lang.Object, java.lang.Object)'> (0x0000000
Event: 817.916 Thread 0x00000221e19444d0 Exception <a 'java/lang/NoSuchMethodError'{0x0000000088687a90}: 'java.lang.Object java.lang.invoke.DirectMethodHandle$Holder.invokeSpecial(java.lang.Object, java.lang.Object, java.lang.Object, java.lang.Object, java.lang.Object, java.lang.Object, java.lang.Object, java.lang.Object, java.lang.Object, java.lang.Object, java.lang.Object, java.lang.Object, java.lang.Object, java.lang.Object, java.lang.Object, java.lang.Object, java.lang.Object, java.lang.Object, java.lang.Object, java.lang.Object, java.lang.Ob
Event: 817.916 Thread 0x00000221e19444d0 Exception <a 'java/lang/NoSuchMethodError'{0x000000008868c780}: 'java.lang.Object java.lang.invoke.DelegatingMethodHandle$Holder.reinvoke_L(java.lang.Object, java.lang.Object, java.lang.Object, java.lang.Object, java.lang.Object, java.lang.Object, java.lang.Object, java.lang.Object, java.lang.Object, java.lang.Object, java.lang.Object, java.lang.Object, java.lang.Object, java.lang.Object, java.lang.Object, java.lang.Object, java.lang.Object, java.lang.Object, java.lang.Object, java.lang.Object)'> (0x000000
Event: 818.055 Thread 0x00000221e19444d0 Exception <a 'java/lang/ClassNotFoundException'{0x0000000088302f78}: org/gradle/api/internal/plugins/DefaultPluginContainerBeanInfo> (0x0000000088302f78) 
thrown [s\src\hotspot\share\classfile\systemDictionary.cpp, line 313]
Event: 818.056 Thread 0x00000221e19444d0 Exception <a 'java/lang/ClassNotFoundException'{0x0000000088312958}: org/gradle/api/internal/plugins/DefaultPluginCollectionBeanInfo> (0x0000000088312958) 
thrown [s\src\hotspot\share\classfile\systemDictionary.cpp, line 313]
Event: 818.057 Thread 0x00000221e19444d0 Exception <a 'java/lang/ClassNotFoundException'{0x0000000088322110}: org/gradle/api/internal/DefaultDomainObjectSetBeanInfo> (0x0000000088322110) 
thrown [s\src\hotspot\share\classfile\systemDictionary.cpp, line 313]
Event: 818.058 Thread 0x00000221e19444d0 Exception <a 'java/lang/ClassNotFoundException'{0x00000000883317a0}: org/gradle/api/internal/DefaultDomainObjectSetCustomizer> (0x00000000883317a0) 
thrown [s\src\hotspot\share\classfile\systemDictionary.cpp, line 313]
Event: 818.061 Thread 0x00000221e19444d0 Exception <a 'java/lang/ClassNotFoundException'{0x0000000088389b50}: org/gradle/api/internal/plugins/DefaultPluginCollectionCustomizer> (0x0000000088389b50) 
thrown [s\src\hotspot\share\classfile\systemDictionary.cpp, line 313]
Event: 818.068 Thread 0x00000221e19444d0 Exception <a 'java/lang/ClassNotFoundException'{0x000000008820b6f8}: org/gradle/api/internal/plugins/DefaultPluginContainerCustomizer> (0x000000008820b6f8) 
thrown [s\src\hotspot\share\classfile\systemDictionary.cpp, line 313]

ZGC Phase Switch (0 events):
No events

VM Operations (20 events):
Event: 816.102 Executing safepoint VM operation: Cleanup
Event: 816.103 Executing safepoint VM operation: Cleanup done
Event: 816.760 Executing non-safepoint VM operation: HandshakeAllThreads (Deoptimize)
Event: 816.760 Executing non-safepoint VM operation: HandshakeAllThreads (Deoptimize) done
Event: 817.265 Executing non-safepoint VM operation: HandshakeAllThreads (Deoptimize)
Event: 817.265 Executing non-safepoint VM operation: HandshakeAllThreads (Deoptimize) done
Event: 817.265 Executing safepoint VM operation: Cleanup
Event: 817.265 Executing safepoint VM operation: Cleanup done
Event: 817.712 Executing safepoint VM operation: G1CollectForAllocation (G1 Evacuation Pause)
Event: 817.717 Executing safepoint VM operation: G1CollectForAllocation (G1 Evacuation Pause) done
Event: 817.939 Executing non-safepoint VM operation: HandshakeAllThreads (Deoptimize)
Event: 817.952 Executing non-safepoint VM operation: HandshakeAllThreads (Deoptimize) done
Event: 817.984 Executing non-safepoint VM operation: HandshakeAllThreads (Deoptimize)
Event: 817.984 Executing non-safepoint VM operation: HandshakeAllThreads (Deoptimize) done
Event: 817.988 Executing non-safepoint VM operation: HandshakeAllThreads (Deoptimize)
Event: 817.988 Executing non-safepoint VM operation: HandshakeAllThreads (Deoptimize) done
Event: 817.994 Executing non-safepoint VM operation: HandshakeAllThreads (Deoptimize)
Event: 817.994 Executing non-safepoint VM operation: HandshakeAllThreads (Deoptimize) done
Event: 818.027 Executing non-safepoint VM operation: HandshakeAllThreads (Deoptimize)
Event: 818.028 Executing non-safepoint VM operation: HandshakeAllThreads (Deoptimize) done

Memory protections (0 events):
No events

Nmethod flushes (20 events):
Event: 812.977 Thread 0x00000221db8d7340 flushing  nmethod 0x00000221c710d590
Event: 812.977 Thread 0x00000221db8d7340 flushing  nmethod 0x00000221c7162290
Event: 812.977 Thread 0x00000221db8d7340 flushing  nmethod 0x00000221c7168c90
Event: 812.977 Thread 0x00000221db8d7340 flushing  nmethod 0x00000221c71cee10
Event: 812.977 Thread 0x00000221db8d7340 flushing  nmethod 0x00000221c71fd490
Event: 812.977 Thread 0x00000221db8d7340 flushing  nmethod 0x00000221c72a8990
Event: 812.977 Thread 0x00000221db8d7340 flushing  nmethod 0x00000221cebbcc90
Event: 812.977 Thread 0x00000221db8d7340 flushing  nmethod 0x00000221c70b2190
Event: 812.977 Thread 0x00000221db8d7340 flushing  nmethod 0x00000221c7101210
Event: 812.977 Thread 0x00000221db8d7340 flushing  nmethod 0x00000221c759e690
Event: 812.977 Thread 0x00000221db8d7340 flushing  nmethod 0x00000221c7748210
Event: 812.977 Thread 0x00000221db8d7340 flushing  nmethod 0x00000221c774c190
Event: 812.977 Thread 0x00000221db8d7340 flushing  nmethod 0x00000221c774df90
Event: 812.977 Thread 0x00000221db8d7340 flushing  nmethod 0x00000221c7750110
Event: 812.977 Thread 0x00000221db8d7340 flushing  nmethod 0x00000221c7751990
Event: 812.977 Thread 0x00000221db8d7340 flushing  nmethod 0x00000221c776eb10
Event: 812.977 Thread 0x00000221db8d7340 flushing osr nmethod 0x00000221c7836a10
Event: 812.977 Thread 0x00000221db8d7340 flushing  nmethod 0x00000221c7929810
Event: 812.977 Thread 0x00000221db8d7340 flushing  nmethod 0x00000221c7aa9e90
Event: 812.977 Thread 0x00000221db8d7340 flushing  nmethod 0x00000221c7d6f790

Events (20 events):
Event: 739.206 Thread 0x00000221e2442330 Thread exited: 0x00000221e2442330
Event: 739.424 Thread 0x00000221e0a8dde0 Thread exited: 0x00000221e0a8dde0
Event: 816.574 Thread 0x00000221db8fdce0 Thread added: 0x00000221e57d1c70
Event: 816.721 Thread 0x00000221e57d1c70 Thread exited: 0x00000221e57d1c70
Event: 817.438 Thread 0x00000221db8fdce0 Thread added: 0x00000221e57d0800
Event: 817.615 Thread 0x00000221e57d0800 Thread exited: 0x00000221e57d0800
Event: 817.711 Thread 0x00000221e0d86870 Thread added: 0x00000221e19465a0
Event: 817.757 Thread 0x00000221e19465a0 Thread added: 0x00000221e19444d0
Event: 817.757 Thread 0x00000221e19465a0 Thread added: 0x00000221e1942a90
Event: 817.757 Thread 0x00000221e19465a0 Thread added: 0x00000221e19416e0
Event: 817.757 Thread 0x00000221e19465a0 Thread added: 0x00000221e19451f0
Event: 817.757 Thread 0x00000221e19465a0 Thread added: 0x00000221e1941d70
Event: 817.757 Thread 0x00000221e19465a0 Thread added: 0x00000221e1948670
Event: 817.757 Thread 0x00000221e19465a0 Thread added: 0x00000221e1948d00
Event: 817.757 Thread 0x00000221e19465a0 Thread added: 0x00000221e19472c0
Event: 817.757 Thread 0x00000221e19465a0 Thread added: 0x00000221e1946c30
Event: 817.757 Thread 0x00000221e19465a0 Thread added: 0x00000221e1947950
Event: 817.757 Thread 0x00000221e19465a0 Thread added: 0x00000221e1947fe0
Event: 817.766 Thread 0x00000221db8fdce0 Thread added: 0x00000221e57d0800
Event: 817.846 Thread 0x00000221e19444d0 Thread added: 0x00000221e1945880


Dynamic libraries:
0x00007ff6a5040000 - 0x00007ff6a504e000 	C:\Users\enzonascimento-ieg\.cursor\extensions\redhat.java-1.56.0-win32-x64\jre\21.0.12.1-win32-x86_64\bin\java.exe
0x00007ff8a2a20000 - 0x00007ff8a2c87000 	C:\Windows\SYSTEM32\ntdll.dll
0x00007ff8a0f70000 - 0x00007ff8a103b000 	C:\Windows\System32\KERNEL32.DLL
0x00007ff8a0330000 - 0x00007ff8a0732000 	C:\Windows\System32\KERNELBASE.dll
0x00007ff89fe40000 - 0x00007ff89ff8c000 	C:\Windows\System32\ucrtbase.dll
0x00007ff86edb0000 - 0x00007ff86edc8000 	C:\Users\enzonascimento-ieg\.cursor\extensions\redhat.java-1.56.0-win32-x64\jre\21.0.12.1-win32-x86_64\bin\jli.dll
0x00007ff8a23f0000 - 0x00007ff8a25bf000 	C:\Windows\System32\USER32.dll
0x00007ff89fc20000 - 0x00007ff89fc47000 	C:\Windows\System32\win32u.dll
0x00007ff8a2290000 - 0x00007ff8a22bb000 	C:\Windows\System32\GDI32.dll
0x00007ff89fc50000 - 0x00007ff89fd79000 	C:\Windows\System32\gdi32full.dll
0x00007ff89ffa0000 - 0x00007ff8a0043000 	C:\Windows\System32\msvcp_win.dll
0x00007ff86edf0000 - 0x00007ff86ee0e000 	C:\Users\enzonascimento-ieg\.cursor\extensions\redhat.java-1.56.0-win32-x64\jre\21.0.12.1-win32-x86_64\bin\VCRUNTIME140.dll
0x00007ff8834a0000 - 0x00007ff883730000 	C:\Windows\WinSxS\amd64_microsoft.windows.common-controls_6595b64144ccf1df_6.0.26100.9278_none_3e0d1ba8e3303201\COMCTL32.dll
0x00007ff8a19a0000 - 0x00007ff8a1a49000 	C:\Windows\System32\msvcrt.dll
0x00007ff8a0eb0000 - 0x00007ff8a0ee1000 	C:\Windows\System32\IMM32.DLL
0x00007ff89c250000 - 0x00007ff89c25c000 	C:\Users\enzonascimento-ieg\.cursor\extensions\redhat.java-1.56.0-win32-x64\jre\21.0.12.1-win32-x86_64\bin\vcruntime140_1.dll
0x00007ff82e330000 - 0x00007ff82e3bd000 	C:\Users\enzonascimento-ieg\.cursor\extensions\redhat.java-1.56.0-win32-x64\jre\21.0.12.1-win32-x86_64\bin\msvcp140.dll
0x00007fffb7530000 - 0x00007fffb82d2000 	C:\Users\enzonascimento-ieg\.cursor\extensions\redhat.java-1.56.0-win32-x64\jre\21.0.12.1-win32-x86_64\bin\server\jvm.dll
0x00007ff8a0de0000 - 0x00007ff8a0e9c000 	C:\Windows\System32\ADVAPI32.dll
0x00007ff8a2000000 - 0x00007ff8a20a9000 	C:\Windows\System32\sechost.dll
0x00007ff8a1a50000 - 0x00007ff8a1b68000 	C:\Windows\System32\RPCRT4.dll
0x00007ff8a2360000 - 0x00007ff8a23e0000 	C:\Windows\System32\WS2_32.dll
0x00007ff89fa80000 - 0x00007ff89fade000 	C:\Windows\SYSTEM32\POWRPROF.dll
0x00007ff89bed0000 - 0x00007ff89bf06000 	C:\Windows\SYSTEM32\WINMM.dll
0x00007ff882540000 - 0x00007ff88254b000 	C:\Windows\SYSTEM32\VERSION.dll
0x00007ff89fa60000 - 0x00007ff89fa75000 	C:\Windows\SYSTEM32\UMPDC.dll
0x00007ff89e8b0000 - 0x00007ff89e8cb000 	C:\Windows\SYSTEM32\kernel.appcore.dll
0x00007ff88b7c0000 - 0x00007ff88b7ca000 	C:\Users\enzonascimento-ieg\.cursor\extensions\redhat.java-1.56.0-win32-x64\jre\21.0.12.1-win32-x86_64\bin\jimage.dll
0x00007ff89cfe0000 - 0x00007ff89d22c000 	C:\Windows\SYSTEM32\DBGHELP.DLL
0x00007ff8a0760000 - 0x00007ff8a0ae5000 	C:\Windows\System32\combase.dll
0x00007ff8a2130000 - 0x00007ff8a2209000 	C:\Windows\System32\OLEAUT32.dll
0x00007ff87e6f0000 - 0x00007ff87e72b000 	C:\Windows\SYSTEM32\dbgcore.DLL
0x00007ff8a0270000 - 0x00007ff8a031c000 	C:\Windows\System32\bcryptPrimitives.dll
0x00007ff881760000 - 0x00007ff88176f000 	C:\Users\enzonascimento-ieg\.cursor\extensions\redhat.java-1.56.0-win32-x64\jre\21.0.12.1-win32-x86_64\bin\instrument.dll
0x00007ff86ed60000 - 0x00007ff86ed80000 	C:\Users\enzonascimento-ieg\.cursor\extensions\redhat.java-1.56.0-win32-x64\jre\21.0.12.1-win32-x86_64\bin\java.dll
0x00007ff8a1040000 - 0x00007ff8a17d8000 	C:\Windows\System32\SHELL32.dll
0x00007ff89d420000 - 0x00007ff89dcce000 	C:\Windows\SYSTEM32\windows.storage.dll
0x00007ff8a17e0000 - 0x00007ff8a18db000 	C:\Windows\System32\SHCORE.dll
0x00007ff8a0ef0000 - 0x00007ff8a0f56000 	C:\Windows\System32\shlwapi.dll
0x00007ff89fb40000 - 0x00007ff89fb69000 	C:\Windows\SYSTEM32\profapi.dll
0x00007ff86eba0000 - 0x00007ff86ebb8000 	C:\Users\enzonascimento-ieg\.cursor\extensions\redhat.java-1.56.0-win32-x64\jre\21.0.12.1-win32-x86_64\bin\zip.dll
0x00007ff88b5d0000 - 0x00007ff88b5e0000 	C:\Users\enzonascimento-ieg\.cursor\extensions\redhat.java-1.56.0-win32-x64\jre\21.0.12.1-win32-x86_64\bin\net.dll
0x00007ff88e680000 - 0x00007ff88e7aa000 	C:\Windows\SYSTEM32\WINHTTP.dll
0x00007ff89ee50000 - 0x00007ff89eebc000 	C:\Windows\system32\mswsock.dll
0x00007ff866290000 - 0x00007ff8662a6000 	C:\Users\enzonascimento-ieg\.cursor\extensions\redhat.java-1.56.0-win32-x64\jre\21.0.12.1-win32-x86_64\bin\nio.dll
0x00007ff86efc0000 - 0x00007ff86efd0000 	C:\Users\enzonascimento-ieg\.cursor\extensions\redhat.java-1.56.0-win32-x64\jre\21.0.12.1-win32-x86_64\bin\verify.dll
0x00007ff86eab0000 - 0x00007ff86ead7000 	C:\Users\enzonascimento-ieg\.gradle\native\1def1411415f61bf3af743bc5b6707747c0891f09f0c88961ee8f79bc544acac\windows-amd64\native-platform.dll
0x00007ff84adb0000 - 0x00007ff84ae27000 	C:\Users\enzonascimento-ieg\.gradle\native\0.2.8\x86_64-windows-gnu\gradle-fileevents.dll
0x00007ff86eea0000 - 0x00007ff86eeaa000 	C:\Users\enzonascimento-ieg\.cursor\extensions\redhat.java-1.56.0-win32-x64\jre\21.0.12.1-win32-x86_64\bin\management.dll
0x00007ff86eb90000 - 0x00007ff86eb9c000 	C:\Users\enzonascimento-ieg\.cursor\extensions\redhat.java-1.56.0-win32-x64\jre\21.0.12.1-win32-x86_64\bin\management_ext.dll
0x00007ff8a20b0000 - 0x00007ff8a20b8000 	C:\Windows\System32\PSAPI.DLL
0x00007ff89dfe0000 - 0x00007ff89e013000 	C:\Windows\SYSTEM32\IPHLPAPI.DLL
0x00007ff8a0f60000 - 0x00007ff8a0f6a000 	C:\Windows\System32\NSI.dll
0x00007ff86d7a0000 - 0x00007ff86d7a9000 	C:\Users\enzonascimento-ieg\.cursor\extensions\redhat.java-1.56.0-win32-x64\jre\21.0.12.1-win32-x86_64\bin\extnet.dll
0x00007ff89f270000 - 0x00007ff89f28b000 	C:\Windows\SYSTEM32\CRYPTSP.dll
0x00007ff89e810000 - 0x00007ff89e849000 	C:\Windows\system32\rsaenh.dll
0x00007ff89ef00000 - 0x00007ff89ef34000 	C:\Windows\SYSTEM32\USERENV.dll
0x00007ff89fb10000 - 0x00007ff89fb3a000 	C:\Windows\SYSTEM32\bcrypt.dll
0x00007ff89f0b0000 - 0x00007ff89f0bc000 	C:\Windows\SYSTEM32\CRYPTBASE.dll
0x00007ff866010000 - 0x00007ff86601e000 	C:\Users\enzonascimento-ieg\.cursor\extensions\redhat.java-1.56.0-win32-x64\jre\21.0.12.1-win32-x86_64\bin\sunmscapi.dll
0x00007ff8a0050000 - 0x00007ff8a01ce000 	C:\Windows\System32\CRYPT32.dll
0x00007ff89f3e0000 - 0x00007ff89f410000 	C:\Windows\SYSTEM32\ncrypt.dll
0x00007ff89f390000 - 0x00007ff89f3cf000 	C:\Windows\SYSTEM32\NTASN1.dll
0x00007ff8842a0000 - 0x00007ff8842a8000 	C:\Windows\system32\wshunix.dll

JVMTI agents:
C:\Users\enzonascimento-ieg\.gradle\wrapper\dists\gradle-9.1.0-bin\9agqghryom9wkf8r80qlhnts3\gradle-9.1.0\lib\agents\gradle-instrumentation-agent-9.1.0.jar path:C:\Users\enzonascimento-ieg\.cursor\extensions\redhat.java-1.56.0-win32-x64\jre\21.0.12.1-win32-x86_64\bin\instrument.dll, loaded, initialized, instrumentlib options:none

dbghelp: loaded successfully - version: 4.0.5 - missing functions: none
symbol engine: initialized successfully - sym options: 0x614 - pdb path: .;C:\Users\enzonascimento-ieg\.cursor\extensions\redhat.java-1.56.0-win32-x64\jre\21.0.12.1-win32-x86_64\bin;C:\Windows\SYSTEM32;C:\Windows\WinSxS\amd64_microsoft.windows.common-controls_6595b64144ccf1df_6.0.26100.9278_none_3e0d1ba8e3303201;C:\Users\enzonascimento-ieg\.cursor\extensions\redhat.java-1.56.0-win32-x64\jre\21.0.12.1-win32-x86_64\bin\server;C:\Users\enzonascimento-ieg\.gradle\native\1def1411415f61bf3af743bc5b6707747c0891f09f0c88961ee8f79bc544acac\windows-amd64;C:\Users\enzonascimento-ieg\.gradle\native\0.2.8\x86_64-windows-gnu

VM Arguments:
jvm_args: --add-opens=java.base/java.lang=ALL-UNNAMED --add-opens=java.base/java.lang.invoke=ALL-UNNAMED --add-opens=java.base/java.util=ALL-UNNAMED --add-opens=java.prefs/java.util.prefs=ALL-UNNAMED --add-exports=jdk.compiler/com.sun.tools.javac.api=ALL-UNNAMED --add-exports=jdk.compiler/com.sun.tools.javac.util=ALL-UNNAMED --add-opens=java.base/java.util=ALL-UNNAMED --add-opens=java.prefs/java.util.prefs=ALL-UNNAMED --add-opens=java.base/java.nio.charset=ALL-UNNAMED --add-opens=java.base/java.net=ALL-UNNAMED --add-opens=java.base/java.util.concurrent=ALL-UNNAMED --add-opens=java.base/java.util.concurrent.atomic=ALL-UNNAMED --add-opens=java.xml/javax.xml.namespace=ALL-UNNAMED --add-opens=java.base/java.time=ALL-UNNAMED -Xmx2048m -Dfile.encoding=UTF-8 -Duser.country=BR -Duser.language=pt -Duser.variant -javaagent:C:\Users\enzonascimento-ieg\.gradle\wrapper\dists\gradle-9.1.0-bin\9agqghryom9wkf8r80qlhnts3\gradle-9.1.0\lib\agents\gradle-instrumentation-agent-9.1.0.jar 
java_command: org.gradle.launcher.daemon.bootstrap.GradleDaemon 9.1.0
java_class_path (initial): C:\Users\enzonascimento-ieg\.gradle\wrapper\dists\gradle-9.1.0-bin\9agqghryom9wkf8r80qlhnts3\gradle-9.1.0\lib\gradle-daemon-main-9.1.0.jar
Launcher Type: SUN_STANDARD

[Global flags]
     intx CICompilerCount                          = 4                                         {product} {ergonomic}
     uint ConcGCThreads                            = 3                                         {product} {ergonomic}
     uint G1ConcRefinementThreads                  = 10                                        {product} {ergonomic}
   size_t G1HeapRegionSize                         = 1048576                                   {product} {ergonomic}
    uintx GCDrainStackTargetSize                   = 64                                        {product} {ergonomic}
   size_t InitialHeapSize                          = 264241152                                 {product} {ergonomic}
   size_t MarkStackSize                            = 4194304                                   {product} {ergonomic}
   size_t MaxHeapSize                              = 2147483648                                {product} {command line}
   size_t MaxNewSize                               = 1287651328                                {product} {ergonomic}
   size_t MinHeapDeltaBytes                        = 1048576                                   {product} {ergonomic}
   size_t MinHeapSize                              = 8388608                                   {product} {ergonomic}
    uintx NonNMethodCodeHeapSize                   = 5839372                                {pd product} {ergonomic}
    uintx NonProfiledCodeHeapSize                  = 122909434                              {pd product} {ergonomic}
    uintx ProfiledCodeHeapSize                     = 122909434                              {pd product} {ergonomic}
    uintx ReservedCodeCacheSize                    = 251658240                              {pd product} {ergonomic}
     bool SegmentedCodeCache                       = true                                      {product} {ergonomic}
   size_t SoftMaxHeapSize                          = 2147483648                             {manageable} {ergonomic}
     bool UseCompressedOops                        = true                           {product lp64_product} {ergonomic}
     bool UseG1GC                                  = true                                      {product} {ergonomic}
     bool UseLargePagesIndividualAllocation        = false                                  {pd product} {ergonomic}

Logging:
Log output configuration:
 #0: stdout all=warning uptime,level,tags foldmultilines=false
 #1: stderr all=off uptime,level,tags foldmultilines=false

Release file:
JAVA_VERSION="21.0.12.1" 
MODULES="java.base java.compiler java.datatransfer java.xml java.prefs java.desktop java.instrument java.logging java.management java.security.sasl java.naming java.rmi java.management.rmi java.net.http java.scripting java.security.jgss java.transaction.xa java.sql java.sql.rowset java.xml.crypto java.se java.smartcardio jdk.accessibility jdk.internal.jvmstat jdk.attach jdk.charsets jdk.internal.opt jdk.zipfs jdk.compiler jdk.crypto.ec jdk.crypto.cryptoki jdk.crypto.mscapi jdk.dynalink jdk.internal.ed jdk.editpad jdk.hotspot.agent jdk.httpserver jdk.internal.le jdk.internal.vm.ci jdk.internal.vm.compiler jdk.internal.vm.compiler.management jdk.jartool jdk.javadoc jdk.jcmd jdk.management jdk.management.agent jdk.jconsole jdk.jdeps jdk.jdwp.agent jdk.jdi jdk.jfr jdk.jshell jdk.jsobject jdk.jstatd jdk.localedata jdk.management.jfr jdk.naming.dns jdk.naming.rmi jdk.net jdk.nio.mapmode jdk.random jdk.sctp jdk.security.auth jdk.security.jgss jdk.unsupported jdk.unsupported.desktop jdk.xml.dom" 

Environment Variables:
PATH=C:\Program Files\Python314\Scripts\;C:\Program Files\Python314\;C:\Program Files\Common Files\Oracle\Java\javapath;C:\Program Files\Python311\Scripts\;C:\Program Files\Python311\;C:\Windows\system32;C:\Windows;C:\Windows\System32\Wbem;C:\Windows\System32\WindowsPowerShell\v1.0\;C:\Windows\System32\OpenSSH\;C:\Program Files\dotnet\;C:\Program Files (x86)\Microsoft SQL Server\160\Tools\Binn\;C:\Program Files\Microsoft SQL Server\160\Tools\Binn\;C:\Program Files\Microsoft SQL Server\Client SDK\ODBC\170\Tools\Binn\;C:\Program Files\Microsoft SQL Server\160\DTS\Binn\;C:\Program Files\nodejs\;C:\Users\bart\AppData\Local\Microsoft\WindowsApps;C:\Users\bart\AppData\Local\Programs\Microsoft VS Code\bin;C:\Users\bart\AppData\Roaming\npm;C:\Program Files\kind;C:\Users\enzonascimento-ieg\AppData\Local\Microsoft\WindowsApps;C:\Users\enzonascimento-ieg\AppData\Local\Programs\Microsoft VS Code\bin;C:\Users\enzonascimento-ieg\AppData\Local\Programs\Git\cmd;C:\Users\enzonascimento-ieg\flutter\bin;C:\Users\enzonascimento-ieg\AppData\Roaming\npm;C:\Users\enzonascimento-ieg\AppData\Local\Programs\cursor\resources\app\bin;C:\Users\enzonascimento-ieg\AppData\Local\Programs\DockerDesktop\resources\bin;C:\Users\enzonascimento-ieg\.bun\bin;C:\Users\enzonascimento-ieg\AppData\Local\Microsoft\WinGet\Packages\evilmartians.lefthook_Microsoft.Winget.Source_8wekyb3d8bbwe;
USERNAME=enzonascimento-ieg
OS=Windows_NT
PROCESSOR_IDENTIFIER=Intel64 Family 6 Model 154 Stepping 4, GenuineIntel
TMP=C:\Users\ENZONA~1\AppData\Local\Temp
TEMP=C:\Users\ENZONA~1\AppData\Local\Temp




Periodic native trim disabled

---------------  S Y S T E M  ---------------

OS:
 Windows 11 , 64 bit Build 26100 (10.0.26100.9444)
OS uptime: 6 days 19:30 hours
Hyper-V role detected

CPU: total 12 (initial active 12) (6 cores per cpu, 2 threads per core) family 6 model 154 stepping 4 microcode 0x43b, cx8, cmov, fxsr, ht, mmx, 3dnowpref, sse, sse2, sse3, ssse3, sse4.1, sse4.2, popcnt, lzcnt, tsc, tscinvbit, avx, avx2, aes, erms, clmul, bmi1, bmi2, adx, sha, fma, vzeroupper, clflush, clflushopt, clwb, hv, serialize, rdtscp, rdpid, fsrm, f16c, cet_ibt, cet_ss
Processor Information for the first 12 processors :
  Max Mhz: 1700, Current Mhz: 1700, Mhz Limit: 1700

Memory: 4k page, system-wide physical 16068M (954M free)
TotalPageFile size 65220M (AvailPageFile size 83M)
current process WorkingSet (physical memory assigned to process): 290M, peak: 290M
current process commit charge ("private bytes"): 431M, peak: 439M

vm_info: OpenJDK 64-Bit Server VM (21.0.12.1+1-LTS) for windows-amd64 JRE (21.0.12.1+1-LTS), built on 2026-08-18T00:00:00Z by "admin" with MS VC++ 17.12 (VS2022)

END.
