#
# There is insufficient memory for the Java Runtime Environment to continue.
# Native memory allocation (malloc) failed to allocate 1686448 bytes. Error detail: Chunk::new
# Possible reasons:
#   The system is out of physical RAM or swap space
#   This process is running with CompressedOops enabled, and the Java Heap may be blocking the growth of the native heap
# Possible solutions:
#   Reduce memory load on the system
#   Increase physical memory or swap space
#   Check if swap backing store is full
#   Decrease Java heap size (-Xmx/-Xms)
#   Decrease number of Java threads
#   Decrease Java thread stack sizes (-Xss)
#   Set larger code cache with -XX:ReservedCodeCacheSize=
#   JVM is running with Unscaled Compressed Oops mode in which the Java heap is
#     placed in the first 4GB address space. The Java Heap base address is the
#     maximum limit for the native heap growth. Please use -XX:HeapBaseMinAddress
#     to set the Java Heap base and to place the Java Heap above 4GB virtual address.
# This output file may be truncated or incomplete.
#
#  Out of Memory Error (arena.cpp:168), pid=34628, tid=46208
#
# JRE version: OpenJDK Runtime Environment Temurin-21.0.12.1+1 (21.0.12.1+1) (build 21.0.12.1+1-LTS)
# Java VM: OpenJDK 64-Bit Server VM Temurin-21.0.12.1+1 (21.0.12.1+1-LTS, mixed mode, sharing, tiered, compressed oops, compressed class ptrs, g1 gc, windows-amd64)
# No core dump will be written. Minidumps are not enabled by default on client versions of Windows
#

---------------  S U M M A R Y ------------

Command Line: --add-opens=java.base/java.lang=ALL-UNNAMED --add-opens=java.base/java.lang.invoke=ALL-UNNAMED --add-opens=java.base/java.util=ALL-UNNAMED --add-opens=java.prefs/java.util.prefs=ALL-UNNAMED --add-exports=jdk.compiler/com.sun.tools.javac.api=ALL-UNNAMED --add-exports=jdk.compiler/com.sun.tools.javac.util=ALL-UNNAMED --add-opens=java.base/java.util=ALL-UNNAMED --add-opens=java.prefs/java.util.prefs=ALL-UNNAMED --add-opens=java.base/java.nio.charset=ALL-UNNAMED --add-opens=java.base/java.net=ALL-UNNAMED --add-opens=java.base/java.util.concurrent=ALL-UNNAMED --add-opens=java.base/java.util.concurrent.atomic=ALL-UNNAMED --add-opens=java.xml/javax.xml.namespace=ALL-UNNAMED --add-opens=java.base/java.time=ALL-UNNAMED -Xmx2048m -Dfile.encoding=UTF-8 -Duser.country=BR -Duser.language=pt -Duser.variant -javaagent:C:\Users\enzonascimento-ieg\.gradle\wrapper\dists\gradle-9.1.0-bin\9agqghryom9wkf8r80qlhnts3\gradle-9.1.0\lib\agents\gradle-instrumentation-agent-9.1.0.jar org.gradle.launcher.daemon.bootstrap.GradleDaemon 9.1.0

Host: 12th Gen Intel(R) Core(TM) i7-1255U, 12 cores, 15G,  Windows 11 , 64 bit Build 26100 (10.0.26100.9444)
Time: Tue Sep 22 21:52:30 2026 Hora oficial do Brasil elapsed time: 330.413153 seconds (0d 0h 5m 30s)

---------------  T H R E A D  ---------------

Current thread (0x000001fc9c535400):  JavaThread "C2 CompilerThread0" daemon [_thread_in_native, id=46208, stack(0x000000ad4de00000,0x000000ad4df00000) (1024K)]


Current CompileTask:
C2:330413 5152       4       java.net.URLClassLoader$1::run (5 bytes)

Stack: [0x000000ad4de00000,0x000000ad4df00000]
Native frames: (J=compiled Java code, j=interpreted, Vv=VM code, C=native code)
V  [jvm.dll+0x6d83e9]
V  [jvm.dll+0x8b5736]
V  [jvm.dll+0x8b7cee]
V  [jvm.dll+0x8b83d3]
V  [jvm.dll+0x284596]
V  [jvm.dll+0xc685d]
V  [jvm.dll+0xc6da1]
V  [jvm.dll+0x3bf18b]
V  [jvm.dll+0x1e4149]
V  [jvm.dll+0x24c853]
V  [jvm.dll+0x24bce0]
V  [jvm.dll+0x1cb4ae]
V  [jvm.dll+0x25baad]
V  [jvm.dll+0x25a03a]
V  [jvm.dll+0x3f8aae]
V  [jvm.dll+0x8600cd]
V  [jvm.dll+0x6d6c1d]
C  [ucrtbase.dll+0x2cd30]
C  [KERNEL32.DLL+0x2cd87]
C  [ntdll.dll+0xacaec]


---------------  P R O C E S S  ---------------

Threads class SMR info:
_java_thread_list=0x000001fce4867b80, length=36, elements={
0x000001fc8286d090, 0x000001fc9c528af0, 0x000001fc9c52b560, 0x000001fc9c52bfc0,
0x000001fc9c52ca20, 0x000001fc9c532c00, 0x000001fc9c533660, 0x000001fc9c535400,
0x000001fc9c535ea0, 0x000001fc9c84f020, 0x000001fc9c888f30, 0x000001fce2046000,
0x000001fce34a69a0, 0x000001fce2f05850, 0x000001fce2127680, 0x000001fce2127cf0,
0x000001fce2f564b0, 0x000001fce21b7c80, 0x000001fce40ecd20, 0x000001fce40ec000,
0x000001fce40ea5c0, 0x000001fce40eac50, 0x000001fce40e98a0, 0x000001fce40e9f30,
0x000001fce40ec690, 0x000001fce40eb2e0, 0x000001fce53005e0, 0x000001fce52ff8c0,
0x000001fce5302d40, 0x000001fce53033d0, 0x000001fce5302020, 0x000001fce53026b0,
0x000001fce52fff50, 0x000001fce5303a60, 0x000001fce5300c70, 0x000001fce5306850
}

Java Threads: ( => current thread )
  0x000001fc8286d090 JavaThread "main"                              [_thread_blocked, id=824, stack(0x000000ad4cf00000,0x000000ad4d000000) (1024K)]
  0x000001fc9c528af0 JavaThread "Reference Handler"          daemon [_thread_blocked, id=18484, stack(0x000000ad4d800000,0x000000ad4d900000) (1024K)]
  0x000001fc9c52b560 JavaThread "Finalizer"                  daemon [_thread_blocked, id=12716, stack(0x000000ad4d900000,0x000000ad4da00000) (1024K)]
  0x000001fc9c52bfc0 JavaThread "Signal Dispatcher"          daemon [_thread_blocked, id=21160, stack(0x000000ad4da00000,0x000000ad4db00000) (1024K)]
  0x000001fc9c52ca20 JavaThread "Attach Listener"            daemon [_thread_blocked, id=44292, stack(0x000000ad4db00000,0x000000ad4dc00000) (1024K)]
  0x000001fc9c532c00 JavaThread "Service Thread"             daemon [_thread_blocked, id=28712, stack(0x000000ad4dc00000,0x000000ad4dd00000) (1024K)]
  0x000001fc9c533660 JavaThread "Monitor Deflation Thread"   daemon [_thread_blocked, id=11188, stack(0x000000ad4dd00000,0x000000ad4de00000) (1024K)]
=>0x000001fc9c535400 JavaThread "C2 CompilerThread0"         daemon [_thread_in_native, id=46208, stack(0x000000ad4de00000,0x000000ad4df00000) (1024K)]
  0x000001fc9c535ea0 JavaThread "C1 CompilerThread0"         daemon [_thread_blocked, id=52212, stack(0x000000ad4df00000,0x000000ad4e000000) (1024K)]
  0x000001fc9c84f020 JavaThread "Common-Cleaner"             daemon [_thread_blocked, id=45236, stack(0x000000ad4e000000,0x000000ad4e100000) (1024K)]
  0x000001fc9c888f30 JavaThread "Notification Thread"        daemon [_thread_blocked, id=11868, stack(0x000000ad4e100000,0x000000ad4e200000) (1024K)]
  0x000001fce2046000 JavaThread "Daemon health stats"               [_thread_blocked, id=3528, stack(0x000000ad4e300000,0x000000ad4e400000) (1024K)]
  0x000001fce34a69a0 JavaThread "Incoming local TCP Connector on port 54500"        [_thread_in_native, id=32584, stack(0x000000ad4e200000,0x000000ad4e300000) (1024K)]
  0x000001fce2f05850 JavaThread "Daemon periodic checks"            [_thread_blocked, id=42164, stack(0x000000ad4ed00000,0x000000ad4ee00000) (1024K)]
  0x000001fce2127680 JavaThread "Daemon"                            [_thread_blocked, id=6916, stack(0x000000ad4f100000,0x000000ad4f200000) (1024K)]
  0x000001fce2127cf0 JavaThread "Handler for socket connection from /127.0.0.1:54500 to /127.0.0.1:64862"        [_thread_in_native, id=17968, stack(0x000000ad4f200000,0x000000ad4f300000) (1024K)]
  0x000001fce2f564b0 JavaThread "Cancel handler"                    [_thread_blocked, id=53008, stack(0x000000ad4f300000,0x000000ad4f400000) (1024K)]
  0x000001fce21b7c80 JavaThread "Daemon worker"                     [_thread_in_native, id=10288, stack(0x000000ad4f400000,0x000000ad4f500000) (1024K)]
  0x000001fce40ecd20 JavaThread "Asynchronous log dispatcher for DefaultDaemonConnection: socket connection from /127.0.0.1:54500 to /127.0.0.1:64862"        [_thread_blocked, id=38792, stack(0x000000ad4f500000,0x000000ad4f600000) (1024K)]
  0x000001fce40ec000 JavaThread "Stdin handler"                     [_thread_blocked, id=43520, stack(0x000000ad4f600000,0x000000ad4f700000) (1024K)]
  0x000001fce40ea5c0 JavaThread "Daemon client event forwarder"        [_thread_blocked, id=14900, stack(0x000000ad4f700000,0x000000ad4f800000) (1024K)]
  0x000001fce40eac50 JavaThread "Cache worker for journal cache (C:\Users\enzonascimento-ieg\.gradle\caches\journal-1)"        [_thread_blocked, id=17864, stack(0x000000ad4f800000,0x000000ad4f900000) (1024K)]
  0x000001fce40e98a0 JavaThread "File lock request listener"        [_thread_in_native, id=19532, stack(0x000000ad4f900000,0x000000ad4fa00000) (1024K)]
  0x000001fce40e9f30 JavaThread "Cache worker for file hash cache (C:\Users\enzonascimento-ieg\.gradle\caches\9.1.0\fileHashes)"        [_thread_blocked, id=51704, stack(0x000000ad4fa00000,0x000000ad4fb00000) (1024K)]
  0x000001fce40ec690 JavaThread "File lock release action executor"        [_thread_blocked, id=42036, stack(0x000000ad4fb00000,0x000000ad4fc00000) (1024K)]
  0x000001fce40eb2e0 JavaThread "File lock release action executor Thread 2"        [_thread_blocked, id=3044, stack(0x000000ad4fc00000,0x000000ad4fd00000) (1024K)]
  0x000001fce53005e0 JavaThread "Cache worker for file hash cache (C:\Users\enzonascimento-ieg\AndroidStudioProjects\mobile_skadi\.gradle\9.1.0\fileHashes)"        [_thread_blocked, id=56752, stack(0x000000ad4ff00000,0x000000ad50000000) (1024K)]
  0x000001fce52ff8c0 JavaThread "Cache worker for Build Output Cleanup Cache (C:\Users\enzonascimento-ieg\AndroidStudioProjects\mobile_skadi\.gradle\buildOutputCleanup)"        [_thread_blocked, id=56812, stack(0x000000ad50000000,0x000000ad50100000) (1024K)]
  0x000001fce5302d40 JavaThread "File watcher server"        daemon [_thread_in_native, id=57028, stack(0x000000ad50100000,0x000000ad50200000) (1024K)]
  0x000001fce53033d0 JavaThread "File watcher consumer"      daemon [_thread_blocked, id=57032, stack(0x000000ad50200000,0x000000ad50300000) (1024K)]
  0x000001fce5302020 JavaThread "Cache worker for checksums cache (C:\Users\enzonascimento-ieg\AndroidStudioProjects\mobile_skadi\.gradle\9.1.0\checksums)"        [_thread_blocked, id=57072, stack(0x000000ad50300000,0x000000ad50400000) (1024K)]
  0x000001fce53026b0 JavaThread "Cache worker for file content cache (C:\Users\enzonascimento-ieg\.gradle\caches\9.1.0\fileContent)"        [_thread_blocked, id=57096, stack(0x000000ad50400000,0x000000ad50500000) (1024K)]
  0x000001fce52fff50 JavaThread "Cache worker for cache directory md-supplier (C:\Users\enzonascimento-ieg\.gradle\caches\9.1.0\md-supplier)"        [_thread_blocked, id=57240, stack(0x000000ad50500000,0x000000ad50600000) (1024K)]
  0x000001fce5303a60 JavaThread "Cache worker for cache directory md-rule (C:\Users\enzonascimento-ieg\.gradle\caches\9.1.0\md-rule)"        [_thread_blocked, id=56528, stack(0x000000ad50600000,0x000000ad50700000) (1024K)]
  0x000001fce5300c70 JavaThread "jar transforms"                    [_thread_blocked, id=60204, stack(0x000000ad4ef00000,0x000000ad4f000000) (1024K)]
  0x000001fce5306850 JavaThread "jar transforms Thread 2"           [_thread_blocked, id=51080, stack(0x000000ad4f000000,0x000000ad4f100000) (1024K)]
Total: 36

Other Threads:
  0x000001fc9c50af50 VMThread "VM Thread"                           [id=16088, stack(0x000000ad4d700000,0x000000ad4d800000) (1024K)]
  0x000001fc9c4fea40 WatcherThread "VM Periodic Task Thread"        [id=42748, stack(0x000000ad4d600000,0x000000ad4d700000) (1024K)]
  0x000001fc828c95e0 WorkerThread "GC Thread#0"                     [id=27012, stack(0x000000ad4d100000,0x000000ad4d200000) (1024K)]
  0x000001fc9c931280 WorkerThread "GC Thread#1"                     [id=52904, stack(0x000000ad4e400000,0x000000ad4e500000) (1024K)]
  0x000001fc9c8bcf80 WorkerThread "GC Thread#2"                     [id=5952, stack(0x000000ad4e500000,0x000000ad4e600000) (1024K)]
  0x000001fc9c8bd330 WorkerThread "GC Thread#3"                     [id=416, stack(0x000000ad4e600000,0x000000ad4e700000) (1024K)]
  0x000001fc9c8bd6e0 WorkerThread "GC Thread#4"                     [id=7452, stack(0x000000ad4e700000,0x000000ad4e800000) (1024K)]
  0x000001fc9c8bda90 WorkerThread "GC Thread#5"                     [id=38972, stack(0x000000ad4e800000,0x000000ad4e900000) (1024K)]
  0x000001fc9c652ab0 WorkerThread "GC Thread#6"                     [id=40812, stack(0x000000ad4e900000,0x000000ad4ea00000) (1024K)]
  0x000001fc9c652e60 WorkerThread "GC Thread#7"                     [id=49764, stack(0x000000ad4ea00000,0x000000ad4eb00000) (1024K)]
  0x000001fce20b6da0 WorkerThread "GC Thread#8"                     [id=34744, stack(0x000000ad4eb00000,0x000000ad4ec00000) (1024K)]
  0x000001fce20b7150 WorkerThread "GC Thread#9"                     [id=8040, stack(0x000000ad4ec00000,0x000000ad4ed00000) (1024K)]
  0x000001fc828db3f0 ConcurrentGCThread "G1 Main Marker"            [id=48976, stack(0x000000ad4d200000,0x000000ad4d300000) (1024K)]
  0x000001fc828dbd10 WorkerThread "G1 Conc#0"                       [id=37760, stack(0x000000ad4d300000,0x000000ad4d400000) (1024K)]
  0x000001fce20b69f0 WorkerThread "G1 Conc#1"                       [id=56548, stack(0x000000ad4fd00000,0x000000ad4fe00000) (1024K)]
  0x000001fce20b5b30 WorkerThread "G1 Conc#2"                       [id=56552, stack(0x000000ad4fe00000,0x000000ad4ff00000) (1024K)]
  0x000001fc9c4486e0 ConcurrentGCThread "G1 Refine#0"               [id=41696, stack(0x000000ad4d400000,0x000000ad4d500000) (1024K)]
  0x000001fc9c449f20 ConcurrentGCThread "G1 Service"                [id=34348, stack(0x000000ad4d500000,0x000000ad4d600000) (1024K)]
Total: 18

Threads with active compile tasks:
C2 CompilerThread0  330497 5152       4       java.net.URLClassLoader$1::run (5 bytes)
Total: 1

VM state: not at safepoint (normal execution)

VM Mutex/Monitor currently owned by a thread: None

Heap address: 0x0000000080000000, size: 2048 MB, Compressed Oops mode: 32-bit

CDS archive(s) mapped at: [0x000001fc9d000000-0x000001fc9dba0000-0x000001fc9dba0000), size 12189696, SharedBaseAddress: 0x000001fc9d000000, ArchiveRelocationMode: 1.
Compressed class space mapped at: 0x000001fc9e000000-0x000001fcde000000, reserved size: 1073741824
Narrow klass base: 0x000001fc9d000000, Narrow klass shift: 0, Narrow klass range: 0x100000000

GC Precious Log:
 CardTable entry size: 512
 Card Set container configuration: InlinePtr #cards 5 size 8 Array Of Cards #cards 12 size 40 Howl #buckets 4 coarsen threshold 1843 Howl Bitmap #cards 512 size 80 coarsen threshold 460 Card regions per heap region 1 cards per card region 2048
 CPUs: 12 total, 12 available
 Memory: 16068M
 Large Page Support: Disabled
 NUMA Support: Disabled
 Compressed Oops: Enabled (32-bit)
 Heap Region Size: 1M
 Heap Min Capacity: 8M
 Heap Initial Capacity: 252M
 Heap Max Capacity: 2G
 Pre-touch: Disabled
 Parallel Workers: 10
 Concurrent Workers: 3
 Concurrent Refinement Workers: 10
 Periodic GC: Disabled

Heap:
 garbage-first heap   total 81920K, used 37154K [0x0000000080000000, 0x0000000100000000)
  region size 1024K, 6 young (6144K), 3 survivors (3072K)
 Metaspace       used 46003K, committed 47744K, reserved 1114112K
  class space    used 6719K, committed 7552K, reserved 1048576K

Heap Regions: E=young(eden), S=young(survivor), O=old, HS=humongous(starts), HC=humongous(continues), CS=collection set, F=free, TAMS=top-at-mark-start, PB=parsable bottom
|   0|0x0000000080000000, 0x0000000080100000, 0x0000000080100000|100%|HS|  |TAMS 0x0000000080000000| PB 0x0000000080000000| Complete 
|   1|0x0000000080100000, 0x0000000080200000, 0x0000000080200000|100%|HC|  |TAMS 0x0000000080100000| PB 0x0000000080100000| Complete 
|   2|0x0000000080200000, 0x0000000080300000, 0x0000000080300000|100%|HC|  |TAMS 0x0000000080200000| PB 0x0000000080200000| Complete 
|   3|0x0000000080300000, 0x0000000080400000, 0x0000000080400000|100%| O|  |TAMS 0x0000000080300000| PB 0x0000000080300000| Untracked 
|   4|0x0000000080400000, 0x0000000080500000, 0x0000000080500000|100%| O|  |TAMS 0x0000000080400000| PB 0x0000000080400000| Untracked 
|   5|0x0000000080500000, 0x0000000080600000, 0x0000000080600000|100%| O|  |TAMS 0x0000000080500000| PB 0x0000000080500000| Untracked 
|   6|0x0000000080600000, 0x0000000080700000, 0x0000000080700000|100%|HS|  |TAMS 0x0000000080600000| PB 0x0000000080600000| Complete 
|   7|0x0000000080700000, 0x0000000080800000, 0x0000000080800000|100%| O|  |TAMS 0x0000000080700000| PB 0x0000000080700000| Untracked 
|   8|0x0000000080800000, 0x0000000080900000, 0x0000000080900000|100%| O|  |TAMS 0x0000000080800000| PB 0x0000000080800000| Untracked 
|   9|0x0000000080900000, 0x0000000080a00000, 0x0000000080a00000|100%| O|  |TAMS 0x0000000080900000| PB 0x0000000080900000| Untracked 
|  10|0x0000000080a00000, 0x0000000080b00000, 0x0000000080b00000|100%| O|  |TAMS 0x0000000080a00000| PB 0x0000000080a00000| Untracked 
|  11|0x0000000080b00000, 0x0000000080c00000, 0x0000000080c00000|100%| O|  |TAMS 0x0000000080b00000| PB 0x0000000080b00000| Untracked 
|  12|0x0000000080c00000, 0x0000000080d00000, 0x0000000080d00000|100%| O|  |TAMS 0x0000000080c00000| PB 0x0000000080c00000| Untracked 
|  13|0x0000000080d00000, 0x0000000080e00000, 0x0000000080e00000|100%| O|  |TAMS 0x0000000080d00000| PB 0x0000000080d00000| Untracked 
|  14|0x0000000080e00000, 0x0000000080f00000, 0x0000000080f00000|100%| O|  |TAMS 0x0000000080e00000| PB 0x0000000080e00000| Untracked 
|  15|0x0000000080f00000, 0x0000000081000000, 0x0000000081000000|100%| O|  |TAMS 0x0000000080f00000| PB 0x0000000080f00000| Untracked 
|  16|0x0000000081000000, 0x0000000081100000, 0x0000000081100000|100%| O|  |TAMS 0x0000000081000000| PB 0x0000000081000000| Untracked 
|  17|0x0000000081100000, 0x0000000081200000, 0x0000000081200000|100%| O|  |TAMS 0x0000000081100000| PB 0x0000000081100000| Untracked 
|  18|0x0000000081200000, 0x0000000081300000, 0x0000000081300000|100%| O|  |TAMS 0x0000000081200000| PB 0x0000000081200000| Untracked 
|  19|0x0000000081300000, 0x0000000081400000, 0x0000000081400000|100%| O|  |TAMS 0x0000000081300000| PB 0x0000000081300000| Untracked 
|  20|0x0000000081400000, 0x0000000081500000, 0x0000000081500000|100%| O|  |TAMS 0x0000000081400000| PB 0x0000000081400000| Untracked 
|  21|0x0000000081500000, 0x0000000081600000, 0x0000000081600000|100%| O|  |TAMS 0x0000000081500000| PB 0x0000000081500000| Untracked 
|  22|0x0000000081600000, 0x0000000081700000, 0x0000000081700000|100%| O|  |TAMS 0x0000000081600000| PB 0x0000000081600000| Untracked 
|  23|0x0000000081700000, 0x0000000081800000, 0x0000000081800000|100%| O|  |TAMS 0x0000000081700000| PB 0x0000000081700000| Untracked 
|  24|0x0000000081800000, 0x0000000081900000, 0x0000000081900000|100%| O|  |TAMS 0x0000000081800000| PB 0x0000000081800000| Untracked 
|  25|0x0000000081900000, 0x0000000081a00000, 0x0000000081a00000|100%| O|  |TAMS 0x0000000081900000| PB 0x0000000081900000| Untracked 
|  26|0x0000000081a00000, 0x0000000081b00000, 0x0000000081b00000|100%| O|  |TAMS 0x0000000081a00000| PB 0x0000000081a00000| Untracked 
|  27|0x0000000081b00000, 0x0000000081c00000, 0x0000000081c00000|100%| O|  |TAMS 0x0000000081b00000| PB 0x0000000081b00000| Untracked 
|  28|0x0000000081c00000, 0x0000000081d00000, 0x0000000081d00000|100%| O|  |TAMS 0x0000000081c00000| PB 0x0000000081c00000| Untracked 
|  29|0x0000000081d00000, 0x0000000081e00000, 0x0000000081e00000|100%| O|  |TAMS 0x0000000081d00000| PB 0x0000000081d00000| Untracked 
|  30|0x0000000081e00000, 0x0000000081f00000, 0x0000000081f00000|100%| O|  |TAMS 0x0000000081e00000| PB 0x0000000081e00000| Untracked 
|  31|0x0000000081f00000, 0x0000000081f9bb20, 0x0000000082000000| 60%| O|  |TAMS 0x0000000081f00000| PB 0x0000000081f00000| Untracked 
|  32|0x0000000082000000, 0x0000000082000000, 0x0000000082100000|  0%| F|  |TAMS 0x0000000082000000| PB 0x0000000082000000| Untracked 
|  33|0x0000000082100000, 0x0000000082100000, 0x0000000082200000|  0%| F|  |TAMS 0x0000000082100000| PB 0x0000000082100000| Untracked 
|  34|0x0000000082200000, 0x0000000082200000, 0x0000000082300000|  0%| F|  |TAMS 0x0000000082200000| PB 0x0000000082200000| Untracked 
|  35|0x0000000082300000, 0x0000000082300000, 0x0000000082400000|  0%| F|  |TAMS 0x0000000082300000| PB 0x0000000082300000| Untracked 
|  36|0x0000000082400000, 0x0000000082400000, 0x0000000082500000|  0%| F|  |TAMS 0x0000000082400000| PB 0x0000000082400000| Untracked 
|  37|0x0000000082500000, 0x0000000082500000, 0x0000000082600000|  0%| F|  |TAMS 0x0000000082500000| PB 0x0000000082500000| Untracked 
|  38|0x0000000082600000, 0x0000000082600000, 0x0000000082700000|  0%| F|  |TAMS 0x0000000082600000| PB 0x0000000082600000| Untracked 
|  39|0x0000000082700000, 0x00000000827acfc8, 0x0000000082800000| 67%| S|CS|TAMS 0x0000000082700000| PB 0x0000000082700000| Complete 
|  40|0x0000000082800000, 0x0000000082900000, 0x0000000082900000|100%| S|CS|TAMS 0x0000000082800000| PB 0x0000000082800000| Complete 
|  41|0x0000000082900000, 0x0000000082a00000, 0x0000000082a00000|100%| S|CS|TAMS 0x0000000082900000| PB 0x0000000082900000| Complete 
|  42|0x0000000082a00000, 0x0000000082a00000, 0x0000000082b00000|  0%| F|  |TAMS 0x0000000082a00000| PB 0x0000000082a00000| Untracked 
|  43|0x0000000082b00000, 0x0000000082b00000, 0x0000000082c00000|  0%| F|  |TAMS 0x0000000082b00000| PB 0x0000000082b00000| Untracked 
|  44|0x0000000082c00000, 0x0000000082c00000, 0x0000000082d00000|  0%| F|  |TAMS 0x0000000082c00000| PB 0x0000000082c00000| Untracked 
|  45|0x0000000082d00000, 0x0000000082d00000, 0x0000000082e00000|  0%| F|  |TAMS 0x0000000082d00000| PB 0x0000000082d00000| Untracked 
|  46|0x0000000082e00000, 0x0000000082e00000, 0x0000000082f00000|  0%| F|  |TAMS 0x0000000082e00000| PB 0x0000000082e00000| Untracked 
|  47|0x0000000082f00000, 0x0000000082f00000, 0x0000000083000000|  0%| F|  |TAMS 0x0000000082f00000| PB 0x0000000082f00000| Untracked 
|  48|0x0000000083000000, 0x0000000083000000, 0x0000000083100000|  0%| F|  |TAMS 0x0000000083000000| PB 0x0000000083000000| Untracked 
|  49|0x0000000083100000, 0x0000000083100000, 0x0000000083200000|  0%| F|  |TAMS 0x0000000083100000| PB 0x0000000083100000| Untracked 
|  50|0x0000000083200000, 0x0000000083200000, 0x0000000083300000|  0%| F|  |TAMS 0x0000000083200000| PB 0x0000000083200000| Untracked 
|  51|0x0000000083300000, 0x0000000083300000, 0x0000000083400000|  0%| F|  |TAMS 0x0000000083300000| PB 0x0000000083300000| Untracked 
|  52|0x0000000083400000, 0x0000000083400000, 0x0000000083500000|  0%| F|  |TAMS 0x0000000083400000| PB 0x0000000083400000| Untracked 
|  53|0x0000000083500000, 0x0000000083500000, 0x0000000083600000|  0%| F|  |TAMS 0x0000000083500000| PB 0x0000000083500000| Untracked 
|  54|0x0000000083600000, 0x0000000083600000, 0x0000000083700000|  0%| F|  |TAMS 0x0000000083600000| PB 0x0000000083600000| Untracked 
|  55|0x0000000083700000, 0x0000000083700000, 0x0000000083800000|  0%| F|  |TAMS 0x0000000083700000| PB 0x0000000083700000| Untracked 
|  56|0x0000000083800000, 0x0000000083800000, 0x0000000083900000|  0%| F|  |TAMS 0x0000000083800000| PB 0x0000000083800000| Untracked 
|  57|0x0000000083900000, 0x0000000083900000, 0x0000000083a00000|  0%| F|  |TAMS 0x0000000083900000| PB 0x0000000083900000| Untracked 
|  58|0x0000000083a00000, 0x0000000083a00000, 0x0000000083b00000|  0%| F|  |TAMS 0x0000000083a00000| PB 0x0000000083a00000| Untracked 
|  59|0x0000000083b00000, 0x0000000083b00000, 0x0000000083c00000|  0%| F|  |TAMS 0x0000000083b00000| PB 0x0000000083b00000| Untracked 
|  60|0x0000000083c00000, 0x0000000083c00000, 0x0000000083d00000|  0%| F|  |TAMS 0x0000000083c00000| PB 0x0000000083c00000| Untracked 
| 147|0x0000000089300000, 0x0000000089300000, 0x0000000089400000|  0%| F|  |TAMS 0x0000000089300000| PB 0x0000000089300000| Untracked 
| 148|0x0000000089400000, 0x0000000089400000, 0x0000000089500000|  0%| F|  |TAMS 0x0000000089400000| PB 0x0000000089400000| Untracked 
| 149|0x0000000089500000, 0x0000000089500000, 0x0000000089600000|  0%| F|  |TAMS 0x0000000089500000| PB 0x0000000089500000| Untracked 
| 150|0x0000000089600000, 0x0000000089600000, 0x0000000089700000|  0%| F|  |TAMS 0x0000000089600000| PB 0x0000000089600000| Untracked 
| 151|0x0000000089700000, 0x0000000089700000, 0x0000000089800000|  0%| F|  |TAMS 0x0000000089700000| PB 0x0000000089700000| Untracked 
| 152|0x0000000089800000, 0x0000000089800000, 0x0000000089900000|  0%| F|  |TAMS 0x0000000089800000| PB 0x0000000089800000| Untracked 
| 153|0x0000000089900000, 0x0000000089900000, 0x0000000089a00000|  0%| F|  |TAMS 0x0000000089900000| PB 0x0000000089900000| Untracked 
| 154|0x0000000089a00000, 0x0000000089a00000, 0x0000000089b00000|  0%| F|  |TAMS 0x0000000089a00000| PB 0x0000000089a00000| Untracked 
| 155|0x0000000089b00000, 0x0000000089b00000, 0x0000000089c00000|  0%| F|  |TAMS 0x0000000089b00000| PB 0x0000000089b00000| Untracked 
| 156|0x0000000089c00000, 0x0000000089c00000, 0x0000000089d00000|  0%| F|  |TAMS 0x0000000089c00000| PB 0x0000000089c00000| Untracked 
| 157|0x0000000089d00000, 0x0000000089d00000, 0x0000000089e00000|  0%| F|  |TAMS 0x0000000089d00000| PB 0x0000000089d00000| Untracked 
| 158|0x0000000089e00000, 0x0000000089e00000, 0x0000000089f00000|  0%| F|  |TAMS 0x0000000089e00000| PB 0x0000000089e00000| Untracked 
| 159|0x0000000089f00000, 0x0000000089f00000, 0x000000008a000000|  0%| F|  |TAMS 0x0000000089f00000| PB 0x0000000089f00000| Untracked 
| 160|0x000000008a000000, 0x000000008a000000, 0x000000008a100000|  0%| F|  |TAMS 0x000000008a000000| PB 0x000000008a000000| Untracked 
| 161|0x000000008a100000, 0x000000008a100000, 0x000000008a200000|  0%| F|  |TAMS 0x000000008a100000| PB 0x000000008a100000| Untracked 
| 248|0x000000008f800000, 0x000000008f800000, 0x000000008f900000|  0%| F|  |TAMS 0x000000008f800000| PB 0x000000008f800000| Untracked 
| 249|0x000000008f900000, 0x000000008f957a48, 0x000000008fa00000| 34%| E|  |TAMS 0x000000008f900000| PB 0x000000008f900000| Complete 
| 250|0x000000008fa00000, 0x000000008fb00000, 0x000000008fb00000|100%| E|CS|TAMS 0x000000008fa00000| PB 0x000000008fa00000| Complete 
| 251|0x000000008fb00000, 0x000000008fc00000, 0x000000008fc00000|100%| E|CS|TAMS 0x000000008fb00000| PB 0x000000008fb00000| Complete 

Card table byte_map: [0x000001fc97430000,0x000001fc97830000] _byte_map_base: 0x000001fc97030000

Marking Bits: (CMBitMap*) 0x000001fc828cab10
 Bits: [0x000001fc97830000, 0x000001fc99830000)

Polling page: 0x000001fc82930000

Metaspace:

Usage:
  Non-class:     38.36 MB used.
      Class:      6.56 MB used.
       Both:     44.93 MB used.

Virtual space:
  Non-class space:       64.00 MB reserved,      39.25 MB ( 61%) committed,  1 nodes.
      Class space:        1.00 GB reserved,       7.38 MB ( <1%) committed,  1 nodes.
             Both:        1.06 GB reserved,      46.62 MB (  4%) committed. 

Chunk freelists:
   Non-Class:  8.28 MB
       Class:  8.58 MB
        Both:  16.86 MB

MaxMetaspaceSize: unlimited
CompressedClassSpaceSize: 1.00 GB
Initial GC threshold: 21.00 MB
Current GC threshold: 59.69 MB
CDS: on
 - commit_granule_bytes: 65536.
 - commit_granule_words: 8192.
 - virtual_space_node_default_size: 8388608.
 - enlarge_chunks_in_place: 1.
 - use_allocation_guard: 0.


Internal statistics:

num_allocs_failed_limit: 9.
num_arena_births: 3012.
num_arena_deaths: 0.
num_vsnodes_births: 2.
num_vsnodes_deaths: 0.
num_space_committed: 746.
num_space_uncommitted: 0.
num_chunks_returned_to_freelist: 9.
num_chunks_taken_from_freelist: 5195.
num_chunk_merges: 6.
num_chunk_splits: 3418.
num_chunks_enlarged: 2157.
num_inconsistent_stats: 0.

CodeHeap 'non-profiled nmethods': size=120000Kb used=2622Kb max_used=2622Kb free=117377Kb
 bounds [0x000001fc8ee80000, 0x000001fc8f130000, 0x000001fc963b0000]
CodeHeap 'profiled nmethods': size=120000Kb used=8675Kb max_used=8719Kb free=111324Kb
 bounds [0x000001fc873b0000, 0x000001fc87c40000, 0x000001fc8e8e0000]
CodeHeap 'non-nmethods': size=5760Kb used=1880Kb max_used=1910Kb free=3879Kb
 bounds [0x000001fc8e8e0000, 0x000001fc8eb50000, 0x000001fc8ee80000]
CodeCache: size=245760Kb, used=13177Kb, max_used=13251Kb, free=232580Kb
 total_blobs=5377, nmethods=4627, adapters=654, full_count=0
Compilation: enabled, stopped_count=0, restarted_count=0

Compilation events (20 events):
Event: 330.069 Thread 0x000001fc9c535ea0 5206  s    3       java.lang.ClassValue$ClassValueMap::startEntry (106 bytes)
Event: 330.072 Thread 0x000001fc9c535ea0 nmethod 5206 0x000001fc87767090 code [0x000001fc87767320, 0x000001fc87768220]
Event: 330.083 Thread 0x000001fc9c535ea0 5207       3       kotlin.reflect.jvm.internal.impl.name.ClassId::<init> (116 bytes)
Event: 330.085 Thread 0x000001fc9c535ea0 nmethod 5207 0x000001fc87765a90 code [0x000001fc87765d60, 0x000001fc87766b30]
Event: 330.111 Thread 0x000001fc9c535ea0 5208       3       java.lang.invoke.MethodHandles::constant (88 bytes)
Event: 330.113 Thread 0x000001fc9c535ea0 nmethod 5208 0x000001fc87764390 code [0x000001fc877646a0, 0x000001fc877655c0]
Event: 330.118 Thread 0x000001fc9c535ea0 5210       3       org.gradle.internal.operations.CurrentBuildOperationRef::get (11 bytes)
Event: 330.119 Thread 0x000001fc9c535ea0 nmethod 5210 0x000001fc87763e10 code [0x000001fc87763fc0, 0x000001fc877642a0]
Event: 330.119 Thread 0x000001fc9c535ea0 5211       1       org.gradle.internal.operations.BuildOperationDescriptor::getId (5 bytes)
Event: 330.119 Thread 0x000001fc9c535ea0 nmethod 5211 0x000001fc8efbc590 code [0x000001fc8efbc720, 0x000001fc8efbc7e8]
Event: 330.120 Thread 0x000001fc9c535ea0 5212       3       java.util.Optional::get (22 bytes)
Event: 330.121 Thread 0x000001fc9c535ea0 nmethod 5212 0x000001fc87763910 code [0x000001fc87763ac0, 0x000001fc87763ce0]
Event: 330.121 Thread 0x000001fc9c535ea0 5213       3       org.gradle.internal.snapshot.VfsRelativePath::hasPrefix (15 bytes)
Event: 330.121 Thread 0x000001fc9c535ea0 nmethod 5213 0x000001fc87763510 code [0x000001fc877636c0, 0x000001fc87763810]
Event: 330.121 Thread 0x000001fc9c535ea0 5214       3       java.util.LinkedHashMap$LinkedEntryIterator::next (5 bytes)
Event: 330.122 Thread 0x000001fc9c535ea0 nmethod 5214 0x000001fc87763110 code [0x000001fc877632c0, 0x000001fc87763458]
Event: 330.122 Thread 0x000001fc9c535ea0 5215       3       java.util.LinkedHashMap$LinkedEntryIterator::next (5 bytes)
Event: 330.122 Thread 0x000001fc9c535ea0 nmethod 5215 0x000001fc87579390 code [0x000001fc87579540, 0x000001fc87579678]
Event: 330.158 Thread 0x000001fc9c535ea0 5217       3       java.util.LinkedHashMap::valuesToArray (80 bytes)
Event: 330.158 Thread 0x000001fc9c535ea0 nmethod 5217 0x000001fc87762710 code [0x000001fc87762900, 0x000001fc87762f10]

GC Heap History (20 events):
Event: 4.017 GC heap before
{Heap before GC invocations=0 (full 0):
 garbage-first heap   total 258048K, used 23552K [0x0000000080000000, 0x0000000100000000)
  region size 1024K, 23 young (23552K), 0 survivors (0K)
 Metaspace       used 865K, committed 1024K, reserved 1114112K
  class space    used 71K, committed 128K, reserved 1048576K
}
Event: 5.280 GC heap after
{Heap after GC invocations=1 (full 0):
 garbage-first heap   total 258048K, used 1450K [0x0000000080000000, 0x0000000100000000)
  region size 1024K, 2 young (2048K), 2 survivors (2048K)
 Metaspace       used 865K, committed 1024K, reserved 1114112K
  class space    used 71K, committed 128K, reserved 1048576K
}
Event: 10.271 GC heap before
{Heap before GC invocations=1 (full 0):
 garbage-first heap   total 258048K, used 40362K [0x0000000080000000, 0x0000000100000000)
  region size 1024K, 38 young (38912K), 2 survivors (2048K)
 Metaspace       used 4466K, committed 4672K, reserved 1114112K
  class space    used 583K, committed 704K, reserved 1048576K
}
Event: 10.282 GC heap after
{Heap after GC invocations=2 (full 0):
 garbage-first heap   total 258048K, used 10433K [0x0000000080000000, 0x0000000100000000)
  region size 1024K, 5 young (5120K), 5 survivors (5120K)
 Metaspace       used 4466K, committed 4672K, reserved 1114112K
  class space    used 583K, committed 704K, reserved 1048576K
}
Event: 61.463 GC heap before
{Heap before GC invocations=2 (full 0):
 garbage-first heap   total 258048K, used 80065K [0x0000000080000000, 0x0000000100000000)
  region size 1024K, 72 young (73728K), 5 survivors (5120K)
 Metaspace       used 9302K, committed 9600K, reserved 1114112K
  class space    used 1267K, committed 1408K, reserved 1048576K
}
Event: 61.504 GC heap after
{Heap after GC invocations=3 (full 0):
 garbage-first heap   total 258048K, used 18432K [0x0000000080000000, 0x0000000100000000)
  region size 1024K, 9 young (9216K), 9 survivors (9216K)
 Metaspace       used 9302K, committed 9600K, reserved 1114112K
  class space    used 1267K, committed 1408K, reserved 1048576K
}
Event: 279.503 GC heap before
{Heap before GC invocations=3 (full 0):
 garbage-first heap   total 258048K, used 102400K [0x0000000080000000, 0x0000000100000000)
  region size 1024K, 90 young (92160K), 9 survivors (9216K)
 Metaspace       used 20841K, committed 21504K, reserved 1114112K
  class space    used 2884K, committed 3200K, reserved 1048576K
}
Event: 279.523 GC heap after
{Heap after GC invocations=4 (full 0):
 garbage-first heap   total 258048K, used 23809K [0x0000000080000000, 0x0000000100000000)
  region size 1024K, 15 young (15360K), 15 survivors (15360K)
 Metaspace       used 20841K, committed 21504K, reserved 1114112K
  class space    used 2884K, committed 3200K, reserved 1048576K
}
Event: 282.047 GC heap before
{Heap before GC invocations=5 (full 0):
 garbage-first heap   total 81920K, used 57601K [0x0000000080000000, 0x0000000100000000)
  region size 1024K, 48 young (49152K), 15 survivors (15360K)
 Metaspace       used 24782K, committed 25664K, reserved 1114112K
  class space    used 3533K, committed 3968K, reserved 1048576K
}
Event: 282.057 GC heap after
{Heap after GC invocations=6 (full 0):
 garbage-first heap   total 81920K, used 25695K [0x0000000080000000, 0x0000000100000000)
  region size 1024K, 3 young (3072K), 3 survivors (3072K)
 Metaspace       used 24782K, committed 25664K, reserved 1114112K
  class space    used 3533K, committed 3968K, reserved 1048576K
}
Event: 283.875 GC heap before
{Heap before GC invocations=6 (full 0):
 garbage-first heap   total 81920K, used 65631K [0x0000000080000000, 0x0000000100000000)
  region size 1024K, 42 young (43008K), 3 survivors (3072K)
 Metaspace       used 29964K, committed 31168K, reserved 1114112K
  class space    used 4387K, committed 4992K, reserved 1048576K
}
Event: 283.880 GC heap after
{Heap after GC invocations=7 (full 0):
 garbage-first heap   total 81920K, used 27276K [0x0000000080000000, 0x0000000100000000)
  region size 1024K, 5 young (5120K), 5 survivors (5120K)
 Metaspace       used 29964K, committed 31168K, reserved 1114112K
  class space    used 4387K, committed 4992K, reserved 1048576K
}
Event: 318.004 GC heap before
{Heap before GC invocations=7 (full 0):
 garbage-first heap   total 81920K, used 65164K [0x0000000080000000, 0x0000000100000000)
  region size 1024K, 44 young (45056K), 5 survivors (5120K)
 Metaspace       used 35306K, committed 36608K, reserved 1114112K
  class space    used 5100K, committed 5760K, reserved 1048576K
}
Event: 318.021 GC heap after
{Heap after GC invocations=8 (full 0):
 garbage-first heap   total 81920K, used 29917K [0x0000000080000000, 0x0000000100000000)
  region size 1024K, 5 young (5120K), 5 survivors (5120K)
 Metaspace       used 35306K, committed 36608K, reserved 1114112K
  class space    used 5100K, committed 5760K, reserved 1048576K
}
Event: 321.374 GC heap before
{Heap before GC invocations=9 (full 0):
 garbage-first heap   total 81920K, used 68829K [0x0000000080000000, 0x0000000100000000)
  region size 1024K, 43 young (44032K), 5 survivors (5120K)
 Metaspace       used 38697K, committed 40192K, reserved 1114112K
  class space    used 5607K, committed 6336K, reserved 1048576K
}
Event: 321.383 GC heap after
{Heap after GC invocations=10 (full 0):
 garbage-first heap   total 81920K, used 32705K [0x0000000080000000, 0x0000000100000000)
  region size 1024K, 6 young (6144K), 6 survivors (6144K)
 Metaspace       used 38697K, committed 40192K, reserved 1114112K
  class space    used 5607K, committed 6336K, reserved 1048576K
}
Event: 328.584 GC heap before
{Heap before GC invocations=10 (full 0):
 garbage-first heap   total 81920K, used 70593K [0x0000000080000000, 0x0000000100000000)
  region size 1024K, 43 young (44032K), 6 survivors (6144K)
 Metaspace       used 41180K, committed 42816K, reserved 1114112K
  class space    used 6028K, committed 6848K, reserved 1048576K
}
Event: 328.590 GC heap after
{Heap after GC invocations=11 (full 0):
 garbage-first heap   total 81920K, used 33776K [0x0000000080000000, 0x0000000100000000)
  region size 1024K, 5 young (5120K), 5 survivors (5120K)
 Metaspace       used 41180K, committed 42816K, reserved 1114112K
  class space    used 6028K, committed 6848K, reserved 1048576K
}
Event: 330.093 GC heap before
{Heap before GC invocations=11 (full 0):
 garbage-first heap   total 81920K, used 71664K [0x0000000080000000, 0x0000000100000000)
  region size 1024K, 42 young (43008K), 5 survivors (5120K)
 Metaspace       used 45752K, committed 47424K, reserved 1114112K
  class space    used 6691K, committed 7488K, reserved 1048576K
}
Event: 330.098 GC heap after
{Heap after GC invocations=12 (full 0):
 garbage-first heap   total 81920K, used 35106K [0x0000000080000000, 0x0000000100000000)
  region size 1024K, 3 young (3072K), 3 survivors (3072K)
 Metaspace       used 45752K, committed 47424K, reserved 1114112K
  class space    used 6691K, committed 7488K, reserved 1048576K
}

Dll operation events (20 events):
Event: 2.313 Attempting to load shared library C:\Users\enzonascimento-ieg\.cursor\extensions\redhat.java-1.56.0-win32-x64\jre\21.0.12.1-win32-x86_64\bin\nio.dll
Event: 2.313 Loaded shared library C:\Users\enzonascimento-ieg\.cursor\extensions\redhat.java-1.56.0-win32-x64\jre\21.0.12.1-win32-x86_64\bin\nio.dll
Event: 2.317 Attempting to load shared library C:\Users\enzonascimento-ieg\.cursor\extensions\redhat.java-1.56.0-win32-x64\jre\21.0.12.1-win32-x86_64\bin\zip.dll
Event: 2.317 Loaded shared library C:\Users\enzonascimento-ieg\.cursor\extensions\redhat.java-1.56.0-win32-x64\jre\21.0.12.1-win32-x86_64\bin\zip.dll
Event: 5.288 Attempting to load shared library C:\Users\enzonascimento-ieg\.cursor\extensions\redhat.java-1.56.0-win32-x64\jre\21.0.12.1-win32-x86_64\bin\jimage.dll
Event: 5.288 Loaded shared library C:\Users\enzonascimento-ieg\.cursor\extensions\redhat.java-1.56.0-win32-x64\jre\21.0.12.1-win32-x86_64\bin\jimage.dll
Event: 6.479 Attempting to load shared library C:\Users\enzonascimento-ieg\.cursor\extensions\redhat.java-1.56.0-win32-x64\jre\21.0.12.1-win32-x86_64\bin\verify.dll
Event: 6.480 Loaded shared library C:\Users\enzonascimento-ieg\.cursor\extensions\redhat.java-1.56.0-win32-x64\jre\21.0.12.1-win32-x86_64\bin\verify.dll
Event: 6.662 Attempting to load shared library C:\Users\enzonascimento-ieg\.gradle\native\1def1411415f61bf3af743bc5b6707747c0891f09f0c88961ee8f79bc544acac\windows-amd64\native-platform.dll
Event: 6.663 Loaded shared library C:\Users\enzonascimento-ieg\.gradle\native\1def1411415f61bf3af743bc5b6707747c0891f09f0c88961ee8f79bc544acac\windows-amd64\native-platform.dll
Event: 6.679 Attempting to load shared library C:\Users\enzonascimento-ieg\.gradle\native\0.2.8\x86_64-windows-gnu\gradle-fileevents.dll
Event: 6.680 Loaded shared library C:\Users\enzonascimento-ieg\.gradle\native\0.2.8\x86_64-windows-gnu\gradle-fileevents.dll
Event: 25.673 Attempting to load shared library C:\Users\enzonascimento-ieg\.cursor\extensions\redhat.java-1.56.0-win32-x64\jre\21.0.12.1-win32-x86_64\bin\management.dll
Event: 25.674 Loaded shared library C:\Users\enzonascimento-ieg\.cursor\extensions\redhat.java-1.56.0-win32-x64\jre\21.0.12.1-win32-x86_64\bin\management.dll
Event: 25.690 Attempting to load shared library C:\Users\enzonascimento-ieg\.cursor\extensions\redhat.java-1.56.0-win32-x64\jre\21.0.12.1-win32-x86_64\bin\management_ext.dll
Event: 25.691 Loaded shared library C:\Users\enzonascimento-ieg\.cursor\extensions\redhat.java-1.56.0-win32-x64\jre\21.0.12.1-win32-x86_64\bin\management_ext.dll
Event: 33.630 Attempting to load shared library C:\Users\enzonascimento-ieg\.cursor\extensions\redhat.java-1.56.0-win32-x64\jre\21.0.12.1-win32-x86_64\bin\extnet.dll
Event: 33.630 Loaded shared library C:\Users\enzonascimento-ieg\.cursor\extensions\redhat.java-1.56.0-win32-x64\jre\21.0.12.1-win32-x86_64\bin\extnet.dll
Event: 267.197 Attempting to load shared library C:\Users\enzonascimento-ieg\.cursor\extensions\redhat.java-1.56.0-win32-x64\jre\21.0.12.1-win32-x86_64\bin\sunmscapi.dll
Event: 267.206 Loaded shared library C:\Users\enzonascimento-ieg\.cursor\extensions\redhat.java-1.56.0-win32-x64\jre\21.0.12.1-win32-x86_64\bin\sunmscapi.dll

Deoptimization events (20 events):
Event: 328.544 Thread 0x000001fce21b7c80 Uncommon trap: trap_request=0xffffffc6 fr.pc=0x000001fc8f105980 relative=0x0000000000006b20
Event: 328.544 Thread 0x000001fce21b7c80 Uncommon trap: reason=bimorphic_or_optimized_type_check action=maybe_recompile pc=0x000001fc8f105980 method=java.lang.ClassLoader.loadClass(Ljava/lang/String;Z)Ljava/lang/Class; @ 69 c2
Event: 328.544 Thread 0x000001fce21b7c80 DEOPT PACKING pc=0x000001fc8f105980 sp=0x000000ad4f4f94b0
Event: 328.544 Thread 0x000001fce21b7c80 DEOPT UNPACKING pc=0x000001fc8e934422 sp=0x000000ad4f4f94f8 mode 2
Event: 328.605 Thread 0x000001fce21b7c80 Uncommon trap: trap_request=0xffffff45 fr.pc=0x000001fc8f0bcb94 relative=0x0000000000000314
Event: 328.605 Thread 0x000001fce21b7c80 Uncommon trap: reason=unstable_if action=reinterpret pc=0x000001fc8f0bcb94 method=org.gradle.internal.reflect.PropertyAccessorType.of(Ljava/lang/reflect/Method;)Lorg/gradle/internal/reflect/PropertyAccessorType; @ 56 c2
Event: 328.605 Thread 0x000001fce21b7c80 DEOPT PACKING pc=0x000001fc8f0bcb94 sp=0x000000ad4f4f90b0
Event: 328.605 Thread 0x000001fce21b7c80 DEOPT UNPACKING pc=0x000001fc8e934422 sp=0x000000ad4f4f9070 mode 2
Event: 329.689 Thread 0x000001fce21b7c80 Uncommon trap: trap_request=0xffffffde fr.pc=0x000001fc8efdeb14 relative=0x00000000000002b4
Event: 329.689 Thread 0x000001fce21b7c80 Uncommon trap: reason=class_check action=maybe_recompile pc=0x000001fc8efdeb14 method=java.util.Collections$SetFromMap.remove(Ljava/lang/Object;)Z @ 5 c2
Event: 329.689 Thread 0x000001fce21b7c80 DEOPT PACKING pc=0x000001fc8efdeb14 sp=0x000000ad4f4f8820
Event: 329.690 Thread 0x000001fce21b7c80 DEOPT UNPACKING pc=0x000001fc8e934422 sp=0x000000ad4f4f8808 mode 2
Event: 329.751 Thread 0x000001fce21b7c80 Uncommon trap: trap_request=0xffffff54 fr.pc=0x000001fc8eefd66c relative=0x000000000000158c
Event: 329.751 Thread 0x000001fce21b7c80 Uncommon trap: reason=speculate_null_assert action=make_not_entrant pc=0x000001fc8eefd66c method=java.util.jar.JarFile.getVersionedEntry(Ljava/lang/String;Ljava/util/jar/JarEntry;)Ljava/util/jar/JarEntry; @ 115 c2
Event: 329.751 Thread 0x000001fce21b7c80 DEOPT PACKING pc=0x000001fc8eefd66c sp=0x000000ad4f4f8070
Event: 329.751 Thread 0x000001fce21b7c80 DEOPT UNPACKING pc=0x000001fc8e934422 sp=0x000000ad4f4f8078 mode 2
Event: 329.751 Thread 0x000001fce21b7c80 Uncommon trap: trap_request=0xffffff45 fr.pc=0x000001fc8eed8d98 relative=0x0000000000000e38
Event: 329.751 Thread 0x000001fce21b7c80 Uncommon trap: reason=unstable_if action=reinterpret pc=0x000001fc8eed8d98 method=java.util.jar.JarFile.getEntry(Ljava/lang/String;)Ljava/util/zip/ZipEntry; @ 15 c2
Event: 329.751 Thread 0x000001fce21b7c80 DEOPT PACKING pc=0x000001fc8eed8d98 sp=0x000000ad4f4f8140
Event: 329.751 Thread 0x000001fce21b7c80 DEOPT UNPACKING pc=0x000001fc8e934422 sp=0x000000ad4f4f8138 mode 2

Classes loaded (20 events):
Event: 328.528 Loading class java/util/concurrent/RecursiveAction
Event: 328.528 Loading class java/util/concurrent/RecursiveAction done
Event: 329.691 Loading class java/util/stream/DistinctOps
Event: 329.691 Loading class java/util/stream/DistinctOps done
Event: 329.691 Loading class java/util/stream/DistinctOps$1
Event: 329.691 Loading class java/util/stream/DistinctOps$1 done
Event: 329.691 Loading class java/util/stream/DistinctOps$1$2
Event: 329.691 Loading class java/util/stream/DistinctOps$1$2 done
Event: 329.693 Loading class java/util/stream/SortedOps
Event: 329.693 Loading class java/util/stream/SortedOps done
Event: 329.693 Loading class java/util/stream/SortedOps$OfRef
Event: 329.693 Loading class java/util/stream/SortedOps$OfRef done
Event: 329.695 Loading class java/util/stream/SortedOps$SizedRefSortingSink
Event: 329.695 Loading class java/util/stream/SortedOps$AbstractRefSortingSink
Event: 329.695 Loading class java/util/stream/SortedOps$AbstractRefSortingSink done
Event: 329.695 Loading class java/util/stream/SortedOps$SizedRefSortingSink done
Event: 329.748 Loading class java/util/concurrent/atomic/AtomicIntegerArray
Event: 329.748 Loading class java/util/concurrent/atomic/AtomicIntegerArray done
Event: 329.748 Loading class java/util/concurrent/atomic/AtomicLongArray
Event: 329.748 Loading class java/util/concurrent/atomic/AtomicLongArray done

Classes unloaded (0 events):
No events

Classes redefined (0 events):
No events

Internal exceptions (20 events):
Event: 328.369 Thread 0x000001fce21b7c80 Exception <a 'java/lang/NoSuchMethodError'{0x00000000836d6868}: 'int java.lang.invoke.DirectMethodHandle$Holder.invokeInterface(java.lang.Object, java.lang.Object, java.lang.Object, java.lang.Object)'> (0x00000000836d6868) 
thrown [s\src\hotspot\share\interpreter\linkResolver.cpp, line 773]
Event: 328.405 Thread 0x000001fce21b7c80 Exception <a 'java/lang/NoSuchMethodError'{0x0000000083343708}: 'java.lang.Object java.lang.invoke.DirectMethodHandle$Holder.invokeStatic(java.lang.Object, long, java.lang.Object)'> (0x0000000083343708) 
thrown [s\src\hotspot\share\interpreter\linkResolver.cpp, line 773]
Event: 328.405 Thread 0x000001fce21b7c80 Exception <a 'java/lang/NoSuchMethodError'{0x000000008334a970}: 'java.lang.Object java.lang.invoke.DirectMethodHandle$Holder.newInvokeSpecial(java.lang.Object, long)'> (0x000000008334a970) 
thrown [s\src\hotspot\share\interpreter\linkResolver.cpp, line 773]
Event: 328.411 Thread 0x000001fce21b7c80 Exception <a 'java/lang/NoSuchMethodError'{0x00000000833b0c98}: 'java.lang.Object java.lang.invoke.DirectMethodHandle$Holder.newInvokeSpecial(java.lang.Object, java.lang.Object, java.lang.Object, java.lang.Object, java.lang.Object, long, java.lang.Object)'> (0x00000000833b0c98) 
thrown [s\src\hotspot\share\interpreter\linkResolver.cpp, line 773]
Event: 328.411 Thread 0x000001fce21b7c80 Exception <a 'java/lang/NoSuchMethodError'{0x00000000833b9510}: 'java.lang.Object java.lang.invoke.Invokers$Holder.linkToTargetMethod(java.lang.Object, java.lang.Object, java.lang.Object, java.lang.Object, long, java.lang.Object, java.lang.Object)'> (0x00000000833b9510) 
thrown [s\src\hotspot\share\interpreter\linkResolver.cpp, line 773]
Event: 328.416 Thread 0x000001fce21b7c80 Exception <a 'java/lang/NoSuchMethodError'{0x00000000833fdb48}: 'java.lang.Object java.lang.invoke.DirectMethodHandle$Holder.newInvokeSpecial(java.lang.Object, java.lang.Object, java.lang.Object, long, java.lang.Object)'> (0x00000000833fdb48) 
thrown [s\src\hotspot\share\interpreter\linkResolver.cpp, line 773]
Event: 328.416 Thread 0x000001fce21b7c80 Exception <a 'java/lang/NoSuchMethodError'{0x0000000083202cd0}: 'java.lang.Object java.lang.invoke.DirectMethodHandle$Holder.invokeSpecial(java.lang.Object, java.lang.Object, java.lang.Object, java.lang.Object, long, java.lang.Object)'> (0x0000000083202cd0) 
thrown [s\src\hotspot\share\interpreter\linkResolver.cpp, line 773]
Event: 328.416 Thread 0x000001fce21b7c80 Exception <a 'java/lang/NoSuchMethodError'{0x00000000832072c0}: 'java.lang.Object java.lang.invoke.Invokers$Holder.linkToTargetMethod(java.lang.Object, java.lang.Object, long, java.lang.Object, java.lang.Object)'> (0x00000000832072c0) 
thrown [s\src\hotspot\share\interpreter\linkResolver.cpp, line 773]
Event: 328.452 Thread 0x000001fce21b7c80 Exception <a 'java/lang/NoSuchMethodError'{0x000000008306c4a0}: 'java.lang.Object java.lang.invoke.DelegatingMethodHandle$Holder.reinvoke_L(java.lang.Object, java.lang.Object, java.lang.Object, int, java.lang.Object, java.lang.Object, java.lang.Object, java.lang.Object, java.lang.Object, java.lang.Object, java.lang.Object, java.lang.Object, java.lang.Object, java.lang.Object, java.lang.Object, java.lang.Object, java.lang.Object, java.lang.Object, java.lang.Object, java.lang.Object, java.lang.Object, java.l
Event: 328.497 Thread 0x000001fce21b7c80 Implicit null exception at 0x000001fc8f0d4e7c to 0x000001fc8f0d4f34
Event: 328.613 Thread 0x000001fce21b7c80 Exception <a 'java/lang/NoSuchMethodError'{0x000000008f91b7e8}: 'java.lang.Object java.lang.invoke.DirectMethodHandle$Holder.newInvokeSpecial(java.lang.Object, java.lang.Object, java.lang.Object, java.lang.Object, java.lang.Object, java.lang.Object, java.lang.Object, java.lang.Object, java.lang.Object, java.lang.Object, java.lang.Object, java.lang.Object, java.lang.Object, java.lang.Object, java.lang.Object, java.lang.Object, java.lang.Object, java.lang.Object, java.lang.Object)'> (0x000000008f91b7e8) 
thr
Event: 328.613 Thread 0x000001fce21b7c80 Exception <a 'java/lang/NoSuchMethodError'{0x000000008f9224d8}: 'java.lang.Object java.lang.invoke.DirectMethodHandle$Holder.invokeSpecial(java.lang.Object, java.lang.Object, java.lang.Object, java.lang.Object, java.lang.Object, java.lang.Object, java.lang.Object, java.lang.Object, java.lang.Object, java.lang.Object, java.lang.Object, java.lang.Object, java.lang.Object, java.lang.Object, java.lang.Object, java.lang.Object, java.lang.Object, java.lang.Object, java.lang.Object, java.lang.Object)'> (0x0000000
Event: 328.613 Thread 0x000001fce21b7c80 Exception <a 'java/lang/NoSuchMethodError'{0x000000008f927d98}: 'java.lang.Object java.lang.invoke.DelegatingMethodHandle$Holder.reinvoke_L(java.lang.Object, java.lang.Object, java.lang.Object, java.lang.Object, java.lang.Object, java.lang.Object, java.lang.Object, java.lang.Object, java.lang.Object, java.lang.Object, java.lang.Object, java.lang.Object, java.lang.Object, java.lang.Object, java.lang.Object, java.lang.Object, java.lang.Object, java.lang.Object, java.lang.Object)'> (0x000000008f927d98) 
throw
Event: 328.625 Thread 0x000001fce21b7c80 Exception <a 'java/lang/IncompatibleClassChangeError'{0x000000008f9f56f8}: Found class java.lang.Object, but interface was expected> (0x000000008f9f56f8) 
thrown [s\src\hotspot\share\interpreter\linkResolver.cpp, line 840]
Event: 328.648 Thread 0x000001fce21b7c80 Exception <a 'java/lang/NoSuchMethodError'{0x000000008a1b3bf8}: 'java.lang.Object java.lang.invoke.DirectMethodHandle$Holder.newInvokeSpecial(java.lang.Object, int, java.lang.Object)'> (0x000000008a1b3bf8) 
thrown [s\src\hotspot\share\interpreter\linkResolver.cpp, line 773]
Event: 328.681 Thread 0x000001fce21b7c80 Exception <a 'java/lang/NoSuchMethodError'{0x0000000089f9c800}: 'java.lang.Object java.lang.invoke.DirectMethodHandle$Holder.newInvokeSpecial(java.lang.Object, java.lang.Object, java.lang.Object, int, java.lang.Object)'> (0x0000000089f9c800) 
thrown [s\src\hotspot\share\interpreter\linkResolver.cpp, line 773]
Event: 328.681 Thread 0x000001fce21b7c80 Exception <a 'java/lang/NoSuchMethodError'{0x0000000089fa0fe0}: 'java.lang.Object java.lang.invoke.Invokers$Holder.linkToTargetMethod(java.lang.Object, java.lang.Object, int, java.lang.Object, java.lang.Object)'> (0x0000000089fa0fe0) 
thrown [s\src\hotspot\share\interpreter\linkResolver.cpp, line 773]
Event: 329.667 Thread 0x000001fce21b7c80 Exception <a 'java/lang/NoSuchMethodError'{0x0000000089c5a0a8}: 'java.lang.Object java.lang.invoke.DirectMethodHandle$Holder.invokeSpecial(java.lang.Object, java.lang.Object, long, java.lang.Object, java.lang.Object)'> (0x0000000089c5a0a8) 
thrown [s\src\hotspot\share\interpreter\linkResolver.cpp, line 773]
Event: 329.695 Thread 0x000001fce21b7c80 Exception <a 'java/lang/NoSuchMethodError'{0x0000000089be2b38}: 'void java.lang.invoke.DirectMethodHandle$Holder.invokeStatic(java.lang.Object, java.lang.Object, java.lang.Object, java.lang.Object, java.lang.Object, java.lang.Object)'> (0x0000000089be2b38) 
thrown [s\src\hotspot\share\interpreter\linkResolver.cpp, line 773]
Event: 329.701 Thread 0x000001fce21b7c80 Exception <a 'java/lang/NoSuchMethodError'{0x0000000089a59788}: 'long java.lang.invoke.DirectMethodHandle$Holder.invokeStatic(java.lang.Object, java.lang.Object)'> (0x0000000089a59788) 
thrown [s\src\hotspot\share\interpreter\linkResolver.cpp, line 773]

ZGC Phase Switch (0 events):
No events

VM Operations (20 events):
Event: 321.374 Executing safepoint VM operation: G1CollectForAllocation (G1 Evacuation Pause)
Event: 321.383 Executing safepoint VM operation: G1CollectForAllocation (G1 Evacuation Pause) done
Event: 322.391 Executing safepoint VM operation: Cleanup
Event: 322.391 Executing safepoint VM operation: Cleanup done
Event: 326.410 Executing safepoint VM operation: Cleanup
Event: 326.553 Executing safepoint VM operation: Cleanup done
Event: 327.565 Executing safepoint VM operation: Cleanup
Event: 327.565 Executing safepoint VM operation: Cleanup done
Event: 328.306 Executing non-safepoint VM operation: HandshakeAllThreads (Deoptimize)
Event: 328.306 Executing non-safepoint VM operation: HandshakeAllThreads (Deoptimize) done
Event: 328.368 Executing non-safepoint VM operation: HandshakeAllThreads (Deoptimize)
Event: 328.368 Executing non-safepoint VM operation: HandshakeAllThreads (Deoptimize) done
Event: 328.584 Executing safepoint VM operation: G1CollectForAllocation (G1 Evacuation Pause)
Event: 328.590 Executing safepoint VM operation: G1CollectForAllocation (G1 Evacuation Pause) done
Event: 328.713 Executing non-safepoint VM operation: HandshakeAllThreads (Deoptimize)
Event: 329.655 Executing non-safepoint VM operation: HandshakeAllThreads (Deoptimize) done
Event: 329.655 Executing safepoint VM operation: Cleanup
Event: 329.655 Executing safepoint VM operation: Cleanup done
Event: 330.093 Executing safepoint VM operation: G1CollectForAllocation (G1 Evacuation Pause)
Event: 330.098 Executing safepoint VM operation: G1CollectForAllocation (G1 Evacuation Pause) done

Memory protections (0 events):
No events

Nmethod flushes (20 events):
Event: 318.072 Thread 0x000001fc9c50af50 flushing  nmethod 0x000001fc874da510
Event: 318.072 Thread 0x000001fc9c50af50 flushing  nmethod 0x000001fc87522e10
Event: 318.072 Thread 0x000001fc9c50af50 flushing  nmethod 0x000001fc87555c90
Event: 318.072 Thread 0x000001fc9c50af50 flushing  nmethod 0x000001fc8755a010
Event: 318.072 Thread 0x000001fc9c50af50 flushing  nmethod 0x000001fc877eb990
Event: 318.072 Thread 0x000001fc9c50af50 flushing  nmethod 0x000001fc877ecd90
Event: 318.072 Thread 0x000001fc9c50af50 flushing  nmethod 0x000001fc877ed510
Event: 318.072 Thread 0x000001fc9c50af50 flushing  nmethod 0x000001fc877edf90
Event: 318.072 Thread 0x000001fc9c50af50 flushing  nmethod 0x000001fc877f1990
Event: 318.072 Thread 0x000001fc9c50af50 flushing  nmethod 0x000001fc877f2510
Event: 318.072 Thread 0x000001fc9c50af50 flushing  nmethod 0x000001fc877f2b90
Event: 318.072 Thread 0x000001fc9c50af50 flushing  nmethod 0x000001fc877f3290
Event: 318.072 Thread 0x000001fc9c50af50 flushing  nmethod 0x000001fc877f3810
Event: 318.072 Thread 0x000001fc9c50af50 flushing  nmethod 0x000001fc877f6390
Event: 318.072 Thread 0x000001fc9c50af50 flushing  nmethod 0x000001fc87806490
Event: 318.072 Thread 0x000001fc9c50af50 flushing  nmethod 0x000001fc87806790
Event: 318.072 Thread 0x000001fc9c50af50 flushing  nmethod 0x000001fc87863d90
Event: 318.072 Thread 0x000001fc9c50af50 flushing  nmethod 0x000001fc87864310
Event: 318.072 Thread 0x000001fc9c50af50 flushing  nmethod 0x000001fc87864c90
Event: 318.072 Thread 0x000001fc9c50af50 flushing  nmethod 0x000001fc87867a90

Events (20 events):
Event: 268.701 Thread 0x000001fce2127680 Thread added: 0x000001fce2f564b0
Event: 272.163 Thread 0x000001fce2127680 Thread added: 0x000001fce21b7c80
Event: 272.369 Thread 0x000001fce21b7c80 Thread added: 0x000001fce40ecd20
Event: 272.388 Thread 0x000001fce21b7c80 Thread added: 0x000001fce40ec000
Event: 272.439 Thread 0x000001fce21b7c80 Thread added: 0x000001fce40ea5c0
Event: 275.244 Thread 0x000001fce21b7c80 Thread added: 0x000001fce40eac50
Event: 275.256 Thread 0x000001fce21b7c80 Thread added: 0x000001fce40e98a0
Event: 275.778 Thread 0x000001fce21b7c80 Thread added: 0x000001fce40e9f30
Event: 276.295 Thread 0x000001fce40e98a0 Thread added: 0x000001fce40ec690
Event: 276.592 Thread 0x000001fce40e98a0 Thread added: 0x000001fce40eb2e0
Event: 280.736 Thread 0x000001fce21b7c80 Thread added: 0x000001fce53005e0
Event: 281.264 Thread 0x000001fce21b7c80 Thread added: 0x000001fce52ff8c0
Event: 282.297 Thread 0x000001fce21b7c80 Thread added: 0x000001fce5302d40
Event: 282.308 Thread 0x000001fce21b7c80 Thread added: 0x000001fce53033d0
Event: 282.708 Thread 0x000001fce21b7c80 Thread added: 0x000001fce5302020
Event: 282.821 Thread 0x000001fce21b7c80 Thread added: 0x000001fce53026b0
Event: 283.611 Thread 0x000001fce21b7c80 Thread added: 0x000001fce52fff50
Event: 284.107 Thread 0x000001fce21b7c80 Thread added: 0x000001fce5303a60
Event: 303.534 Thread 0x000001fce21b7c80 Thread added: 0x000001fce5300c70
Event: 314.770 Thread 0x000001fce21b7c80 Thread added: 0x000001fce5306850


Dynamic libraries:
0x00007ff6a5040000 - 0x00007ff6a504e000 	C:\Users\enzonascimento-ieg\.cursor\extensions\redhat.java-1.56.0-win32-x64\jre\21.0.12.1-win32-x86_64\bin\java.exe
0x00007ff8a2a20000 - 0x00007ff8a2c87000 	C:\Windows\SYSTEM32\ntdll.dll
0x00007ff8a0f70000 - 0x00007ff8a103b000 	C:\Windows\System32\KERNEL32.DLL
0x00007ff8a0330000 - 0x00007ff8a0732000 	C:\Windows\System32\KERNELBASE.dll
0x00007ff89fe40000 - 0x00007ff89ff8c000 	C:\Windows\System32\ucrtbase.dll
0x00007ff86edb0000 - 0x00007ff86edc8000 	C:\Users\enzonascimento-ieg\.cursor\extensions\redhat.java-1.56.0-win32-x64\jre\21.0.12.1-win32-x86_64\bin\jli.dll
0x00007ff8a23f0000 - 0x00007ff8a25bf000 	C:\Windows\System32\USER32.dll
0x00007ff89fc20000 - 0x00007ff89fc47000 	C:\Windows\System32\win32u.dll
0x00007ff8a2290000 - 0x00007ff8a22bb000 	C:\Windows\System32\GDI32.dll
0x00007ff89fc50000 - 0x00007ff89fd79000 	C:\Windows\System32\gdi32full.dll
0x00007ff89ffa0000 - 0x00007ff8a0043000 	C:\Windows\System32\msvcp_win.dll
0x00007ff86edf0000 - 0x00007ff86ee0e000 	C:\Users\enzonascimento-ieg\.cursor\extensions\redhat.java-1.56.0-win32-x64\jre\21.0.12.1-win32-x86_64\bin\VCRUNTIME140.dll
0x00007ff8834a0000 - 0x00007ff883730000 	C:\Windows\WinSxS\amd64_microsoft.windows.common-controls_6595b64144ccf1df_6.0.26100.9278_none_3e0d1ba8e3303201\COMCTL32.dll
0x00007ff8a19a0000 - 0x00007ff8a1a49000 	C:\Windows\System32\msvcrt.dll
0x00007ff8a0eb0000 - 0x00007ff8a0ee1000 	C:\Windows\System32\IMM32.DLL
0x00007ff89c250000 - 0x00007ff89c25c000 	C:\Users\enzonascimento-ieg\.cursor\extensions\redhat.java-1.56.0-win32-x64\jre\21.0.12.1-win32-x86_64\bin\vcruntime140_1.dll
0x00007ff82e330000 - 0x00007ff82e3bd000 	C:\Users\enzonascimento-ieg\.cursor\extensions\redhat.java-1.56.0-win32-x64\jre\21.0.12.1-win32-x86_64\bin\msvcp140.dll
0x00007fffb7530000 - 0x00007fffb82d2000 	C:\Users\enzonascimento-ieg\.cursor\extensions\redhat.java-1.56.0-win32-x64\jre\21.0.12.1-win32-x86_64\bin\server\jvm.dll
0x00007ff8a0de0000 - 0x00007ff8a0e9c000 	C:\Windows\System32\ADVAPI32.dll
0x00007ff8a2000000 - 0x00007ff8a20a9000 	C:\Windows\System32\sechost.dll
0x00007ff8a1a50000 - 0x00007ff8a1b68000 	C:\Windows\System32\RPCRT4.dll
0x00007ff8a2360000 - 0x00007ff8a23e0000 	C:\Windows\System32\WS2_32.dll
0x00007ff89fa80000 - 0x00007ff89fade000 	C:\Windows\SYSTEM32\POWRPROF.dll
0x00007ff89bed0000 - 0x00007ff89bf06000 	C:\Windows\SYSTEM32\WINMM.dll
0x00007ff882540000 - 0x00007ff88254b000 	C:\Windows\SYSTEM32\VERSION.dll
0x00007ff89fa60000 - 0x00007ff89fa75000 	C:\Windows\SYSTEM32\UMPDC.dll
0x00007ff89e8b0000 - 0x00007ff89e8cb000 	C:\Windows\SYSTEM32\kernel.appcore.dll
0x00007ff88b7c0000 - 0x00007ff88b7ca000 	C:\Users\enzonascimento-ieg\.cursor\extensions\redhat.java-1.56.0-win32-x64\jre\21.0.12.1-win32-x86_64\bin\jimage.dll
0x00007ff89cfe0000 - 0x00007ff89d22c000 	C:\Windows\SYSTEM32\DBGHELP.DLL
0x00007ff8a0760000 - 0x00007ff8a0ae5000 	C:\Windows\System32\combase.dll
0x00007ff8a2130000 - 0x00007ff8a2209000 	C:\Windows\System32\OLEAUT32.dll
0x00007ff87e6f0000 - 0x00007ff87e72b000 	C:\Windows\SYSTEM32\dbgcore.DLL
0x00007ff8a0270000 - 0x00007ff8a031c000 	C:\Windows\System32\bcryptPrimitives.dll
0x00007ff881760000 - 0x00007ff88176f000 	C:\Users\enzonascimento-ieg\.cursor\extensions\redhat.java-1.56.0-win32-x64\jre\21.0.12.1-win32-x86_64\bin\instrument.dll
0x00007ff86ed60000 - 0x00007ff86ed80000 	C:\Users\enzonascimento-ieg\.cursor\extensions\redhat.java-1.56.0-win32-x64\jre\21.0.12.1-win32-x86_64\bin\java.dll
0x00007ff8a1040000 - 0x00007ff8a17d8000 	C:\Windows\System32\SHELL32.dll
0x00007ff89d420000 - 0x00007ff89dcce000 	C:\Windows\SYSTEM32\windows.storage.dll
0x00007ff8a17e0000 - 0x00007ff8a18db000 	C:\Windows\System32\SHCORE.dll
0x00007ff8a0ef0000 - 0x00007ff8a0f56000 	C:\Windows\System32\shlwapi.dll
0x00007ff89fb40000 - 0x00007ff89fb69000 	C:\Windows\SYSTEM32\profapi.dll
0x00007ff86eba0000 - 0x00007ff86ebb8000 	C:\Users\enzonascimento-ieg\.cursor\extensions\redhat.java-1.56.0-win32-x64\jre\21.0.12.1-win32-x86_64\bin\zip.dll
0x00007ff88b5d0000 - 0x00007ff88b5e0000 	C:\Users\enzonascimento-ieg\.cursor\extensions\redhat.java-1.56.0-win32-x64\jre\21.0.12.1-win32-x86_64\bin\net.dll
0x00007ff88e680000 - 0x00007ff88e7aa000 	C:\Windows\SYSTEM32\WINHTTP.dll
0x00007ff89ee50000 - 0x00007ff89eebc000 	C:\Windows\system32\mswsock.dll
0x00007ff866290000 - 0x00007ff8662a6000 	C:\Users\enzonascimento-ieg\.cursor\extensions\redhat.java-1.56.0-win32-x64\jre\21.0.12.1-win32-x86_64\bin\nio.dll
0x00007ff86efc0000 - 0x00007ff86efd0000 	C:\Users\enzonascimento-ieg\.cursor\extensions\redhat.java-1.56.0-win32-x64\jre\21.0.12.1-win32-x86_64\bin\verify.dll
0x00007ff86eab0000 - 0x00007ff86ead7000 	C:\Users\enzonascimento-ieg\.gradle\native\1def1411415f61bf3af743bc5b6707747c0891f09f0c88961ee8f79bc544acac\windows-amd64\native-platform.dll
0x00007ff84adb0000 - 0x00007ff84ae27000 	C:\Users\enzonascimento-ieg\.gradle\native\0.2.8\x86_64-windows-gnu\gradle-fileevents.dll
0x00007ff86eea0000 - 0x00007ff86eeaa000 	C:\Users\enzonascimento-ieg\.cursor\extensions\redhat.java-1.56.0-win32-x64\jre\21.0.12.1-win32-x86_64\bin\management.dll
0x00007ff86eb90000 - 0x00007ff86eb9c000 	C:\Users\enzonascimento-ieg\.cursor\extensions\redhat.java-1.56.0-win32-x64\jre\21.0.12.1-win32-x86_64\bin\management_ext.dll
0x00007ff8a20b0000 - 0x00007ff8a20b8000 	C:\Windows\System32\PSAPI.DLL
0x00007ff89dfe0000 - 0x00007ff89e013000 	C:\Windows\SYSTEM32\IPHLPAPI.DLL
0x00007ff8a0f60000 - 0x00007ff8a0f6a000 	C:\Windows\System32\NSI.dll
0x00007ff86d7a0000 - 0x00007ff86d7a9000 	C:\Users\enzonascimento-ieg\.cursor\extensions\redhat.java-1.56.0-win32-x64\jre\21.0.12.1-win32-x86_64\bin\extnet.dll
0x00007ff89f270000 - 0x00007ff89f28b000 	C:\Windows\SYSTEM32\CRYPTSP.dll
0x00007ff89e810000 - 0x00007ff89e849000 	C:\Windows\system32\rsaenh.dll
0x00007ff89ef00000 - 0x00007ff89ef34000 	C:\Windows\SYSTEM32\USERENV.dll
0x00007ff89fb10000 - 0x00007ff89fb3a000 	C:\Windows\SYSTEM32\bcrypt.dll
0x00007ff89f0b0000 - 0x00007ff89f0bc000 	C:\Windows\SYSTEM32\CRYPTBASE.dll
0x00007ff866010000 - 0x00007ff86601e000 	C:\Users\enzonascimento-ieg\.cursor\extensions\redhat.java-1.56.0-win32-x64\jre\21.0.12.1-win32-x86_64\bin\sunmscapi.dll
0x00007ff8a0050000 - 0x00007ff8a01ce000 	C:\Windows\System32\CRYPT32.dll
0x00007ff89f3e0000 - 0x00007ff89f410000 	C:\Windows\SYSTEM32\ncrypt.dll
0x00007ff89f390000 - 0x00007ff89f3cf000 	C:\Windows\SYSTEM32\NTASN1.dll
0x00007ff8842a0000 - 0x00007ff8842a8000 	C:\Windows\system32\wshunix.dll

JVMTI agents:
C:\Users\enzonascimento-ieg\.gradle\wrapper\dists\gradle-9.1.0-bin\9agqghryom9wkf8r80qlhnts3\gradle-9.1.0\lib\agents\gradle-instrumentation-agent-9.1.0.jar path:C:\Users\enzonascimento-ieg\.cursor\extensions\redhat.java-1.56.0-win32-x64\jre\21.0.12.1-win32-x86_64\bin\instrument.dll, loaded, initialized, instrumentlib options:none

dbghelp: loaded successfully - version: 4.0.5 - missing functions: none
symbol engine: initialized successfully - sym options: 0x614 - pdb path: .;C:\Users\enzonascimento-ieg\.cursor\extensions\redhat.java-1.56.0-win32-x64\jre\21.0.12.1-win32-x86_64\bin;C:\Windows\SYSTEM32;C:\Windows\WinSxS\amd64_microsoft.windows.common-controls_6595b64144ccf1df_6.0.26100.9278_none_3e0d1ba8e3303201;C:\Users\enzonascimento-ieg\.cursor\extensions\redhat.java-1.56.0-win32-x64\jre\21.0.12.1-win32-x86_64\bin\server;C:\Users\enzonascimento-ieg\.gradle\native\1def1411415f61bf3af743bc5b6707747c0891f09f0c88961ee8f79bc544acac\windows-amd64;C:\Users\enzonascimento-ieg\.gradle\native\0.2.8\x86_64-windows-gnu

VM Arguments:
jvm_args: --add-opens=java.base/java.lang=ALL-UNNAMED --add-opens=java.base/java.lang.invoke=ALL-UNNAMED --add-opens=java.base/java.util=ALL-UNNAMED --add-opens=java.prefs/java.util.prefs=ALL-UNNAMED --add-exports=jdk.compiler/com.sun.tools.javac.api=ALL-UNNAMED --add-exports=jdk.compiler/com.sun.tools.javac.util=ALL-UNNAMED --add-opens=java.base/java.util=ALL-UNNAMED --add-opens=java.prefs/java.util.prefs=ALL-UNNAMED --add-opens=java.base/java.nio.charset=ALL-UNNAMED --add-opens=java.base/java.net=ALL-UNNAMED --add-opens=java.base/java.util.concurrent=ALL-UNNAMED --add-opens=java.base/java.util.concurrent.atomic=ALL-UNNAMED --add-opens=java.xml/javax.xml.namespace=ALL-UNNAMED --add-opens=java.base/java.time=ALL-UNNAMED -Xmx2048m -Dfile.encoding=UTF-8 -Duser.country=BR -Duser.language=pt -Duser.variant -javaagent:C:\Users\enzonascimento-ieg\.gradle\wrapper\dists\gradle-9.1.0-bin\9agqghryom9wkf8r80qlhnts3\gradle-9.1.0\lib\agents\gradle-instrumentation-agent-9.1.0.jar 
java_command: org.gradle.launcher.daemon.bootstrap.GradleDaemon 9.1.0
java_class_path (initial): C:\Users\enzonascimento-ieg\.gradle\wrapper\dists\gradle-9.1.0-bin\9agqghryom9wkf8r80qlhnts3\gradle-9.1.0\lib\gradle-daemon-main-9.1.0.jar
Launcher Type: SUN_STANDARD

[Global flags]
     intx CICompilerCount                          = 4                                         {product} {ergonomic}
     uint ConcGCThreads                            = 3                                         {product} {ergonomic}
     uint G1ConcRefinementThreads                  = 10                                        {product} {ergonomic}
   size_t G1HeapRegionSize                         = 1048576                                   {product} {ergonomic}
    uintx GCDrainStackTargetSize                   = 64                                        {product} {ergonomic}
   size_t InitialHeapSize                          = 264241152                                 {product} {ergonomic}
   size_t MarkStackSize                            = 4194304                                   {product} {ergonomic}
   size_t MaxHeapSize                              = 2147483648                                {product} {command line}
   size_t MaxNewSize                               = 1287651328                                {product} {ergonomic}
   size_t MinHeapDeltaBytes                        = 1048576                                   {product} {ergonomic}
   size_t MinHeapSize                              = 8388608                                   {product} {ergonomic}
    uintx NonNMethodCodeHeapSize                   = 5839372                                {pd product} {ergonomic}
    uintx NonProfiledCodeHeapSize                  = 122909434                              {pd product} {ergonomic}
    uintx ProfiledCodeHeapSize                     = 122909434                              {pd product} {ergonomic}
    uintx ReservedCodeCacheSize                    = 251658240                              {pd product} {ergonomic}
     bool SegmentedCodeCache                       = true                                      {product} {ergonomic}
   size_t SoftMaxHeapSize                          = 2147483648                             {manageable} {ergonomic}
     bool UseCompressedOops                        = true                           {product lp64_product} {ergonomic}
     bool UseG1GC                                  = true                                      {product} {ergonomic}
     bool UseLargePagesIndividualAllocation        = false                                  {pd product} {ergonomic}

Logging:
Log output configuration:
 #0: stdout all=warning uptime,level,tags foldmultilines=false
 #1: stderr all=off uptime,level,tags foldmultilines=false

Release file:
JAVA_VERSION="21.0.12.1" 
MODULES="java.base java.compiler java.datatransfer java.xml java.prefs java.desktop java.instrument java.logging java.management java.security.sasl java.naming java.rmi java.management.rmi java.net.http java.scripting java.security.jgss java.transaction.xa java.sql java.sql.rowset java.xml.crypto java.se java.smartcardio jdk.accessibility jdk.internal.jvmstat jdk.attach jdk.charsets jdk.internal.opt jdk.zipfs jdk.compiler jdk.crypto.ec jdk.crypto.cryptoki jdk.crypto.mscapi jdk.dynalink jdk.internal.ed jdk.editpad jdk.hotspot.agent jdk.httpserver jdk.internal.le jdk.internal.vm.ci jdk.internal.vm.compiler jdk.internal.vm.compiler.management jdk.jartool jdk.javadoc jdk.jcmd jdk.management jdk.management.agent jdk.jconsole jdk.jdeps jdk.jdwp.agent jdk.jdi jdk.jfr jdk.jshell jdk.jsobject jdk.jstatd jdk.localedata jdk.management.jfr jdk.naming.dns jdk.naming.rmi jdk.net jdk.nio.mapmode jdk.random jdk.sctp jdk.security.auth jdk.security.jgss jdk.unsupported jdk.unsupported.desktop jdk.xml.dom" 

Environment Variables:
PATH=C:\Program Files\Python314\Scripts\;C:\Program Files\Python314\;C:\Program Files\Common Files\Oracle\Java\javapath;C:\Program Files\Python311\Scripts\;C:\Program Files\Python311\;C:\Windows\system32;C:\Windows;C:\Windows\System32\Wbem;C:\Windows\System32\WindowsPowerShell\v1.0\;C:\Windows\System32\OpenSSH\;C:\Program Files\dotnet\;C:\Program Files (x86)\Microsoft SQL Server\160\Tools\Binn\;C:\Program Files\Microsoft SQL Server\160\Tools\Binn\;C:\Program Files\Microsoft SQL Server\Client SDK\ODBC\170\Tools\Binn\;C:\Program Files\Microsoft SQL Server\160\DTS\Binn\;C:\Program Files\nodejs\;C:\Users\bart\AppData\Local\Microsoft\WindowsApps;C:\Users\bart\AppData\Local\Programs\Microsoft VS Code\bin;C:\Users\bart\AppData\Roaming\npm;C:\Program Files\kind;C:\Users\enzonascimento-ieg\AppData\Local\Microsoft\WindowsApps;C:\Users\enzonascimento-ieg\AppData\Local\Programs\Microsoft VS Code\bin;C:\Users\enzonascimento-ieg\AppData\Local\Programs\Git\cmd;C:\Users\enzonascimento-ieg\flutter\bin;C:\Users\enzonascimento-ieg\AppData\Roaming\npm;C:\Users\enzonascimento-ieg\AppData\Local\Programs\cursor\resources\app\bin;C:\Users\enzonascimento-ieg\AppData\Local\Programs\DockerDesktop\resources\bin;C:\Users\enzonascimento-ieg\.bun\bin;C:\Users\enzonascimento-ieg\AppData\Local\Microsoft\WinGet\Packages\evilmartians.lefthook_Microsoft.Winget.Source_8wekyb3d8bbwe;
USERNAME=enzonascimento-ieg
OS=Windows_NT
PROCESSOR_IDENTIFIER=Intel64 Family 6 Model 154 Stepping 4, GenuineIntel
TMP=C:\Users\ENZONA~1\AppData\Local\Temp
TEMP=C:\Users\ENZONA~1\AppData\Local\Temp




Periodic native trim disabled

---------------  S Y S T E M  ---------------

OS:
 Windows 11 , 64 bit Build 26100 (10.0.26100.9444)
OS uptime: 6 days 19:32 hours
Hyper-V role detected

CPU: total 12 (initial active 12) (6 cores per cpu, 2 threads per core) family 6 model 154 stepping 4 microcode 0x43b, cx8, cmov, fxsr, ht, mmx, 3dnowpref, sse, sse2, sse3, ssse3, sse4.1, sse4.2, popcnt, lzcnt, tsc, tscinvbit, avx, avx2, aes, erms, clmul, bmi1, bmi2, adx, sha, fma, vzeroupper, clflush, clflushopt, clwb, hv, serialize, rdtscp, rdpid, fsrm, f16c, cet_ibt, cet_ss
Processor Information for processor 0
  Max Mhz: 1700, Current Mhz: 1700, Mhz Limit: 1700
Processor Information for processor 1
  Max Mhz: 1700, Current Mhz: 1700, Mhz Limit: 1700
Processor Information for processor 2
  Max Mhz: 1700, Current Mhz: 1700, Mhz Limit: 1700
Processor Information for processor 3
  Max Mhz: 1700, Current Mhz: 1700, Mhz Limit: 1700
Processor Information for processor 4
  Max Mhz: 1700, Current Mhz: 1700, Mhz Limit: 1700
Processor Information for processor 5
  Max Mhz: 1700, Current Mhz: 1700, Mhz Limit: 1700
Processor Information for processor 6
  Max Mhz: 1700, Current Mhz: 1700, Mhz Limit: 1700
Processor Information for processor 7
  Max Mhz: 1700, Current Mhz: 1700, Mhz Limit: 1700
Processor Information for processor 8
  Max Mhz: 1700, Current Mhz: 1558, Mhz Limit: 1700
Processor Information for processor 9
  Max Mhz: 1700, Current Mhz: 1700, Mhz Limit: 1700
Processor Information for processor 10
  Max Mhz: 1700, Current Mhz: 1700, Mhz Limit: 1700
Processor Information for processor 11
  Max Mhz: 1700, Current Mhz: 1700, Mhz Limit: 1700

Memory: 4k page, system-wide physical 16068M (208M free)
TotalPageFile size 65220M (AvailPageFile size 8M)
current process WorkingSet (physical memory assigned to process): 206M, peak: 208M
current process commit charge ("private bytes"): 292M, peak: 425M

vm_info: OpenJDK 64-Bit Server VM (21.0.12.1+1-LTS) for windows-amd64 JRE (21.0.12.1+1-LTS), built on 2026-08-18T00:00:00Z by "admin" with MS VC++ 17.12 (VS2022)

END.
