#
# There is insufficient memory for the Java Runtime Environment to continue.
# Native memory allocation (malloc) failed to allocate 287536 bytes. Error detail: Chunk::new
# Possible reasons:
#   The system is out of physical RAM or swap space
#   This process is running with CompressedOops enabled, and the Java Heap may be blocking the growth of the native heap
# Possible solutions:
#   Reduce memory load on the system
#   Increase physical memory or swap space
#   Check if swap backing store is full
#   Decrease Java heap size (-Xmx/-Xms)
#   Decrease number of Java threads
#   Decrease Java thread stack sizes (-Xss)
#   Set larger code cache with -XX:ReservedCodeCacheSize=
#   JVM is running with Unscaled Compressed Oops mode in which the Java heap is
#     placed in the first 4GB address space. The Java Heap base address is the
#     maximum limit for the native heap growth. Please use -XX:HeapBaseMinAddress
#     to set the Java Heap base and to place the Java Heap above 4GB virtual address.
# This output file may be truncated or incomplete.
#
#  Out of Memory Error (arena.cpp:168), pid=36000, tid=48676
#
# JRE version: OpenJDK Runtime Environment Temurin-21.0.12.1+1 (21.0.12.1+1) (build 21.0.12.1+1-LTS)
# Java VM: OpenJDK 64-Bit Server VM Temurin-21.0.12.1+1 (21.0.12.1+1-LTS, mixed mode, sharing, tiered, compressed oops, compressed class ptrs, g1 gc, windows-amd64)
# No core dump will be written. Minidumps are not enabled by default on client versions of Windows
#

---------------  S U M M A R Y ------------

Command Line: --add-opens=java.base/java.lang=ALL-UNNAMED --add-opens=java.base/java.lang.invoke=ALL-UNNAMED --add-opens=java.base/java.util=ALL-UNNAMED --add-opens=java.prefs/java.util.prefs=ALL-UNNAMED --add-exports=jdk.compiler/com.sun.tools.javac.api=ALL-UNNAMED --add-exports=jdk.compiler/com.sun.tools.javac.util=ALL-UNNAMED --add-opens=java.base/java.util=ALL-UNNAMED --add-opens=java.prefs/java.util.prefs=ALL-UNNAMED --add-opens=java.base/java.nio.charset=ALL-UNNAMED --add-opens=java.base/java.net=ALL-UNNAMED --add-opens=java.base/java.util.concurrent=ALL-UNNAMED --add-opens=java.base/java.util.concurrent.atomic=ALL-UNNAMED --add-opens=java.xml/javax.xml.namespace=ALL-UNNAMED --add-opens=java.base/java.time=ALL-UNNAMED -Xmx2048m -Dfile.encoding=UTF-8 -Duser.country=BR -Duser.language=pt -Duser.variant -javaagent:C:\Users\enzonascimento-ieg\.gradle\wrapper\dists\gradle-9.1.0-bin\9agqghryom9wkf8r80qlhnts3\gradle-9.1.0\lib\agents\gradle-instrumentation-agent-9.1.0.jar org.gradle.launcher.daemon.bootstrap.GradleDaemon 9.1.0

Host: 12th Gen Intel(R) Core(TM) i7-1255U, 12 cores, 15G,  Windows 11 , 64 bit Build 26100 (10.0.26100.9444)
Time: Tue Sep 22 21:52:30 2026 Hora oficial do Brasil elapsed time: 342.727034 seconds (0d 0h 5m 42s)

---------------  T H R E A D  ---------------

Current thread (0x00000244f4512bc0):  JavaThread "C2 CompilerThread0" daemon [_thread_in_native, id=48676, stack(0x0000006bdd800000,0x0000006bdd900000) (1024K)]


Current CompileTask:
C2:342727 4116       4       jdk.internal.org.objectweb.asm.MethodWriter::visitLabel (330 bytes)

Stack: [0x0000006bdd800000,0x0000006bdd900000]
Native frames: (J=compiled Java code, j=interpreted, Vv=VM code, C=native code)
V  [jvm.dll+0x6d83e9]
V  [jvm.dll+0x8b5736]
V  [jvm.dll+0x8b7cee]
V  [jvm.dll+0x8b83d3]
V  [jvm.dll+0x284596]
V  [jvm.dll+0xc685d]
V  [jvm.dll+0xc6da1]
V  [jvm.dll+0x3bf151]
V  [jvm.dll+0x38b6d2]
V  [jvm.dll+0x38ab1a]
V  [jvm.dll+0x24c700]
V  [jvm.dll+0x24bce0]
V  [jvm.dll+0x1cb4ae]
V  [jvm.dll+0x25baad]
V  [jvm.dll+0x25a03a]
V  [jvm.dll+0x3f8aae]
V  [jvm.dll+0x8600cd]
V  [jvm.dll+0x6d6c1d]
C  [ucrtbase.dll+0x2cd30]
C  [KERNEL32.DLL+0x2cd87]
C  [ntdll.dll+0xacaec]


---------------  P R O C E S S  ---------------

Threads class SMR info:
_java_thread_list=0x00000244fa934880, length=33, elements={
0x00000244dc93ff40, 0x00000244f450ca40, 0x00000244f450f4b0, 0x00000244f450ff10,
0x00000244f4510970, 0x00000244f45113d0, 0x00000244f4511e30, 0x00000244f4512bc0,
0x00000244f4513660, 0x00000244f481fb80, 0x00000244f476a0b0, 0x00000244f90a98d0,
0x00000244f9abbe50, 0x00000244f9111610, 0x00000244f999e380, 0x00000244f999e9f0,
0x00000244f999f770, 0x00000244f92903f0, 0x00000244f9291e30, 0x00000244f92917a0,
0x00000244f9291110, 0x00000244f928f040, 0x00000244f92924c0, 0x00000244f928f6d0,
0x00000244f928fd60, 0x00000244fa715c10, 0x00000244fa718a00, 0x00000244fa719090,
0x00000244fa719720, 0x00000244fa719db0, 0x00000244fa71a440, 0x00000244fa716fc0,
0x00000244fa71aad0
}

Java Threads: ( => current thread )
  0x00000244dc93ff40 JavaThread "main"                              [_thread_blocked, id=51412, stack(0x0000006bdca00000,0x0000006bdcb00000) (1024K)]
  0x00000244f450ca40 JavaThread "Reference Handler"          daemon [_thread_blocked, id=48504, stack(0x0000006bdd200000,0x0000006bdd300000) (1024K)]
  0x00000244f450f4b0 JavaThread "Finalizer"                  daemon [_thread_blocked, id=51316, stack(0x0000006bdd300000,0x0000006bdd400000) (1024K)]
  0x00000244f450ff10 JavaThread "Signal Dispatcher"          daemon [_thread_blocked, id=9756, stack(0x0000006bdd400000,0x0000006bdd500000) (1024K)]
  0x00000244f4510970 JavaThread "Attach Listener"            daemon [_thread_blocked, id=17420, stack(0x0000006bdd500000,0x0000006bdd600000) (1024K)]
  0x00000244f45113d0 JavaThread "Service Thread"             daemon [_thread_blocked, id=49888, stack(0x0000006bdd600000,0x0000006bdd700000) (1024K)]
  0x00000244f4511e30 JavaThread "Monitor Deflation Thread"   daemon [_thread_blocked, id=51276, stack(0x0000006bdd700000,0x0000006bdd800000) (1024K)]
=>0x00000244f4512bc0 JavaThread "C2 CompilerThread0"         daemon [_thread_in_native, id=48676, stack(0x0000006bdd800000,0x0000006bdd900000) (1024K)]
  0x00000244f4513660 JavaThread "C1 CompilerThread0"         daemon [_thread_blocked, id=53408, stack(0x0000006bdd900000,0x0000006bdda00000) (1024K)]
  0x00000244f481fb80 JavaThread "Common-Cleaner"             daemon [_thread_blocked, id=50548, stack(0x0000006bdda00000,0x0000006bddb00000) (1024K)]
  0x00000244f476a0b0 JavaThread "Notification Thread"        daemon [_thread_blocked, id=35848, stack(0x0000006bddb00000,0x0000006bddc00000) (1024K)]
  0x00000244f90a98d0 JavaThread "Daemon health stats"               [_thread_blocked, id=45400, stack(0x0000006bddc00000,0x0000006bddd00000) (1024K)]
  0x00000244f9abbe50 JavaThread "Incoming local TCP Connector on port 54385"        [_thread_in_native, id=53828, stack(0x0000006bde600000,0x0000006bde700000) (1024K)]
  0x00000244f9111610 JavaThread "Daemon periodic checks"            [_thread_blocked, id=4380, stack(0x0000006bde800000,0x0000006bde900000) (1024K)]
  0x00000244f999e380 JavaThread "Daemon"                            [_thread_blocked, id=31956, stack(0x0000006bde700000,0x0000006bde800000) (1024K)]
  0x00000244f999e9f0 JavaThread "Handler for socket connection from /127.0.0.1:54385 to /127.0.0.1:64774"        [_thread_in_native, id=11728, stack(0x0000006bde900000,0x0000006bdea00000) (1024K)]
  0x00000244f999f770 JavaThread "Cancel handler"                    [_thread_blocked, id=33084, stack(0x0000006bdea00000,0x0000006bdeb00000) (1024K)]
  0x00000244f92903f0 JavaThread "Daemon worker"                     [_thread_in_vm, id=26792, stack(0x0000006bdeb00000,0x0000006bdec00000) (1024K)]
  0x00000244f9291e30 JavaThread "Asynchronous log dispatcher for DefaultDaemonConnection: socket connection from /127.0.0.1:54385 to /127.0.0.1:64774"        [_thread_blocked, id=7804, stack(0x0000006bdec00000,0x0000006bded00000) (1024K)]
  0x00000244f92917a0 JavaThread "Stdin handler"                     [_thread_blocked, id=50800, stack(0x0000006bded00000,0x0000006bdee00000) (1024K)]
  0x00000244f9291110 JavaThread "Daemon client event forwarder"        [_thread_blocked, id=12800, stack(0x0000006bdee00000,0x0000006bdef00000) (1024K)]
  0x00000244f928f040 JavaThread "Cache worker for journal cache (C:\Users\enzonascimento-ieg\.gradle\caches\journal-1)"        [_thread_blocked, id=25860, stack(0x0000006bdc800000,0x0000006bdc900000) (1024K)]
  0x00000244f92924c0 JavaThread "File lock request listener"        [_thread_in_native, id=41088, stack(0x0000006bdc900000,0x0000006bdca00000) (1024K)]
  0x00000244f928f6d0 JavaThread "File lock release action executor"        [_thread_blocked, id=49788, stack(0x0000006bdf200000,0x0000006bdf300000) (1024K)]
  0x00000244f928fd60 JavaThread "Cache worker for file hash cache (C:\Users\enzonascimento-ieg\.gradle\caches\9.1.0\fileHashes)"        [_thread_blocked, id=54696, stack(0x0000006bdf300000,0x0000006bdf400000) (1024K)]
  0x00000244fa715c10 JavaThread "Cache worker for file hash cache (C:\Users\enzonascimento-ieg\AndroidStudioProjects\mobile_skadi\.gradle\9.1.0\fileHashes)"        [_thread_blocked, id=30688, stack(0x0000006bdf600000,0x0000006bdf700000) (1024K)]
  0x00000244fa718a00 JavaThread "Cache worker for Build Output Cleanup Cache (C:\Users\enzonascimento-ieg\AndroidStudioProjects\mobile_skadi\.gradle\buildOutputCleanup)"        [_thread_blocked, id=58400, stack(0x0000006bdf700000,0x0000006bdf800000) (1024K)]
  0x00000244fa719090 JavaThread "File watcher server"        daemon [_thread_in_native, id=26020, stack(0x0000006bdf800000,0x0000006bdf900000) (1024K)]
  0x00000244fa719720 JavaThread "File watcher consumer"      daemon [_thread_blocked, id=59360, stack(0x0000006bdf900000,0x0000006bdfa00000) (1024K)]
  0x00000244fa719db0 JavaThread "Cache worker for checksums cache (C:\Users\enzonascimento-ieg\AndroidStudioProjects\mobile_skadi\.gradle\9.1.0\checksums)"        [_thread_blocked, id=60332, stack(0x0000006bdfa00000,0x0000006bdfb00000) (1024K)]
  0x00000244fa71a440 JavaThread "Cache worker for file content cache (C:\Users\enzonascimento-ieg\.gradle\caches\9.1.0\fileContent)"        [_thread_blocked, id=46816, stack(0x0000006bdfb00000,0x0000006bdfc00000) (1024K)]
  0x00000244fa716fc0 JavaThread "Cache worker for cache directory md-supplier (C:\Users\enzonascimento-ieg\.gradle\caches\9.1.0\md-supplier)"        [_thread_blocked, id=59976, stack(0x0000006bdfc00000,0x0000006bdfd00000) (1024K)]
  0x00000244fa71aad0 JavaThread "Cache worker for cache directory md-rule (C:\Users\enzonascimento-ieg\.gradle\caches\9.1.0\md-rule)"        [_thread_blocked, id=17912, stack(0x0000006bdfd00000,0x0000006bdfe00000) (1024K)]
Total: 33

Other Threads:
  0x00000244f44e5e80 VMThread "VM Thread"                           [id=52864, stack(0x0000006bdd100000,0x0000006bdd200000) (1024K)] _threads_hazard_ptr=0x00000244fa934880
  0x00000244f45d10a0 WatcherThread "VM Periodic Task Thread"        [id=1204, stack(0x0000006bdd000000,0x0000006bdd100000) (1024K)]
  0x00000244dc99b460 WorkerThread "GC Thread#0"                     [id=48164, stack(0x0000006bdcb00000,0x0000006bdcc00000) (1024K)]
  0x00000244f9069f30 WorkerThread "GC Thread#1"                     [id=53816, stack(0x0000006bdde00000,0x0000006bddf00000) (1024K)]
  0x00000244f494e6c0 WorkerThread "GC Thread#2"                     [id=23644, stack(0x0000006bddf00000,0x0000006bde000000) (1024K)]
  0x00000244f494ea70 WorkerThread "GC Thread#3"                     [id=44128, stack(0x0000006bde000000,0x0000006bde100000) (1024K)]
  0x00000244f90b9360 WorkerThread "GC Thread#4"                     [id=44504, stack(0x0000006bde100000,0x0000006bde200000) (1024K)]
  0x00000244f90b9710 WorkerThread "GC Thread#5"                     [id=30836, stack(0x0000006bde200000,0x0000006bde300000) (1024K)]
  0x00000244f46aee00 WorkerThread "GC Thread#6"                     [id=41688, stack(0x0000006bddd00000,0x0000006bdde00000) (1024K)]
  0x00000244f46af1b0 WorkerThread "GC Thread#7"                     [id=7336, stack(0x0000006bde300000,0x0000006bde400000) (1024K)]
  0x00000244f9c3e820 WorkerThread "GC Thread#8"                     [id=52872, stack(0x0000006bde400000,0x0000006bde500000) (1024K)]
  0x00000244f93e0050 WorkerThread "GC Thread#9"                     [id=51668, stack(0x0000006bde500000,0x0000006bde600000) (1024K)]
  0x00000244dc9ad270 ConcurrentGCThread "G1 Main Marker"            [id=27148, stack(0x0000006bdcc00000,0x0000006bdcd00000) (1024K)]
  0x00000244dc9adb90 WorkerThread "G1 Conc#0"                       [id=5812, stack(0x0000006bdcd00000,0x0000006bdce00000) (1024K)]
  0x00000244f93e0b60 WorkerThread "G1 Conc#1"                       [id=57836, stack(0x0000006bdf400000,0x0000006bdf500000) (1024K)]
  0x00000244f93e1670 WorkerThread "G1 Conc#2"                       [id=57840, stack(0x0000006bdf500000,0x0000006bdf600000) (1024K)]
  0x00000244f4429ee0 ConcurrentGCThread "G1 Refine#0"               [id=12220, stack(0x0000006bdce00000,0x0000006bdcf00000) (1024K)]
  0x00000244f442b720 ConcurrentGCThread "G1 Service"                [id=37928, stack(0x0000006bdcf00000,0x0000006bdd000000) (1024K)]
Total: 18

Threads with active compile tasks:
C2 CompilerThread0  343784 4116       4       jdk.internal.org.objectweb.asm.MethodWriter::visitLabel (330 bytes)
Total: 1

VM state: synchronizing (normal execution)

VM Mutex/Monitor currently owned by a thread:  ([mutex/lock_event])
[0x00007fffb81ed530] Metaspace_lock - owner thread: 0x00000244f92903f0
[0x00007fffb81ef5b0] Threads_lock - owner thread: 0x00000244f44e5e80

Heap address: 0x0000000080000000, size: 2048 MB, Compressed Oops mode: 32-bit

CDS archive(s) mapped at: [0x0000024480000000-0x0000024480ba0000-0x0000024480ba0000), size 12189696, SharedBaseAddress: 0x0000024480000000, ArchiveRelocationMode: 1.
Compressed class space mapped at: 0x0000024481000000-0x00000244c1000000, reserved size: 1073741824
Narrow klass base: 0x0000024480000000, Narrow klass shift: 0, Narrow klass range: 0x100000000

GC Precious Log:
 CardTable entry size: 512
 Card Set container configuration: InlinePtr #cards 5 size 8 Array Of Cards #cards 12 size 40 Howl #buckets 4 coarsen threshold 1843 Howl Bitmap #cards 512 size 80 coarsen threshold 460 Card regions per heap region 1 cards per card region 2048
 CPUs: 12 total, 12 available
 Memory: 16068M
 Large Page Support: Disabled
 NUMA Support: Disabled
 Compressed Oops: Enabled (32-bit)
 Heap Region Size: 1M
 Heap Min Capacity: 8M
 Heap Initial Capacity: 252M
 Heap Max Capacity: 2G
 Pre-touch: Disabled
 Parallel Workers: 10
 Concurrent Workers: 3
 Concurrent Refinement Workers: 10
 Periodic GC: Disabled

Heap:
 garbage-first heap   total 98304K, used 55661K [0x0000000080000000, 0x0000000100000000)
  region size 1024K, 43 young (44032K), 14 survivors (14336K)
 Metaspace       used 30667K, committed 31872K, reserved 1114112K
  class space    used 4500K, committed 5120K, reserved 1048576K

Heap Regions: E=young(eden), S=young(survivor), O=old, HS=humongous(starts), HC=humongous(continues), CS=collection set, F=free, TAMS=top-at-mark-start, PB=parsable bottom
|   0|0x0000000080000000, 0x0000000080100000, 0x0000000080100000|100%|HS|  |TAMS 0x0000000080000000| PB 0x0000000080000000| Complete 
|   1|0x0000000080100000, 0x0000000080200000, 0x0000000080200000|100%|HC|  |TAMS 0x0000000080100000| PB 0x0000000080100000| Complete 
|   2|0x0000000080200000, 0x0000000080300000, 0x0000000080300000|100%|HC|  |TAMS 0x0000000080200000| PB 0x0000000080200000| Complete 
|   3|0x0000000080300000, 0x0000000080400000, 0x0000000080400000|100%| O|  |TAMS 0x0000000080300000| PB 0x0000000080300000| Untracked 
|   4|0x0000000080400000, 0x0000000080500000, 0x0000000080500000|100%| O|  |TAMS 0x0000000080400000| PB 0x0000000080400000| Untracked 
|   5|0x0000000080500000, 0x0000000080600000, 0x0000000080600000|100%| O|  |TAMS 0x0000000080500000| PB 0x0000000080500000| Untracked 
|   6|0x0000000080600000, 0x0000000080700000, 0x0000000080700000|100%|HS|  |TAMS 0x0000000080600000| PB 0x0000000080600000| Complete 
|   7|0x0000000080700000, 0x0000000080700000, 0x0000000080800000|  0%| F|  |TAMS 0x0000000080700000| PB 0x0000000080700000| Untracked 
|   8|0x0000000080800000, 0x0000000080900000, 0x0000000080900000|100%| O|  |TAMS 0x0000000080800000| PB 0x0000000080800000| Untracked 
|   9|0x0000000080900000, 0x0000000080960c88, 0x0000000080a00000| 37%| O|Cm|TAMS 0x0000000080900000| PB 0x0000000080900000| Complete 
|  10|0x0000000080a00000, 0x0000000080a00000, 0x0000000080b00000|  0%| F|  |TAMS 0x0000000080a00000| PB 0x0000000080a00000| Untracked 
|  11|0x0000000080b00000, 0x0000000080b00000, 0x0000000080c00000|  0%| F|  |TAMS 0x0000000080b00000| PB 0x0000000080b00000| Untracked 
|  12|0x0000000080c00000, 0x0000000080c00000, 0x0000000080d00000|  0%| F|  |TAMS 0x0000000080c00000| PB 0x0000000080c00000| Untracked 
|  13|0x0000000080d00000, 0x0000000080d00000, 0x0000000080e00000|  0%| F|  |TAMS 0x0000000080d00000| PB 0x0000000080d00000| Untracked 
|  14|0x0000000080e00000, 0x0000000080e00000, 0x0000000080f00000|  0%| F|  |TAMS 0x0000000080e00000| PB 0x0000000080e00000| Untracked 
|  15|0x0000000080f00000, 0x0000000080f00000, 0x0000000081000000|  0%| F|  |TAMS 0x0000000080f00000| PB 0x0000000080f00000| Untracked 
|  16|0x0000000081000000, 0x0000000081000000, 0x0000000081100000|  0%| F|  |TAMS 0x0000000081000000| PB 0x0000000081000000| Untracked 
|  17|0x0000000081100000, 0x0000000081100000, 0x0000000081200000|  0%| F|  |TAMS 0x0000000081100000| PB 0x0000000081100000| Untracked 
|  18|0x0000000081200000, 0x0000000081200000, 0x0000000081300000|  0%| F|  |TAMS 0x0000000081200000| PB 0x0000000081200000| Untracked 
|  19|0x0000000081300000, 0x0000000081300000, 0x0000000081400000|  0%| F|  |TAMS 0x0000000081300000| PB 0x0000000081300000| Untracked 
|  20|0x0000000081400000, 0x0000000081400000, 0x0000000081500000|  0%| F|  |TAMS 0x0000000081400000| PB 0x0000000081400000| Untracked 
|  21|0x0000000081500000, 0x0000000081500000, 0x0000000081600000|  0%| F|  |TAMS 0x0000000081500000| PB 0x0000000081500000| Untracked 
|  22|0x0000000081600000, 0x0000000081600000, 0x0000000081700000|  0%| F|  |TAMS 0x0000000081600000| PB 0x0000000081600000| Untracked 
|  23|0x0000000081700000, 0x0000000081700000, 0x0000000081800000|  0%| F|  |TAMS 0x0000000081700000| PB 0x0000000081700000| Untracked 
|  24|0x0000000081800000, 0x0000000081800000, 0x0000000081900000|  0%| F|  |TAMS 0x0000000081800000| PB 0x0000000081800000| Untracked 
|  25|0x0000000081900000, 0x0000000081900000, 0x0000000081a00000|  0%| F|  |TAMS 0x0000000081900000| PB 0x0000000081900000| Untracked 
|  26|0x0000000081a00000, 0x0000000081a00000, 0x0000000081b00000|  0%| F|  |TAMS 0x0000000081a00000| PB 0x0000000081a00000| Untracked 
|  27|0x0000000081b00000, 0x0000000081b00000, 0x0000000081c00000|  0%| F|  |TAMS 0x0000000081b00000| PB 0x0000000081b00000| Untracked 
|  28|0x0000000081c00000, 0x0000000081c00000, 0x0000000081d00000|  0%| F|  |TAMS 0x0000000081c00000| PB 0x0000000081c00000| Untracked 
|  29|0x0000000081d00000, 0x0000000081d00000, 0x0000000081e00000|  0%| F|  |TAMS 0x0000000081d00000| PB 0x0000000081d00000| Untracked 
|  30|0x0000000081e00000, 0x0000000081e00000, 0x0000000081f00000|  0%| F|  |TAMS 0x0000000081e00000| PB 0x0000000081e00000| Untracked 
|  31|0x0000000081f00000, 0x0000000081f00000, 0x0000000082000000|  0%| F|  |TAMS 0x0000000081f00000| PB 0x0000000081f00000| Untracked 
|  32|0x0000000082000000, 0x0000000082000000, 0x0000000082100000|  0%| F|  |TAMS 0x0000000082000000| PB 0x0000000082000000| Untracked 
|  33|0x0000000082100000, 0x0000000082100000, 0x0000000082200000|  0%| F|  |TAMS 0x0000000082100000| PB 0x0000000082100000| Untracked 
|  34|0x0000000082200000, 0x0000000082200000, 0x0000000082300000|  0%| F|  |TAMS 0x0000000082200000| PB 0x0000000082200000| Untracked 
|  35|0x0000000082300000, 0x0000000082300000, 0x0000000082400000|  0%| F|  |TAMS 0x0000000082300000| PB 0x0000000082300000| Untracked 
|  36|0x0000000082400000, 0x0000000082400000, 0x0000000082500000|  0%| F|  |TAMS 0x0000000082400000| PB 0x0000000082400000| Untracked 
|  37|0x0000000082500000, 0x0000000082500000, 0x0000000082600000|  0%| F|  |TAMS 0x0000000082500000| PB 0x0000000082500000| Untracked 
|  38|0x0000000082600000, 0x0000000082600000, 0x0000000082700000|  0%| F|  |TAMS 0x0000000082600000| PB 0x0000000082600000| Untracked 
|  39|0x0000000082700000, 0x0000000082700000, 0x0000000082800000|  0%| F|  |TAMS 0x0000000082700000| PB 0x0000000082700000| Untracked 
|  40|0x0000000082800000, 0x0000000082800000, 0x0000000082900000|  0%| F|  |TAMS 0x0000000082800000| PB 0x0000000082800000| Untracked 
|  41|0x0000000082900000, 0x0000000082900000, 0x0000000082a00000|  0%| F|  |TAMS 0x0000000082900000| PB 0x0000000082900000| Untracked 
|  42|0x0000000082a00000, 0x0000000082a00000, 0x0000000082b00000|  0%| F|  |TAMS 0x0000000082a00000| PB 0x0000000082a00000| Untracked 
|  43|0x0000000082b00000, 0x0000000082b00000, 0x0000000082c00000|  0%| F|  |TAMS 0x0000000082b00000| PB 0x0000000082b00000| Untracked 
|  44|0x0000000082c00000, 0x0000000082c00000, 0x0000000082d00000|  0%| F|  |TAMS 0x0000000082c00000| PB 0x0000000082c00000| Untracked 
|  45|0x0000000082d00000, 0x0000000082d00000, 0x0000000082e00000|  0%| F|  |TAMS 0x0000000082d00000| PB 0x0000000082d00000| Untracked 
|  46|0x0000000082e00000, 0x0000000082e00000, 0x0000000082f00000|  0%| F|  |TAMS 0x0000000082e00000| PB 0x0000000082e00000| Untracked 
|  47|0x0000000082f00000, 0x0000000082f00000, 0x0000000083000000|  0%| F|  |TAMS 0x0000000082f00000| PB 0x0000000082f00000| Untracked 
|  48|0x0000000083000000, 0x0000000083081f60, 0x0000000083100000| 50%| E|  |TAMS 0x0000000083000000| PB 0x0000000083000000| Complete 
|  49|0x0000000083100000, 0x0000000083200000, 0x0000000083200000|100%| E|CS|TAMS 0x0000000083100000| PB 0x0000000083100000| Complete 
|  50|0x0000000083200000, 0x0000000083300000, 0x0000000083300000|100%| E|CS|TAMS 0x0000000083200000| PB 0x0000000083200000| Complete 
|  51|0x0000000083300000, 0x0000000083400000, 0x0000000083400000|100%| E|CS|TAMS 0x0000000083300000| PB 0x0000000083300000| Complete 
|  52|0x0000000083400000, 0x0000000083500000, 0x0000000083500000|100%| E|CS|TAMS 0x0000000083400000| PB 0x0000000083400000| Complete 
|  53|0x0000000083500000, 0x0000000083600000, 0x0000000083600000|100%| E|CS|TAMS 0x0000000083500000| PB 0x0000000083500000| Complete 
|  54|0x0000000083600000, 0x0000000083700000, 0x0000000083700000|100%| E|CS|TAMS 0x0000000083600000| PB 0x0000000083600000| Complete 
|  55|0x0000000083700000, 0x0000000083800000, 0x0000000083800000|100%| E|CS|TAMS 0x0000000083700000| PB 0x0000000083700000| Complete 
|  56|0x0000000083800000, 0x0000000083900000, 0x0000000083900000|100%| E|CS|TAMS 0x0000000083800000| PB 0x0000000083800000| Complete 
|  57|0x0000000083900000, 0x0000000083a00000, 0x0000000083a00000|100%| E|CS|TAMS 0x0000000083900000| PB 0x0000000083900000| Complete 
|  58|0x0000000083a00000, 0x0000000083b00000, 0x0000000083b00000|100%| E|CS|TAMS 0x0000000083a00000| PB 0x0000000083a00000| Complete 
|  59|0x0000000083b00000, 0x0000000083c00000, 0x0000000083c00000|100%| E|CS|TAMS 0x0000000083b00000| PB 0x0000000083b00000| Complete 
|  60|0x0000000083c00000, 0x0000000083d00000, 0x0000000083d00000|100%| E|CS|TAMS 0x0000000083c00000| PB 0x0000000083c00000| Complete 
|  61|0x0000000083d00000, 0x0000000083e00000, 0x0000000083e00000|100%| S|CS|TAMS 0x0000000083d00000| PB 0x0000000083d00000| Complete 
|  62|0x0000000083e00000, 0x0000000083f00000, 0x0000000083f00000|100%| S|CS|TAMS 0x0000000083e00000| PB 0x0000000083e00000| Complete 
|  63|0x0000000083f00000, 0x0000000084000000, 0x0000000084000000|100%| S|CS|TAMS 0x0000000083f00000| PB 0x0000000083f00000| Complete 
|  64|0x0000000084000000, 0x0000000084100000, 0x0000000084100000|100%| S|CS|TAMS 0x0000000084000000| PB 0x0000000084000000| Complete 
|  65|0x0000000084100000, 0x0000000084200000, 0x0000000084200000|100%| S|CS|TAMS 0x0000000084100000| PB 0x0000000084100000| Complete 
|  66|0x0000000084200000, 0x0000000084300000, 0x0000000084300000|100%| S|CS|TAMS 0x0000000084200000| PB 0x0000000084200000| Complete 
|  67|0x0000000084300000, 0x0000000084400000, 0x0000000084400000|100%| S|CS|TAMS 0x0000000084300000| PB 0x0000000084300000| Complete 
|  68|0x0000000084400000, 0x0000000084500000, 0x0000000084500000|100%| S|CS|TAMS 0x0000000084400000| PB 0x0000000084400000| Complete 
|  69|0x0000000084500000, 0x0000000084600000, 0x0000000084600000|100%| S|CS|TAMS 0x0000000084500000| PB 0x0000000084500000| Complete 
|  70|0x0000000084600000, 0x0000000084700000, 0x0000000084700000|100%| S|CS|TAMS 0x0000000084600000| PB 0x0000000084600000| Complete 
|  71|0x0000000084700000, 0x0000000084800000, 0x0000000084800000|100%| S|CS|TAMS 0x0000000084700000| PB 0x0000000084700000| Complete 
|  72|0x0000000084800000, 0x0000000084900000, 0x0000000084900000|100%| S|CS|TAMS 0x0000000084800000| PB 0x0000000084800000| Complete 
|  73|0x0000000084900000, 0x0000000084a00000, 0x0000000084a00000|100%| S|CS|TAMS 0x0000000084900000| PB 0x0000000084900000| Complete 
|  74|0x0000000084a00000, 0x0000000084ad9698, 0x0000000084b00000| 84%| S|CS|TAMS 0x0000000084a00000| PB 0x0000000084a00000| Complete 
| 144|0x0000000089000000, 0x0000000089100000, 0x0000000089100000|100%| E|CS|TAMS 0x0000000089000000| PB 0x0000000089000000| Complete 
| 145|0x0000000089100000, 0x0000000089200000, 0x0000000089200000|100%| E|CS|TAMS 0x0000000089100000| PB 0x0000000089100000| Complete 
| 146|0x0000000089200000, 0x0000000089300000, 0x0000000089300000|100%| E|CS|TAMS 0x0000000089200000| PB 0x0000000089200000| Complete 
| 147|0x0000000089300000, 0x0000000089400000, 0x0000000089400000|100%| E|CS|TAMS 0x0000000089300000| PB 0x0000000089300000| Complete 
| 148|0x0000000089400000, 0x0000000089500000, 0x0000000089500000|100%| E|CS|TAMS 0x0000000089400000| PB 0x0000000089400000| Complete 
| 149|0x0000000089500000, 0x0000000089600000, 0x0000000089600000|100%| E|CS|TAMS 0x0000000089500000| PB 0x0000000089500000| Complete 
| 150|0x0000000089600000, 0x0000000089700000, 0x0000000089700000|100%| E|CS|TAMS 0x0000000089600000| PB 0x0000000089600000| Complete 
| 151|0x0000000089700000, 0x0000000089800000, 0x0000000089800000|100%| E|CS|TAMS 0x0000000089700000| PB 0x0000000089700000| Complete 
| 152|0x0000000089800000, 0x0000000089900000, 0x0000000089900000|100%| E|CS|TAMS 0x0000000089800000| PB 0x0000000089800000| Complete 
| 153|0x0000000089900000, 0x0000000089a00000, 0x0000000089a00000|100%| E|CS|TAMS 0x0000000089900000| PB 0x0000000089900000| Complete 
| 154|0x0000000089a00000, 0x0000000089b00000, 0x0000000089b00000|100%| E|CS|TAMS 0x0000000089a00000| PB 0x0000000089a00000| Complete 
| 155|0x0000000089b00000, 0x0000000089c00000, 0x0000000089c00000|100%| E|CS|TAMS 0x0000000089b00000| PB 0x0000000089b00000| Complete 
| 156|0x0000000089c00000, 0x0000000089d00000, 0x0000000089d00000|100%| E|CS|TAMS 0x0000000089c00000| PB 0x0000000089c00000| Complete 
| 157|0x0000000089d00000, 0x0000000089e00000, 0x0000000089e00000|100%| E|CS|TAMS 0x0000000089d00000| PB 0x0000000089d00000| Complete 
| 250|0x000000008fa00000, 0x000000008fb00000, 0x000000008fb00000|100%| E|CS|TAMS 0x000000008fa00000| PB 0x000000008fa00000| Complete 
| 251|0x000000008fb00000, 0x000000008fc00000, 0x000000008fc00000|100%| E|CS|TAMS 0x000000008fb00000| PB 0x000000008fb00000| Complete 
|2043|0x00000000ffb00000, 0x00000000ffb21490, 0x00000000ffc00000| 13%| O|  |TAMS 0x00000000ffb00000| PB 0x00000000ffb00000| Untracked 
|2044|0x00000000ffc00000, 0x00000000ffd00000, 0x00000000ffd00000|100%| O|  |TAMS 0x00000000ffc00000| PB 0x00000000ffc00000| Untracked 
|2045|0x00000000ffd00000, 0x00000000ffe00000, 0x00000000ffe00000|100%| O|  |TAMS 0x00000000ffd00000| PB 0x00000000ffd00000| Untracked 
|2046|0x00000000ffe00000, 0x00000000fff00000, 0x00000000fff00000|100%| O|  |TAMS 0x00000000ffe00000| PB 0x00000000ffe00000| Untracked 
|2047|0x00000000fff00000, 0x0000000100000000, 0x0000000100000000|100%| O|  |TAMS 0x00000000fff00000| PB 0x00000000fff00000| Untracked 

Card table byte_map: [0x00000244ef490000,0x00000244ef890000] _byte_map_base: 0x00000244ef090000

Marking Bits: (CMBitMap*) 0x00000244dc99c990
 Bits: [0x00000244ef890000, 0x00000244f1890000)

Polling page: 0x00000244da6f0000

Metaspace:

Usage:
  Non-class:     25.55 MB used.
      Class:      4.39 MB used.
       Both:     29.95 MB used.

Virtual space:
  Non-class space:       64.00 MB reserved,      26.12 MB ( 41%) committed,  1 nodes.
      Class space:        1.00 GB reserved,       5.00 MB ( <1%) committed,  1 nodes.
             Both:        1.06 GB reserved,      31.12 MB (  3%) committed. 

Chunk freelists:
   Non-Class:  5.50 MB
       Class:  10.98 MB
        Both:  16.48 MB

MaxMetaspaceSize: unlimited
CompressedClassSpaceSize: 1.00 GB
Initial GC threshold: 21.00 MB
Current GC threshold: 35.31 MB
CDS: on
 - commit_granule_bytes: 65536.
 - commit_granule_words: 8192.
 - virtual_space_node_default_size: 8388608.
 - enlarge_chunks_in_place: 1.
 - use_allocation_guard: 0.


Internal statistics:

num_allocs_failed_limit: 3.
num_arena_births: 2088.
num_arena_deaths: 0.
num_vsnodes_births: 2.
num_vsnodes_deaths: 0.
num_space_committed: 498.
num_space_uncommitted: 0.
num_chunks_returned_to_freelist: 3.
num_chunks_taken_from_freelist: 3539.
num_chunk_merges: 3.
num_chunk_splits: 2307.
num_chunks_enlarged: 1408.
num_inconsistent_stats: 0.

CodeHeap 'non-profiled nmethods': size=120000Kb used=2374Kb max_used=2374Kb free=117625Kb
 bounds [0x00000244e7610000, 0x00000244e7880000, 0x00000244eeb40000]
CodeHeap 'profiled nmethods': size=120000Kb used=8037Kb max_used=8037Kb free=111962Kb
 bounds [0x00000244dfb40000, 0x00000244e0320000, 0x00000244e7070000]
CodeHeap 'non-nmethods': size=5760Kb used=1442Kb max_used=1465Kb free=4317Kb
 bounds [0x00000244e7070000, 0x00000244e72e0000, 0x00000244e7610000]
CodeCache: size=245760Kb, used=11853Kb, max_used=11876Kb, free=233904Kb
 total_blobs=4701, nmethods=4105, adapters=500, full_count=0
Compilation: enabled, stopped_count=0, restarted_count=0

Compilation events (20 events):
Event: 341.044 Thread 0x00000244f4513660 4107       3       com.google.common.cache.LongAddables$JavaUtilConcurrentLongAdder::<init> (5 bytes)
Event: 341.044 Thread 0x00000244f4513660 nmethod 4107 0x00000244e0316510 code [0x00000244e03166e0, 0x00000244e03169c0]
Event: 341.044 Thread 0x00000244f4513660 4108       3       com.google.common.cache.LongAddables$JavaUtilConcurrentLongAdder::<init> (5 bytes)
Event: 341.044 Thread 0x00000244f4513660 nmethod 4108 0x00000244e0316b10 code [0x00000244e0316cc0, 0x00000244e0316f40]
Event: 341.054 Thread 0x00000244f4512bc0 nmethod 4104 0x00000244e7860890 code [0x00000244e7860a80, 0x00000244e7861138]
Event: 341.885 Thread 0x00000244f4513660 4109       3       org.gradle.cache.internal.filelock.LockInfo::<init> (22 bytes)
Event: 341.886 Thread 0x00000244f4513660 nmethod 4109 0x00000244e0317090 code [0x00000244e0317240, 0x00000244e0317498]
Event: 342.440 Thread 0x00000244f4513660 4110       3       java.io.ByteArrayOutputStream::<init> (7 bytes)
Event: 342.441 Thread 0x00000244f4513660 nmethod 4110 0x00000244e0317590 code [0x00000244e0317740, 0x00000244e0317880]
Event: 342.652 Thread 0x00000244f4513660 4111       3       java.nio.channels.FileLock::<init> (86 bytes)
Event: 342.653 Thread 0x00000244f4513660 nmethod 4111 0x00000244e0317910 code [0x00000244e0317b20, 0x00000244e0318170]
Event: 342.653 Thread 0x00000244f4513660 4112       1       org.gradle.cache.internal.locklistener.DefaultFileLockContentionHandler::access$100 (5 bytes)
Event: 342.653 Thread 0x00000244f4513660 nmethod 4112 0x00000244e7861490 code [0x00000244e7861620, 0x00000244e78616d0]
Event: 342.680 Thread 0x00000244f4513660 4113       3       sun.nio.ch.FileLockTable$FileLockReference::<init> (12 bytes)
Event: 342.680 Thread 0x00000244f4513660 nmethod 4113 0x00000244e0318390 code [0x00000244e0318560, 0x00000244e03188e8]
Event: 342.681 Thread 0x00000244f4513660 4114   !   3       sun.nio.ch.FileLockTable::removeStaleEntries (71 bytes)
Event: 342.682 Thread 0x00000244f4513660 nmethod 4114 0x00000244e0318a10 code [0x00000244e0318c20, 0x00000244e0319378]
Event: 342.682 Thread 0x00000244f4513660 4115       1       org.gradle.cache.internal.filelock.LockInfoSerializer::getVersion (2 bytes)
Event: 342.682 Thread 0x00000244f4513660 nmethod 4115 0x00000244e7861790 code [0x00000244e7861920, 0x00000244e78619e8]
Event: 342.682 Thread 0x00000244f4512bc0 4116       4       jdk.internal.org.objectweb.asm.MethodWriter::visitLabel (330 bytes)

GC Heap History (10 events):
Event: 1.637 GC heap before
{Heap before GC invocations=0 (full 0):
 garbage-first heap   total 258048K, used 23552K [0x0000000080000000, 0x0000000100000000)
  region size 1024K, 23 young (23552K), 0 survivors (0K)
 Metaspace       used 869K, committed 1024K, reserved 1114112K
  class space    used 71K, committed 128K, reserved 1048576K
}
Event: 1.996 GC heap after
{Heap after GC invocations=1 (full 0):
 garbage-first heap   total 258048K, used 1450K [0x0000000080000000, 0x0000000100000000)
  region size 1024K, 2 young (2048K), 2 survivors (2048K)
 Metaspace       used 869K, committed 1024K, reserved 1114112K
  class space    used 71K, committed 128K, reserved 1048576K
}
Event: 6.345 GC heap before
{Heap before GC invocations=1 (full 0):
 garbage-first heap   total 258048K, used 39338K [0x0000000080000000, 0x0000000100000000)
  region size 1024K, 37 young (37888K), 2 survivors (2048K)
 Metaspace       used 4464K, committed 4672K, reserved 1114112K
  class space    used 584K, committed 704K, reserved 1048576K
}
Event: 6.351 GC heap after
{Heap after GC invocations=2 (full 0):
 garbage-first heap   total 258048K, used 10586K [0x0000000080000000, 0x0000000100000000)
  region size 1024K, 5 young (5120K), 5 survivors (5120K)
 Metaspace       used 4464K, committed 4672K, reserved 1114112K
  class space    used 584K, committed 704K, reserved 1048576K
}
Event: 39.006 GC heap before
{Heap before GC invocations=2 (full 0):
 garbage-first heap   total 258048K, used 78170K [0x0000000080000000, 0x0000000100000000)
  region size 1024K, 69 young (70656K), 5 survivors (5120K)
 Metaspace       used 8616K, committed 8896K, reserved 1114112K
  class space    used 1190K, committed 1344K, reserved 1048576K
}
Event: 39.020 GC heap after
{Heap after GC invocations=3 (full 0):
 garbage-first heap   total 258048K, used 17795K [0x0000000080000000, 0x0000000100000000)
  region size 1024K, 9 young (9216K), 9 survivors (9216K)
 Metaspace       used 8616K, committed 8896K, reserved 1114112K
  class space    used 1190K, committed 1344K, reserved 1048576K
}
Event: 299.792 GC heap before
{Heap before GC invocations=3 (full 0):
 garbage-first heap   total 258048K, used 104835K [0x0000000080000000, 0x0000000100000000)
  region size 1024K, 94 young (96256K), 9 survivors (9216K)
 Metaspace       used 20831K, committed 21504K, reserved 1114112K
  class space    used 2869K, committed 3200K, reserved 1048576K
}
Event: 299.813 GC heap after
{Heap after GC invocations=4 (full 0):
 garbage-first heap   total 258048K, used 22915K [0x0000000080000000, 0x0000000100000000)
  region size 1024K, 14 young (14336K), 14 survivors (14336K)
 Metaspace       used 20831K, committed 21504K, reserved 1114112K
  class space    used 2869K, committed 3200K, reserved 1048576K
}
Event: 314.464 GC heap before
{Heap before GC invocations=5 (full 0):
 garbage-first heap   total 78848K, used 78211K [0x0000000080000000, 0x0000000100000000)
  region size 1024K, 68 young (69632K), 14 survivors (14336K)
 Metaspace       used 27488K, committed 28544K, reserved 1114112K
  class space    used 3965K, committed 4480K, reserved 1048576K
}
Event: 314.532 GC heap after
{Heap after GC invocations=6 (full 0):
 garbage-first heap   total 98304K, used 26989K [0x0000000080000000, 0x0000000100000000)
  region size 1024K, 14 young (14336K), 14 survivors (14336K)
 Metaspace       used 27488K, committed 28544K, reserved 1114112K
  class space    used 3965K, committed 4480K, reserved 1048576K
}

Dll operation events (20 events):
Event: 0.557 Attempting to load shared library C:\Users\enzonascimento-ieg\.cursor\extensions\redhat.java-1.56.0-win32-x64\jre\21.0.12.1-win32-x86_64\bin\nio.dll
Event: 0.557 Loaded shared library C:\Users\enzonascimento-ieg\.cursor\extensions\redhat.java-1.56.0-win32-x64\jre\21.0.12.1-win32-x86_64\bin\nio.dll
Event: 0.561 Attempting to load shared library C:\Users\enzonascimento-ieg\.cursor\extensions\redhat.java-1.56.0-win32-x64\jre\21.0.12.1-win32-x86_64\bin\zip.dll
Event: 0.561 Loaded shared library C:\Users\enzonascimento-ieg\.cursor\extensions\redhat.java-1.56.0-win32-x64\jre\21.0.12.1-win32-x86_64\bin\zip.dll
Event: 2.009 Attempting to load shared library C:\Users\enzonascimento-ieg\.cursor\extensions\redhat.java-1.56.0-win32-x64\jre\21.0.12.1-win32-x86_64\bin\jimage.dll
Event: 2.009 Loaded shared library C:\Users\enzonascimento-ieg\.cursor\extensions\redhat.java-1.56.0-win32-x64\jre\21.0.12.1-win32-x86_64\bin\jimage.dll
Event: 3.063 Attempting to load shared library C:\Users\enzonascimento-ieg\.cursor\extensions\redhat.java-1.56.0-win32-x64\jre\21.0.12.1-win32-x86_64\bin\verify.dll
Event: 3.095 Loaded shared library C:\Users\enzonascimento-ieg\.cursor\extensions\redhat.java-1.56.0-win32-x64\jre\21.0.12.1-win32-x86_64\bin\verify.dll
Event: 3.523 Attempting to load shared library C:\Users\enzonascimento-ieg\.gradle\native\1def1411415f61bf3af743bc5b6707747c0891f09f0c88961ee8f79bc544acac\windows-amd64\native-platform.dll
Event: 3.538 Loaded shared library C:\Users\enzonascimento-ieg\.gradle\native\1def1411415f61bf3af743bc5b6707747c0891f09f0c88961ee8f79bc544acac\windows-amd64\native-platform.dll
Event: 3.643 Attempting to load shared library C:\Users\enzonascimento-ieg\.gradle\native\0.2.8\x86_64-windows-gnu\gradle-fileevents.dll
Event: 3.646 Loaded shared library C:\Users\enzonascimento-ieg\.gradle\native\0.2.8\x86_64-windows-gnu\gradle-fileevents.dll
Event: 13.499 Attempting to load shared library C:\Users\enzonascimento-ieg\.cursor\extensions\redhat.java-1.56.0-win32-x64\jre\21.0.12.1-win32-x86_64\bin\management.dll
Event: 13.499 Loaded shared library C:\Users\enzonascimento-ieg\.cursor\extensions\redhat.java-1.56.0-win32-x64\jre\21.0.12.1-win32-x86_64\bin\management.dll
Event: 13.506 Attempting to load shared library C:\Users\enzonascimento-ieg\.cursor\extensions\redhat.java-1.56.0-win32-x64\jre\21.0.12.1-win32-x86_64\bin\management_ext.dll
Event: 13.507 Loaded shared library C:\Users\enzonascimento-ieg\.cursor\extensions\redhat.java-1.56.0-win32-x64\jre\21.0.12.1-win32-x86_64\bin\management_ext.dll
Event: 25.298 Attempting to load shared library C:\Users\enzonascimento-ieg\.cursor\extensions\redhat.java-1.56.0-win32-x64\jre\21.0.12.1-win32-x86_64\bin\extnet.dll
Event: 25.302 Loaded shared library C:\Users\enzonascimento-ieg\.cursor\extensions\redhat.java-1.56.0-win32-x64\jre\21.0.12.1-win32-x86_64\bin\extnet.dll
Event: 245.327 Attempting to load shared library C:\Users\enzonascimento-ieg\.cursor\extensions\redhat.java-1.56.0-win32-x64\jre\21.0.12.1-win32-x86_64\bin\sunmscapi.dll
Event: 245.349 Loaded shared library C:\Users\enzonascimento-ieg\.cursor\extensions\redhat.java-1.56.0-win32-x64\jre\21.0.12.1-win32-x86_64\bin\sunmscapi.dll

Deoptimization events (20 events):
Event: 316.202 Thread 0x00000244f92903f0 Uncommon trap: trap_request=0xffffffbe fr.pc=0x00000244e783aa70 relative=0x0000000000001010
Event: 316.202 Thread 0x00000244f92903f0 Uncommon trap: reason=profile_predicate action=maybe_recompile pc=0x00000244e783aa70 method=java.lang.invoke.InvokerBytecodeGenerator.<init>(Ljava/lang/String;Ljava/lang/String;Ljava/lang/invoke/LambdaForm;Ljava/lang/invoke/MethodType;)V @ 33 c2
Event: 316.202 Thread 0x00000244f92903f0 DEOPT PACKING pc=0x00000244e783aa70 sp=0x0000006bdebf9520
Event: 316.202 Thread 0x00000244f92903f0 DEOPT UNPACKING pc=0x00000244e70c4422 sp=0x0000006bdebf94d0 mode 2
Event: 316.202 Thread 0x00000244f92903f0 Uncommon trap: trap_request=0xffffffbe fr.pc=0x00000244e783aa70 relative=0x0000000000001010
Event: 316.202 Thread 0x00000244f92903f0 Uncommon trap: reason=profile_predicate action=maybe_recompile pc=0x00000244e783aa70 method=java.lang.invoke.InvokerBytecodeGenerator.<init>(Ljava/lang/String;Ljava/lang/String;Ljava/lang/invoke/LambdaForm;Ljava/lang/invoke/MethodType;)V @ 33 c2
Event: 316.202 Thread 0x00000244f92903f0 DEOPT PACKING pc=0x00000244e783aa70 sp=0x0000006bdebf9510
Event: 316.202 Thread 0x00000244f92903f0 DEOPT UNPACKING pc=0x00000244e70c4422 sp=0x0000006bdebf94c0 mode 2
Event: 316.203 Thread 0x00000244f92903f0 Uncommon trap: trap_request=0xffffffbe fr.pc=0x00000244e783aa70 relative=0x0000000000001010
Event: 316.203 Thread 0x00000244f92903f0 Uncommon trap: reason=profile_predicate action=maybe_recompile pc=0x00000244e783aa70 method=java.lang.invoke.InvokerBytecodeGenerator.<init>(Ljava/lang/String;Ljava/lang/String;Ljava/lang/invoke/LambdaForm;Ljava/lang/invoke/MethodType;)V @ 33 c2
Event: 316.203 Thread 0x00000244f92903f0 DEOPT PACKING pc=0x00000244e783aa70 sp=0x0000006bdebf94f0
Event: 316.203 Thread 0x00000244f92903f0 DEOPT UNPACKING pc=0x00000244e70c4422 sp=0x0000006bdebf94a0 mode 2
Event: 316.203 Thread 0x00000244f92903f0 Uncommon trap: trap_request=0xffffffbe fr.pc=0x00000244e783aa70 relative=0x0000000000001010
Event: 316.203 Thread 0x00000244f92903f0 Uncommon trap: reason=profile_predicate action=maybe_recompile pc=0x00000244e783aa70 method=java.lang.invoke.InvokerBytecodeGenerator.<init>(Ljava/lang/String;Ljava/lang/String;Ljava/lang/invoke/LambdaForm;Ljava/lang/invoke/MethodType;)V @ 33 c2
Event: 316.203 Thread 0x00000244f92903f0 DEOPT PACKING pc=0x00000244e783aa70 sp=0x0000006bdebf94e0
Event: 316.203 Thread 0x00000244f92903f0 DEOPT UNPACKING pc=0x00000244e70c4422 sp=0x0000006bdebf9490 mode 2
Event: 317.261 Thread 0x00000244f92903f0 DEOPT PACKING pc=0x00000244e0074639 sp=0x0000006bdebf7e10
Event: 317.261 Thread 0x00000244f92903f0 DEOPT UNPACKING pc=0x00000244e70c4bc2 sp=0x0000006bdebf7310 mode 0
Event: 336.447 Thread 0x00000244f92903f0 DEOPT PACKING pc=0x00000244e0193746 sp=0x0000006bdebf9430
Event: 336.447 Thread 0x00000244f92903f0 DEOPT UNPACKING pc=0x00000244e70c4bc2 sp=0x0000006bdebf88a0 mode 0

Classes loaded (20 events):
Event: 308.398 Loading class java/util/concurrent/CancellationException
Event: 308.398 Loading class java/util/concurrent/CancellationException done
Event: 308.726 Loading class java/util/concurrent/locks/AbstractQueuedSynchronizer$SharedNode
Event: 308.726 Loading class java/util/concurrent/locks/AbstractQueuedSynchronizer$SharedNode done
Event: 308.961 Loading class java/io/InterruptedIOException
Event: 308.961 Loading class java/io/InterruptedIOException done
Event: 308.970 Loading class java/util/ArrayDeque$DeqSpliterator
Event: 308.970 Loading class java/util/ArrayDeque$DeqSpliterator done
Event: 316.176 Loading class java/lang/invoke/SerializedLambda
Event: 316.176 Loading class java/lang/invoke/SerializedLambda done
Event: 317.016 Loading class java/lang/reflect/AnnotatedType
Event: 317.016 Loading class java/lang/reflect/AnnotatedType done
Event: 317.031 Loading class sun/reflect/generics/tree/IntSignature
Event: 317.032 Loading class sun/reflect/generics/tree/IntSignature done
Event: 317.032 Loading class sun/reflect/generics/tree/ArrayTypeSignature
Event: 317.032 Loading class sun/reflect/generics/tree/ArrayTypeSignature done
Event: 317.263 Loading class java/lang/SafeVarargs
Event: 317.263 Loading class java/lang/SafeVarargs done
Event: 322.257 Loading class jdk/internal/reflect/MethodHandleIntegerFieldAccessorImpl
Event: 322.260 Loading class jdk/internal/reflect/MethodHandleIntegerFieldAccessorImpl done

Classes unloaded (0 events):
No events

Classes redefined (0 events):
No events

Internal exceptions (20 events):
Event: 307.299 Thread 0x00000244f92903f0 Exception <a 'java/lang/NoSuchMethodError'{0x0000000081e5ef58}: 'java.lang.Object java.lang.invoke.DirectMethodHandle$Holder.newInvokeSpecial(java.lang.Object, java.lang.Object, java.lang.Object, java.lang.Object, java.lang.Object, java.lang.Object, java.lang.Object, java.lang.Object)'> (0x0000000081e5ef58) 
thrown [s\src\hotspot\share\interpreter\linkResolver.cpp, line 773]
Event: 307.608 Thread 0x00000244f92903f0 Exception <a 'java/lang/NoSuchMethodError'{0x0000000081d9acd0}: 'java.lang.Object java.lang.invoke.DirectMethodHandle$Holder.newInvokeSpecial(java.lang.Object, java.lang.Object, java.lang.Object, java.lang.Object, java.lang.Object, java.lang.Object, java.lang.Object, java.lang.Object, java.lang.Object, java.lang.Object, java.lang.Object)'> (0x0000000081d9acd0) 
thrown [s\src\hotspot\share\interpreter\linkResolver.cpp, line 773]
Event: 308.342 Thread 0x00000244f92903f0 Exception <a 'java/lang/IncompatibleClassChangeError'{0x0000000081934f28}: Found class java.lang.Object, but interface was expected> (0x0000000081934f28) 
thrown [s\src\hotspot\share\interpreter\linkResolver.cpp, line 840]
Event: 308.965 Thread 0x00000244f92903f0 Exception <a 'java/lang/NoSuchMethodError'{0x0000000081774450}: 'int java.lang.invoke.DirectMethodHandle$Holder.invokeVirtual(java.lang.Object, java.lang.Object)'> (0x0000000081774450) 
thrown [s\src\hotspot\share\interpreter\linkResolver.cpp, line 773]
Event: 309.680 Thread 0x00000244f92903f0 Exception <a 'java/lang/NoSuchMethodError'{0x000000008137ad48}: 'void java.lang.invoke.DirectMethodHandle$Holder.invokeInterface(java.lang.Object, java.lang.Object, java.lang.Object, java.lang.Object, java.lang.Object)'> (0x000000008137ad48) 
thrown [s\src\hotspot\share\interpreter\linkResolver.cpp, line 773]
Event: 311.653 Thread 0x00000244f92903f0 Exception <a 'java/lang/NoSuchMethodError'{0x0000000080dd8c08}: 'java.lang.Object java.lang.invoke.DirectMethodHandle$Holder.newInvokeSpecial(java.lang.Object, java.lang.Object, java.lang.Object, java.lang.Object, java.lang.Object, java.lang.Object, java.lang.Object, java.lang.Object, java.lang.Object, java.lang.Object, java.lang.Object, java.lang.Object, java.lang.Object, java.lang.Object, java.lang.Object, java.lang.Object, java.lang.Object, java.lang.Object)'> (0x0000000080dd8c08) 
thrown [s\src\hotspot
Event: 311.655 Thread 0x00000244f92903f0 Exception <a 'java/lang/NoSuchMethodError'{0x0000000080ddf3b0}: 'java.lang.Object java.lang.invoke.DirectMethodHandle$Holder.invokeSpecial(java.lang.Object, java.lang.Object, java.lang.Object, java.lang.Object, java.lang.Object, java.lang.Object, java.lang.Object, java.lang.Object, java.lang.Object, java.lang.Object, java.lang.Object, java.lang.Object, java.lang.Object, java.lang.Object, java.lang.Object, java.lang.Object, java.lang.Object, java.lang.Object, java.lang.Object)'> (0x0000000080ddf3b0) 
thrown
Event: 311.656 Thread 0x00000244f92903f0 Exception <a 'java/lang/NoSuchMethodError'{0x0000000080de4828}: 'java.lang.Object java.lang.invoke.DelegatingMethodHandle$Holder.reinvoke_L(java.lang.Object, java.lang.Object, java.lang.Object, java.lang.Object, java.lang.Object, java.lang.Object, java.lang.Object, java.lang.Object, java.lang.Object, java.lang.Object, java.lang.Object, java.lang.Object, java.lang.Object, java.lang.Object, java.lang.Object, java.lang.Object, java.lang.Object, java.lang.Object)'> (0x0000000080de4828) 
thrown [s\src\hotspot\s
Event: 312.601 Thread 0x00000244f92903f0 Exception <a 'java/lang/NoSuchMethodError'{0x0000000080b223e0}: 'java.lang.Object java.lang.invoke.DirectMethodHandle$Holder.invokeStaticInit(java.lang.Object, java.lang.Object, java.lang.Object)'> (0x0000000080b223e0) 
thrown [s\src\hotspot\share\interpreter\linkResolver.cpp, line 773]
Event: 313.789 Thread 0x00000244f92903f0 Exception <a 'java/lang/NoSuchMethodError'{0x0000000080abe590}: 'java.lang.Object java.lang.invoke.DirectMethodHandle$Holder.newInvokeSpecial(java.lang.Object, java.lang.Object, java.lang.Object, java.lang.Object, java.lang.Object, java.lang.Object, java.lang.Object, java.lang.Object, java.lang.Object, java.lang.Object, java.lang.Object, java.lang.Object)'> (0x0000000080abe590) 
thrown [s\src\hotspot\share\interpreter\linkResolver.cpp, line 773]
Event: 314.301 Thread 0x00000244f92903f0 Exception <a 'java/lang/NoSuchMethodError'{0x00000000807e4610}: 'java.lang.Object java.lang.invoke.DirectMethodHandle$Holder.invokeSpecialIFC(java.lang.Object, java.lang.Object, java.lang.Object, java.lang.Object)'> (0x00000000807e4610) 
thrown [s\src\hotspot\share\interpreter\linkResolver.cpp, line 773]
Event: 316.197 Thread 0x00000244f92903f0 Exception <a 'java/lang/NoSuchMethodError'{0x0000000089af2170}: 'java.lang.Object java.lang.invoke.DirectMethodHandle$Holder.invokeVirtual(java.lang.Object, java.lang.Object, java.lang.Object, java.lang.Object, java.lang.Object, java.lang.Object, java.lang.Object, java.lang.Object, java.lang.Object, java.lang.Object, java.lang.Object, java.lang.Object, java.lang.Object, java.lang.Object, java.lang.Object, java.lang.Object, java.lang.Object, java.lang.Object, java.lang.Object, java.lang.Object, java.lang.Ob
Event: 316.198 Thread 0x00000244f92903f0 Exception <a 'java/lang/NoSuchMethodError'{0x0000000089af89e0}: 'java.lang.Object java.lang.invoke.DelegatingMethodHandle$Holder.reinvoke_L(java.lang.Object, java.lang.Object, java.lang.Object, java.lang.Object, java.lang.Object, java.lang.Object, java.lang.Object, java.lang.Object, java.lang.Object, java.lang.Object, java.lang.Object, java.lang.Object, java.lang.Object, java.lang.Object, java.lang.Object, java.lang.Object, java.lang.Object, java.lang.Object, java.lang.Object, java.lang.Object, java.lang.O
Event: 321.705 Thread 0x00000244f92903f0 Exception <a 'java/lang/NoSuchMethodError'{0x0000000089021318}: 'java.lang.Object java.lang.invoke.DirectMethodHandle$Holder.newInvokeSpecial(java.lang.Object, java.lang.Object, int, int)'> (0x0000000089021318) 
thrown [s\src\hotspot\share\interpreter\linkResolver.cpp, line 773]
Event: 322.262 Thread 0x00000244f92903f0 Exception <a 'java/lang/NoSuchMethodError'{0x000000008905d218}: 'void java.lang.invoke.DirectMethodHandle$Holder.invokeSpecial(java.lang.Object, java.lang.Object, int)'> (0x000000008905d218) 
thrown [s\src\hotspot\share\interpreter\linkResolver.cpp, line 773]
Event: 322.266 Thread 0x00000244f92903f0 Exception <a 'java/lang/NoSuchMethodError'{0x0000000089061748}: 'void java.lang.invoke.Invokers$Holder.invokeExact_MT(java.lang.Object, int, java.lang.Object)'> (0x0000000089061748) 
thrown [s\src\hotspot\share\interpreter\linkResolver.cpp, line 773]
Event: 329.219 Thread 0x00000244f92903f0 Exception <a 'java/lang/NoSuchMethodError'{0x000000008371de08}: 'java.lang.Object java.lang.invoke.Invokers$Holder.linkToTargetMethod(java.lang.Object, java.lang.Object, java.lang.Object, java.lang.Object, java.lang.Object, java.lang.Object, java.lang.Object, java.lang.Object, java.lang.Object, java.lang.Object, java.lang.Object, java.lang.Object)'> (0x000000008371de08) 
thrown [s\src\hotspot\share\interpreter\linkResolver.cpp, line 773]
Event: 331.546 Thread 0x00000244f92903f0 Exception <a 'java/lang/NoSuchMethodError'{0x00000000837bae00}: 'java.lang.Object java.lang.invoke.DirectMethodHandle$Holder.newInvokeSpecial(java.lang.Object, java.lang.Object, java.lang.Object, java.lang.Object, java.lang.Object, java.lang.Object, java.lang.Object, java.lang.Object, java.lang.Object, java.lang.Object, java.lang.Object, java.lang.Object, java.lang.Object, java.lang.Object, java.lang.Object)'> (0x00000000837bae00) 
thrown [s\src\hotspot\share\interpreter\linkResolver.cpp, line 773]
Event: 331.547 Thread 0x00000244f92903f0 Exception <a 'java/lang/NoSuchMethodError'{0x00000000837c0f30}: 'java.lang.Object java.lang.invoke.DirectMethodHandle$Holder.invokeSpecial(java.lang.Object, java.lang.Object, java.lang.Object, java.lang.Object, java.lang.Object, java.lang.Object, java.lang.Object, java.lang.Object, java.lang.Object, java.lang.Object, java.lang.Object, java.lang.Object, java.lang.Object, java.lang.Object, java.lang.Object, java.lang.Object)'> (0x00000000837c0f30) 
thrown [s\src\hotspot\share\interpreter\linkResolver.cpp, li
Event: 331.548 Thread 0x00000244f92903f0 Exception <a 'java/lang/NoSuchMethodError'{0x00000000837c61b0}: 'java.lang.Object java.lang.invoke.DelegatingMethodHandle$Holder.reinvoke_L(java.lang.Object, java.lang.Object, java.lang.Object, java.lang.Object, java.lang.Object, java.lang.Object, java.lang.Object, java.lang.Object, java.lang.Object, java.lang.Object, java.lang.Object, java.lang.Object, java.lang.Object, java.lang.Object, java.lang.Object)'> (0x00000000837c61b0) 
thrown [s\src\hotspot\share\interpreter\linkResolver.cpp, line 773]

ZGC Phase Switch (0 events):
No events

VM Operations (20 events):
Event: 326.710 Executing safepoint VM operation: Cleanup
Event: 326.711 Executing safepoint VM operation: Cleanup done
Event: 328.734 Executing safepoint VM operation: Cleanup
Event: 329.158 Executing safepoint VM operation: Cleanup done
Event: 330.165 Executing safepoint VM operation: Cleanup
Event: 330.165 Executing safepoint VM operation: Cleanup done
Event: 332.180 Executing safepoint VM operation: Cleanup
Event: 332.180 Executing safepoint VM operation: Cleanup done
Event: 334.201 Executing safepoint VM operation: Cleanup
Event: 334.234 Executing safepoint VM operation: Cleanup done
Event: 334.647 Executing non-safepoint VM operation: HandshakeAllThreads (Deoptimize)
Event: 334.647 Executing non-safepoint VM operation: HandshakeAllThreads (Deoptimize) done
Event: 335.652 Executing safepoint VM operation: Cleanup
Event: 335.777 Executing safepoint VM operation: Cleanup done
Event: 336.784 Executing safepoint VM operation: Cleanup
Event: 336.909 Executing safepoint VM operation: Cleanup done
Event: 337.921 Executing safepoint VM operation: Cleanup
Event: 337.921 Executing safepoint VM operation: Cleanup done
Event: 340.957 Executing safepoint VM operation: Cleanup
Event: 341.037 Executing safepoint VM operation: Cleanup done

Memory protections (0 events):
No events

Nmethod flushes (0 events):
No events

Events (20 events):
Event: 39.468 Thread 0x00000244f9b20850 Thread exited: 0x00000244f9b20850
Event: 253.407 Thread 0x00000244f9abbe50 Thread added: 0x00000244f999e380
Event: 253.628 Thread 0x00000244f999e380 Thread added: 0x00000244f999e9f0
Event: 256.739 Thread 0x00000244f999e380 Thread added: 0x00000244f999f770
Event: 256.796 Thread 0x00000244f999e380 Thread added: 0x00000244f92903f0
Event: 256.996 Thread 0x00000244f92903f0 Thread added: 0x00000244f9291e30
Event: 257.029 Thread 0x00000244f92903f0 Thread added: 0x00000244f92917a0
Event: 257.157 Thread 0x00000244f92903f0 Thread added: 0x00000244f9291110
Event: 280.609 Thread 0x00000244f92903f0 Thread added: 0x00000244f928f040
Event: 280.628 Thread 0x00000244f92903f0 Thread added: 0x00000244f92924c0
Event: 281.529 Thread 0x00000244f92924c0 Thread added: 0x00000244f928f6d0
Event: 283.468 Thread 0x00000244f92903f0 Thread added: 0x00000244f928fd60
Event: 304.142 Thread 0x00000244f92903f0 Thread added: 0x00000244fa715c10
Event: 304.780 Thread 0x00000244f92903f0 Thread added: 0x00000244fa718a00
Event: 308.726 Thread 0x00000244f92903f0 Thread added: 0x00000244fa719090
Event: 308.962 Thread 0x00000244f92903f0 Thread added: 0x00000244fa719720
Event: 314.243 Thread 0x00000244f92903f0 Thread added: 0x00000244fa719db0
Event: 315.826 Thread 0x00000244f92903f0 Thread added: 0x00000244fa71a440
Event: 331.082 Thread 0x00000244f92903f0 Thread added: 0x00000244fa716fc0
Event: 341.041 Thread 0x00000244f92903f0 Thread added: 0x00000244fa71aad0


Dynamic libraries:
0x00007ff6a5040000 - 0x00007ff6a504e000 	C:\Users\enzonascimento-ieg\.cursor\extensions\redhat.java-1.56.0-win32-x64\jre\21.0.12.1-win32-x86_64\bin\java.exe
0x00007ff8a2a20000 - 0x00007ff8a2c87000 	C:\Windows\SYSTEM32\ntdll.dll
0x00007ff8a0f70000 - 0x00007ff8a103b000 	C:\Windows\System32\KERNEL32.DLL
0x00007ff8a0330000 - 0x00007ff8a0732000 	C:\Windows\System32\KERNELBASE.dll
0x00007ff89fe40000 - 0x00007ff89ff8c000 	C:\Windows\System32\ucrtbase.dll
0x00007ff86edb0000 - 0x00007ff86edc8000 	C:\Users\enzonascimento-ieg\.cursor\extensions\redhat.java-1.56.0-win32-x64\jre\21.0.12.1-win32-x86_64\bin\jli.dll
0x00007ff8a23f0000 - 0x00007ff8a25bf000 	C:\Windows\System32\USER32.dll
0x00007ff89fc20000 - 0x00007ff89fc47000 	C:\Windows\System32\win32u.dll
0x00007ff8a2290000 - 0x00007ff8a22bb000 	C:\Windows\System32\GDI32.dll
0x00007ff89fc50000 - 0x00007ff89fd79000 	C:\Windows\System32\gdi32full.dll
0x00007ff89ffa0000 - 0x00007ff8a0043000 	C:\Windows\System32\msvcp_win.dll
0x00007ff86edf0000 - 0x00007ff86ee0e000 	C:\Users\enzonascimento-ieg\.cursor\extensions\redhat.java-1.56.0-win32-x64\jre\21.0.12.1-win32-x86_64\bin\VCRUNTIME140.dll
0x00007ff8834a0000 - 0x00007ff883730000 	C:\Windows\WinSxS\amd64_microsoft.windows.common-controls_6595b64144ccf1df_6.0.26100.9278_none_3e0d1ba8e3303201\COMCTL32.dll
0x00007ff8a19a0000 - 0x00007ff8a1a49000 	C:\Windows\System32\msvcrt.dll
0x00007ff8a0eb0000 - 0x00007ff8a0ee1000 	C:\Windows\System32\IMM32.DLL
0x00007ff89c250000 - 0x00007ff89c25c000 	C:\Users\enzonascimento-ieg\.cursor\extensions\redhat.java-1.56.0-win32-x64\jre\21.0.12.1-win32-x86_64\bin\vcruntime140_1.dll
0x00007ff82e330000 - 0x00007ff82e3bd000 	C:\Users\enzonascimento-ieg\.cursor\extensions\redhat.java-1.56.0-win32-x64\jre\21.0.12.1-win32-x86_64\bin\msvcp140.dll
0x00007fffb7530000 - 0x00007fffb82d2000 	C:\Users\enzonascimento-ieg\.cursor\extensions\redhat.java-1.56.0-win32-x64\jre\21.0.12.1-win32-x86_64\bin\server\jvm.dll
0x00007ff8a0de0000 - 0x00007ff8a0e9c000 	C:\Windows\System32\ADVAPI32.dll
0x00007ff8a2000000 - 0x00007ff8a20a9000 	C:\Windows\System32\sechost.dll
0x00007ff8a1a50000 - 0x00007ff8a1b68000 	C:\Windows\System32\RPCRT4.dll
0x00007ff8a2360000 - 0x00007ff8a23e0000 	C:\Windows\System32\WS2_32.dll
0x00007ff89fa80000 - 0x00007ff89fade000 	C:\Windows\SYSTEM32\POWRPROF.dll
0x00007ff89bed0000 - 0x00007ff89bf06000 	C:\Windows\SYSTEM32\WINMM.dll
0x00007ff882540000 - 0x00007ff88254b000 	C:\Windows\SYSTEM32\VERSION.dll
0x00007ff89fa60000 - 0x00007ff89fa75000 	C:\Windows\SYSTEM32\UMPDC.dll
0x00007ff89e8b0000 - 0x00007ff89e8cb000 	C:\Windows\SYSTEM32\kernel.appcore.dll
0x00007ff88b7c0000 - 0x00007ff88b7ca000 	C:\Users\enzonascimento-ieg\.cursor\extensions\redhat.java-1.56.0-win32-x64\jre\21.0.12.1-win32-x86_64\bin\jimage.dll
0x00007ff89cfe0000 - 0x00007ff89d22c000 	C:\Windows\SYSTEM32\DBGHELP.DLL
0x00007ff8a0760000 - 0x00007ff8a0ae5000 	C:\Windows\System32\combase.dll
0x00007ff8a2130000 - 0x00007ff8a2209000 	C:\Windows\System32\OLEAUT32.dll
0x00007ff87e6f0000 - 0x00007ff87e72b000 	C:\Windows\SYSTEM32\dbgcore.DLL
0x00007ff8a0270000 - 0x00007ff8a031c000 	C:\Windows\System32\bcryptPrimitives.dll
0x00007ff881760000 - 0x00007ff88176f000 	C:\Users\enzonascimento-ieg\.cursor\extensions\redhat.java-1.56.0-win32-x64\jre\21.0.12.1-win32-x86_64\bin\instrument.dll
0x00007ff86ed60000 - 0x00007ff86ed80000 	C:\Users\enzonascimento-ieg\.cursor\extensions\redhat.java-1.56.0-win32-x64\jre\21.0.12.1-win32-x86_64\bin\java.dll
0x00007ff8a1040000 - 0x00007ff8a17d8000 	C:\Windows\System32\SHELL32.dll
0x00007ff89d420000 - 0x00007ff89dcce000 	C:\Windows\SYSTEM32\windows.storage.dll
0x00007ff8a17e0000 - 0x00007ff8a18db000 	C:\Windows\System32\SHCORE.dll
0x00007ff8a0ef0000 - 0x00007ff8a0f56000 	C:\Windows\System32\shlwapi.dll
0x00007ff89fb40000 - 0x00007ff89fb69000 	C:\Windows\SYSTEM32\profapi.dll
0x00007ff86eba0000 - 0x00007ff86ebb8000 	C:\Users\enzonascimento-ieg\.cursor\extensions\redhat.java-1.56.0-win32-x64\jre\21.0.12.1-win32-x86_64\bin\zip.dll
0x00007ff88b5d0000 - 0x00007ff88b5e0000 	C:\Users\enzonascimento-ieg\.cursor\extensions\redhat.java-1.56.0-win32-x64\jre\21.0.12.1-win32-x86_64\bin\net.dll
0x00007ff88e680000 - 0x00007ff88e7aa000 	C:\Windows\SYSTEM32\WINHTTP.dll
0x00007ff89ee50000 - 0x00007ff89eebc000 	C:\Windows\system32\mswsock.dll
0x00007ff866290000 - 0x00007ff8662a6000 	C:\Users\enzonascimento-ieg\.cursor\extensions\redhat.java-1.56.0-win32-x64\jre\21.0.12.1-win32-x86_64\bin\nio.dll
0x00007ff86efc0000 - 0x00007ff86efd0000 	C:\Users\enzonascimento-ieg\.cursor\extensions\redhat.java-1.56.0-win32-x64\jre\21.0.12.1-win32-x86_64\bin\verify.dll
0x00007ff86eab0000 - 0x00007ff86ead7000 	C:\Users\enzonascimento-ieg\.gradle\native\1def1411415f61bf3af743bc5b6707747c0891f09f0c88961ee8f79bc544acac\windows-amd64\native-platform.dll
0x00007ff84adb0000 - 0x00007ff84ae27000 	C:\Users\enzonascimento-ieg\.gradle\native\0.2.8\x86_64-windows-gnu\gradle-fileevents.dll
0x00007ff86eea0000 - 0x00007ff86eeaa000 	C:\Users\enzonascimento-ieg\.cursor\extensions\redhat.java-1.56.0-win32-x64\jre\21.0.12.1-win32-x86_64\bin\management.dll
0x00007ff86eb90000 - 0x00007ff86eb9c000 	C:\Users\enzonascimento-ieg\.cursor\extensions\redhat.java-1.56.0-win32-x64\jre\21.0.12.1-win32-x86_64\bin\management_ext.dll
0x00007ff8a20b0000 - 0x00007ff8a20b8000 	C:\Windows\System32\PSAPI.DLL
0x00007ff89dfe0000 - 0x00007ff89e013000 	C:\Windows\SYSTEM32\IPHLPAPI.DLL
0x00007ff8a0f60000 - 0x00007ff8a0f6a000 	C:\Windows\System32\NSI.dll
0x00007ff86d7a0000 - 0x00007ff86d7a9000 	C:\Users\enzonascimento-ieg\.cursor\extensions\redhat.java-1.56.0-win32-x64\jre\21.0.12.1-win32-x86_64\bin\extnet.dll
0x00007ff89f270000 - 0x00007ff89f28b000 	C:\Windows\SYSTEM32\CRYPTSP.dll
0x00007ff89e810000 - 0x00007ff89e849000 	C:\Windows\system32\rsaenh.dll
0x00007ff89ef00000 - 0x00007ff89ef34000 	C:\Windows\SYSTEM32\USERENV.dll
0x00007ff89fb10000 - 0x00007ff89fb3a000 	C:\Windows\SYSTEM32\bcrypt.dll
0x00007ff89f0b0000 - 0x00007ff89f0bc000 	C:\Windows\SYSTEM32\CRYPTBASE.dll
0x00007ff866010000 - 0x00007ff86601e000 	C:\Users\enzonascimento-ieg\.cursor\extensions\redhat.java-1.56.0-win32-x64\jre\21.0.12.1-win32-x86_64\bin\sunmscapi.dll
0x00007ff8a0050000 - 0x00007ff8a01ce000 	C:\Windows\System32\CRYPT32.dll
0x00007ff89f3e0000 - 0x00007ff89f410000 	C:\Windows\SYSTEM32\ncrypt.dll
0x00007ff89f390000 - 0x00007ff89f3cf000 	C:\Windows\SYSTEM32\NTASN1.dll
0x00007ff8842a0000 - 0x00007ff8842a8000 	C:\Windows\system32\wshunix.dll

JVMTI agents:
C:\Users\enzonascimento-ieg\.gradle\wrapper\dists\gradle-9.1.0-bin\9agqghryom9wkf8r80qlhnts3\gradle-9.1.0\lib\agents\gradle-instrumentation-agent-9.1.0.jar path:C:\Users\enzonascimento-ieg\.cursor\extensions\redhat.java-1.56.0-win32-x64\jre\21.0.12.1-win32-x86_64\bin\instrument.dll, loaded, initialized, instrumentlib options:none

dbghelp: loaded successfully - version: 4.0.5 - missing functions: none
symbol engine: initialized successfully - sym options: 0x614 - pdb path: .;C:\Users\enzonascimento-ieg\.cursor\extensions\redhat.java-1.56.0-win32-x64\jre\21.0.12.1-win32-x86_64\bin;C:\Windows\SYSTEM32;C:\Windows\WinSxS\amd64_microsoft.windows.common-controls_6595b64144ccf1df_6.0.26100.9278_none_3e0d1ba8e3303201;C:\Users\enzonascimento-ieg\.cursor\extensions\redhat.java-1.56.0-win32-x64\jre\21.0.12.1-win32-x86_64\bin\server;C:\Users\enzonascimento-ieg\.gradle\native\1def1411415f61bf3af743bc5b6707747c0891f09f0c88961ee8f79bc544acac\windows-amd64;C:\Users\enzonascimento-ieg\.gradle\native\0.2.8\x86_64-windows-gnu

VM Arguments:
jvm_args: --add-opens=java.base/java.lang=ALL-UNNAMED --add-opens=java.base/java.lang.invoke=ALL-UNNAMED --add-opens=java.base/java.util=ALL-UNNAMED --add-opens=java.prefs/java.util.prefs=ALL-UNNAMED --add-exports=jdk.compiler/com.sun.tools.javac.api=ALL-UNNAMED --add-exports=jdk.compiler/com.sun.tools.javac.util=ALL-UNNAMED --add-opens=java.base/java.util=ALL-UNNAMED --add-opens=java.prefs/java.util.prefs=ALL-UNNAMED --add-opens=java.base/java.nio.charset=ALL-UNNAMED --add-opens=java.base/java.net=ALL-UNNAMED --add-opens=java.base/java.util.concurrent=ALL-UNNAMED --add-opens=java.base/java.util.concurrent.atomic=ALL-UNNAMED --add-opens=java.xml/javax.xml.namespace=ALL-UNNAMED --add-opens=java.base/java.time=ALL-UNNAMED -Xmx2048m -Dfile.encoding=UTF-8 -Duser.country=BR -Duser.language=pt -Duser.variant -javaagent:C:\Users\enzonascimento-ieg\.gradle\wrapper\dists\gradle-9.1.0-bin\9agqghryom9wkf8r80qlhnts3\gradle-9.1.0\lib\agents\gradle-instrumentation-agent-9.1.0.jar 
java_command: org.gradle.launcher.daemon.bootstrap.GradleDaemon 9.1.0
java_class_path (initial): C:\Users\enzonascimento-ieg\.gradle\wrapper\dists\gradle-9.1.0-bin\9agqghryom9wkf8r80qlhnts3\gradle-9.1.0\lib\gradle-daemon-main-9.1.0.jar
Launcher Type: SUN_STANDARD

[Global flags]
     intx CICompilerCount                          = 4                                         {product} {ergonomic}
     uint ConcGCThreads                            = 3                                         {product} {ergonomic}
     uint G1ConcRefinementThreads                  = 10                                        {product} {ergonomic}
   size_t G1HeapRegionSize                         = 1048576                                   {product} {ergonomic}
    uintx GCDrainStackTargetSize                   = 64                                        {product} {ergonomic}
   size_t InitialHeapSize                          = 264241152                                 {product} {ergonomic}
   size_t MarkStackSize                            = 4194304                                   {product} {ergonomic}
   size_t MaxHeapSize                              = 2147483648                                {product} {command line}
   size_t MaxNewSize                               = 1287651328                                {product} {ergonomic}
   size_t MinHeapDeltaBytes                        = 1048576                                   {product} {ergonomic}
   size_t MinHeapSize                              = 8388608                                   {product} {ergonomic}
    uintx NonNMethodCodeHeapSize                   = 5839372                                {pd product} {ergonomic}
    uintx NonProfiledCodeHeapSize                  = 122909434                              {pd product} {ergonomic}
    uintx ProfiledCodeHeapSize                     = 122909434                              {pd product} {ergonomic}
    uintx ReservedCodeCacheSize                    = 251658240                              {pd product} {ergonomic}
     bool SegmentedCodeCache                       = true                                      {product} {ergonomic}
   size_t SoftMaxHeapSize                          = 2147483648                             {manageable} {ergonomic}
     bool UseCompressedOops                        = true                           {product lp64_product} {ergonomic}
     bool UseG1GC                                  = true                                      {product} {ergonomic}
     bool UseLargePagesIndividualAllocation        = false                                  {pd product} {ergonomic}

Logging:
Log output configuration:
 #0: stdout all=warning uptime,level,tags foldmultilines=false
 #1: stderr all=off uptime,level,tags foldmultilines=false

Release file:
JAVA_VERSION="21.0.12.1" 
MODULES="java.base java.compiler java.datatransfer java.xml java.prefs java.desktop java.instrument java.logging java.management java.security.sasl java.naming java.rmi java.management.rmi java.net.http java.scripting java.security.jgss java.transaction.xa java.sql java.sql.rowset java.xml.crypto java.se java.smartcardio jdk.accessibility jdk.internal.jvmstat jdk.attach jdk.charsets jdk.internal.opt jdk.zipfs jdk.compiler jdk.crypto.ec jdk.crypto.cryptoki jdk.crypto.mscapi jdk.dynalink jdk.internal.ed jdk.editpad jdk.hotspot.agent jdk.httpserver jdk.internal.le jdk.internal.vm.ci jdk.internal.vm.compiler jdk.internal.vm.compiler.management jdk.jartool jdk.javadoc jdk.jcmd jdk.management jdk.management.agent jdk.jconsole jdk.jdeps jdk.jdwp.agent jdk.jdi jdk.jfr jdk.jshell jdk.jsobject jdk.jstatd jdk.localedata jdk.management.jfr jdk.naming.dns jdk.naming.rmi jdk.net jdk.nio.mapmode jdk.random jdk.sctp jdk.security.auth jdk.security.jgss jdk.unsupported jdk.unsupported.desktop jdk.xml.dom" 

Environment Variables:
PATH=C:\Program Files\Python314\Scripts\;C:\Program Files\Python314\;C:\Program Files\Common Files\Oracle\Java\javapath;C:\Program Files\Python311\Scripts\;C:\Program Files\Python311\;C:\Windows\system32;C:\Windows;C:\Windows\System32\Wbem;C:\Windows\System32\WindowsPowerShell\v1.0\;C:\Windows\System32\OpenSSH\;C:\Program Files\dotnet\;C:\Program Files (x86)\Microsoft SQL Server\160\Tools\Binn\;C:\Program Files\Microsoft SQL Server\160\Tools\Binn\;C:\Program Files\Microsoft SQL Server\Client SDK\ODBC\170\Tools\Binn\;C:\Program Files\Microsoft SQL Server\160\DTS\Binn\;C:\Program Files\nodejs\;C:\Users\bart\AppData\Local\Microsoft\WindowsApps;C:\Users\bart\AppData\Local\Programs\Microsoft VS Code\bin;C:\Users\bart\AppData\Roaming\npm;C:\Program Files\kind;C:\Users\enzonascimento-ieg\AppData\Local\Microsoft\WindowsApps;C:\Users\enzonascimento-ieg\AppData\Local\Programs\Microsoft VS Code\bin;C:\Users\enzonascimento-ieg\AppData\Local\Programs\Git\cmd;C:\Users\enzonascimento-ieg\flutter\bin;C:\Users\enzonascimento-ieg\AppData\Roaming\npm;C:\Users\enzonascimento-ieg\AppData\Local\Programs\cursor\resources\app\bin;C:\Users\enzonascimento-ieg\AppData\Local\Programs\DockerDesktop\resources\bin;C:\Users\enzonascimento-ieg\.bun\bin;C:\Users\enzonascimento-ieg\AppData\Local\Microsoft\WinGet\Packages\evilmartians.lefthook_Microsoft.Winget.Source_8wekyb3d8bbwe;
USERNAME=enzonascimento-ieg
OS=Windows_NT
PROCESSOR_IDENTIFIER=Intel64 Family 6 Model 154 Stepping 4, GenuineIntel
TMP=C:\Users\ENZONA~1\AppData\Local\Temp
TEMP=C:\Users\ENZONA~1\AppData\Local\Temp




Periodic native trim disabled

---------------  S Y S T E M  ---------------

OS:
 Windows 11 , 64 bit Build 26100 (10.0.26100.9444)
OS uptime: 6 days 19:32 hours
Hyper-V role detected

CPU: total 12 (initial active 12) (6 cores per cpu, 2 threads per core) family 6 model 154 stepping 4 microcode 0x43b, cx8, cmov, fxsr, ht, mmx, 3dnowpref, sse, sse2, sse3, ssse3, sse4.1, sse4.2, popcnt, lzcnt, tsc, tscinvbit, avx, avx2, aes, erms, clmul, bmi1, bmi2, adx, sha, fma, vzeroupper, clflush, clflushopt, clwb, hv, serialize, rdtscp, rdpid, fsrm, f16c, cet_ibt, cet_ss
Processor Information for processor 0
  Max Mhz: 1700, Current Mhz: 1700, Mhz Limit: 1700
Processor Information for processor 1
  Max Mhz: 1700, Current Mhz: 1700, Mhz Limit: 1700
Processor Information for processor 2
  Max Mhz: 1700, Current Mhz: 1700, Mhz Limit: 1700
Processor Information for processor 3
  Max Mhz: 1700, Current Mhz: 1700, Mhz Limit: 1700
Processor Information for processor 4
  Max Mhz: 1700, Current Mhz: 1700, Mhz Limit: 1700
Processor Information for processor 5
  Max Mhz: 1700, Current Mhz: 1700, Mhz Limit: 1700
Processor Information for processor 6
  Max Mhz: 1700, Current Mhz: 1700, Mhz Limit: 1700
Processor Information for processor 7
  Max Mhz: 1700, Current Mhz: 1700, Mhz Limit: 1700
Processor Information for processor 8
  Max Mhz: 1700, Current Mhz: 1700, Mhz Limit: 1700
Processor Information for processor 9
  Max Mhz: 1700, Current Mhz: 1700, Mhz Limit: 1700
Processor Information for processor 10
  Max Mhz: 1700, Current Mhz: 1700, Mhz Limit: 1700
Processor Information for processor 11
  Max Mhz: 1700, Current Mhz: 1558, Mhz Limit: 1700

Memory: 4k page, system-wide physical 16068M (161M free)
TotalPageFile size 65220M (AvailPageFile size 53M)
current process WorkingSet (physical memory assigned to process): 137M, peak: 174M
current process commit charge ("private bytes"): 257M, peak: 421M

vm_info: OpenJDK 64-Bit Server VM (21.0.12.1+1-LTS) for windows-amd64 JRE (21.0.12.1+1-LTS), built on 2026-08-18T00:00:00Z by "admin" with MS VC++ 17.12 (VS2022)

END.
